layer at (0,0) size 785x2832
  RenderView at (0,0) size 785x600
layer at (0,0) size 785x2832
  RenderBlock {HTML} at (0,0) size 785x2832
    RenderBody {BODY} at (8,8) size 769x2816 [bgcolor=#CCCCCC]
      RenderBlock {P} at (0,0) size 769x16
        RenderText {#text} at (0,0) size 348x16
          text run at (0,0) width 348: "The style declarations which apply to the text below are:"
      RenderBlock {PRE} at (0,32) size 769x224
        RenderText {#text} at (0,0) size 400x223
          text run at (0,0) width 344: ".one {line-height: 0.5in; font-size: 12px;}"
          text run at (0,16) width 328: ".two {line-height: 2cm; font-size: 12px;}"
          text run at (0,32) width 352: ".three {line-height: 20mm; font-size: 12px;}"
          text run at (0,48) width 344: ".four {line-height: 24pt; font-size: 12px;}"
          text run at (0,64) width 336: ".five {line-height: 2pc; font-size: 12px;}"
          text run at (0,80) width 328: ".six {line-height: 2em; font-size: 12px;}"
          text run at (0,96) width 344: ".seven {line-height: 3ex; font-size: 12px;}"
          text run at (0,112) width 352: ".eight {line-height: 200%; font-size: 12px;}"
          text run at (0,128) width 320: ".nine {line-height: 2; font-size: 12px;}"
          text run at (0,144) width 336: ".ten {line-height: 50px; font-size: 12px;}"
          text run at (0,160) width 360: ".eleven {line-height: -1em; font-size: 12px;}"
          text run at (0,176) width 400: "TABLE .ten {line-height: normal; font-size: 12px;}"
          text run at (0,192) width 248: "DIV {background-color: silver;}"
          text run at (0,208) width 304: "SPAN.color {background-color: silver;}"
      RenderBlock {HR} at (0,269) size 769x2 [border: (1px inset #000000)]
      RenderBlock {P} at (0,283) size 769x48
        RenderText {#text} at (0,17) size 544x14
          text run at (0,17) width 544: "This sentence should have a line-height of half an inch, which should cause extra spacing between the lines."
      RenderBlock {P} at (0,343) size 769x75
        RenderText {#text} at (0,30) size 568x14
          text run at (0,30) width 568: "This sentence should have a line-height of two centimeters, which should cause extra spacing between the lines."
      RenderBlock {P} at (0,430) size 769x75
        RenderText {#text} at (0,30) size 580x14
          text run at (0,30) width 580: "This sentence should have a line-height of twenty millimeters, which should cause extra spacing between the lines."
      RenderBlock {P} at (0,517) size 769x32
        RenderText {#text} at (0,9) size 579x14
          text run at (0,9) width 579: "This sentence should have a line-height of twenty-four points, which should cause extra spacing between the lines."
      RenderBlock {P} at (0,561) size 769x32
        RenderText {#text} at (0,9) size 535x14
          text run at (0,9) width 535: "This sentence should have a line-height of two picas, which should cause extra spacing between the lines."
      RenderBlock {P} at (0,605) size 769x24
        RenderText {#text} at (0,5) size 523x14
          text run at (0,5) width 523: "This sentence should have a line-height of two em, which should cause extra spacing between the lines."
      RenderBlock {P} at (0,641) size 769x18
        RenderText {#text} at (0,2) size 527x14
          text run at (0,2) width 527: "This sentence should have a line-height of three ex, which should cause extra spacing between the lines."
      RenderBlock {P} at (0,671) size 769x24
        RenderText {#text} at (0,5) size 580x14
          text run at (0,5) width 580: "This sentence should have a line-height of twice the font size, which should cause extra spacing between the lines."
      RenderBlock {DIV} at (0,707) size 769x168 [bgcolor=#C0C0C0]
        RenderBlock (anonymous) at (0,0) size 769x24
          RenderText {#text} at (0,5) size 635x14
            text run at (0,5) width 635: "This first part of the DIV should have a line-height of twice the font size, which should cause extra spacing between the lines."
        RenderBlock {P} at (0,48) size 769x72
          RenderText {#text} at (0,-1) size 759x74
            text run at (0,-1) width 759: "This sentence should have a line-height of twice the DIV's font size, or 28px;"
            text run at (0,23) width 736: "this should not cause extra spacing between the lines, since the line-height"
            text run at (0,47) width 410: "and font-size should have the same value."
        RenderBlock (anonymous) at (0,144) size 769x24
          RenderText {#text} at (0,5) size 650x14
            text run at (0,5) width 650: "This second part of the DIV should have a line-height of twice the font size, which should cause extra spacing between the lines."
      RenderBlock {P} at (0,887) size 769x24
        RenderText {#text} at (0,5) size 580x14
          text run at (0,5) width 580: "This sentence should have a line-height of twice the font size, which should cause extra spacing between the lines."
      RenderBlock {DIV} at (0,923) size 769x240 [bgcolor=#C0C0C0]
        RenderBlock (anonymous) at (0,0) size 769x24
          RenderText {#text} at (0,5) size 635x14
            text run at (0,5) width 635: "This first part of the DIV should have a line-height of twice the font size, which should cause extra spacing between the lines."
        RenderBlock {P} at (0,48) size 769x144
          RenderText {#text} at (0,11) size 756x122
            text run at (0,11) width 756: "This sentence should have a line-height of twice the font size, which is 200%"
            text run at (0,59) width 754: "normal thanks to an inline style; this should cause extra spacing between the"
            text run at (0,107) width 656: "lines, as the font-size will be 28px and the line-height will be 56px."
        RenderBlock (anonymous) at (0,216) size 769x24
          RenderText {#text} at (0,5) size 650x14
            text run at (0,5) width 650: "This second part of the DIV should have a line-height of twice the font size, which should cause extra spacing between the lines."
      RenderBlock {P} at (0,1175) size 769x100
        RenderText {#text} at (0,18) size 741x64
          text run at (0,18) width 633: "This paragraph should have a line-height of 50 pixels in the first section, which should cause extra spacing between the lines. "
          text run at (633,18) width 108: "In the second section"
          text run at (0,68) width 251: "(within the table) its line-height should be normal."
      RenderBlock {P} at (0,1287) size 769x14
        RenderText {#text} at (0,0) size 542x14
          text run at (0,0) width 542: "This sentence should have a normal line-height, because negative values are not permitted for this property."
      RenderBlock {P} at (0,1313) size 769x225
        RenderInline {SPAN} at (0,0) size 745x164 [bgcolor=#C0C0C0]
          RenderText {#text} at (0,30) size 745x164
            text run at (0,30) width 745: "This sentence should have a line-height of two centimeters, which should cause extra spacing between the lines. The text has a background color of"
            text run at (0,105) width 727: "silver, but no padding or border. The background color has been set on an inline element and should therefore only cover the text, not the interline"
            text run at (0,180) width 42: "spacing."
        RenderText {#text} at (0,0) size 0x0
      RenderTable {TABLE} at (0,1550) size 769x1266 [border: (1px outset #808080)]
        RenderTableSection {TBODY} at (1,1) size 767x1264
          RenderTableRow {TR} at (0,0) size 767x25
            RenderTableCell {TD} at (0,0) size 767x25 [bgcolor=#C0C0C0] [border: (1px inset #808080)] [r=0 c=0 rs=1 cs=2]
              RenderInline {STRONG} at (0,0) size 158x17
                RenderText {#text} at (4,4) size 158x17
                  text run at (4,4) width 158: "TABLE Testing Section"
          RenderTableRow {TR} at (0,25) size 767x1239
            RenderTableCell {TD} at (0,632) size 12x25 [bgcolor=#C0C0C0] [border: (1px inset #808080)] [r=1 c=0 rs=1 cs=1]
              RenderText {#text} at (4,4) size 4x17
                text run at (4,5) width 4: " "
            RenderTableCell {TD} at (11,25) size 756x1239 [border: (1px inset #808080)] [r=1 c=1 rs=1 cs=1]
              RenderBlock {P} at (4,4) size 748x48
                RenderText {#text} at (0,17) size 544x14
                  text run at (0,17) width 544: "This sentence should have a line-height of half an inch, which should cause extra spacing between the lines."
              RenderBlock {P} at (4,64) size 748x75
                RenderText {#text} at (0,30) size 568x14
                  text run at (0,30) width 568: "This sentence should have a line-height of two centimeters, which should cause extra spacing between the lines."
              RenderBlock {P} at (4,151) size 748x75
                RenderText {#text} at (0,30) size 580x14
                  text run at (0,30) width 580: "This sentence should have a line-height of twenty millimeters, which should cause extra spacing between the lines."
              RenderBlock {P} at (4,238) size 748x32
                RenderText {#text} at (0,9) size 579x14
                  text run at (0,9) width 579: "This sentence should have a line-height of twenty-four points, which should cause extra spacing between the lines."
              RenderBlock {P} at (4,282) size 748x32
                RenderText {#text} at (0,9) size 535x14
                  text run at (0,9) width 535: "This sentence should have a line-height of two picas, which should cause extra spacing between the lines."
              RenderBlock {P} at (4,326) size 748x24
                RenderText {#text} at (0,5) size 523x14
                  text run at (0,5) width 523: "This sentence should have a line-height of two em, which should cause extra spacing between the lines."
              RenderBlock {P} at (4,362) size 748x18
                RenderText {#text} at (0,2) size 527x14
                  text run at (0,2) width 527: "This sentence should have a line-height of three ex, which should cause extra spacing between the lines."
              RenderBlock {P} at (4,392) size 748x24
                RenderText {#text} at (0,5) size 580x14
                  text run at (0,5) width 580: "This sentence should have a line-height of twice the font size, which should cause extra spacing between the lines."
              RenderBlock {DIV} at (4,428) size 748x168 [bgcolor=#C0C0C0]
                RenderBlock (anonymous) at (0,0) size 748x24
                  RenderText {#text} at (0,5) size 635x14
                    text run at (0,5) width 635: "This first part of the DIV should have a line-height of twice the font size, which should cause extra spacing between the lines."
                RenderBlock {P} at (0,48) size 748x72
                  RenderText {#text} at (0,-1) size 736x74
                    text run at (0,-1) width 697: "This sentence should have a line-height of twice the DIV's font size, or"
                    text run at (0,23) width 736: "28px; this should not cause extra spacing between the lines, since the line-"
                    text run at (0,47) width 478: "height and font-size should have the same value."
                RenderBlock (anonymous) at (0,144) size 748x24
                  RenderText {#text} at (0,5) size 650x14
                    text run at (0,5) width 650: "This second part of the DIV should have a line-height of twice the font size, which should cause extra spacing between the lines."
              RenderBlock {P} at (4,608) size 748x24
                RenderText {#text} at (0,5) size 580x14
                  text run at (0,5) width 580: "This sentence should have a line-height of twice the font size, which should cause extra spacing between the lines."
              RenderBlock {DIV} at (4,644) size 748x288 [bgcolor=#C0C0C0]
                RenderBlock (anonymous) at (0,0) size 748x24
                  RenderText {#text} at (0,5) size 635x14
                    text run at (0,5) width 635: "This first part of the DIV should have a line-height of twice the font size, which should cause extra spacing between the lines."
                RenderBlock {P} at (0,48) size 748x192
                  RenderText {#text} at (0,11) size 720x170
                    text run at (0,11) width 695: "This sentence should have a line-height of twice the font size, which is"
                    text run at (0,59) width 690: "200% normal thanks to an inline style; this should cause extra spacing"
                    text run at (0,107) width 720: "between the lines, as the font-size will be 28px and the line-height will be"
                    text run at (0,155) width 55: "56px."
                RenderBlock (anonymous) at (0,264) size 748x24
                  RenderText {#text} at (0,5) size 650x14
                    text run at (0,5) width 650: "This second part of the DIV should have a line-height of twice the font size, which should cause extra spacing between the lines."
              RenderBlock {P} at (4,944) size 748x28
                RenderText {#text} at (0,0) size 741x28
                  text run at (0,0) width 633: "This paragraph should have a line-height of 50 pixels in the first section, which should cause extra spacing between the lines. "
                  text run at (633,0) width 108: "In the second section"
                  text run at (0,14) width 251: "(within the table) its line-height should be normal."
              RenderBlock {P} at (4,984) size 748x14
                RenderText {#text} at (0,0) size 542x14
                  text run at (0,0) width 542: "This sentence should have a normal line-height, because negative values are not permitted for this property."
              RenderBlock {P} at (4,1010) size 748x225
                RenderInline {SPAN} at (0,0) size 745x164 [bgcolor=#C0C0C0]
                  RenderText {#text} at (0,30) size 745x164
                    text run at (0,30) width 745: "This sentence should have a line-height of two centimeters, which should cause extra spacing between the lines. The text has a background color of"
                    text run at (0,105) width 727: "silver, but no padding or border. The background color has been set on an inline element and should therefore only cover the text, not the interline"
                    text run at (0,180) width 42: "spacing."
                RenderText {#text} at (0,0) size 0x0
