layer at (0,0) size 800x600
  RenderView at (0,0) size 800x600
layer at (0,0) size 800x600
  RenderBlock {HTML} at (0,0) size 800x600
    RenderBody {BODY} at (8,8) size 784x584 [bgcolor=#CCCCCC]
      RenderBlock {P} at (0,0) size 784x19
        RenderText {#text} at (0,-1) size 355x20
          text run at (0,-1) width 355: "The style declarations which apply to the text below are:"
      RenderBlock {PRE} at (0,35) size 784x80
        RenderText {#text} at (0,0) size 224x79
          text run at (0,0) width 192: ".one {text-align: left;}"
          text run at (0,16) width 200: ".two {text-align: right;}"
          text run at (0,32) width 224: ".three {text-align: center;}"
          text run at (0,48) width 224: ".four {text-align: justify;}"
          text run at (0,64) width 0: " "
      RenderBlock {HR} at (0,128) size 784x2 [border: (1px inset #000000)]
      RenderBlock {P} at (0,146) size 784x19
        RenderText {#text} at (0,-1) size 234x20
          text run at (0,-1) width 234: "This sentence should be left-justified."
      RenderBlock {P} at (0,181) size 784x19
        RenderText {#text} at (541,-1) size 243x20
          text run at (541,-1) width 243: "This sentence should be right-justified."
      RenderBlock {P} at (0,216) size 784x19
        RenderText {#text} at (286,-1) size 212x20
          text run at (286,-1) width 212: "This sentence should be centered."
      RenderBlock {P} at (0,251) size 784x57
        RenderText {#text} at (0,-1) size 784x58
          text run at (0,-1) width 784: "This sentence should be fully justified, which means that the right and left margins of this paragraph should line up, no"
          text run at (0,18) width 784: "matter how long the paragraph becomes; the exception, of course, is the last line, which should be left-justified in Western"
          text run at (0,37) width 67: "languages."
      RenderTable {TABLE} at (0,324) size 784x201 [border: (1px outset #808080)]
        RenderTableSection {TBODY} at (1,1) size 782x199
          RenderTableRow {TR} at (0,0) size 782x29
            RenderTableCell {TD} at (0,0) size 782x29 [bgcolor=#C0C0C0] [border: (1px inset #808080)] [r=0 c=0 rs=1 cs=2]
              RenderInline {STRONG} at (0,0) size 163x22
                RenderText {#text} at (4,3) size 163x22
                  text run at (4,3) width 163: "TABLE Testing Section"
          RenderTableRow {TR} at (0,29) size 782x170
            RenderTableCell {TD} at (0,100) size 12x28 [bgcolor=#C0C0C0] [border: (1px inset #808080)] [r=1 c=0 rs=1 cs=1]
              RenderText {#text} at (4,3) size 4x21
                text run at (4,4) width 4: " "
            RenderTableCell {TD} at (12,29) size 770x170 [border: (1px inset #808080)] [r=1 c=1 rs=1 cs=1]
              RenderBlock {P} at (4,4) size 762x19
                RenderText {#text} at (0,-1) size 234x20
                  text run at (0,-1) width 234: "This sentence should be left-justified."
              RenderBlock {P} at (4,39) size 762x19
                RenderText {#text} at (519,-1) size 243x20
                  text run at (519,-1) width 243: "This sentence should be right-justified."
              RenderBlock {P} at (4,74) size 762x19
                RenderText {#text} at (275,-1) size 212x20
                  text run at (275,-1) width 212: "This sentence should be centered."
              RenderBlock {P} at (4,109) size 762x57
                RenderText {#text} at (0,-1) size 762x58
                  text run at (0,-1) width 762: "This sentence should be fully justified, which means that the right and left margins of this paragraph should line up, no"
                  text run at (0,18) width 762: "matter how long the paragraph becomes; the exception, of course, is the last line, which should be left-justified in"
                  text run at (0,37) width 123: "Western languages."
