layer at (0,0) size 800x600
  RenderView at (0,0) size 800x600
layer at (0,0) size 800x112
  RenderBlock {HTML} at (0,0) size 800x112
    RenderBody {BODY} at (8,16) size 784x80 [color=#008000]
      RenderBlock {P} at (0,0) size 784x16 [color=#FF0000]
        RenderInline {SPAN} at (0,0) size 159x16 [color=#008000]
          RenderText {#text} at (0,0) size 159x16
            text run at (0,0) width 159: "This line should be green."
        RenderText {#text} at (0,0) size 0x0
      RenderBlock {PRE} at (0,32) size 784x16
        RenderText {#text} at (0,0) size 224x15
          text run at (0,0) width 224: " This line should be green. "
      RenderBlock {UL} at (0,64) size 784x16
        RenderListItem {LI} at (40,0) size 744x16
          RenderListMarker at (-16,0) size 6x16: bullet
          RenderText {#text} at (0,0) size 159x16
            text run at (0,0) width 159: "This line should be green."
