layer at (0,0) size 800x600
  RenderView at (0,0) size 800x600
layer at (0,0) size 800x269
  RenderBlock {HTML} at (0,0) size 800x269
    RenderBody {BODY} at (8,16) size 784x237 [color=#0000FF]
      RenderBlock {P} at (0,0) size 784x40
        RenderInline (generated) at (0,0) size 10x20 [color=#008000]
          RenderText {#text} at (0,0) size 10x20
            text run at (0,0) width 10: "T"
        RenderText {#text} at (10,0) size 19x20
          text run at (10,0) width 19: "he "
        RenderInline {STRONG} at (0,0) size 66x22
          RenderText {#text} at (29,-1) size 66x22
            text run at (29,-1) width 66: "first letter"
        RenderText {#text} at (95,0) size 300x20
          text run at (95,0) width 204: " of this paragraph, and only that "
          text run at (299,0) width 96: "one, should be "
        RenderInline {STRONG} at (0,0) size 38x22
          RenderText {#text} at (395,-1) size 38x22
            text run at (395,-1) width 38: "green"
        RenderText {#text} at (433,0) size 761x40
          text run at (433,0) width 178: ". If this precise combination "
          text run at (611,0) width 150: "does not occur, then the"
          text run at (0,20) width 183: "user agent has failed this test."
      RenderBlock {P} at (0,56) size 784x58
        RenderInline (generated) at (0,0) size 20x39 [color=#008000]
          RenderText {#text} at (0,0) size 20x39
            text run at (0,0) width 20: "T"
        RenderText {#text} at (20,15) size 19x20
          text run at (20,15) width 19: "he "
        RenderInline {STRONG} at (0,0) size 66x22
          RenderText {#text} at (39,14) size 66x22
            text run at (39,14) width 66: "first letter"
        RenderText {#text} at (105,15) size 327x20
          text run at (105,15) width 204: " of this paragraph, and only that "
          text run at (309,15) width 123: "one, should be in a "
        RenderInline {STRONG} at (0,0) size 41x22
          RenderText {#text} at (432,14) size 41x22
            text run at (432,14) width 41: "larger"
        RenderText {#text} at (473,15) size 130x20
          text run at (473,15) width 130: " font size, as well as "
        RenderInline {STRONG} at (0,0) size 38x22
          RenderText {#text} at (603,14) size 38x22
            text run at (603,14) width 38: "green"
        RenderText {#text} at (641,15) size 733x43
          text run at (641,15) width 92: ". If this precise"
          text run at (0,38) width 182: "combination does not occur, "
          text run at (182,38) width 237: "then the user agent has failed this test."
      RenderBlock {P} at (0,130) size 784x107
        RenderInline (generated) at (0,0) size 57x68 [color=#008000]
          RenderText {#text} at (0,-1) size 57x68
            text run at (0,-1) width 57: "\"T"
        RenderText {#text} at (57,36) size 19x20
          text run at (57,36) width 19: "he "
        RenderInline {STRONG} at (0,0) size 131x22
          RenderText {#text} at (76,35) size 131x22
            text run at (76,35) width 131: "first two characters"
        RenderText {#text} at (207,36) size 452x20
          text run at (207,36) width 129: " in this paragraph (a "
          text run at (336,36) width 323: "double-quote mark and a capital 'T') should be in a "
        RenderInline {STRONG} at (0,0) size 83x22
          RenderText {#text} at (659,35) size 83x22
            text run at (659,35) width 42: "much "
            text run at (701,35) width 41: "larger"
        RenderText {#text} at (742,36) size 771x51
          text run at (742,36) width 29: " font"
          text run at (0,67) width 246: "size than the rest of the paragraph, and "
        RenderInline {STRONG} at (0,0) size 38x22
          RenderText {#text} at (246,66) size 38x22
            text run at (246,66) width 38: "green"
        RenderText {#text} at (284,67) size 770x40
          text run at (284,67) width 278: ". If this precise combination does not occur, "
          text run at (562,67) width 208: "then the user agent has failed this"
          text run at (0,87) width 25: "test."
