layer at (0,0) size 800x600
  RenderView at (0,0) size 800x600
layer at (0,0) size 800x64
  RenderBlock {HTML} at (0,0) size 800x64
    RenderBody {BODY} at (8,8) size 784x48
      RenderBlock {DIV} at (0,0) size 784x32
        RenderBlock (anonymous) at (0,0) size 784x16
          RenderText {#text} at (0,0) size 168x16
            text run at (0,0) width 168: "Dummy text. Dummy text."
        RenderBlock {DIV} at (0,16) size 784x16
          RenderInline {SPAN} at (0,0) size 491x16
            RenderText {#text} at (0,0) size 491x16
              text run at (0,0) width 100: "Hover this text, "
              text run at (99,0) width 170: "then wait till it disappears. "
              text run at (268,0) width 223: "At that point there should be no red."
          RenderText {#text} at (0,0) size 0x0
      RenderBlock {DIV} at (0,32) size 784x16 [color=#008000]
        RenderText {#text} at (0,0) size 168x16
          text run at (0,0) width 168: "Dummy text. Dummy text."
