layer at (0,0) size 800x600
  RenderView at (0,0) size 800x600
layer at (0,0) size 800x86
  RenderBlock {HTML} at (0,0) size 800x86
    RenderBody {BODY} at (8,16) size 784x54
      RenderBlock {P} at (0,0) size 784x19
        RenderText {#text} at (0,-1) size 239x20
          text run at (0,-1) width 239: "This sentence should have no border. "
        RenderInline {SPAN} at (0,0) size 275x30 [border: (5px solid #00FF00)]
          RenderText {#text} at (244,-1) size 265x20
            text run at (244,-1) width 265: "This sentence should have a green border."
        RenderText {#text} at (0,0) size 0x0
      RenderBlock {P} at (0,35) size 784x19
        RenderInline {SPAN} at (0,0) size 374x36 [bgcolor=#FF0000]
          RenderInline {SPAN} at (0,0) size 374x36 [bgcolor=#00FF00]
            RenderText {#text} at (0,-1) size 374x20
              text run at (0,-1) width 374: "This sentence should be in a green bar, with no red present."
        RenderText {#text} at (0,0) size 0x0
