layer at (0,0) size 800x600
  RenderView at (0,0) size 800x600
layer at (0,0) size 800x48
  RenderBlock {HTML} at (0,0) size 800x48
    RenderBody {BODY} at (8,16) size 784x16
      RenderBlock {P} at (0,0) size 784x16
        RenderInline {A} at (0,0) size 307x16 [color=#008000]
          RenderText {#text} at (0,0) size 307x16
            text run at (0,0) width 307: "Whatever you do to this link, it should stay green."
        RenderText {#text} at (306,0) size 194x16
          text run at (306,0) width 194: " (hover, focus, activate, follow)"
