layer at (0,0) size 800x600
  RenderView at (0,0) size 800x600
layer at (0,0) size 800x172
  RenderBlock {HTML} at (0,0) size 800x172
    RenderBody {BODY} at (8,16) size 784x148
      RenderBlock {P} at (0,0) size 784x16
        RenderText {#text} at (0,0) size 284x16
          text run at (0,0) width 284: "The three diagrams below should be identical:"
      RenderBlock {P} at (0,32) size 160x16 [color=#FFA500] [bgcolor=#FFFF00]
        RenderText {#text} at (0,0) size 53x16
          text run at (0,0) width 53: "xxx xxx "
        RenderInline {SPAN} at (0,0) size 50x16 [bgcolor=#00FF00]
          RenderText {#text} at (52,0) size 50x16
            text run at (52,0) width 50: "xxx xxx"
        RenderText {#text} at (101,0) size 54x16
          text run at (101,0) width 54: " xxx xxx"
      RenderBlock {P} at (0,64) size 160x16 [color=#FFA500] [bgcolor=#FFFF00]
        RenderText {#text} at (0,0) size 53x16
          text run at (0,0) width 53: "xxx xxx "
        RenderInline {SPAN} at (0,0) size 50x16 [bgcolor=#00FF00]
          RenderText {#text} at (52,0) size 50x16
            text run at (52,0) width 50: "xxx xxx"
        RenderText {#text} at (101,0) size 54x16
          text run at (101,0) width 54: " xxx xxx"
      RenderBlock {DIV} at (0,96) size 784x52
        RenderImage {IMG} at (0,0) size 48x48
        RenderImage {IMG} at (48,0) size 16x48 [border: (16px solid #FFFF00) none (16px solid #FFFF00) none]
        RenderImage {IMG} at (64,0) size 48x48
        RenderImage {IMG} at (112,0) size 48x48
        RenderText {#text} at (0,0) size 0x0
