layer at (0,0) size 800x600
  RenderView at (0,0) size 800x600
layer at (0,0) size 800x108
  RenderBlock {HTML} at (0,0) size 800x108
    RenderBody {BODY} at (8,16) size 784x77
      RenderBlock {P} at (0,0) size 784x16
        RenderText {#text} at (0,0) size 215x16
          text run at (0,0) width 215: "There should be a green bar below:"
      RenderBlock {DIV} at (15,32) size 120x45 [bgcolor=#008000]
        RenderBlock {P} at (0,0) size 120x15 [color=#FFFFFF] [bgcolor=#FFFFFF]
          RenderText {#text} at (0,-1) size 40x16
            text run at (0,-1) width 40: "x x x x"
          RenderInline {SPAN} at (0,0) size 9x16
            RenderText {#text} at (39,-1) size 9x16
              text run at (39,-1) width 9: "x"
          RenderText {#text} at (-12,-1) size 62x16
            text run at (-12,-1) width 61: "x x x x x x"
