layer at (0,0) size 800x600
  RenderView at (0,0) size 800x600
layer at (0,0) size 800x97
  RenderBlock {HTML} at (0,0) size 800x97
    RenderBody {BODY} at (8,16) size 784x65
      RenderBlock {P} at (0,0) size 784x29 [color=#0000FF] [border: (10px double #0000FF) none]
        RenderText {#text} at (0,9) size 376x20
          text run at (0,9) width 376: "This paragraph should have two blue lines directly above it."
      RenderBlock {P} at (0,45) size 784x20 [color=#0000FF] [border: (1px solid #0000FF) none]
        RenderText {#text} at (0,0) size 422x20
          text run at (0,0) width 422: "This paragraph should have a single thin blue line directly above it."
