layer at (0,0) size 800x600
  RenderView at (0,0) size 800x600
layer at (0,0) size 800x99
  RenderBlock {HTML} at (0,0) size 800x99
    RenderBody {BODY} at (8,16) size 784x75
      RenderBlock {P} at (0,0) size 784x19
        RenderText {#text} at (0,-1) size 223x20
          text run at (0,-1) width 223: "There should be a green bar below:"
      RenderBlock {DIV} at (0,35) size 120x40 [color=#FFFFFF]
        RenderText {#text} at (0,-3) size 50x25
          text run at (0,-3) width 50: "xx xx "
        RenderInline {SPAN} at (0,0) size 20x25 [color=#008000]
          RenderText {#text} at (50,-3) size 20x25
            text run at (50,-3) width 20: "xx"
        RenderText {#text} at (70,-3) size 30x25
          text run at (70,-3) width 30: " xx "
        RenderInline {SPAN} at (0,0) size 20x25 [bgcolor=#FF0000]
          RenderText {#text} at (100,-3) size 20x25
            text run at (100,-3) width 20: "xx"
        RenderText {#text} at (0,17) size 20x25
          text run at (0,17) width 20: "xx"
