layer at (0,0) size 800x600
  RenderView at (0,0) size 800x600
layer at (0,0) size 800x108
  RenderBlock {HTML} at (0,0) size 800x108
    RenderBody {BODY} at (8,16) size 784x77
      RenderBlock {P} at (0,0) size 784x16
        RenderText {#text} at (0,0) size 305x16
          text run at (0,0) width 305: "There should be a small light green square below:"
      RenderBlock {DIV} at (15,32) size 754x45
        RenderBlock {P} at (0,0) size 75x45 [color=#FFFFFF]
          RenderText {#text} at (0,-1) size 15x31
            text run at (0,-1) width 15: "xx"
            text run at (0,14) width 15: "xx"
          RenderInline {SPAN} at (0,0) size 68x16 [color=#00FF00]
            RenderText {#text} at (75,14) size 8x16
              text run at (75,14) width 8: "x"
          RenderText {#text} at (0,29) size 34x16
            text run at (0,29) width 34: "xx xx"
