layer at (0,0) size 800x600
  RenderView at (0,0) size 800x600
layer at (0,0) size 800x151
  RenderBlock {HTML} at (0,0) size 800x151
    RenderBody {BODY} at (8,16) size 784x125 [color=#000080]
      RenderBlock {P} at (0,0) size 784x19
        RenderText {#text} at (0,-1) size 252x20
          text run at (0,-1) width 252: "The five bars below should be identical."
      RenderBlock {DIV} at (0,35) size 106x90 [color=#0000FF]
        RenderBlock {P} at (0,0) size 106x10 [bgcolor=#000080]
          RenderText {#text} at (50,-2) size 6x13
            text run at (50,-2) width 6: "x"
        RenderBlock {P} at (0,20) size 106x10 [bgcolor=#000080]
          RenderText {#text} at (48,-2) size 5x13
            text run at (48,-2) width 5: "x"
        RenderBlock {P} at (0,40) size 106x10 [bgcolor=#000080]
          RenderText {#text} at (48,-2) size 5x13
            text run at (48,-2) width 5: "x"
        RenderBlock {P} at (0,60) size 106x10 [bgcolor=#000080]
          RenderText {#text} at (48,-2) size 5x13
            text run at (48,-2) width 5: "x"
        RenderBlock {P} at (0,80) size 106x10 [bgcolor=#000080]
          RenderText {#text} at (48,-2) size 6x13
            text run at (48,-2) width 6: "x"
