layer at (0,0) size 800x600
  RenderView at (0,0) size 800x600
layer at (0,0) size 800x237
  RenderBlock {HTML} at (0,0) size 800x237
    RenderBody {BODY} at (8,16) size 784x213 [color=#000080]
      RenderBlock {P} at (0,0) size 784x17
        RenderText {#text} at (0,1) size 284x16
          text run at (0,1) width 284: "The five \"matches\" below should be identical "
        RenderInline {STRONG} at (0,0) size 126x17
          RenderText {#text} at (283,0) size 126x17
            text run at (283,0) width 126: "and equally spaced"
        RenderText {#text} at (408,1) size 5x16
          text run at (408,1) width 5: "."
      RenderBlock {DIV} at (0,33) size 200x180 [color=#FFA500]
        RenderBlock {P} at (0,0) size 200x10 [bgcolor=#A52A2A]
          RenderImage {IMG} at (0,0) size 24x10
          RenderText {#text} at (24,-1) size 6x12
            text run at (24,-1) width 6: "x"
          RenderImage {IMG} at (30,0) size 142x10
          RenderImage {IMG} at (172,0) size 24x10
          RenderText {#text} at (0,0) size 0x0
        RenderBlock {P} at (24,34) size 152x10 [bgcolor=#A52A2A]
          RenderText {#text} at (0,-1) size 6x12
            text run at (0,-1) width 6: "x"
        RenderBlock {P} at (24,68) size 152x10 [bgcolor=#A52A2A]
          RenderText {#text} at (0,-1) size 6x12
            text run at (0,-1) width 6: "x"
        RenderBlock {P} at (24,102) size 152x10 [bgcolor=#A52A2A]
          RenderText {#text} at (0,-1) size 6x12
            text run at (0,-1) width 6: "x"
        RenderBlock {P} at (24,136) size 152x10 [bgcolor=#A52A2A]
          RenderText {#text} at (0,-1) size 6x12
            text run at (0,-1) width 6: "x"
        RenderBlock {P} at (0,170) size 200x10 [bgcolor=#A52A2A]
          RenderImage {IMG} at (0,0) size 24x10
          RenderText {#text} at (24,-1) size 6x12
            text run at (24,-1) width 6: "x"
          RenderImage {IMG} at (30,0) size 142x10
          RenderImage {IMG} at (172,0) size 24x10
          RenderText {#text} at (0,0) size 0x0
