layer at (0,0) size 800x600
  RenderView at (0,0) size 800x600
layer at (0,0) size 800x128
  RenderBlock {HTML} at (0,0) size 800x128
    RenderBody {BODY} at (8,16) size 784x96
      RenderBlock {P} at (0,0) size 784x16 [color=#000080]
        RenderText {#text} at (0,0) size 530x16
          text run at (0,0) width 530: "In the following test, the blue blocks should be on the given sides of the teal rectangle."
      RenderBlock {DIV} at (0,32) size 784x64
        RenderBlock {DIV} at (16,0) size 752x64 [color=#00FFFF] [bgcolor=#008080]
          RenderBlock (floating) {P} at (8,8) size 176x48 [color=#FFFFFF] [bgcolor=#000080] [border: (4px solid #0000FF)]
            RenderText {#text} at (8,8) size 157x32
              text run at (8,8) width 157: "\x{21E6} This blue block should"
              text run at (8,24) width 85: "be on the left."
          RenderBlock (floating) {P} at (568,8) size 176x48 [color=#FFFFFF] [bgcolor=#000080] [border: (4px solid #0000FF)]
            RenderText {#text} at (8,8) size 157x32
              text run at (8,8) width 157: "\x{21E8} This blue block should"
              text run at (8,24) width 94: "be on the right."
          RenderText {#text} at (184,8) size 377x48
            text run at (184,8) width 377: "Teal rectangle. Teal rectangle. Teal rectangle. Teal rectangle."
            text run at (184,24) width 191: "Teal rectangle. Teal rectangle. "
            text run at (374,24) width 187: "Teal rectangle. Teal rectangle."
            text run at (184,40) width 377: "Teal rectangle. Teal rectangle. Teal rectangle. Teal rectangle."
