layer at (0,0) size 800x600
  RenderView at (0,0) size 800x600
layer at (0,0) size 800x306
  RenderBlock {HTML} at (0,0) size 800x306
    RenderBody {BODY} at (8,8) size 784x290
      RenderBlock (floating) {DIV} at (0,0) size 196x290 [color=#FFFFFF] [bgcolor=#000080]
        RenderBlock {P} at (0,0) size 196x290
          RenderText {#text} at (0,-1) size 185x291
            text run at (0,-1) width 137: "\x{21E6} This"
            text run at (0,57) width 166: "blue box"
            text run at (0,115) width 185: "should be"
            text run at (0,173) width 118: "on the"
            text run at (0,231) width 75: "left."
      RenderBlock (floating) {DIV} at (588,0) size 196x290 [color=#FFFFFF] [bgcolor=#008080]
        RenderBlock {P} at (0,0) size 196x290
          RenderText {#text} at (0,-1) size 185x291
            text run at (0,-1) width 165: "This teal"
            text run at (0,57) width 72: "box"
            text run at (0,115) width 185: "should be"
            text run at (0,173) width 118: "on the"
            text run at (0,231) width 154: "right. \x{21E8}"
      RenderBlock {P} at (0,0) size 784x290
        RenderText {#text} at (196,-1) size 365x291
          text run at (196,-1) width 365: "This text should be"
          text run at (196,57) width 335: "in between a blue"
          text run at (196,115) width 317: "box on the \x{21E6}left"
          text run at (196,173) width 326: "and a teal box on"
          text run at (196,231) width 212: "the right\x{21E8}."
