layer at (0,0) size 800x600
  RenderView at (0,0) size 800x600
layer at (0,0) size 800x155
  RenderBlock {HTML} at (0,0) size 800x155
    RenderBody {BODY} at (8,16) size 784x131
      RenderBlock {P} at (0,0) size 784x19
        RenderText {#text} at (0,-1) size 403x20
          text run at (0,-1) width 403: "The square below should be exactly 50 pixels wide on the ruler."
      RenderBlock {DIV} at (0,35) size 784x96
        RenderImage {IMG} at (0,0) size 50x50
