layer at (0,0) size 800x600
  RenderView at (0,0) size 800x600
layer at (0,0) size 800x215
  RenderBlock {HTML} at (0,0) size 800x215
    RenderBody {BODY} at (8,16) size 784x191
      RenderBlock {P} at (0,0) size 784x19
        RenderText {#text} at (0,-1) size 400x20
          text run at (0,-1) width 400: "The square below should be exactly 50 pixels high on the ruler."
      RenderBlock {DIV} at (0,35) size 784x156
        RenderImage {IMG} at (45,0) size 50x50
