layer at (0,0) size 800x600
  RenderView at (0,0) size 800x600
layer at (0,0) size 800x88
  RenderBlock {HTML} at (0,0) size 800x88
    RenderBody {BODY} at (8,16) size 784x64
      RenderBlock {P} at (0,0) size 784x16
        RenderText {#text} at (0,0) size 228x16
          text run at (0,0) width 228: "The following two lines should look "
        RenderInline {EM} at (0,0) size 90x16
          RenderText {#text} at (227,0) size 90x16
            text run at (227,0) width 90: "approximately"
        RenderText {#text} at (316,0) size 62x16
          text run at (316,0) width 62: " the same:"
      RenderBlock {DIV} at (0,32) size 784x16
        RenderInline {SPAN} at (0,0) size 11x16
          RenderInline (generated) at (0,0) size 11x16
            RenderCounter at (0,0) size 4x16
              text run at (0,0) width 4: "."
            RenderText at (3,0) size 8x16
              text run at (3,0) width 8: "z"
        RenderText {#text} at (10,0) size 5x16
          text run at (10,0) width 5: " "
        RenderInline {SPAN} at (0,0) size 11x16
          RenderInline (generated) at (0,0) size 11x16
            RenderCounter at (14,0) size 4x16
              text run at (14,0) width 4: "."
            RenderText at (17,0) size 8x16
              text run at (17,0) width 8: "z"
        RenderText {#text} at (24,0) size 5x16
          text run at (24,0) width 5: " "
        RenderInline {SPAN} at (0,0) size 11x16
          RenderInline (generated) at (0,0) size 11x16
            RenderCounter at (28,0) size 4x16
              text run at (28,0) width 4: "."
            RenderText at (32,0) size 7x16
              text run at (32,0) width 7: "z"
        RenderText {#text} at (38,0) size 5x16
          text run at (38,0) width 5: " "
        RenderInline {SPAN} at (0,0) size 11x16
          RenderInline (generated) at (0,0) size 11x16
            RenderCounter at (42,0) size 5x16
              text run at (42,0) width 5: "."
            RenderText at (46,0) size 7x16
              text run at (46,0) width 7: "z"
        RenderText {#text} at (52,0) size 5x16
          text run at (52,0) width 5: " "
        RenderInline {SPAN} at (0,0) size 11x16
          RenderInline (generated) at (0,0) size 11x16
            RenderCounter at (56,0) size 5x16
              text run at (56,0) width 5: "."
            RenderText at (60,0) size 7x16
              text run at (60,0) width 7: "z"
        RenderText {#text} at (66,0) size 5x16
          text run at (66,0) width 5: " "
        RenderInline {SPAN} at (0,0) size 11x16
          RenderInline (generated) at (0,0) size 11x16
            RenderCounter at (70,0) size 5x16
              text run at (70,0) width 5: "."
            RenderText at (74,0) size 7x16
              text run at (74,0) width 7: "z"
        RenderText {#text} at (80,0) size 5x16
          text run at (80,0) width 5: " "
        RenderInline {SPAN} at (0,0) size 12x16
          RenderInline (generated) at (0,0) size 12x16
            RenderCounter at (84,0) size 5x16
              text run at (84,0) width 5: "."
            RenderText at (88,0) size 8x16
              text run at (88,0) width 8: "z"
        RenderText {#text} at (95,0) size 4x16
          text run at (95,0) width 4: " "
        RenderInline {SPAN} at (0,0) size 12x16
          RenderInline (generated) at (0,0) size 12x16
            RenderCounter at (98,0) size 5x16
              text run at (98,0) width 5: "."
            RenderText at (102,0) size 8x16
              text run at (102,0) width 8: "z"
        RenderText {#text} at (109,0) size 4x16
          text run at (109,0) width 4: " "
        RenderInline {SPAN} at (0,0) size 12x16
          RenderInline (generated) at (0,0) size 12x16
            RenderCounter at (112,0) size 5x16
              text run at (112,0) width 5: "."
            RenderText at (116,0) size 8x16
              text run at (116,0) width 8: "z"
        RenderText {#text} at (123,0) size 5x16
          text run at (123,0) width 5: " "
        RenderInline {SPAN} at (0,0) size 11x16
          RenderInline (generated) at (0,0) size 11x16
            RenderCounter at (127,0) size 4x16
              text run at (127,0) width 4: "."
            RenderText at (130,0) size 8x16
              text run at (130,0) width 8: "z"
        RenderText {#text} at (137,0) size 5x16
          text run at (137,0) width 5: " "
        RenderInline {SPAN} at (0,0) size 11x16
          RenderInline (generated) at (0,0) size 11x16
            RenderCounter at (141,0) size 4x16
              text run at (141,0) width 4: "."
            RenderText at (144,0) size 8x16
              text run at (144,0) width 8: "z"
        RenderText {#text} at (151,0) size 5x16
          text run at (151,0) width 5: " "
        RenderInline {SPAN} at (0,0) size 11x16
          RenderInline (generated) at (0,0) size 11x16
            RenderCounter at (155,0) size 5x16
              text run at (155,0) width 5: "."
            RenderText at (159,0) size 7x16
              text run at (159,0) width 7: "z"
        RenderText {#text} at (0,0) size 0x0
      RenderBlock {DIV} at (0,48) size 784x16
        RenderText {#text} at (0,0) size 166x16
          text run at (0,0) width 15: ".z "
          text run at (14,0) width 15: ".z "
          text run at (28,0) width 15: ".z "
          text run at (42,0) width 15: ".z "
          text run at (56,0) width 15: ".z "
          text run at (70,0) width 15: ".z "
          text run at (84,0) width 15: ".z "
          text run at (98,0) width 15: ".z "
          text run at (112,0) width 16: ".z "
          text run at (127,0) width 15: ".z "
          text run at (141,0) width 15: ".z "
          text run at (155,0) width 11: ".z"
