layer at (0,0) size 800x600
  RenderView at (0,0) size 800x600
layer at (0,0) size 800x97
  RenderBlock {HTML} at (0,0) size 800x97
    RenderBody {BODY} at (8,16) size 784x73
      RenderBlock {P} at (0,0) size 784x19
        RenderText {#text} at (0,-1) size 292x20
          text run at (0,-1) width 292: "The following two lines should look the same:"
      RenderBlock {DIV} at (0,35) size 784x19
        RenderInline {SPAN} at (0,0) size 33x20
          RenderInline (generated) at (0,0) size 33x20
            RenderCounter at (0,-1) size 20x20
              text run at (0,-1) width 20: "1.1"
            RenderText at (20,-1) size 13x20
              text run at (20,-1) width 13: " - "
        RenderInline {SPAN} at (0,0) size 29x20
          RenderInline (generated) at (0,0) size 29x20
            RenderCounter at (33,-1) size 16x20
              text run at (33,-1) width 16: "12"
            RenderText at (49,-1) size 13x20
              text run at (49,-1) width 13: " - "
        RenderInline {SPAN} at (0,0) size 95x20
          RenderInline (generated) at (0,0) size 95x20
            RenderCounter at (62,-1) size 20x20
              text run at (62,-1) width 20: "1.3"
            RenderText at (82,-1) size 24x20
              text run at (82,-1) width 14: "-- "
              text run at (96,-1) width 10: "--"
            RenderCounter at (106,-1) size 51x20
              text run at (106,-1) width 51: "1-------3"
      RenderBlock {DIV} at (0,54) size 784x19
        RenderText {#text} at (0,-1) size 157x20
          text run at (0,-1) width 96: "1.1 - 12 - 1.3-- "
          text run at (96,-1) width 61: "--1-------3"
