layer at (0,0) size 800x600
  RenderView at (0,0) size 800x600
layer at (0,0) size 800x88
  RenderBlock {HTML} at (0,0) size 800x88
    RenderBody {BODY} at (8,16) size 784x64
      RenderBlock {P} at (0,0) size 784x16
        RenderText {#text} at (0,0) size 286x16
          text run at (0,0) width 286: "The following two lines should look the same:"
      RenderBlock {DIV} at (0,32) size 784x16
        RenderInline {SPAN} at (0,0) size 19x16
          RenderInline (generated) at (0,0) size 19x16
            RenderCounter at (0,0) size 19x16
              text run at (0,0) width 19: "1.1"
        RenderText {#text} at (18,0) size 5x16
          text run at (18,0) width 5: " "
        RenderInline {SPAN} at (0,0) size 20x16
          RenderInline (generated) at (0,0) size 20x16
            RenderCounter at (22,0) size 20x16
              text run at (22,0) width 20: "1.2"
        RenderText {#text} at (41,0) size 5x16
          text run at (41,0) width 5: " "
        RenderInline {SPAN} at (0,0) size 19x16
          RenderInline (generated) at (0,0) size 19x16
            RenderCounter at (45,0) size 19x16
              text run at (45,0) width 19: "1.3"
        RenderText {#text} at (64,0) size 4x16
          text run at (64,0) width 4: " "
        RenderInline {SPAN} at (0,0) size 20x16
          RenderInline (generated) at (0,0) size 20x16
            RenderCounter at (67,0) size 20x16
              text run at (67,0) width 20: "1.4"
        RenderText {#text} at (86,0) size 5x16
          text run at (86,0) width 5: " "
        RenderInline {SPAN} at (0,0) size 20x16
          RenderInline (generated) at (0,0) size 20x16
            RenderCounter at (90,0) size 20x16
              text run at (90,0) width 20: "1.5"
        RenderText {#text} at (109,0) size 4x16
          text run at (109,0) width 4: " "
        RenderInline {SPAN} at (0,0) size 20x16
          RenderInline (generated) at (0,0) size 20x16
            RenderCounter at (112,0) size 20x16
              text run at (112,0) width 20: "1.6"
        RenderText {#text} at (131,0) size 5x16
          text run at (131,0) width 5: " "
        RenderInline {SPAN} at (0,0) size 20x16
          RenderInline (generated) at (0,0) size 20x16
            RenderCounter at (135,0) size 20x16
              text run at (135,0) width 20: "1.7"
        RenderText {#text} at (154,0) size 5x16
          text run at (154,0) width 5: " "
        RenderInline {SPAN} at (0,0) size 19x16
          RenderInline (generated) at (0,0) size 19x16
            RenderCounter at (158,0) size 19x16
              text run at (158,0) width 19: "1.8"
        RenderText {#text} at (176,0) size 5x16
          text run at (176,0) width 5: " "
        RenderInline {SPAN} at (0,0) size 20x16
          RenderInline (generated) at (0,0) size 20x16
            RenderCounter at (180,0) size 20x16
              text run at (180,0) width 20: "1.9"
        RenderText {#text} at (199,0) size 5x16
          text run at (199,0) width 5: " "
        RenderInline {SPAN} at (0,0) size 27x16
          RenderInline (generated) at (0,0) size 27x16
            RenderCounter at (203,0) size 27x16
              text run at (203,0) width 27: "1.10"
        RenderText {#text} at (229,0) size 5x16
          text run at (229,0) width 5: " "
        RenderInline {SPAN} at (0,0) size 27x16
          RenderInline (generated) at (0,0) size 27x16
            RenderCounter at (233,0) size 27x16
              text run at (233,0) width 27: "1.11"
        RenderText {#text} at (259,0) size 5x16
          text run at (259,0) width 5: " "
        RenderInline {SPAN} at (0,0) size 27x16
          RenderInline (generated) at (0,0) size 27x16
            RenderCounter at (263,0) size 27x16
              text run at (263,0) width 27: "1.12"
        RenderText {#text} at (0,0) size 0x0
      RenderBlock {DIV} at (0,48) size 784x16
        RenderText {#text} at (0,0) size 290x16
          text run at (0,0) width 23: "1.1 "
          text run at (22,0) width 24: "1.2 "
          text run at (45,0) width 23: "1.3 "
          text run at (67,0) width 24: "1.4 "
          text run at (90,0) width 23: "1.5 "
          text run at (112,0) width 24: "1.6 "
          text run at (135,0) width 24: "1.7 "
          text run at (158,0) width 23: "1.8 "
          text run at (180,0) width 24: "1.9 "
          text run at (203,0) width 31: "1.10 "
          text run at (233,0) width 31: "1.11 "
          text run at (263,0) width 27: "1.12"
