layer at (0,0) size 800x600
  RenderView at (0,0) size 800x600
layer at (0,0) size 800x107
  RenderBlock {HTML} at (0,0) size 800x107
    RenderBody {BODY} at (8,16) size 784x83
      RenderBlock {P} at (0,0) size 784x19
        RenderText {#text} at (0,-1) size 238x20
          text run at (0,-1) width 238: "There should be a green block below."
      RenderBlock {DIV} at (0,35) size 160x48 [color=#008000] [bgcolor=#FF0000] [border: (3px solid #000000)]
        RenderBlock {DIV} at (3,3) size 154x42
          RenderText {#text} at (0,-2) size 125x45
            text run at (0,-2) width 57: "  _  _  _   "
            text run at (57,-2) width 53: "  _  _  _  "
            text run at (0,12) width 72: "__ __ __ __ "
            text run at (72,12) width 53: "  _  _  _  "
            text run at (0,26) width 53: "  _  _  _  "
