layer at (0,0) size 800x600
  RenderView at (0,0) size 800x600
layer at (0,0) size 800x51
  RenderBlock {HTML} at (0,0) size 800x51
    RenderBody {BODY} at (8,16) size 784x19 [color=#008000]
      RenderBlock {P} at (0,0) size 784x19
        RenderText {#text} at (0,-1) size 163x20
          text run at (0,-1) width 163: "This line should be green."
