layer at (0,0) size 800x600
  RenderView at (0,0) size 800x600
layer at (0,0) size 800x334
  RenderBlock {HTML} at (0,0) size 800x334
    RenderBody {BODY} at (8,10) size 784x314
      RenderBlock {P} at (10,0) size 764x19 [color=#000080]
        RenderText {#text} at (0,-1) size 203x20
          text run at (0,-1) width 203: "This sentence should be normal."
      RenderBlock {P} at (10,29) size 764x19 [color=#000080]
        RenderText {#text} at (0,-1) size 214x20
          text run at (0,-1) width 214: "This sentence should be the same."
      RenderBlock {P} at (10,58) size 764x23 [color=#000080]
        RenderText {#text} at (0,-1) size 333x24
          text run at (0,-1) width 333: "This sentence should be larger than normal."
      RenderBlock {P} at (10,91) size 764x16 [color=#000080]
        RenderText {#text} at (0,-1) size 243x17
          text run at (0,-1) width 243: "This sentence should be smaller than normal."
      RenderBlock {P} at (10,117) size 764x19 [color=#000080]
        RenderText {#text} at (0,5) size 139x12
          text run at (0,5) width 139: "This sentence should be very small. "
        RenderInline {SPAN} at (0,0) size 253x20
          RenderText {#text} at (139,-1) size 253x20
            text run at (139,-1) width 253: "This sentence should be back to normal."
        RenderText {#text} at (0,0) size 0x0
      RenderBlock {P} at (10,146) size 764x19 [color=#000080]
        RenderText {#text} at (0,4) size 152x13
          text run at (0,4) width 152: "This sentence should be rather small. "
        RenderInline {SPAN} at (0,0) size 253x20
          RenderText {#text} at (152,-1) size 253x20
            text run at (152,-1) width 253: "This sentence should be back to normal."
        RenderText {#text} at (0,0) size 0x0
      RenderBlock {P} at (10,175) size 764x19 [color=#000080]
        RenderText {#text} at (0,1) size 168x17
          text run at (0,1) width 168: "This sentence should be small. "
        RenderInline {SPAN} at (0,0) size 253x20
          RenderText {#text} at (168,-1) size 253x20
            text run at (168,-1) width 253: "This sentence should be back to normal."
        RenderText {#text} at (0,0) size 0x0
      RenderBlock {P} at (10,204) size 764x22 [color=#000080]
        RenderText {#text} at (0,-1) size 225x23
          text run at (0,-1) width 225: "This sentence should be large. "
        RenderInline {SPAN} at (0,0) size 253x20
          RenderText {#text} at (225,1) size 253x20
            text run at (225,1) width 253: "This sentence should be back to normal."
        RenderText {#text} at (0,0) size 0x0
      RenderBlock {P} at (10,236) size 764x29 [color=#000080]
        RenderText {#text} at (0,-1) size 362x30
          text run at (0,-1) width 362: "This sentence should be rather large. "
        RenderInline {SPAN} at (0,0) size 253x20
          RenderText {#text} at (362,7) size 253x20
            text run at (362,7) width 253: "This sentence should be back to normal."
        RenderText {#text} at (0,0) size 0x0
      RenderBlock {P} at (10,275) size 764x39 [color=#000080]
        RenderText {#text} at (0,0) size 458x39
          text run at (0,0) width 458: "This sentence should be very large. "
        RenderInline {SPAN} at (0,0) size 253x20
          RenderText {#text} at (458,15) size 253x20
            text run at (458,15) width 253: "This sentence should be back to normal."
        RenderText {#text} at (0,0) size 0x0
