layer at (0,0) size 800x600
  RenderView at (0,0) size 800x600
layer at (0,0) size 800x141
  RenderBlock {HTML} at (0,0) size 800x141
    RenderBody {BODY} at (8,16) size 784x117
      RenderBlock {P} at (0,0) size 784x19
        RenderText {#text} at (0,-1) size 472x20
          text run at (0,-1) width 472: "There should be a solid single uninterrupted smooth column of blue below."
      RenderBlock {DIV} at (0,35) size 784x82 [color=#000080]
        RenderBlock {DIV} at (0,0) size 784x32
          RenderText {#text} at (0,-4) size 16x39
            text run at (0,-4) width 16: "x"
        RenderBlock {DIV} at (0,32) size 784x18
          RenderText {#text} at (0,-3) size 9x23
            text run at (0,-3) width 9: "x"
        RenderBlock {DIV} at (0,50) size 784x32
          RenderText {#text} at (0,-4) size 16x39
            text run at (0,-4) width 16: "x"
