layer at (0,0) size 800x600
  RenderView at (0,0) size 800x600
layer at (0,0) size 800x80
  RenderBlock {HTML} at (0,0) size 800x80
    RenderBody {BODY} at (8,16) size 784x48
      RenderBlock {P} at (0,0) size 784x16 [color=#000080]
        RenderText {#text} at (0,0) size 257x16
          text run at (0,0) width 257: "This Paragraph should be in Small Caps."
      RenderBlock {P} at (0,32) size 784x16 [color=#000080]
        RenderText {#text} at (0,0) size 250x16
          text run at (0,0) width 250: "This Sentence should be in Small Caps. "
        RenderInline {SPAN} at (0,0) size 205x16
          RenderText {#text} at (249,0) size 205x16
            text run at (249,0) width 205: "This Sentence should be Normal."
        RenderText {#text} at (0,0) size 0x0
