layer at (0,0) size 800x600
  RenderView at (0,0) size 800x600
layer at (0,0) size 800x423
  RenderBlock {HTML} at (0,0) size 800x423
    RenderBody {BODY} at (8,16) size 784x391
      RenderBlock {P} at (0,0) size 784x16 [color=#000080]
        RenderText {#text} at (0,0) size 197x16
          text run at (0,0) width 197: "This sentence should be normal."
      RenderBlock {P} at (0,32) size 784x17 [color=#000080]
        RenderText {#text} at (0,0) size 294x17
          text run at (0,0) width 294: "This sentence should be bolder than normal."
      RenderBlock {P} at (0,65) size 784x17 [color=#000080]
        RenderText {#text} at (0,0) size 194x17
          text run at (0,0) width 194: "This sentence should be bold."
      RenderBlock {H4} at (0,103) size 784x18 [color=#000080]
        RenderText {#text} at (0,0) size 203x17
          text run at (0,0) width 203: "Whatever this line looks like..."
      RenderBlock {H4} at (0,141) size 784x18 [color=#000080]
        RenderText {#text} at (0,0) size 289x17
          text run at (0,0) width 289: "...this line should look bolder (or the same)."
      RenderBlock {P} at (0,179) size 784x17 [color=#000080]
        RenderInline {B} at (0,0) size 197x16
          RenderText {#text} at (0,0) size 197x16
            text run at (0,0) width 197: "This sentence should be normal."
        RenderText {#text} at (0,0) size 0x0
      RenderBlock {P} at (0,211) size 784x17 [color=#000080]
        RenderText {#text} at (0,0) size 213x16
          text run at (0,0) width 213: "This sentence should be very light."
      RenderBlock {P} at (0,243) size 784x17 [color=#000080]
        RenderText {#text} at (0,0) size 327x16
          text run at (0,0) width 327: "This sentence should be slightly bolder (or the same)."
      RenderBlock {P} at (0,275) size 784x17 [color=#000080]
        RenderText {#text} at (0,0) size 364x16
          text run at (0,0) width 364: "This sentence should be slightly bolder again (or the same)."
      RenderBlock {P} at (0,307) size 784x18 [color=#000080]
        RenderText {#text} at (0,0) size 418x17
          text run at (0,0) width 418: "This sentence should be slightly bolder still (but not the same)."
      RenderBlock {P} at (0,340) size 784x18 [color=#000080]
        RenderText {#text} at (0,0) size 504x17
          text run at (0,0) width 504: "This sentence should be the most bold (and maybe the same as the last one)."
      RenderBlock {P} at (0,373) size 784x18 [color=#000080]
        RenderText {#text} at (0,0) size 199x17
          text run at (0,0) width 199: "This sentence should be bold. "
        RenderInline {SPAN} at (0,0) size 198x16
          RenderText {#text} at (198,1) size 198x16
            text run at (198,1) width 198: "This sentence should be normal."
        RenderText {#text} at (0,0) size 0x0
