layer at (0,0) size 800x600
  RenderView at (0,0) size 800x600
layer at (0,0) size 800x246
  RenderBlock {HTML} at (0,0) size 800x246
    RenderBody {BODY} at (8,16) size 784x222
      RenderBlock {P} at (0,0) size 784x38 [bgcolor=#00FFFF]
        RenderText {#text} at (392,-1) size 751x39
          text run at (392,-1) width 359: "The first line of this sentence should be indented halfway"
          text run at (0,18) width 66: "across the "
          text run at (66,18) width 415: "page, but the rest of it should be flush with the normal left margin "
          text run at (481,18) width 74: "of the page."
      RenderBlock {P} at (0,54) size 784x76 [bgcolor=#00FFFF]
        RenderText {#text} at (80,-1) size 211x20
          text run at (80,-1) width 211: "Only the first line of this sentence"
        RenderBR {BR} at (291,-1) size 0x20
        RenderText {#text} at (0,18) size 123x20
          text run at (0,18) width 123: "should be indented,"
        RenderBR {BR} at (123,18) size 0x20
        RenderText {#text} at (0,37) size 145x20
          text run at (0,37) width 145: "the others should all be"
        RenderBR {BR} at (145,37) size 0x20
        RenderInline {EM} at (0,0) size 113x20
          RenderText {#text} at (0,56) size 113x20
            text run at (0,56) width 113: "aligned on the left"
        RenderText {#text} at (113,56) size 100x20
          text run at (113,56) width 100: " of the window."
      RenderBlock {DIV} at (0,146) size 196x76 [bgcolor=#00FFFF]
        RenderText {#text} at (392,-1) size 404x77
          text run at (392,-1) width 12: "X"
          text run at (0,18) width 169: "The X on the previous line"
          text run at (0,37) width 184: "should be centered across the"
          text run at (0,56) width 56: "window."
