layer at (0,0) size 800x600
  RenderView at (0,0) size 800x600
layer at (0,0) size 800x600
  RenderBlock {HTML} at (0,0) size 800x600
    RenderBody {BODY} at (8,8) size 784x584
      RenderTable {TABLE} at (0,0) size 414x115
        RenderBlock {CAPTION} at (0,0) size 414x19
          RenderText {#text} at (13,-1) size 388x20
            text run at (13,-1) width 388: "Communicator 4.5 Installers for Mac and Windows Platforms"
        RenderTableSection {TBODY} at (0,19) size 414x96
          RenderTableRow {TR} at (0,2) size 414x23
            RenderTableCell {TH} at (2,12) size 116x3 [r=0 c=0 rs=1 cs=1]
            RenderTableCell {TH} at (120,2) size 109x23 [r=0 c=1 rs=1 cs=1]
              RenderText {#text} at (1,0) size 107x22
                text run at (1,0) width 107: "Macintosh PPC"
            RenderTableCell {TH} at (231,2) size 86x23 [r=0 c=2 rs=1 cs=1]
              RenderText {#text} at (1,0) size 84x22
                text run at (1,0) width 84: "Windows 95"
            RenderTableCell {TH} at (319,2) size 93x23 [r=0 c=3 rs=1 cs=1]
              RenderText {#text} at (1,0) size 91x22
                text run at (1,0) width 91: "Windows NT"
          RenderTableRow {TR} at (0,27) size 414x21
            RenderTableCell {TD} at (2,27) size 116x21 [r=1 c=0 rs=1 cs=1]
              RenderText {#text} at (1,0) size 73x20
                text run at (1,0) width 73: "Base Install"
            RenderTableCell {TD} at (120,27) size 109x21 [r=1 c=1 rs=1 cs=1]
              RenderText {#text} at (1,0) size 21x20
                text run at (1,0) width 21: "yes"
            RenderTableCell {TD} at (231,27) size 86x21 [r=1 c=2 rs=1 cs=1]
              RenderText {#text} at (1,0) size 21x20
                text run at (1,0) width 21: "yes"
            RenderTableCell {TD} at (319,27) size 93x21 [r=1 c=3 rs=1 cs=1]
              RenderText {#text} at (1,0) size 21x20
                text run at (1,0) width 21: "yes"
          RenderTableRow {TR} at (0,50) size 414x21
            RenderTableCell {TD} at (2,50) size 116x21 [r=2 c=0 rs=1 cs=1]
              RenderText {#text} at (1,0) size 103x20
                text run at (1,0) width 103: "Complete Install"
            RenderTableCell {TD} at (120,50) size 109x21 [r=2 c=1 rs=1 cs=1]
              RenderText {#text} at (1,0) size 21x20
                text run at (1,0) width 21: "yes"
            RenderTableCell {TD} at (231,50) size 86x21 [r=2 c=2 rs=1 cs=1]
              RenderText {#text} at (1,0) size 21x20
                text run at (1,0) width 21: "yes"
            RenderTableCell {TD} at (319,50) size 93x21 [r=2 c=3 rs=1 cs=1]
              RenderText {#text} at (1,0) size 21x20
                text run at (1,0) width 21: "yes"
          RenderTableRow {TR} at (0,73) size 414x21
            RenderTableCell {TD} at (2,73) size 116x21 [r=3 c=0 rs=1 cs=1]
              RenderText {#text} at (1,0) size 114x20
                text run at (1,0) width 114: "Pro Edition Install"
            RenderTableCell {TD} at (120,73) size 109x21 [r=3 c=1 rs=1 cs=1]
              RenderText {#text} at (1,0) size 21x20
                text run at (1,0) width 21: "yes"
            RenderTableCell {TD} at (231,73) size 86x21 [r=3 c=2 rs=1 cs=1]
              RenderText {#text} at (1,0) size 21x20
                text run at (1,0) width 21: "yes"
            RenderTableCell {TD} at (319,73) size 93x21 [r=3 c=3 rs=1 cs=1]
              RenderText {#text} at (1,0) size 21x20
                text run at (1,0) width 21: "yes"
