layer at (0,0) size 800x600
  RenderView at (0,0) size 800x600
layer at (0,0) size 800x600
  RenderBlock {HTML} at (0,0) size 800x600
    RenderBody {BODY} at (8,8) size 784x584
      RenderBlock (anonymous) at (0,0) size 784x38
        RenderText {#text} at (0,-1) size 638x20
          text run at (0,-1) width 638: "This table uses a ROWSPAN attribute in the first TH tag. The ROWSPAN attribute has a value of 2."
        RenderBR {BR} at (638,14) size 0x1
        RenderBR {BR} at (0,18) size 0x20
      RenderTable {TABLE} at (0,38) size 286x56 [border: (1px outset #808080)]
        RenderTableSection {TBODY} at (1,1) size 284x54
          RenderTableRow {TR} at (0,2) size 284x25
            RenderTableCell {TH} at (2,14) size 70x26 [border: (1px inset #808080)] [r=0 c=0 rs=2 cs=1]
              RenderText {#text} at (2,1) size 66x23
                text run at (2,2) width 66: "Platforms"
            RenderTableCell {TH} at (74,2) size 208x25 [border: (1px inset #808080)] [r=0 c=1 rs=1 cs=1]
              RenderText {#text} at (2,1) size 204x22
                text run at (2,1) width 204: "Netscape Communicator 4.0.6"
          RenderTableRow {TR} at (0,29) size 284x23
            RenderTableCell {TD} at (74,29) size 208x23 [border: (1px inset #808080)] [r=1 c=1 rs=1 cs=1]
              RenderText {#text} at (2,1) size 142x20
                text run at (2,1) width 142: "Available Everywhere"
