layer at (0,0) size 800x600
  RenderView at (0,0) size 800x600
layer at (0,0) size 800x600
  RenderBlock {HTML} at (0,0) size 800x600
    RenderBody {BODY} at (8,8) size 784x584
      RenderBlock (anonymous) at (0,0) size 784x32
        RenderText {#text} at (0,0) size 769x32
          text run at (0,0) width 513: "The table displayed is two rows by three columns. Each table row has been aligned "
          text run at (512,0) width 257: "right. The table has been assigned a width"
          text run at (0,16) width 234: "and border value so that it is easier to "
          text run at (233,16) width 112: "see the alignment."
        RenderBR {BR} at (344,28) size 1x0
      RenderTable {TABLE} at (0,32) size 300x48 [border: (1px outset #808080)]
        RenderTableSection {TBODY} at (1,1) size 298x46
          RenderTableRow {TR} at (0,2) size 298x20
            RenderTableCell {TD} at (2,2) size 98x20 [border: (1px inset #808080)] [r=0 c=0 rs=1 cs=1]
              RenderText {#text} at (33,2) size 63x16
                text run at (33,2) width 63: "Navigator"
            RenderTableCell {TD} at (101,2) size 103x20 [border: (1px inset #808080)] [r=0 c=1 rs=1 cs=1]
              RenderText {#text} at (33,2) size 67x16
                text run at (33,2) width 67: "Messenger"
            RenderTableCell {TD} at (205,2) size 92x20 [border: (1px inset #808080)] [r=0 c=2 rs=1 cs=1]
              RenderText {#text} at (35,2) size 54x16
                text run at (35,2) width 54: "Collabra"
          RenderTableRow {TR} at (0,24) size 298x20
            RenderTableCell {TD} at (2,24) size 98x20 [border: (1px inset #808080)] [r=1 c=0 rs=1 cs=1]
              RenderText {#text} at (32,2) size 64x16
                text run at (32,2) width 64: "Composer"
            RenderTableCell {TD} at (101,24) size 103x20 [border: (1px inset #808080)] [r=1 c=1 rs=1 cs=1]
              RenderText {#text} at (44,2) size 56x16
                text run at (44,2) width 56: "Calendar"
            RenderTableCell {TD} at (205,24) size 92x20 [border: (1px inset #808080)] [r=1 c=2 rs=1 cs=1]
              RenderText {#text} at (30,2) size 59x16
                text run at (30,2) width 59: "Netcaster"
