layer at (0,0) size 800x600
  RenderView at (0,0) size 800x600
layer at (0,0) size 800x600
  RenderBlock {HTML} at (0,0) size 800x600
    RenderBody {BODY} at (8,8) size 784x584
      RenderBlock (anonymous) at (0,0) size 784x64
        RenderText {#text} at (0,0) size 779x48
          text run at (0,0) width 582: "CELLPADDING controls the padding in pixels between the border of each cells and the cell's "
          text run at (581,0) width 177: "contents.The first table has a"
          text run at (0,16) width 355: "cellpadding of 8 pixels. The second table is not using cell "
          text run at (354,16) width 425: "padding. Notice the difference. There should be a larger gap between"
          text run at (0,32) width 141: "the cell border and it's "
          text run at (140,32) width 162: "contents in the first table. "
        RenderBR {BR} at (301,44) size 1x0
        RenderBR {BR} at (0,48) size 0x16
      RenderTable {TABLE} at (0,64) size 254x78 [border: (2px outset #808080)]
        RenderTableSection {TBODY} at (2,2) size 250x74
          RenderTableRow {TR} at (0,2) size 250x34
            RenderTableCell {TD} at (2,2) size 82x34 [border: (1px inset #808080)] [r=0 c=0 rs=1 cs=1]
              RenderText {#text} at (9,9) size 63x16
                text run at (9,9) width 63: "Navigator"
            RenderTableCell {TD} at (85,2) size 84x34 [border: (1px inset #808080)] [r=0 c=1 rs=1 cs=1]
              RenderText {#text} at (9,9) size 66x16
                text run at (9,9) width 66: "Messenger"
            RenderTableCell {TD} at (170,2) size 78x34 [border: (1px inset #808080)] [r=0 c=2 rs=1 cs=1]
              RenderText {#text} at (9,9) size 54x16
                text run at (9,9) width 54: "Collabra"
          RenderTableRow {TR} at (0,38) size 250x34
            RenderTableCell {TD} at (2,38) size 82x34 [border: (1px inset #808080)] [r=1 c=0 rs=1 cs=1]
              RenderText {#text} at (9,9) size 64x16
                text run at (9,9) width 64: "Composer"
            RenderTableCell {TD} at (85,38) size 84x34 [border: (1px inset #808080)] [r=1 c=1 rs=1 cs=1]
              RenderText {#text} at (9,9) size 56x16
                text run at (9,9) width 56: "Calendar"
            RenderTableCell {TD} at (170,38) size 78x34 [border: (1px inset #808080)] [r=1 c=2 rs=1 cs=1]
              RenderText {#text} at (9,9) size 59x16
                text run at (9,9) width 59: "Netcaster"
      RenderBlock (anonymous) at (0,142) size 784x48
        RenderBR {BR} at (0,0) size 0x16
        RenderBR {BR} at (0,16) size 0x16
        RenderText {#text} at (0,32) size 214x16
          text run at (0,32) width 214: "This table contains no cellpadding."
      RenderTable {TABLE} at (0,190) size 212x50 [border: (2px outset #808080)]
        RenderTableSection {TBODY} at (2,2) size 208x46
          RenderTableRow {TR} at (0,2) size 208x20
            RenderTableCell {TD} at (2,2) size 68x20 [border: (1px inset #808080)] [r=0 c=0 rs=1 cs=1]
              RenderText {#text} at (2,2) size 63x16
                text run at (2,2) width 63: "Navigator"
            RenderTableCell {TD} at (71,2) size 70x20 [border: (1px inset #808080)] [r=0 c=1 rs=1 cs=1]
              RenderText {#text} at (2,2) size 66x16
                text run at (2,2) width 66: "Messenger"
            RenderTableCell {TD} at (142,2) size 64x20 [border: (1px inset #808080)] [r=0 c=2 rs=1 cs=1]
              RenderText {#text} at (2,2) size 54x16
                text run at (2,2) width 54: "Collabra"
          RenderTableRow {TR} at (0,24) size 208x20
            RenderTableCell {TD} at (2,24) size 68x20 [border: (1px inset #808080)] [r=1 c=0 rs=1 cs=1]
              RenderText {#text} at (2,2) size 64x16
                text run at (2,2) width 64: "Composer"
            RenderTableCell {TD} at (71,24) size 70x20 [border: (1px inset #808080)] [r=1 c=1 rs=1 cs=1]
              RenderText {#text} at (2,2) size 56x16
                text run at (2,2) width 56: "Calendar"
            RenderTableCell {TD} at (142,24) size 64x20 [border: (1px inset #808080)] [r=1 c=2 rs=1 cs=1]
              RenderText {#text} at (2,2) size 59x16
                text run at (2,2) width 59: "Netcaster"
