layer at (0,0) size 800x600
  RenderView at (0,0) size 800x600
layer at (0,0) size 800x600
  RenderBlock {HTML} at (0,0) size 800x600
    RenderBody {BODY} at (8,8) size 784x584
      RenderBlock (anonymous) at (0,0) size 784x32
        RenderText {#text} at (0,0) size 756x32
          text run at (0,0) width 708: "The table heading (The EggPlant Exchange) should not wrap when window is resized. However, the cell below the "
          text run at (707,0) width 49: "heading"
          text run at (0,16) width 153: "will wrap atuomatically."
        RenderBR {BR} at (152,28) size 1x0
      RenderTable {TABLE} at (0,32) size 245x49 [border: (1px outset #808080)]
        RenderTableSection {TBODY} at (1,1) size 243x47
          RenderTableRow {TR} at (0,2) size 243x21
            RenderTableCell {TH} at (2,2) size 233x21 [border: (1px inset #808080)] [r=0 c=0 rs=1 cs=1]
              RenderText {#text} at (38,2) size 157x17
                text run at (38,2) width 157: "The Eggplant Exchange"
            RenderTableCell {TH} at (236,10) size 5x5 [border: (1px inset #808080)] [r=0 c=1 rs=1 cs=1]
          RenderTableRow {TR} at (0,25) size 243x20
            RenderTableCell {TD} at (2,25) size 233x20 [border: (1px inset #808080)] [r=1 c=0 rs=1 cs=1]
              RenderText {#text} at (2,2) size 229x16
                text run at (2,2) width 229: "Lots of Recipies for Eggplant Lovers"
