layer at (0,0) size 800x600
  RenderView at (0,0) size 800x600
layer at (0,0) size 800x274
  RenderBlock {html} at (0,0) size 800x274
    RenderBody {body} at (8,16) size 784x250
      RenderBlock {p} at (0,0) size 784x19
        RenderText {#text} at (0,-1) size 172x20
          text run at (0,-1) width 172: "COL VALIGN=MIDDLE"
      RenderTable {table} at (0,35) size 707x215 [border: (1px outset #808080)]
        RenderTableCol {colgroup} at (0,0) size 0x0
          RenderTableCol {col} at (0,0) size 0x0
          RenderTableCol {col} at (0,0) size 0x0
        RenderTableSection (anonymous) at (1,1) size 705x213
          RenderTableRow {tr} at (0,2) size 705x209
            RenderTableCell {td} at (2,2) size 204x209 [border: (1px inset #808080)] [r=0 c=0 rs=1 cs=1]
              RenderImage {img} at (2,2) size 200x200
            RenderTableCell {td} at (208,95) size 495x23 [border: (1px inset #808080)] [r=0 c=1 rs=1 cs=1]
              RenderText {#text} at (2,1) size 491x20
                text run at (2,1) width 362: "The middle of this text should be vertically aligned to the "
                text run at (364,1) width 129: "middle of the image."
