layer at (0,0) size 800x600
  RenderView at (0,0) size 800x600
layer at (0,0) size 800x138
  RenderBlock {html} at (0,0) size 800x138
    RenderBody {body} at (8,16) size 784x114
      RenderBlock {p} at (0,0) size 784x19
        RenderText {#text} at (0,-1) size 322x20
          text run at (0,-1) width 322: "In this test, the TBODY text should be left aligned."
      RenderTable {table} at (0,35) size 178x79 [border: (1px outset #808080)]
        RenderTableSection {thead} at (1,1) size 176x27
          RenderTableRow {tr} at (0,2) size 176x23
            RenderTableCell {td} at (2,2) size 172x23 [border: (1px inset #808080)] [r=0 c=0 rs=1 cs=1]
              RenderText {#text} at (2,1) size 168x20
                text run at (2,1) width 168: "This text is in the THEAD"
        RenderTableSection {tfoot} at (1,53) size 176x25
          RenderTableRow {tr} at (0,0) size 176x23
            RenderTableCell {td} at (2,0) size 172x23 [border: (1px inset #808080)] [r=0 c=0 rs=1 cs=1]
              RenderText {#text} at (2,1) size 165x20
                text run at (2,1) width 165: "This text is in the TFOOT"
        RenderTableSection {tbody} at (1,28) size 176x25
          RenderTableRow {tr} at (0,0) size 176x23
            RenderTableCell {td} at (2,0) size 172x23 [border: (1px inset #808080)] [r=0 c=0 rs=1 cs=1]
              RenderText {#text} at (2,1) size 57x20
                text run at (2,1) width 57: "TBODY"
