layer at (0,0) size 800x600
  RenderView at (0,0) size 800x600
layer at (0,0) size 800x126
  RenderBlock {html} at (0,0) size 800x126
    RenderBody {body} at (8,16) size 784x102
      RenderBlock {p} at (0,0) size 784x16
        RenderText {#text} at (0,0) size 324x16
          text run at (0,0) width 324: "In this test, the TBODY text should be right aligned."
      RenderTable {table} at (0,32) size 174x70 [border: (1px outset #808080)]
        RenderTableSection {thead} at (1,1) size 172x24
          RenderTableRow {tr} at (0,2) size 172x20
            RenderTableCell {td} at (2,2) size 168x20 [border: (1px inset #808080)] [r=0 c=0 rs=1 cs=1]
              RenderText {#text} at (2,2) size 164x16
                text run at (2,2) width 164: "This text is in the THEAD"
        RenderTableSection {tfoot} at (1,47) size 172x22
          RenderTableRow {tr} at (0,0) size 172x20
            RenderTableCell {td} at (2,0) size 168x20 [border: (1px inset #808080)] [r=0 c=0 rs=1 cs=1]
              RenderText {#text} at (2,2) size 161x16
                text run at (2,2) width 161: "This text is in the TFOOT"
        RenderTableSection {tbody} at (1,25) size 172x22
          RenderTableRow {tr} at (0,0) size 172x20
            RenderTableCell {td} at (2,0) size 168x20 [border: (1px inset #808080)] [r=0 c=0 rs=1 cs=1]
              RenderText {#text} at (112,2) size 54x16
                text run at (112,2) width 54: "TBODY"
