layer at (0,0) size 800x600
  RenderView at (0,0) size 800x600
layer at (0,0) size 800x310
  RenderBlock {html} at (0,0) size 800x310
    RenderBody {body} at (8,16) size 784x286
      RenderBlock {p} at (0,0) size 784x16
        RenderText {#text} at (0,0) size 200x16
          text run at (0,0) width 200: "TBODY VALIGN=BASELINE"
      RenderTable {table} at (0,32) size 784x254 [border: (1px outset #808080)]
        RenderTableSection {thead} at (1,1) size 782x24
          RenderTableRow {tr} at (0,2) size 782x20
            RenderTableCell {td} at (2,2) size 218x20 [border: (1px inset #808080)] [r=0 c=0 rs=1 cs=1]
              RenderText {#text} at (2,2) size 53x16
                text run at (2,2) width 53: "THEAD"
            RenderTableCell {td} at (221,2) size 560x20 [border: (1px inset #808080)] [r=0 c=1 rs=1 cs=1]
              RenderText {#text} at (2,2) size 53x16
                text run at (2,2) width 53: "THEAD"
        RenderTableSection {tfoot} at (1,231) size 782x22
          RenderTableRow {tr} at (0,0) size 782x20
            RenderTableCell {td} at (2,0) size 218x20 [border: (1px inset #808080)] [r=0 c=0 rs=1 cs=1]
              RenderText {#text} at (2,2) size 50x16
                text run at (2,2) width 50: "TFOOT"
            RenderTableCell {td} at (221,0) size 560x20 [border: (1px inset #808080)] [r=0 c=1 rs=1 cs=1]
              RenderText {#text} at (2,2) size 50x16
                text run at (2,2) width 50: "TFOOT"
        RenderTableSection {tbody} at (1,25) size 782x206
          RenderTableRow {tr} at (0,0) size 782x204
            RenderTableCell {td} at (2,20) size 218x84 [border: (1px inset #808080)] [r=0 c=0 rs=1 cs=1]
              RenderText {#text} at (2,2) size 208x80
                text run at (2,2) width 203: "Compare the baseline of the first"
                text run at (2,18) width 141: "line of text in this cell "
                text run at (142,18) width 52: "with the"
                text run at (2,34) width 208: "baseline of the first line of text in"
                text run at (2,50) width 113: "the next cell: they "
                text run at (114,50) width 60: "should be"
                text run at (2,66) width 109: "vertically aligned"
            RenderTableCell {td} at (221,0) size 560x204 [border: (1px inset #808080)] [r=0 c=1 rs=1 cs=1]
              RenderText {#text} at (2,2) size 512x200
                text run at (2,2) width 506: "Compare the baseline of the first"
                text run at (2,42) width 68: "line "
                text run at (69,42) width 404: "of text in this cell with the"
                text run at (2,82) width 512: "baseline of the first line of text in"
                text run at (2,122) width 503: "the previous cell: they should be"
                text run at (2,162) width 271: "vertically aligned"
