layer at (0,0) size 800x600
  RenderView at (0,0) size 800x600
layer at (0,0) size 800x102
  RenderBlock {html} at (0,0) size 800x102
    RenderBody {body} at (8,8) size 784x86
      RenderTable {table} at (0,0) size 784x86 [border: (1px outset #808080)]
        RenderTableSection (anonymous) at (1,1) size 782x84
          RenderTableRow {tr} at (0,2) size 782x80
            RenderTableCell {td} at (2,2) size 389x80 [border: (1px inset #808080)] [r=0 c=0 rs=1 cs=1]
              RenderText {#text} at (2,1) size 385x77
                text run at (2,1) width 213: "This cell text should be justified "
                text run at (214,1) width 173: "which means that the right"
                text run at (2,20) width 248: "and left margins should line up, no "
                text run at (249,20) width 138: "matter how long the"
                text run at (2,39) width 295: "content becomes (except the last line which "
                text run at (296,39) width 91: "should be left"
                text run at (2,58) width 51: "aligned)"
            RenderTableCell {td} at (392,30) size 389x24 [border: (1px inset #808080)] [r=0 c=1 rs=1 cs=1]
              RenderText {#text} at (2,1) size 224x21
                text run at (2,2) width 224: "This cell text should be left justified"
