layer at (0,0) size 800x600
  RenderView at (0,0) size 800x600
layer at (0,0) size 800x126
  RenderBlock {html} at (0,0) size 800x126
    RenderBody {body} at (8,16) size 784x102
      RenderBlock {p} at (0,0) size 784x16
        RenderText {#text} at (0,0) size 324x16
          text run at (0,0) width 324: "In this test, the TFOOT text should be center aligned"
      RenderTable {table} at (0,32) size 175x70 [border: (1px outset #808080)]
        RenderTableSection {thead} at (1,1) size 173x24
          RenderTableRow {tr} at (0,2) size 173x20
            RenderTableCell {td} at (2,2) size 169x20 [border: (1px inset #808080)] [r=0 c=0 rs=1 cs=1]
              RenderText {#text} at (2,2) size 164x16
                text run at (2,2) width 164: "This text is in the THEAD"
        RenderTableSection {tfoot} at (1,47) size 173x22
          RenderTableRow {tr} at (0,0) size 173x20
            RenderTableCell {td} at (2,0) size 169x20 [border: (1px inset #808080)] [r=0 c=0 rs=1 cs=1]
              RenderText {#text} at (59,2) size 51x16
                text run at (59,2) width 51: "TFOOT"
        RenderTableSection {tbody} at (1,25) size 173x22
          RenderTableRow {tr} at (0,0) size 173x20
            RenderTableCell {td} at (2,0) size 169x20 [border: (1px inset #808080)] [r=0 c=0 rs=1 cs=1]
              RenderText {#text} at (2,2) size 165x16
                text run at (2,2) width 165: "This text is in the TBODY"
