layer at (0,0) size 990x585
  RenderView at (0,0) size 800x585
layer at (0,0) size 800x66
  RenderBlock {html} at (0,0) size 800x66
    RenderBody {body} at (8,8) size 784x50
      RenderTable {table} at (0,0) size 983x50 [border: (1px outset #808080)]
        RenderTableSection (anonymous) at (1,1) size 981x48
          RenderTableRow {tr} at (0,2) size 981x21
            RenderTableCell {th} at (2,2) size 977x21 [border: (1px inset #808080)] [r=0 c=0 rs=1 cs=1]
              RenderText {#text} at (2,2) size 973x17
                text run at (2,2) width 282: "The text in the cell should not wrap upon "
                text run at (283,2) width 293: "window resizing        x-fill x-fill x-fill x-fill "
                text run at (575,2) width 331: "x-fill x-fill x-fill x-fill x-fill x-fill x-fill x-fill x-fill "
                text run at (905,2) width 70: "x-fill x-fill"
          RenderTableRow {tr} at (0,25) size 981x21
            RenderTableCell {th} at (2,25) size 977x21 [border: (1px inset #808080)] [r=1 c=0 rs=1 cs=1]
              RenderText {#text} at (2,2) size 973x17
                text run at (2,2) width 282: "The text in the cell should not wrap upon "
                text run at (283,2) width 293: "window resizing        x-fill x-fill x-fill x-fill "
                text run at (575,2) width 331: "x-fill x-fill x-fill x-fill x-fill x-fill x-fill x-fill x-fill "
                text run at (905,2) width 70: "x-fill x-fill"
