layer at (0,0) size 800x600
  RenderView at (0,0) size 800x600
layer at (0,0) size 800x94
  RenderBlock {html} at (0,0) size 800x94
    RenderBody {body} at (8,8) size 784x78
      RenderTable {table} at (0,0) size 784x78 [border: (1px outset #808080)]
        RenderTableSection (anonymous) at (1,1) size 782x76
          RenderTableRow {tr} at (0,2) size 782x72
            RenderTableCell {th} at (2,2) size 388x72 [border: (1px inset #808080)] [r=0 c=0 rs=1 cs=1]
              RenderText {#text} at (2,2) size 384x68
                text run at (2,2) width 235: "This cell text should be justified "
                text run at (236,2) width 150: "which means that the"
                text run at (2,19) width 275: "right and left margins should line up, no "
                text run at (276,19) width 110: "matter how long"
                text run at (2,36) width 321: "the content becomes (except the last line which "
                text run at (322,36) width 64: "should be"
                text run at (2,53) width 81: "left aligned)"
            RenderTableCell {th} at (392,27) size 388x22 [border: (1px inset #808080)] [r=0 c=1 rs=1 cs=1]
              RenderText {#text} at (2,2) size 241x18
                text run at (2,3) width 187: "This cell text should be left "
                text run at (188,3) width 55: "justified"
