layer at (0,0) size 800x600
  RenderView at (0,0) size 800x600
layer at (0,0) size 800x314
  RenderBlock {html} at (0,0) size 800x314
    RenderBody {body} at (8,16) size 784x290
      RenderBlock {p} at (0,0) size 784x16
        RenderText {#text} at (0,0) size 191x16
          text run at (0,0) width 191: "THEAD VALIGN=BOTTOM"
      RenderTable {table} at (0,32) size 784x258 [border: (1px outset #808080)]
        RenderTableSection {thead} at (1,1) size 782x212
          RenderTableRow {tr} at (0,2) size 782x208
            RenderTableCell {td} at (2,2) size 204x208 [border: (1px inset #808080)] [r=0 c=0 rs=1 cs=1]
              RenderImage {img} at (2,2) size 200x200
            RenderTableCell {td} at (208,158) size 572x52 [border: (1px inset #808080)] [r=0 c=1 rs=1 cs=1]
              RenderText {#text} at (2,2) size 560x48
                text run at (2,2) width 359: "The bottom of this text should be vertically aligned to the "
                text run at (360,2) width 202: "bottom of the image. x-fill x-fill"
                text run at (2,18) width 144: "x-fill x-fill x-fill x-fill "
                text run at (145,18) width 322: "x-fill x-fill x-fill x-fill x-fill x-fill x-fill x-fill x-fill "
                text run at (466,18) width 85: "x-fill x-fill x-"
                text run at (2,34) width 239: "fill x-fill x-fill x-fill x-fill x-fill x-fill "
                text run at (240,34) width 140: "x-fill x-fill x-fill x-fill"
        RenderTableSection {tfoot} at (1,235) size 782x22
          RenderTableRow {tr} at (0,0) size 782x20
            RenderTableCell {td} at (2,0) size 204x20 [border: (1px inset #808080)] [r=0 c=0 rs=1 cs=1]
              RenderText {#text} at (2,2) size 50x16
                text run at (2,2) width 50: "TFOOT"
            RenderTableCell {td} at (208,0) size 572x20 [border: (1px inset #808080)] [r=0 c=1 rs=1 cs=1]
              RenderText {#text} at (2,2) size 50x16
                text run at (2,2) width 50: "TFOOT"
        RenderTableSection {tbody} at (1,213) size 782x22
          RenderTableRow {tr} at (0,0) size 782x20
            RenderTableCell {td} at (2,0) size 204x20 [border: (1px inset #808080)] [r=0 c=0 rs=1 cs=1]
              RenderText {#text} at (2,2) size 54x16
                text run at (2,2) width 54: "TBODY"
            RenderTableCell {td} at (208,0) size 572x20 [border: (1px inset #808080)] [r=0 c=1 rs=1 cs=1]
              RenderText {#text} at (2,2) size 54x16
                text run at (2,2) width 54: "TBODY"
