layer at (0,0) size 800x600
  RenderView at (0,0) size 800x600
layer at (0,0) size 800x329
  RenderBlock {html} at (0,0) size 800x329
    RenderBody {body} at (8,16) size 784x305
      RenderBlock {p} at (0,0) size 784x19
        RenderText {#text} at (0,-1) size 177x20
          text run at (0,-1) width 177: "TH VALIGN=BASELINE"
      RenderTable {table} at (0,35) size 784x270 [border: (1px outset #808080)]
        RenderTableSection (anonymous) at (1,1) size 782x268
          RenderTableRow {tr} at (0,2) size 782x264
            RenderTableCell {th} at (2,25) size 215x109 [border: (1px inset #808080)] [r=0 c=0 rs=1 cs=1]
              RenderText {#text} at (12,1) size 207x106
                text run at (12,1) width 190: "Compare the baseline of the"
                text run at (4,22) width 77: "first line of "
                text run at (80,22) width 131: "text in this cell with"
                text run at (8,43) width 198: "the baseline of the first line of"
                text run at (25,64) width 47: "text in "
                text run at (71,64) width 119: "the next cell: they"
                text run at (15,85) width 185: "should be vertically aligned"
            RenderTableCell {th} at (218,2) size 563x264 [border: (1px inset #808080)] [r=0 c=1 rs=1 cs=1]
              RenderText {#text} at (42,1) size 529x261
                text run at (42,1) width 382: "Compare the baseline "
                text run at (423,1) width 97: "of the"
                text run at (16,53) width 529: "first line of text in this cell with"
                text run at (29,105) width 318: "the baseline of the "
                text run at (346,105) width 187: "first line of"
                text run at (35,157) width 492: "text in the previous cell: they"
                text run at (47,209) width 344: "should be vertically "
                text run at (390,209) width 125: "aligned"
