layer at (0,0) size 800x600
  RenderView at (0,0) size 800x600
layer at (0,0) size 800x275
  RenderBlock {html} at (0,0) size 800x275
    RenderBody {body} at (8,16) size 784x251
      RenderBlock {p} at (0,0) size 784x19
        RenderText {#text} at (0,-1) size 161x20
          text run at (0,-1) width 161: "TH VALIGN=MIDDLE"
      RenderTable {table} at (0,35) size 641x216 [border: (1px outset #808080)]
        RenderTableSection (anonymous) at (1,1) size 639x214
          RenderTableRow {tr} at (0,2) size 639x210
            RenderTableCell {th} at (2,2) size 204x210 [border: (1px inset #808080)] [r=0 c=0 rs=1 cs=1]
              RenderImage {img} at (2,2) size 200x200
            RenderTableCell {th} at (208,94) size 429x26 [border: (1px inset #808080)] [r=0 c=1 rs=1 cs=1]
              RenderText {#text} at (2,1) size 425x23
                text run at (2,2) width 293: "This text should be vertically aligned to the "
                text run at (295,2) width 132: "middle of the image"
