layer at (0,0) size 800x600
  RenderView at (0,0) size 800x600
layer at (0,0) size 800x192
  RenderBlock {html} at (0,0) size 800x192
    RenderBody {body} at (8,16) size 784x168
      RenderBlock {p} at (0,0) size 784x16
        RenderText {#text} at (0,0) size 386x16
          text run at (0,0) width 386: "The numbers in the THEAD should align at the decimal points"
      RenderTable {table} at (0,32) size 354x136 [border: (1px outset #808080)]
        RenderTableSection {thead} at (1,1) size 352x46
          RenderTableRow {tr} at (0,2) size 352x20
            RenderTableCell {td} at (2,2) size 110x20 [border: (1px inset #808080)] [r=0 c=0 rs=1 cs=1]
              RenderText {#text} at (2,2) size 91x16
                text run at (2,2) width 91: "THEAD 55.00"
            RenderTableCell {td} at (113,2) size 118x20 [border: (1px inset #808080)] [r=0 c=1 rs=1 cs=1]
              RenderText {#text} at (2,2) size 113x16
                text run at (2,2) width 113: "THEAD 55555.00"
            RenderTableCell {td} at (232,2) size 118x20 [border: (1px inset #808080)] [r=0 c=2 rs=1 cs=1]
              RenderText {#text} at (2,2) size 98x16
                text run at (2,2) width 98: "THEAD 555.00"
          RenderTableRow {tr} at (0,24) size 352x20
            RenderTableCell {td} at (2,24) size 110x20 [border: (1px inset #808080)] [r=1 c=0 rs=1 cs=1]
              RenderText {#text} at (2,2) size 106x16
                text run at (2,2) width 106: "THEAD 1234.56"
            RenderTableCell {td} at (113,24) size 118x20 [border: (1px inset #808080)] [r=1 c=1 rs=1 cs=1]
              RenderText {#text} at (2,2) size 98x16
                text run at (2,2) width 98: "THEAD 123.45"
            RenderTableCell {td} at (232,24) size 118x20 [border: (1px inset #808080)] [r=1 c=2 rs=1 cs=1]
              RenderText {#text} at (2,2) size 113x16
                text run at (2,2) width 113: "THEAD 12345.67"
        RenderTableSection {tfoot} at (1,91) size 352x44
          RenderTableRow {tr} at (0,0) size 352x20
            RenderTableCell {td} at (2,0) size 110x20 [border: (1px inset #808080)] [r=0 c=0 rs=1 cs=1]
              RenderText {#text} at (2,2) size 50x16
                text run at (2,2) width 50: "TFOOT"
            RenderTableCell {td} at (113,0) size 118x20 [border: (1px inset #808080)] [r=0 c=1 rs=1 cs=1]
              RenderText {#text} at (2,2) size 50x16
                text run at (2,2) width 50: "TFOOT"
            RenderTableCell {td} at (232,0) size 118x20 [border: (1px inset #808080)] [r=0 c=2 rs=1 cs=1]
              RenderText {#text} at (2,2) size 50x16
                text run at (2,2) width 50: "TFOOT"
          RenderTableRow {tr} at (0,22) size 352x20
            RenderTableCell {td} at (2,22) size 110x20 [border: (1px inset #808080)] [r=1 c=0 rs=1 cs=1]
              RenderText {#text} at (2,2) size 50x16
                text run at (2,2) width 50: "TFOOT"
            RenderTableCell {td} at (113,22) size 118x20 [border: (1px inset #808080)] [r=1 c=1 rs=1 cs=1]
              RenderText {#text} at (2,2) size 50x16
                text run at (2,2) width 50: "TFOOT"
            RenderTableCell {td} at (232,22) size 118x20 [border: (1px inset #808080)] [r=1 c=2 rs=1 cs=1]
              RenderText {#text} at (2,2) size 50x16
                text run at (2,2) width 50: "TFOOT"
        RenderTableSection {tbody} at (1,47) size 352x44
          RenderTableRow {tr} at (0,0) size 352x20
            RenderTableCell {td} at (2,0) size 110x20 [border: (1px inset #808080)] [r=0 c=0 rs=1 cs=1]
              RenderText {#text} at (2,2) size 54x16
                text run at (2,2) width 54: "TBODY"
            RenderTableCell {td} at (113,0) size 118x20 [border: (1px inset #808080)] [r=0 c=1 rs=1 cs=1]
              RenderText {#text} at (2,2) size 54x16
                text run at (2,2) width 54: "TBODY"
            RenderTableCell {td} at (232,0) size 118x20 [border: (1px inset #808080)] [r=0 c=2 rs=1 cs=1]
              RenderText {#text} at (2,2) size 54x16
                text run at (2,2) width 54: "TBODY"
          RenderTableRow {tr} at (0,22) size 352x20
            RenderTableCell {td} at (2,22) size 110x20 [border: (1px inset #808080)] [r=1 c=0 rs=1 cs=1]
              RenderText {#text} at (2,2) size 54x16
                text run at (2,2) width 54: "TBODY"
            RenderTableCell {td} at (113,22) size 118x20 [border: (1px inset #808080)] [r=1 c=1 rs=1 cs=1]
              RenderText {#text} at (2,2) size 54x16
                text run at (2,2) width 54: "TBODY"
            RenderTableCell {td} at (232,22) size 118x20 [border: (1px inset #808080)] [r=1 c=2 rs=1 cs=1]
              RenderText {#text} at (2,2) size 54x16
                text run at (2,2) width 54: "TBODY"
