layer at (0,0) size 800x600
  RenderView at (0,0) size 800x600
layer at (0,0) size 800x43
  RenderBlock {html} at (0,0) size 800x43
    RenderBody {body} at (8,8) size 784x27
      RenderTable {table} at (0,0) size 664x27 [border: (1px outset #808080)]
        RenderTableSection (anonymous) at (1,1) size 662x25
          RenderTableRow {tr} at (0,2) size 662x21
            RenderTableCell {th} at (2,2) size 328x21 [bgcolor=#00FF00] [border: (1px inset #808080)] [r=0 c=0 rs=1 cs=1]
              RenderText {#text} at (2,2) size 324x17
                text run at (2,2) width 213: "This heading cell should have a "
                text run at (214,2) width 112: "lime background"
            RenderTableCell {th} at (331,2) size 329x21 [bgcolor=#00FF00] [border: (1px inset #808080)] [r=0 c=1 rs=1 cs=1]
              RenderText {#text} at (2,2) size 324x17
                text run at (2,2) width 213: "This heading cell should have a "
                text run at (214,2) width 112: "lime background"
