layer at (0,0) size 800x600
  RenderView at (0,0) size 800x600
layer at (0,0) size 800x254
  RenderBlock {HTML} at (0,0) size 800x254
    RenderBody {BODY} at (8,16) size 784x230
      RenderBlock {P} at (0,0) size 784x16
        RenderText {#text} at (0,0) size 593x16
          text run at (0,0) width 593: "Test passes if there is blue rectangle, and not a square, in the upper-right corner of the black box."
layer at (8,48) size 198x198
  RenderBlock (relative positioned) {DIV} at (0,32) size 198x198 [border: (3px solid #000000)]
layer at (180,51) size 23x48
  RenderBlock (positioned) {DIV} at (172,3) size 23x48 [bgcolor=#0000FF]
    RenderText {#text} at (0,0) size 23x96
      text run at (0,0) width 23: " "
