layer at (0,0) size 785x643
  RenderView at (0,0) size 785x600
layer at (0,0) size 785x643
  RenderBlock {HTML} at (0,0) size 785x643
    RenderBody {BODY} at (8,21) size 769x614
      RenderBlock {H1} at (0,0) size 769x32
        RenderText {#text} at (0,0) size 416x32
          text run at (0,0) width 416: "caption element: align attribute"
      RenderTable {TABLE} at (0,53) size 75x145 [border: (1px outset #808080)]
        RenderBlock {CAPTION} at (0,0) size 75x96
          RenderText {#text} at (4,0) size 67x96
            text run at (4,0) width 67: "The table's"
            text run at (12,16) width 50: "caption,"
            text run at (13,32) width 48: "with no"
            text run at (19,48) width 36: "align."
            text run at (6,64) width 62: "Default is"
            text run at (18,80) width 38: "\"top\"."
        RenderTableSection {TBODY} at (1,97) size 73x46
          RenderTableRow {TR} at (0,2) size 73x20
            RenderTableCell {TD} at (2,2) size 34x20 [border: (1px inset #808080)] [r=0 c=0 rs=1 cs=1]
              RenderText {#text} at (2,2) size 30x16
                text run at (2,2) width 30: "Data"
            RenderTableCell {TD} at (37,2) size 34x20 [border: (1px inset #808080)] [r=0 c=1 rs=1 cs=1]
              RenderText {#text} at (2,2) size 30x16
                text run at (2,2) width 30: "Data"
          RenderTableRow {TR} at (0,24) size 73x20
            RenderTableCell {TD} at (2,24) size 34x20 [border: (1px inset #808080)] [r=1 c=0 rs=1 cs=1]
              RenderText {#text} at (2,2) size 30x16
                text run at (2,2) width 30: "Data"
            RenderTableCell {TD} at (37,24) size 34x20 [border: (1px inset #808080)] [r=1 c=1 rs=1 cs=1]
              RenderText {#text} at (2,2) size 30x16
                text run at (2,2) width 30: "Data"
      RenderTable {TABLE} at (0,197) size 77x113 [border: (1px outset #808080)]
        RenderBlock {CAPTION} at (0,0) size 77x64
          RenderText {#text} at (5,0) size 77x64
            text run at (5,0) width 67: "The table's"
            text run at (13,16) width 50: "caption,"
            text run at (24,32) width 29: "with"
            text run at (0,48) width 77: "align=\"top\"."
        RenderTableSection {TBODY} at (1,65) size 75x46
          RenderTableRow {TR} at (0,2) size 75x20
            RenderTableCell {TD} at (2,2) size 35x20 [border: (1px inset #808080)] [r=0 c=0 rs=1 cs=1]
              RenderText {#text} at (2,2) size 30x16
                text run at (2,2) width 30: "Data"
            RenderTableCell {TD} at (38,2) size 35x20 [border: (1px inset #808080)] [r=0 c=1 rs=1 cs=1]
              RenderText {#text} at (2,2) size 30x16
                text run at (2,2) width 30: "Data"
          RenderTableRow {TR} at (0,24) size 75x20
            RenderTableCell {TD} at (2,24) size 35x20 [border: (1px inset #808080)] [r=1 c=0 rs=1 cs=1]
              RenderText {#text} at (2,2) size 30x16
                text run at (2,2) width 30: "Data"
            RenderTableCell {TD} at (38,24) size 35x20 [border: (1px inset #808080)] [r=1 c=1 rs=1 cs=1]
              RenderText {#text} at (2,2) size 30x16
                text run at (2,2) width 30: "Data"
      RenderTable {TABLE} at (0,309) size 101x97 [border: (1px outset #808080)]
        RenderBlock {CAPTION} at (0,48) size 101x48
          RenderText {#text} at (17,0) size 101x48
            text run at (17,0) width 67: "The table's"
            text run at (9,16) width 82: "caption, with"
            text run at (0,32) width 101: "align=\"bottom\"."
        RenderTableSection {TBODY} at (1,1) size 99x46
          RenderTableRow {TR} at (0,2) size 99x20
            RenderTableCell {TD} at (2,2) size 47x20 [border: (1px inset #808080)] [r=0 c=0 rs=1 cs=1]
              RenderText {#text} at (2,2) size 30x16
                text run at (2,2) width 30: "Data"
            RenderTableCell {TD} at (50,2) size 47x20 [border: (1px inset #808080)] [r=0 c=1 rs=1 cs=1]
              RenderText {#text} at (2,2) size 30x16
                text run at (2,2) width 30: "Data"
          RenderTableRow {TR} at (0,24) size 99x20
            RenderTableCell {TD} at (2,24) size 47x20 [border: (1px inset #808080)] [r=1 c=0 rs=1 cs=1]
              RenderText {#text} at (2,2) size 30x16
                text run at (2,2) width 30: "Data"
            RenderTableCell {TD} at (50,24) size 47x20 [border: (1px inset #808080)] [r=1 c=1 rs=1 cs=1]
              RenderText {#text} at (2,2) size 30x16
                text run at (2,2) width 30: "Data"
      RenderTable {TABLE} at (0,405) size 79x113 [border: (1px outset #808080)]
        RenderBlock {CAPTION} at (0,0) size 79x64
          RenderText {#text} at (6,0) size 79x64
            text run at (6,0) width 67: "The table's"
            text run at (14,16) width 50: "caption,"
            text run at (24,32) width 30: "with"
            text run at (0,48) width 79: "align=\"left\"."
        RenderTableSection {TBODY} at (1,65) size 77x46
          RenderTableRow {TR} at (0,2) size 77x20
            RenderTableCell {TD} at (2,2) size 36x20 [border: (1px inset #808080)] [r=0 c=0 rs=1 cs=1]
              RenderText {#text} at (2,2) size 30x16
                text run at (2,2) width 30: "Data"
            RenderTableCell {TD} at (39,2) size 36x20 [border: (1px inset #808080)] [r=0 c=1 rs=1 cs=1]
              RenderText {#text} at (2,2) size 30x16
                text run at (2,2) width 30: "Data"
          RenderTableRow {TR} at (0,24) size 77x20
            RenderTableCell {TD} at (2,24) size 36x20 [border: (1px inset #808080)] [r=1 c=0 rs=1 cs=1]
              RenderText {#text} at (2,2) size 30x16
                text run at (2,2) width 30: "Data"
            RenderTableCell {TD} at (39,24) size 36x20 [border: (1px inset #808080)] [r=1 c=1 rs=1 cs=1]
              RenderText {#text} at (2,2) size 30x16
                text run at (2,2) width 30: "Data"
      RenderTable {TABLE} at (0,517) size 87x97 [border: (1px outset #808080)]
        RenderBlock {CAPTION} at (0,0) size 87x48
          RenderText {#text} at (10,0) size 87x48
            text run at (10,0) width 67: "The table's"
            text run at (2,16) width 82: "caption, with"
            text run at (0,32) width 87: "align=\"right\"."
        RenderTableSection {TBODY} at (1,49) size 85x46
          RenderTableRow {TR} at (0,2) size 85x20
            RenderTableCell {TD} at (2,2) size 40x20 [border: (1px inset #808080)] [r=0 c=0 rs=1 cs=1]
              RenderText {#text} at (2,2) size 30x16
                text run at (2,2) width 30: "Data"
            RenderTableCell {TD} at (43,2) size 40x20 [border: (1px inset #808080)] [r=0 c=1 rs=1 cs=1]
              RenderText {#text} at (2,2) size 30x16
                text run at (2,2) width 30: "Data"
          RenderTableRow {TR} at (0,24) size 85x20
            RenderTableCell {TD} at (2,24) size 40x20 [border: (1px inset #808080)] [r=1 c=0 rs=1 cs=1]
              RenderText {#text} at (2,2) size 30x16
                text run at (2,2) width 30: "Data"
            RenderTableCell {TD} at (43,24) size 40x20 [border: (1px inset #808080)] [r=1 c=1 rs=1 cs=1]
              RenderText {#text} at (2,2) size 30x16
                text run at (2,2) width 30: "Data"
