layer at (0,0) size 800x600
  RenderView at (0,0) size 800x600
layer at (0,0) size 800x600
  RenderBlock {HTML} at (0,0) size 800x600
    RenderBody {BODY} at (8,8) size 784x584
      RenderBlock (anonymous) at (0,0) size 784x19
        RenderText {#text} at (0,-1) size 4x20
          text run at (0,-1) width 4: " "
      RenderTable {TABLE} at (0,19) size 67x56 [border: (1px outset #808080)]
        RenderTableSection {TBODY} at (1,1) size 65x54
          RenderTableRow {TR} at (0,2) size 65x23
            RenderTableCell {TD} at (2,3) size 61x23 [border: (1px inset #808080)] [r=0 c=0 rs=2 cs=1]
              RenderText {#text} at (2,1) size 57x20
                text run at (2,1) width 57: "First row"
          RenderTableRow {TR} at (0,27) size 65x0
          RenderTableRow {TR} at (0,29) size 65x23
            RenderTableCell {TD} at (2,29) size 61x23 [border: (1px inset #808080)] [r=2 c=0 rs=1 cs=1]
              RenderText {#text} at (2,1) size 56x20
                text run at (2,1) width 56: "Last row"
      RenderBlock (anonymous) at (0,75) size 784x19
        RenderText {#text} at (0,-1) size 8x20
          text run at (0,-1) width 8: "  "
      RenderTable {TABLE} at (0,94) size 67x58 [border: (1px outset #808080)]
        RenderTableSection {TBODY} at (1,1) size 65x56
          RenderTableRow {TR} at (0,2) size 65x23
            RenderTableCell {TD} at (2,4) size 61x23 [border: (1px inset #808080)] [r=0 c=0 rs=3 cs=1]
              RenderText {#text} at (2,1) size 57x20
                text run at (2,1) width 57: "First row"
          RenderTableRow {TR} at (0,27) size 65x0
          RenderTableRow {TR} at (0,29) size 65x0
          RenderTableRow {TR} at (0,31) size 65x23
            RenderTableCell {TD} at (2,31) size 61x23 [border: (1px inset #808080)] [r=3 c=0 rs=1 cs=1]
              RenderText {#text} at (2,1) size 56x20
                text run at (2,1) width 56: "Last row"
      RenderBlock (anonymous) at (0,152) size 784x19
        RenderText {#text} at (0,-1) size 12x20
          text run at (0,-1) width 12: "   "
      RenderTable {TABLE} at (0,171) size 67x60 [border: (1px outset #808080)]
        RenderTableSection {TBODY} at (1,1) size 65x58
          RenderTableRow {TR} at (0,2) size 65x23
            RenderTableCell {TD} at (2,5) size 61x23 [border: (1px inset #808080)] [r=0 c=0 rs=4 cs=1]
              RenderText {#text} at (2,1) size 57x20
                text run at (2,1) width 57: "First row"
          RenderTableRow {TR} at (0,27) size 65x0
          RenderTableRow {TR} at (0,29) size 65x0
          RenderTableRow {TR} at (0,31) size 65x0
          RenderTableRow {TR} at (0,33) size 65x23
            RenderTableCell {TD} at (2,33) size 61x23 [border: (1px inset #808080)] [r=4 c=0 rs=1 cs=1]
              RenderText {#text} at (2,1) size 56x20
                text run at (2,1) width 56: "Last row"
      RenderBlock (anonymous) at (0,231) size 784x38
        RenderBR {BR} at (0,-1) size 0x20
        RenderText {#text} at (0,18) size 106x20
          text run at (0,18) width 106: "an additional test"
      RenderTable {TABLE} at (0,269) size 32x56 [border: (1px outset #808080)]
        RenderTableSection {TBODY} at (1,1) size 30x54
          RenderTableRow {TR} at (0,2) size 30x23
            RenderTableCell {TD} at (2,3) size 26x23 [border: (1px inset #808080)] [r=0 c=0 rs=2 cs=1]
              RenderText {#text} at (2,1) size 8x20
                text run at (2,1) width 8: "1"
          RenderTableRow {TR} at (0,27) size 30x0
          RenderTableRow {TR} at (0,29) size 30x23
            RenderTableCell {TD} at (2,29) size 26x23 [border: (1px inset #808080)] [r=2 c=0 rs=1 cs=1]
              RenderText {#text} at (2,1) size 22x20
                text run at (2,1) width 22: "abc"
