layer at (0,0) size 785x614
  RenderView at (0,0) size 785x600
layer at (0,0) size 785x614
  RenderBlock {HTML} at (0,0) size 785x614
    RenderBody {BODY} at (8,8) size 769x598
      RenderTable {TABLE} at (0,0) size 332x45 [border: (1px outset #808080)]
        RenderTableCol {COLGROUP} at (0,0) size 0x0
          RenderTableCol {COL} at (0,0) size 0x0
          RenderTableCol {COL} at (0,0) size 0x0
        RenderTableSection {TBODY} at (1,1) size 330x43
          RenderTableRow {TR} at (0,10) size 330x23
            RenderTableCell {TD} at (10,10) size 100x23 [border: (1px inset #808080)] [r=0 c=0 rs=1 cs=1]
              RenderText {#text} at (2,1) size 21x20
                text run at (2,1) width 21: "foo"
            RenderTableCell {TD} at (120,10) size 200x23 [border: (1px inset #808080)] [r=0 c=1 rs=1 cs=1]
              RenderText {#text} at (2,1) size 20x20
                text run at (2,1) width 20: "bar"
      RenderBlock (anonymous) at (0,45) size 769x19
        RenderBR {BR} at (0,-1) size 0x20
      RenderTable {TABLE} at (0,64) size 400x25 [border: (1px outset #808080)]
        RenderTableCol {COLGROUP} at (0,0) size 0x0
          RenderTableCol {COL} at (0,0) size 0x0
          RenderTableCol {COL} at (0,0) size 0x0
        RenderTableSection {TBODY} at (1,1) size 398x23
          RenderTableRow {TR} at (0,0) size 398x23
            RenderTableCell {TD} at (0,0) size 133x23 [border: (1px inset #808080)] [r=0 c=0 rs=1 cs=1]
              RenderText {#text} at (2,1) size 21x20
                text run at (2,1) width 21: "foo"
            RenderTableCell {TD} at (132,0) size 266x23 [border: (1px inset #808080)] [r=0 c=1 rs=1 cs=1]
              RenderText {#text} at (2,1) size 20x20
                text run at (2,1) width 20: "bar"
      RenderBlock (anonymous) at (0,89) size 769x19
        RenderBR {BR} at (0,-1) size 0x20
      RenderTable {TABLE} at (0,108) size 302x25 [border: (1px outset #808080)]
        RenderTableCol {COLGROUP} at (0,0) size 0x0
          RenderTableCol {COL} at (0,0) size 0x0
          RenderTableCol {COL} at (0,0) size 0x0
        RenderTableSection {TBODY} at (1,1) size 300x23
          RenderTableRow {TR} at (0,0) size 300x23
            RenderTableCell {TD} at (0,0) size 100x23 [border: (1px inset #808080)] [r=0 c=0 rs=1 cs=1]
              RenderText {#text} at (2,1) size 21x20
                text run at (2,1) width 21: "foo"
            RenderTableCell {TD} at (100,0) size 200x23 [border: (1px inset #808080)] [r=0 c=1 rs=1 cs=1]
              RenderText {#text} at (2,1) size 20x20
                text run at (2,1) width 20: "bar"
      RenderBlock (anonymous) at (0,133) size 769x19
        RenderBR {BR} at (0,-1) size 0x20
      RenderTable {TABLE} at (0,152) size 336x45 [border: (1px outset #808080)]
        RenderTableCol {COLGROUP} at (0,0) size 0x0
          RenderTableCol {COL} at (0,0) size 0x0
        RenderTableSection {TBODY} at (1,1) size 334x43
          RenderTableRow {TR} at (0,10) size 334x23
            RenderTableCell {TD} at (10,10) size 100x23 [border: (1px inset #808080)] [r=0 c=0 rs=1 cs=1]
              RenderText {#text} at (2,1) size 21x20
                text run at (2,1) width 21: "foo"
            RenderTableCell {TD} at (120,10) size 204x23 [border: (1px inset #808080)] [r=0 c=1 rs=1 cs=1]
              RenderText {#text} at (2,1) size 20x20
                text run at (2,1) width 20: "bar"
      RenderBlock (anonymous) at (0,197) size 769x19
        RenderBR {BR} at (0,-1) size 0x20
      RenderTable {TABLE} at (0,216) size 313x27 [border: (1px outset #808080)]
        RenderTableSection {TBODY} at (1,1) size 311x25
          RenderTableRow {TR} at (0,1) size 311x23
            RenderTableCell {TD} at (1,1) size 104x23 [border: (1px inset #808080)] [r=0 c=0 rs=1 cs=1]
              RenderText {#text} at (2,1) size 21x20
                text run at (2,1) width 21: "foo"
            RenderTableCell {TD} at (106,1) size 204x23 [border: (1px inset #808080)] [r=0 c=1 rs=1 cs=1]
              RenderText {#text} at (2,1) size 20x20
                text run at (2,1) width 20: "bar"
      RenderBlock (anonymous) at (0,243) size 769x19
        RenderBR {BR} at (0,-1) size 0x20
      RenderTable {TABLE} at (0,262) size 769x108 [border: (1px outset #808080)]
        RenderTableSection {TBODY} at (1,1) size 767x106
          RenderTableRow {TR} at (0,20) size 767x23
            RenderTableCell {TD} at (20,20) size 295x23 [border: (1px inset #808080)] [r=0 c=0 rs=1 cs=2]
              RenderText {#text} at (2,1) size 21x20
                text run at (2,1) width 21: "foo"
            RenderTableCell {TD} at (334,20) size 413x23 [border: (1px inset #808080)] [r=0 c=2 rs=1 cs=1]
              RenderText {#text} at (2,1) size 20x20
                text run at (2,1) width 20: "bar"
          RenderTableRow {TR} at (0,63) size 767x23
            RenderTableCell {TD} at (20,63) size 138x23 [border: (1px inset #808080)] [r=1 c=0 rs=1 cs=1]
              RenderText {#text} at (2,1) size 21x20
                text run at (2,1) width 21: "foo"
            RenderTableCell {TD} at (177,63) size 138x23 [border: (1px inset #808080)] [r=1 c=1 rs=1 cs=1]
              RenderText {#text} at (2,1) size 20x20
                text run at (2,1) width 20: "bar"
            RenderTableCell {TD} at (334,63) size 413x23 [border: (1px inset #808080)] [r=1 c=2 rs=1 cs=1]
              RenderText {#text} at (2,1) size 20x20
                text run at (2,1) width 20: "bar"
      RenderBlock (anonymous) at (0,370) size 769x19
        RenderBR {BR} at (0,-1) size 0x20
      RenderTable {TABLE} at (0,389) size 769x101 [border: (1px outset #808080)]
        RenderTableCol {COLGROUP} at (0,0) size 0x0
          RenderTableCol {COL} at (0,0) size 0x0
          RenderTableCol {COL} at (0,0) size 0x0
        RenderTableSection {TBODY} at (1,1) size 767x99
          RenderTableRow {TR} at (0,10) size 767x79
            RenderTableCell {TD} at (10,10) size 295x79 [border: (10px solid #000000)] [r=0 c=0 rs=1 cs=1]
              RenderText {#text} at (30,29) size 21x20
                text run at (30,29) width 21: "foo"
            RenderTableCell {TD} at (314,19) size 443x61 [border: (1px inset #808080)] [r=0 c=1 rs=1 cs=1]
              RenderText {#text} at (21,20) size 20x20
                text run at (21,20) width 20: "bar"
      RenderBlock (anonymous) at (0,490) size 769x19
        RenderBR {BR} at (0,-1) size 0x20
      RenderTable {TABLE} at (0,509) size 100x45 [border: (1px outset #808080)]
        RenderTableCol {COLGROUP} at (0,0) size 0x0
          RenderTableCol {COL} at (0,0) size 0x0
          RenderTableCol {COL} at (0,0) size 0x0
        RenderTableSection {TBODY} at (1,1) size 98x43
          RenderTableRow {TR} at (0,10) size 98x23
            RenderTableCell {TD} at (10,10) size 14x23 [border: (1px inset #808080)] [r=0 c=0 rs=1 cs=1]
              RenderText {#text} at (2,1) size 21x20
                text run at (2,1) width 21: "foo"
            RenderTableCell {TD} at (33,10) size 21x23 [border: (1px inset #808080)] [r=0 c=1 rs=1 cs=1]
              RenderText {#text} at (2,1) size 21x20
                text run at (2,1) width 21: "foo"
            RenderTableCell {TD} at (64,10) size 24x23 [border: (1px inset #808080)] [r=0 c=2 rs=1 cs=1]
              RenderText {#text} at (2,1) size 21x20
                text run at (2,1) width 21: "foo"
      RenderBlock (anonymous) at (0,554) size 769x19
        RenderBR {BR} at (0,-1) size 0x20
      RenderTable {TABLE} at (0,573) size 302x25 [border: (1px outset #808080)]
        RenderTableCol {COLGROUP} at (0,0) size 0x0
          RenderTableCol {COL} at (0,0) size 0x0
          RenderTableCol {COL} at (0,0) size 0x0
        RenderTableSection {TBODY} at (1,1) size 300x23
          RenderTableRow {TR} at (0,0) size 300x23
            RenderTableCell {TD} at (0,0) size 100x23 [border: (1px inset #808080)] [r=0 c=0 rs=1 cs=1]
              RenderText {#text} at (2,1) size 21x20
                text run at (2,1) width 21: "foo"
            RenderTableCell {TD} at (100,0) size 200x23 [border: (1px inset #808080)] [r=0 c=1 rs=1 cs=1]
              RenderText {#text} at (2,1) size 20x20
                text run at (2,1) width 20: "bar"
