layer at (0,0) size 785x4405
  RenderView at (0,0) size 785x600
layer at (0,0) size 785x4405
  RenderBlock {HTML} at (0,0) size 785x4405
    RenderBody {BODY} at (8,8) size 769x4389
      RenderBlock {DIV} at (0,0) size 769x4374
        RenderBlock (anonymous) at (0,0) size 769x19
          RenderText {#text} at (0,-1) size 4x20
            text run at (0,-1) width 4: " "
        RenderTable {TABLE} at (67,19) size 474x4310 [border: none]
          RenderTableSection {TBODY} at (0,0) size 472x4309
            RenderTableRow {TR} at (0,0) size 472x21
              RenderTableCell {TD} at (0,0) size 473x21 [border: (1px solid #000000)] [r=0 c=0 rs=1 cs=4]
                RenderBlock {P} at (8,1) size 457x0
                  RenderInline {B} at (0,0) size 0x0
                    RenderInline {SPAN} at (0,0) size 0x0
                      RenderInline {O:P} at (0,0) size 0x0
                RenderBlock {P} at (8,1) size 457x20
                  RenderInline {B} at (0,0) size 406x15
                    RenderInline {SPAN} at (0,0) size 406x15
                      RenderInline {FONT} at (0,0) size 406x20 [color=#008080]
                        RenderText {#text} at (25,0) size 406x20
                          text run at (25,0) width 191: "Radio Channel usage at "
                          text run at (215,0) width 216: "Bayside.    Rev date 6-25-01"
                RenderBlock {P} at (8,21) size 457x0
                  RenderInline {B} at (0,0) size 0x0
                    RenderInline {SPAN} at (0,0) size 0x0
                      RenderInline {O:P} at (0,0) size 0x0
            RenderTableRow {TR} at (0,21) size 472x41
              RenderTableCell {TD} at (0,21) size 99x41 [border: (1px solid #000000)] [r=1 c=0 rs=1 cs=1]
                RenderInline {B} at (0,0) size 55x42
                  RenderInline {SPAN} at (0,0) size 55x41
                    RenderText {#text} at (22,0) size 55x41
                      text run at (22,0) width 55: "Channel"
                      text run at (24,20) width 52: "number"
                RenderText {#text} at (0,0) size 0x0
              RenderTableCell {TD} at (98,21) size 170x21 [border: (1px solid #000000) (1px none #808080)] [r=1 c=1 rs=1 cs=1]
                RenderInline {B} at (0,0) size 97x22
                  RenderInline {SPAN} at (0,0) size 97x21
                    RenderText {#text} at (37,0) size 97x21
                      text run at (37,0) width 97: "Member name"
                RenderText {#text} at (0,0) size 0x0
              RenderTableCell {TD} at (267,21) size 100x33 [border: (1px solid #000000) (1px none #808080)] [r=1 c=2 rs=1 cs=1]
                RenderBlock {P} at (8,1) size 84x16
                  RenderInline {B} at (0,0) size 46x15
                    RenderInline {SPAN} at (0,0) size 46x16
                      RenderText {#text} at (19,0) size 46x16
                        text run at (19,0) width 46: "Proper"
                      RenderInline {SPAN} at (0,0) size 1x16
                        RenderInline {O:P} at (0,0) size 1x16
                RenderBlock {P} at (8,17) size 84x16
                  RenderInline {B} at (0,0) size 37x15
                    RenderInline {SPAN} at (0,0) size 37x16
                      RenderText {#text} at (23,0) size 37x16
                        text run at (23,0) width 37: "Plane"
              RenderTableCell {TD} at (366,21) size 107x33 [border: (1px solid #000000) (1px none #808080)] [r=1 c=3 rs=1 cs=1]
                RenderBlock {P} at (8,1) size 90x16
                  RenderInline {B} at (0,0) size 71x15
                    RenderInline {SPAN} at (0,0) size 71x16
                      RenderText {#text} at (9,0) size 71x16
                        text run at (9,0) width 71: "Helicopter"
                      RenderInline {SPAN} at (0,0) size 1x16
                        RenderInline {O:P} at (0,0) size 1x16
                RenderBlock {P} at (8,17) size 90x16
                  RenderInline {B} at (0,0) size 50x15
                    RenderInline {SPAN} at (0,0) size 50x16
                      RenderText {#text} at (20,0) size 50x16
                        text run at (20,0) width 50: "thingy.-"
            RenderTableRow {TR} at (0,62) size 472x31
              RenderTableCell {TD} at (0,62) size 99x16 [border: (1px none #808080) none] [r=2 c=0 rs=1 cs=1]
                RenderBlock {P} at (8,1) size 84x15
                  RenderText {#text} at (35,0) size 13x15
                    text run at (35,0) width 13: "00"
                  RenderInline {SPAN} at (0,0) size 1x15
                    RenderInline {O:P} at (0,0) size 1x15
              RenderTableCell {TD} at (98,62) size 170x31 [border: (1px none #808080) none (1px none #808080)] [r=2 c=1 rs=1 cs=1]
                RenderBlock {P} at (8,1) size 155x15
                  RenderText {#text} at (0,0) size 54x15
                    text run at (0,0) width 54: "Paul Scott"
                RenderBlock {P} at (8,16) size 155x15
                  RenderText {#text} at (0,0) size 90x15
                    text run at (0,0) width 90: "Donald Carvalho"
                  RenderInline {SPAN} at (0,0) size 0x15
                    RenderInline {O:P} at (0,0) size 0x15
              RenderTableCell {TD} at (267,62) size 100x16 [border: (1px none #808080) none (1px none #808080)] [r=2 c=2 rs=1 cs=1]
                RenderBlock {P} at (8,1) size 84x15
                  RenderText {#text} at (33,0) size 17x15
                    text run at (33,0) width 17: "No"
                  RenderInline {SPAN} at (0,0) size 1x15
                    RenderInline {O:P} at (0,0) size 1x15
              RenderTableCell {TD} at (366,62) size 107x16 [border: (1px none #808080) none (1px none #808080)] [r=2 c=3 rs=1 cs=1]
                RenderBlock {P} at (8,1) size 90x15
                  RenderText {#text} at (34,0) size 21x15
                    text run at (34,0) width 21: "Yes"
                  RenderInline {SPAN} at (0,0) size 1x15
                    RenderInline {O:P} at (0,0) size 1x15
            RenderTableRow {TR} at (0,93) size 472x16
              RenderTableCell {TD} at (0,93) size 99x16 [border: (1px none #808080) none] [r=3 c=0 rs=1 cs=1]
                RenderBlock {P} at (8,1) size 84x15
                  RenderText {#text} at (35,0) size 13x15
                    text run at (35,0) width 13: "01"
                  RenderInline {SPAN} at (0,0) size 1x15
                    RenderInline {O:P} at (0,0) size 1x15
              RenderTableCell {TD} at (98,93) size 170x16 [border: (1px none #808080) none (1px none #808080)] [r=3 c=1 rs=1 cs=1]
                RenderBlock {P} at (8,1) size 155x15
                  RenderText {#text} at (0,0) size 54x15
                    text run at (0,0) width 54: "Paul Scott"
                  RenderInline {SPAN} at (0,0) size 0x15
                    RenderInline {O:P} at (0,0) size 0x15
              RenderTableCell {TD} at (267,93) size 100x16 [border: (1px none #808080) none (1px none #808080)] [r=3 c=2 rs=1 cs=1]
                RenderBlock {P} at (8,1) size 84x15
                  RenderText {#text} at (33,0) size 17x15
                    text run at (33,0) width 17: "No"
                  RenderInline {SPAN} at (0,0) size 1x15
                    RenderInline {O:P} at (0,0) size 1x15
              RenderTableCell {TD} at (366,93) size 107x16 [border: (1px none #808080) none (1px none #808080)] [r=3 c=3 rs=1 cs=1]
                RenderBlock {P} at (8,1) size 90x15
                  RenderText {#text} at (34,0) size 21x15
                    text run at (34,0) width 21: "Yes"
                  RenderInline {SPAN} at (0,0) size 1x15
                    RenderInline {O:P} at (0,0) size 1x15
            RenderTableRow {TR} at (0,109) size 472x20
              RenderTableCell {TD} at (0,109) size 99x16 [border: (1px none #808080) none] [r=4 c=0 rs=1 cs=1]
                RenderBlock {P} at (8,1) size 84x15
                  RenderInline {FONT} at (0,0) size 13x15
                    RenderText {#text} at (35,0) size 13x15
                      text run at (35,0) width 13: "02"
                  RenderText {#text} at (0,0) size 0x0
              RenderTableCell {TD} at (98,109) size 170x16 [border: (1px none #808080) none (1px none #808080)] [r=4 c=1 rs=1 cs=1]
                RenderInline {FONT} at (0,0) size 56x15
                  RenderText {#text} at (8,1) size 56x15
                    text run at (8,1) width 56: "Don Coon"
                RenderText {#text} at (0,0) size 0x0
              RenderTableCell {TD} at (267,109) size 100x20 [border: (1px none #808080) none (1px none #808080)] [r=4 c=2 rs=1 cs=1]
                RenderText {#text} at (8,0) size 5x20
                  text run at (8,0) width 5: " "
              RenderTableCell {TD} at (366,109) size 107x20 [border: (1px none #808080) none (1px none #808080)] [r=4 c=3 rs=1 cs=1]
                RenderText {#text} at (8,0) size 5x20
                  text run at (8,0) width 5: " "
            RenderTableRow {TR} at (0,129) size 472x31
              RenderTableCell {TD} at (0,129) size 99x16 [border: (1px none #808080) none] [r=5 c=0 rs=1 cs=1]
                RenderInline {FONT} at (0,0) size 13x15
                  RenderText {#text} at (43,1) size 13x15
                    text run at (43,1) width 13: "05"
                RenderText {#text} at (0,0) size 0x0
              RenderTableCell {TD} at (98,129) size 170x31 [border: (1px none #808080) none (1px none #808080)] [r=5 c=1 rs=1 cs=1]
                RenderBlock {P} at (8,1) size 155x15
                  RenderInline {FONT} at (0,0) size 54x15
                    RenderText {#text} at (0,0) size 54x15
                      text run at (0,0) width 54: "Paul Scott"
                RenderBlock {P} at (8,16) size 155x15
                  RenderInline {FONT} at (0,0) size 47x15
                    RenderText {#text} at (0,0) size 47x15
                      text run at (0,0) width 47: "Bill Hunt"
                    RenderInline {SPAN} at (0,0) size 0x15
                      RenderInline {O:P} at (0,0) size 0x15
              RenderTableCell {TD} at (267,129) size 100x16 [border: (1px none #808080) none (1px none #808080)] [r=5 c=2 rs=1 cs=1]
                RenderBlock {P} at (8,1) size 84x15
                  RenderInline {FONT} at (0,0) size 17x15
                    RenderText {#text} at (33,0) size 17x15
                      text run at (33,0) width 17: "No"
                    RenderInline {SPAN} at (0,0) size 1x15
                      RenderInline {O:P} at (0,0) size 1x15
              RenderTableCell {TD} at (366,129) size 107x16 [border: (1px none #808080) none (1px none #808080)] [r=5 c=3 rs=1 cs=1]
                RenderBlock {P} at (8,1) size 90x15
                  RenderInline {FONT} at (0,0) size 21x15
                    RenderText {#text} at (34,0) size 21x15
                      text run at (34,0) width 21: "Yes"
                    RenderInline {SPAN} at (0,0) size 1x15
                      RenderInline {O:P} at (0,0) size 1x15
            RenderTableRow {TR} at (0,160) size 472x31
              RenderTableCell {TD} at (0,160) size 99x16 [border: (1px none #808080) none] [r=6 c=0 rs=1 cs=1]
                RenderInline {FONT} at (0,0) size 13x15
                  RenderText {#text} at (43,1) size 13x15
                    text run at (43,1) width 13: "06"
                RenderText {#text} at (0,0) size 0x0
              RenderTableCell {TD} at (98,160) size 170x31 [border: (1px none #808080) none (1px none #808080)] [r=6 c=1 rs=1 cs=1]
                RenderInline {FONT} at (0,0) size 129x30
                  RenderText {#text} at (8,1) size 129x30
                    text run at (8,1) width 129: "Gene Pheiffer                   "
                    text run at (8,16) width 82: "Alberto Lanzas"
                RenderText {#text} at (0,0) size 0x0
              RenderTableCell {TD} at (267,160) size 100x31 [border: (1px none #808080) none (1px none #808080)] [r=6 c=2 rs=1 cs=1]
                RenderBlock {P} at (8,1) size 84x15
                  RenderText {#text} at (31,0) size 21x15
                    text run at (31,0) width 21: "Yes"
                RenderBlock {P} at (8,16) size 84x15
                  RenderText {#text} at (31,0) size 21x15
                    text run at (31,0) width 21: "Yes"
              RenderTableCell {TD} at (366,160) size 107x31 [border: (1px none #808080) none (1px none #808080)] [r=6 c=3 rs=1 cs=1]
                RenderBlock (anonymous) at (8,1) size 90x15
                  RenderInline {SPAN} at (0,0) size 17x20
                    RenderInline {FONT} at (0,0) size 17x15
                      RenderText {#text} at (36,0) size 17x15
                        text run at (36,0) width 17: "No"
                  RenderText {#text} at (0,0) size 0x0
                RenderBlock {P} at (8,16) size 90x15
                  RenderText {#text} at (34,0) size 21x15
                    text run at (34,0) width 21: "Yes"
            RenderTableRow {TR} at (0,191) size 472x16
              RenderTableCell {TD} at (0,191) size 99x16 [border: (1px none #808080) none] [r=7 c=0 rs=1 cs=1]
                RenderBlock {P} at (8,1) size 84x15
                  RenderInline {FONT} at (0,0) size 13x15
                    RenderText {#text} at (35,0) size 13x15
                      text run at (35,0) width 13: "07"
                  RenderText {#text} at (0,0) size 0x0
              RenderTableCell {TD} at (98,191) size 170x16 [border: (1px none #808080) none (1px none #808080)] [r=7 c=1 rs=1 cs=1]
                RenderInline {FONT} at (0,0) size 48x15
                  RenderText {#text} at (8,1) size 48x15
                    text run at (8,1) width 48: "Phil Cole"
                RenderText {#text} at (0,0) size 0x0
              RenderTableCell {TD} at (267,191) size 100x16 [border: (1px none #808080) none (1px none #808080)] [r=7 c=2 rs=1 cs=1]
                RenderBlock {P} at (8,1) size 84x15
                  RenderInline {FONT} at (0,0) size 21x15
                    RenderText {#text} at (31,0) size 21x15
                      text run at (31,0) width 21: "Yes"
                  RenderText {#text} at (0,0) size 0x0
              RenderTableCell {TD} at (366,191) size 107x16 [border: (1px none #808080) none (1px none #808080)] [r=7 c=3 rs=1 cs=1]
                RenderBlock {P} at (8,1) size 90x15
                  RenderInline {FONT} at (0,0) size 21x15
                    RenderText {#text} at (34,0) size 21x15
                      text run at (34,0) width 21: "Yes"
                  RenderText {#text} at (0,0) size 0x0
            RenderTableRow {TR} at (0,207) size 472x31
              RenderTableCell {TD} at (0,207) size 99x16 [border: (1px none #808080) none] [r=8 c=0 rs=1 cs=1]
                RenderBlock {P} at (8,1) size 84x15
                  RenderText {#text} at (35,0) size 13x15
                    text run at (35,0) width 13: "08"
                  RenderInline {SPAN} at (0,0) size 1x15
                    RenderInline {O:P} at (0,0) size 1x15
              RenderTableCell {TD} at (98,207) size 170x31 [border: (1px none #808080) none (1px none #808080)] [r=8 c=1 rs=1 cs=1]
                RenderBlock {P} at (8,1) size 155x15
                  RenderText {#text} at (0,0) size 54x15
                    text run at (0,0) width 54: "Paul Scott"
                RenderBlock {P} at (8,16) size 155x15
                  RenderText {#text} at (0,0) size 71x15
                    text run at (0,0) width 71: "Gene Pheiffer"
                  RenderInline {SPAN} at (0,0) size 0x15
                    RenderInline {O:P} at (0,0) size 0x15
              RenderTableCell {TD} at (267,207) size 100x31 [border: (1px none #808080) none (1px none #808080)] [r=8 c=2 rs=1 cs=1]
                RenderBlock {P} at (8,1) size 84x15
                  RenderText {#text} at (33,0) size 17x15
                    text run at (33,0) width 17: "No"
                RenderBlock {P} at (8,16) size 84x15
                  RenderText {#text} at (31,0) size 21x15
                    text run at (31,0) width 21: "Yes"
                  RenderInline {SPAN} at (0,0) size 1x15
                    RenderInline {O:P} at (0,0) size 1x15
              RenderTableCell {TD} at (366,207) size 107x31 [border: (1px none #808080) none (1px none #808080)] [r=8 c=3 rs=1 cs=1]
                RenderBlock {P} at (8,1) size 90x15
                  RenderText {#text} at (34,0) size 21x15
                    text run at (34,0) width 21: "Yes"
                RenderBlock {P} at (8,16) size 90x15
                  RenderText {#text} at (36,0) size 17x15
                    text run at (36,0) width 17: "No"
                  RenderInline {SPAN} at (0,0) size 1x15
                    RenderInline {O:P} at (0,0) size 1x15
            RenderTableRow {TR} at (0,238) size 472x46
              RenderTableCell {TD} at (0,238) size 99x16 [border: (1px none #808080) none] [r=9 c=0 rs=1 cs=1]
                RenderBlock {P} at (8,1) size 84x15
                  RenderText {#text} at (3,0) size 76x15
                    text run at (3,0) width 76: "Programmable"
                  RenderInline {SPAN} at (0,0) size 1x15
                    RenderInline {O:P} at (0,0) size 1x15
              RenderTableCell {TD} at (98,238) size 170x46 [border: (1px none #808080) none (1px none #808080)] [r=9 c=1 rs=1 cs=1]
                RenderBlock {P} at (8,1) size 155x15
                  RenderText {#text} at (0,0) size 103x15
                    text run at (0,0) width 103: "Richard Pevehouse"
                  RenderInline {SPAN} at (0,0) size 0x15
                    RenderInline {O:P} at (0,0) size 0x15
                RenderBlock {P} at (8,16) size 155x15
                  RenderText {#text} at (0,0) size 60x15
                    text run at (0,0) width 60: "Gary Heath"
                RenderBlock {P} at (8,31) size 155x15
                  RenderText {#text} at (0,0) size 63x15
                    text run at (0,0) width 63: "Scott Hersh"
                  RenderInline {SPAN} at (0,0) size 0x15
                    RenderInline {O:P} at (0,0) size 0x15
              RenderTableCell {TD} at (267,238) size 100x31 [border: (1px none #808080) none (1px none #808080)] [r=9 c=2 rs=1 cs=1]
                RenderBlock {P} at (8,1) size 84x15
                  RenderText {#text} at (31,0) size 21x15
                    text run at (31,0) width 21: "Yes"
                  RenderInline {SPAN} at (0,0) size 1x15
                    RenderInline {O:P} at (0,0) size 1x15
                RenderBlock {P} at (8,16) size 84x15
                  RenderText {#text} at (33,0) size 17x15
                    text run at (33,0) width 17: "No"
                  RenderInline {SPAN} at (0,0) size 1x15
                    RenderInline {O:P} at (0,0) size 1x15
              RenderTableCell {TD} at (366,238) size 107x31 [border: (1px none #808080) none (1px none #808080)] [r=9 c=3 rs=1 cs=1]
                RenderBlock {P} at (8,1) size 90x15
                  RenderText {#text} at (36,0) size 17x15
                    text run at (36,0) width 17: "No"
                  RenderInline {SPAN} at (0,0) size 1x15
                    RenderInline {O:P} at (0,0) size 1x15
                RenderBlock {P} at (8,16) size 90x15
                  RenderText {#text} at (34,0) size 21x15
                    text run at (34,0) width 21: "Yes"
                  RenderInline {SPAN} at (0,0) size 1x15
                    RenderInline {O:P} at (0,0) size 1x15
            RenderTableRow {TR} at (0,284) size 472x106
              RenderTableCell {TD} at (0,284) size 99x16 [border: (1px none #808080) none] [r=10 c=0 rs=1 cs=1]
                RenderBlock {P} at (8,1) size 84x15
                  RenderText {#text} at (35,0) size 13x15
                    text run at (35,0) width 13: "11"
                  RenderInline {SPAN} at (0,0) size 1x15
                    RenderInline {O:P} at (0,0) size 1x15
              RenderTableCell {TD} at (98,284) size 170x106 [border: (1px none #808080) none (1px none #808080)] [r=10 c=1 rs=1 cs=1]
                RenderBlock {P} at (8,1) size 155x15
                  RenderText {#text} at (0,0) size 78x15
                    text run at (0,0) width 78: "George Cowan"
                  RenderInline {SPAN} at (0,0) size 0x15
                    RenderInline {O:P} at (0,0) size 0x15
                RenderBlock {P} at (8,16) size 155x15
                  RenderText {#text} at (0,0) size 70x15
                    text run at (0,0) width 70: "Rick Klement"
                  RenderInline {SPAN} at (0,0) size 0x15
                    RenderInline {O:P} at (0,0) size 0x15
                RenderBlock {P} at (8,31) size 155x15
                  RenderText {#text} at (0,0) size 79x15
                    text run at (0,0) width 79: "John Mathews"
                RenderBlock {P} at (8,46) size 155x15
                  RenderText {#text} at (0,0) size 53x15
                    text run at (0,0) width 53: "Ed Cypret"
                RenderBlock {P} at (8,61) size 155x15
                  RenderText {#text} at (0,0) size 81x15
                    text run at (0,0) width 81: "John Chamorro"
                RenderBlock {P} at (8,76) size 155x15
                  RenderText {#text} at (0,0) size 83x15
                    text run at (0,0) width 83: "John Yearwood"
                RenderBlock {P} at (8,91) size 155x15
                  RenderText {#text} at (0,0) size 88x15
                    text run at (0,0) width 88: "Jason Anderson"
                  RenderInline {SPAN} at (0,0) size 0x15
                    RenderInline {O:P} at (0,0) size 0x15
              RenderTableCell {TD} at (267,284) size 100x106 [border: (1px none #808080) none (1px none #808080)] [r=10 c=2 rs=1 cs=1]
                RenderBlock {P} at (8,1) size 84x15
                  RenderText {#text} at (31,0) size 21x15
                    text run at (31,0) width 21: "Yes"
                  RenderInline {SPAN} at (0,0) size 1x15
                    RenderInline {O:P} at (0,0) size 1x15
                RenderBlock {P} at (8,16) size 84x15
                  RenderText {#text} at (31,0) size 21x15
                    text run at (31,0) width 21: "Yes"
                  RenderInline {SPAN} at (0,0) size 1x15
                    RenderInline {O:P} at (0,0) size 1x15
                RenderBlock {P} at (8,31) size 84x15
                  RenderText {#text} at (31,0) size 21x15
                    text run at (31,0) width 21: "Yes"
                RenderBlock {P} at (8,46) size 84x15
                  RenderText {#text} at (40,0) size 4x15
                    text run at (40,0) width 4: " "
                RenderBlock {P} at (8,61) size 84x15
                  RenderText {#text} at (40,0) size 4x15
                    text run at (40,0) width 4: " "
                RenderBlock {P} at (8,76) size 84x15
                  RenderText {#text} at (31,0) size 21x15
                    text run at (31,0) width 21: "Yes"
                RenderBlock {P} at (8,91) size 84x15
                  RenderText {#text} at (31,0) size 21x15
                    text run at (31,0) width 21: "Yes"
                  RenderInline {SPAN} at (0,0) size 1x15
                    RenderInline {O:P} at (0,0) size 1x15
              RenderTableCell {TD} at (366,284) size 107x106 [border: (1px none #808080) none (1px none #808080)] [r=10 c=3 rs=1 cs=1]
                RenderBlock {P} at (8,1) size 90x15
                  RenderText {#text} at (36,0) size 17x15
                    text run at (36,0) width 17: "No"
                  RenderInline {SPAN} at (0,0) size 1x15
                    RenderInline {O:P} at (0,0) size 1x15
                RenderBlock {P} at (8,16) size 90x15
                  RenderText {#text} at (34,0) size 21x15
                    text run at (34,0) width 21: "Yes"
                  RenderInline {SPAN} at (0,0) size 1x15
                    RenderInline {O:P} at (0,0) size 1x15
                RenderBlock {P} at (8,31) size 90x15
                  RenderText {#text} at (36,0) size 17x15
                    text run at (36,0) width 17: "No"
                RenderBlock {P} at (8,46) size 90x15
                  RenderText {#text} at (43,0) size 4x15
                    text run at (43,0) width 4: " "
                RenderBlock {P} at (8,61) size 90x15
                  RenderText {#text} at (43,0) size 4x15
                    text run at (43,0) width 4: " "
                RenderBlock {P} at (8,76) size 90x15
                  RenderText {#text} at (36,0) size 17x15
                    text run at (36,0) width 17: "No"
                RenderBlock {P} at (8,91) size 90x15
                  RenderText {#text} at (36,0) size 17x15
                    text run at (36,0) width 17: "No"
                  RenderInline {SPAN} at (0,0) size 1x15
                    RenderInline {O:P} at (0,0) size 1x15
            RenderTableRow {TR} at (0,390) size 472x76
              RenderTableCell {TD} at (0,390) size 99x16 [border: (1px none #808080) none] [r=11 c=0 rs=1 cs=1]
                RenderBlock {P} at (8,1) size 84x15
                  RenderText {#text} at (35,0) size 13x15
                    text run at (35,0) width 13: "12"
                  RenderInline {SPAN} at (0,0) size 1x15
                    RenderInline {O:P} at (0,0) size 1x15
              RenderTableCell {TD} at (98,390) size 170x76 [border: (1px none #808080) none (1px none #808080)] [r=11 c=1 rs=1 cs=1]
                RenderBlock {P} at (8,1) size 155x15
                  RenderText {#text} at (0,0) size 70x15
                    text run at (0,0) width 70: "Rick Klement"
                RenderBlock {P} at (8,16) size 155x15
                  RenderText {#text} at (0,0) size 82x15
                    text run at (0,0) width 82: "George Coward"
                RenderBlock {P} at (8,31) size 155x15
                  RenderText {#text} at (0,0) size 81x15
                    text run at (0,0) width 81: "Gerald Cardinal"
                RenderBlock {P} at (8,46) size 155x15
                  RenderText {#text} at (0,0) size 69x15
                    text run at (0,0) width 69: "Brock Brown"
                RenderBlock {P} at (8,61) size 155x15
                  RenderText {#text} at (0,0) size 93x15
                    text run at (0,0) width 93: "Ellsworth Crowell"
              RenderTableCell {TD} at (267,390) size 100x76 [border: (1px none #808080) none (1px none #808080)] [r=11 c=2 rs=1 cs=1]
                RenderBlock {P} at (8,1) size 84x15
                  RenderText {#text} at (31,0) size 21x15
                    text run at (31,0) width 21: "Yes"
                RenderBlock {P} at (8,16) size 84x15
                  RenderText {#text} at (31,0) size 21x15
                    text run at (31,0) width 21: "Yes"
                RenderBlock {P} at (8,31) size 84x15
                  RenderText {#text} at (40,0) size 4x15
                    text run at (40,0) width 4: " "
                RenderBlock {P} at (8,46) size 84x15
                  RenderText {#text} at (31,0) size 21x15
                    text run at (31,0) width 21: "Yes"
                RenderBlock {P} at (8,61) size 84x15
                  RenderText {#text} at (31,0) size 21x15
                    text run at (31,0) width 21: "Yes"
                  RenderInline {SPAN} at (0,0) size 1x15
                    RenderInline {O:P} at (0,0) size 1x15
              RenderTableCell {TD} at (366,390) size 107x76 [border: (1px none #808080) none (1px none #808080)] [r=11 c=3 rs=1 cs=1]
                RenderBlock {P} at (8,1) size 90x15
                  RenderText {#text} at (34,0) size 21x15
                    text run at (34,0) width 21: "Yes"
                RenderBlock {P} at (8,16) size 90x15
                  RenderText {#text} at (36,0) size 17x15
                    text run at (36,0) width 17: "No"
                RenderBlock {P} at (8,31) size 90x15
                  RenderText {#text} at (43,0) size 4x15
                    text run at (43,0) width 4: " "
                RenderBlock {P} at (8,46) size 90x15
                  RenderText {#text} at (36,0) size 17x15
                    text run at (36,0) width 17: "No"
                RenderBlock {P} at (8,61) size 90x15
                  RenderText {#text} at (36,0) size 17x15
                    text run at (36,0) width 17: "No"
                  RenderInline {SPAN} at (0,0) size 1x15
                    RenderInline {O:P} at (0,0) size 1x15
            RenderTableRow {TR} at (0,466) size 472x61
              RenderTableCell {TD} at (0,466) size 99x16 [border: (1px none #808080) none] [r=12 c=0 rs=1 cs=1]
                RenderBlock {P} at (8,1) size 84x15
                  RenderText {#text} at (35,0) size 13x15
                    text run at (35,0) width 13: "13"
                  RenderInline {SPAN} at (0,0) size 1x15
                    RenderInline {O:P} at (0,0) size 1x15
              RenderTableCell {TD} at (98,466) size 170x61 [border: (1px none #808080) none (1px none #808080)] [r=12 c=1 rs=1 cs=1]
                RenderBlock {P} at (8,1) size 155x15
                  RenderText {#text} at (0,0) size 62x15
                    text run at (0,0) width 62: " Oliver Baer"
                RenderBlock {P} at (8,16) size 155x15
                  RenderText {#text} at (0,0) size 58x15
                    text run at (0,0) width 58: "Joe Araujo"
                RenderBlock {P} at (8,31) size 155x15
                  RenderText {#text} at (0,0) size 70x15
                    text run at (0,0) width 70: "Jim Mirowski"
                RenderBlock {P} at (8,46) size 155x15
                  RenderText {#text} at (0,0) size 63x15
                    text run at (0,0) width 63: "Scott Hersh"
                  RenderInline {SPAN} at (0,0) size 0x15
                    RenderInline {O:P} at (0,0) size 0x15
              RenderTableCell {TD} at (267,466) size 100x61 [border: (1px none #808080) none (1px none #808080)] [r=12 c=2 rs=1 cs=1]
                RenderBlock {P} at (8,1) size 84x15
                  RenderText {#text} at (30,0) size 24x15
                    text run at (30,0) width 24: " Yes"
                RenderBlock {P} at (8,16) size 84x15
                  RenderText {#text} at (40,0) size 4x15
                    text run at (40,0) width 4: " "
                RenderBlock {P} at (8,31) size 84x15
                  RenderText {#text} at (40,0) size 4x15
                    text run at (40,0) width 4: " "
                RenderBlock {P} at (8,46) size 84x15
                  RenderText {#text} at (31,0) size 21x15
                    text run at (31,0) width 21: "Yes"
                  RenderInline {SPAN} at (0,0) size 1x15
                    RenderInline {O:P} at (0,0) size 1x15
              RenderTableCell {TD} at (366,466) size 107x61 [border: (1px none #808080) none (1px none #808080)] [r=12 c=3 rs=1 cs=1]
                RenderBlock {P} at (8,1) size 90x15
                  RenderText {#text} at (35,0) size 20x15
                    text run at (35,0) width 20: " No"
                RenderBlock {P} at (8,16) size 90x15
                  RenderText {#text} at (43,0) size 4x15
                    text run at (43,0) width 4: " "
                RenderBlock {P} at (8,31) size 90x15
                  RenderText {#text} at (43,0) size 4x15
                    text run at (43,0) width 4: " "
                RenderBlock {P} at (8,46) size 90x15
                  RenderText {#text} at (36,0) size 17x15
                    text run at (36,0) width 17: "No"
                  RenderInline {SPAN} at (0,0) size 1x15
                    RenderInline {O:P} at (0,0) size 1x15
            RenderTableRow {TR} at (0,527) size 472x46
              RenderTableCell {TD} at (0,527) size 99x16 [border: (1px none #808080) none] [r=13 c=0 rs=1 cs=1]
                RenderBlock {P} at (8,1) size 84x15
                  RenderText {#text} at (35,0) size 13x15
                    text run at (35,0) width 13: "14"
                  RenderInline {SPAN} at (0,0) size 1x15
                    RenderInline {O:P} at (0,0) size 1x15
              RenderTableCell {TD} at (98,527) size 170x46 [border: (1px none #808080) none (1px none #808080)] [r=13 c=1 rs=1 cs=1]
                RenderBlock {P} at (8,1) size 155x15
                  RenderText {#text} at (0,0) size 61x15
                    text run at (0,0) width 61: " Joe Araujo"
                RenderBlock {P} at (8,16) size 155x15
                  RenderText {#text} at (0,0) size 68x15
                    text run at (0,0) width 68: "Steve Gilbert"
                RenderBlock {P} at (8,31) size 155x15
                  RenderText {#text} at (0,0) size 74x15
                    text run at (0,0) width 74: "Gary Williams"
                  RenderInline {SPAN} at (0,0) size 0x15
                    RenderInline {O:P} at (0,0) size 0x15
              RenderTableCell {TD} at (267,527) size 100x31 [border: (1px none #808080) none (1px none #808080)] [r=13 c=2 rs=1 cs=1]
                RenderBlock {P} at (8,1) size 84x15
                  RenderText {#text} at (40,0) size 4x15
                    text run at (40,0) width 4: " "
                RenderBlock {P} at (8,16) size 84x15
                  RenderText {#text} at (31,0) size 21x15
                    text run at (31,0) width 21: "Yes"
                  RenderInline {SPAN} at (0,0) size 1x15
                    RenderInline {O:P} at (0,0) size 1x15
              RenderTableCell {TD} at (366,527) size 107x31 [border: (1px none #808080) none (1px none #808080)] [r=13 c=3 rs=1 cs=1]
                RenderBlock {P} at (8,1) size 90x15
                  RenderText {#text} at (43,0) size 4x15
                    text run at (43,0) width 4: " "
                RenderBlock {P} at (8,16) size 90x15
                  RenderText {#text} at (36,0) size 17x15
                    text run at (36,0) width 17: "No"
                  RenderInline {SPAN} at (0,0) size 1x15
                    RenderInline {O:P} at (0,0) size 1x15
            RenderTableRow {TR} at (0,573) size 472x76
              RenderTableCell {TD} at (0,573) size 99x16 [border: (1px none #808080) none] [r=14 c=0 rs=1 cs=1]
                RenderBlock {P} at (8,1) size 84x15
                  RenderText {#text} at (35,0) size 13x15
                    text run at (35,0) width 13: "15"
                  RenderInline {SPAN} at (0,0) size 1x15
                    RenderInline {O:P} at (0,0) size 1x15
              RenderTableCell {TD} at (98,573) size 170x76 [border: (1px none #808080) none (1px none #808080)] [r=14 c=1 rs=1 cs=1]
                RenderBlock {P} at (8,1) size 155x15
                  RenderText {#text} at (0,0) size 62x15
                    text run at (0,0) width 62: " Oliver Baer"
                RenderBlock {P} at (8,16) size 155x15
                  RenderText {#text} at (0,0) size 51x15
                    text run at (0,0) width 51: "Joe Smith"
                RenderBlock {P} at (8,31) size 155x15
                  RenderText {#text} at (0,0) size 55x15
                    text run at (0,0) width 55: "John Paye"
                RenderBlock {P} at (8,46) size 155x15
                  RenderText {#text} at (0,0) size 83x15
                    text run at (0,0) width 83: "John Yearwood"
                RenderBlock {P} at (8,61) size 155x15
                  RenderText {#text} at (0,0) size 68x15
                    text run at (0,0) width 68: "Harald Close"
                  RenderInline {SPAN} at (0,0) size 0x15
                    RenderInline {O:P} at (0,0) size 0x15
              RenderTableCell {TD} at (267,573) size 100x76 [border: (1px none #808080) none (1px none #808080)] [r=14 c=2 rs=1 cs=1]
                RenderBlock {P} at (8,1) size 84x15
                  RenderText {#text} at (30,0) size 24x15
                    text run at (30,0) width 24: " Yes"
                RenderBlock {P} at (8,16) size 84x15
                  RenderText {#text} at (40,0) size 4x15
                    text run at (40,0) width 4: " "
                RenderBlock {P} at (8,31) size 84x15
                  RenderText {#text} at (40,0) size 4x15
                    text run at (40,0) width 4: " "
                RenderBlock {P} at (8,46) size 84x15
                  RenderText {#text} at (31,0) size 21x15
                    text run at (31,0) width 21: "Yes"
                RenderBlock {P} at (8,61) size 84x15
                  RenderText {#text} at (31,0) size 21x15
                    text run at (31,0) width 21: "Yes"
                  RenderInline {SPAN} at (0,0) size 1x15
                    RenderInline {O:P} at (0,0) size 1x15
              RenderTableCell {TD} at (366,573) size 107x76 [border: (1px none #808080) none (1px none #808080)] [r=14 c=3 rs=1 cs=1]
                RenderBlock {P} at (8,1) size 90x15
                  RenderText {#text} at (35,0) size 20x15
                    text run at (35,0) width 20: " No"
                RenderBlock {P} at (8,16) size 90x15
                  RenderText {#text} at (43,0) size 4x15
                    text run at (43,0) width 4: " "
                RenderBlock {P} at (8,31) size 90x15
                  RenderText {#text} at (43,0) size 4x15
                    text run at (43,0) width 4: " "
                RenderBlock {P} at (8,46) size 90x15
                  RenderText {#text} at (36,0) size 17x15
                    text run at (36,0) width 17: "No"
                RenderBlock {P} at (8,61) size 90x15
                  RenderText {#text} at (36,0) size 17x15
                    text run at (36,0) width 17: "No"
                  RenderInline {SPAN} at (0,0) size 1x15
                    RenderInline {O:P} at (0,0) size 1x15
            RenderTableRow {TR} at (0,649) size 472x31
              RenderTableCell {TD} at (0,649) size 99x16 [border: (1px none #808080) none] [r=15 c=0 rs=1 cs=1]
                RenderBlock {P} at (8,1) size 84x15
                  RenderText {#text} at (35,0) size 13x15
                    text run at (35,0) width 13: "16"
                  RenderInline {SPAN} at (0,0) size 1x15
                    RenderInline {O:P} at (0,0) size 1x15
              RenderTableCell {TD} at (98,649) size 170x31 [border: (1px none #808080) none (1px none #808080)] [r=15 c=1 rs=1 cs=1]
                RenderBlock {P} at (8,1) size 155x15
                  RenderText {#text} at (0,0) size 82x15
                    text run at (0,0) width 82: " James Haladus"
                RenderBlock {P} at (8,16) size 155x15
                  RenderText {#text} at (0,0) size 51x15
                    text run at (0,0) width 51: "Joe Smith"
                  RenderInline {SPAN} at (0,0) size 0x15
                    RenderInline {O:P} at (0,0) size 0x15
              RenderTableCell {TD} at (267,649) size 100x16 [border: (1px none #808080) none (1px none #808080)] [r=15 c=2 rs=1 cs=1]
                RenderBlock {P} at (8,1) size 84x15
                  RenderText {#text} at (30,0) size 24x15
                    text run at (30,0) width 24: " Yes"
                  RenderInline {SPAN} at (0,0) size 1x15
                    RenderInline {O:P} at (0,0) size 1x15
              RenderTableCell {TD} at (366,649) size 107x16 [border: (1px none #808080) none (1px none #808080)] [r=15 c=3 rs=1 cs=1]
                RenderBlock {P} at (8,1) size 90x15
                  RenderText {#text} at (35,0) size 20x15
                    text run at (35,0) width 20: " No"
                  RenderInline {SPAN} at (0,0) size 1x15
                    RenderInline {O:P} at (0,0) size 1x15
            RenderTableRow {TR} at (0,680) size 472x76
              RenderTableCell {TD} at (0,680) size 99x16 [border: (1px none #808080) none] [r=16 c=0 rs=1 cs=1]
                RenderBlock {P} at (8,1) size 84x15
                  RenderText {#text} at (35,0) size 13x15
                    text run at (35,0) width 13: "17"
                  RenderInline {SPAN} at (0,0) size 1x15
                    RenderInline {O:P} at (0,0) size 1x15
              RenderTableCell {TD} at (98,680) size 170x76 [border: (1px none #808080) none (1px none #808080)] [r=16 c=1 rs=1 cs=1]
                RenderBlock {P} at (8,1) size 155x15
                  RenderText {#text} at (0,0) size 59x15
                    text run at (0,0) width 59: "Doug Field"
                  RenderInline {SPAN} at (0,0) size 0x15
                    RenderInline {O:P} at (0,0) size 0x15
                RenderBlock {P} at (8,16) size 155x15
                  RenderText {#text} at (0,0) size 65x15
                    text run at (0,0) width 65: "Dave Neves"
                RenderBlock {P} at (8,31) size 155x15
                  RenderText {#text} at (0,0) size 59x15
                    text run at (0,0) width 59: "Oliver Baer"
                RenderBlock {P} at (8,46) size 155x15
                  RenderText {#text} at (0,0) size 58x15
                    text run at (0,0) width 58: "John Todd"
                RenderBlock {P} at (8,61) size 155x15
                  RenderText {#text} at (0,0) size 98x15
                    text run at (0,0) width 98: "Dave Christiansen"
                  RenderInline {SPAN} at (0,0) size 0x15
                    RenderInline {O:P} at (0,0) size 0x15
              RenderTableCell {TD} at (267,680) size 100x76 [border: (1px none #808080) none (1px none #808080)] [r=16 c=2 rs=1 cs=1]
                RenderBlock {P} at (8,1) size 84x15
                  RenderText {#text} at (31,0) size 21x15
                    text run at (31,0) width 21: "Yes"
                  RenderInline {SPAN} at (0,0) size 1x15
                    RenderInline {O:P} at (0,0) size 1x15
                RenderBlock {P} at (8,16) size 84x15
                  RenderText {#text} at (31,0) size 21x15
                    text run at (31,0) width 21: "Yes"
                RenderBlock {P} at (8,31) size 84x15
                  RenderText {#text} at (31,0) size 21x15
                    text run at (31,0) width 21: "Yes"
                RenderBlock {P} at (8,46) size 84x15
                  RenderText {#text} at (40,0) size 4x15
                    text run at (40,0) width 4: " "
                RenderBlock {P} at (8,61) size 84x15
                  RenderText {#text} at (31,0) size 21x15
                    text run at (31,0) width 21: "Yes"
                  RenderInline {SPAN} at (0,0) size 1x15
                    RenderInline {O:P} at (0,0) size 1x15
              RenderTableCell {TD} at (366,680) size 107x76 [border: (1px none #808080) none (1px none #808080)] [r=16 c=3 rs=1 cs=1]
                RenderBlock {P} at (8,1) size 90x15
                  RenderText {#text} at (36,0) size 17x15
                    text run at (36,0) width 17: "No"
                  RenderInline {SPAN} at (0,0) size 1x15
                    RenderInline {O:P} at (0,0) size 1x15
                RenderBlock {P} at (8,16) size 90x15
                  RenderText {#text} at (34,0) size 21x15
                    text run at (34,0) width 21: "Yes"
                RenderBlock {P} at (8,31) size 90x15
                  RenderText {#text} at (36,0) size 17x15
                    text run at (36,0) width 17: "No"
                RenderBlock {P} at (8,46) size 90x15
                  RenderText {#text} at (43,0) size 4x15
                    text run at (43,0) width 4: " "
                RenderBlock {P} at (8,61) size 90x15
                  RenderText {#text} at (36,0) size 17x15
                    text run at (36,0) width 17: "No"
                  RenderInline {SPAN} at (0,0) size 1x15
                    RenderInline {O:P} at (0,0) size 1x15
            RenderTableRow {TR} at (0,756) size 472x106
              RenderTableCell {TD} at (0,756) size 99x16 [border: (1px none #808080) none] [r=17 c=0 rs=1 cs=1]
                RenderBlock {P} at (8,1) size 84x15
                  RenderText {#text} at (35,0) size 13x15
                    text run at (35,0) width 13: "18"
                  RenderInline {SPAN} at (0,0) size 1x15
                    RenderInline {O:P} at (0,0) size 1x15
              RenderTableCell {TD} at (98,756) size 170x106 [border: (1px none #808080) none (1px none #808080)] [r=17 c=1 rs=1 cs=1]
                RenderBlock {P} at (8,1) size 155x15
                  RenderText {#text} at (0,0) size 78x15
                    text run at (0,0) width 78: "Robert Barnett"
                RenderBlock {P} at (8,16) size 155x15
                  RenderText {#text} at (0,0) size 72x15
                    text run at (0,0) width 72: "Jim Mahoney"
                RenderBlock {P} at (8,31) size 155x15
                  RenderText {#text} at (0,0) size 78x15
                    text run at (0,0) width 78: "Dave Marshall"
                RenderBlock {P} at (8,46) size 155x15
                  RenderText {#text} at (0,0) size 81x15
                    text run at (0,0) width 81: "Gerald Cardinal"
                RenderBlock {P} at (8,61) size 155x15
                  RenderText {#text} at (0,0) size 100x15
                    text run at (0,0) width 100: "Dan & Will Sievert"
                RenderBlock {P} at (8,76) size 155x15
                  RenderText {#text} at (0,0) size 93x15
                    text run at (0,0) width 93: "Ellsworth Crowell"
                RenderBlock {P} at (8,91) size 155x15
                  RenderText {#text} at (0,0) size 55x15
                    text run at (0,0) width 55: "Jim Colvin"
                  RenderInline {SPAN} at (0,0) size 0x15
                    RenderInline {O:P} at (0,0) size 0x15
              RenderTableCell {TD} at (267,756) size 100x91 [border: (1px none #808080) none (1px none #808080)] [r=17 c=2 rs=1 cs=1]
                RenderBlock {P} at (8,1) size 84x15
                  RenderText {#text} at (31,0) size 21x15
                    text run at (31,0) width 21: "Yes"
                RenderBlock {P} at (8,16) size 84x15
                  RenderText {#text} at (31,0) size 21x15
                    text run at (31,0) width 21: "Yes"
                RenderBlock {P} at (8,31) size 84x15
                  RenderText {#text} at (31,0) size 21x15
                    text run at (31,0) width 21: "Yes"
                RenderBlock {P} at (8,46) size 84x15
                  RenderText {#text} at (40,0) size 4x15
                    text run at (40,0) width 4: " "
                RenderBlock {P} at (8,61) size 84x15
                  RenderText {#text} at (31,0) size 21x15
                    text run at (31,0) width 21: "Yes"
                RenderBlock {P} at (8,76) size 84x15
                  RenderText {#text} at (31,0) size 21x15
                    text run at (31,0) width 21: "Yes"
                  RenderInline {SPAN} at (0,0) size 1x15
                    RenderInline {O:P} at (0,0) size 1x15
              RenderTableCell {TD} at (366,756) size 107x91 [border: (1px none #808080) none (1px none #808080)] [r=17 c=3 rs=1 cs=1]
                RenderBlock {P} at (8,1) size 90x15
                  RenderText {#text} at (36,0) size 17x15
                    text run at (36,0) width 17: "No"
                RenderBlock {P} at (8,16) size 90x15
                  RenderText {#text} at (34,0) size 21x15
                    text run at (34,0) width 21: "Yes"
                RenderBlock {P} at (8,31) size 90x15
                  RenderText {#text} at (36,0) size 17x15
                    text run at (36,0) width 17: "No"
                RenderBlock {P} at (8,46) size 90x15
                  RenderText {#text} at (43,0) size 4x15
                    text run at (43,0) width 4: " "
                RenderBlock {P} at (8,61) size 90x15
                  RenderText {#text} at (36,0) size 17x15
                    text run at (36,0) width 17: "No"
                RenderBlock {P} at (8,76) size 90x15
                  RenderText {#text} at (36,0) size 17x15
                    text run at (36,0) width 17: "No"
                  RenderInline {SPAN} at (0,0) size 1x15
                    RenderInline {O:P} at (0,0) size 1x15
            RenderTableRow {TR} at (0,862) size 472x61
              RenderTableCell {TD} at (0,862) size 99x16 [border: (1px none #808080) none] [r=18 c=0 rs=1 cs=1]
                RenderBlock {P} at (8,1) size 84x15
                  RenderText {#text} at (35,0) size 13x15
                    text run at (35,0) width 13: "19"
                  RenderInline {SPAN} at (0,0) size 1x15
                    RenderInline {O:P} at (0,0) size 1x15
              RenderTableCell {TD} at (98,862) size 170x61 [border: (1px none #808080) none (1px none #808080)] [r=18 c=1 rs=1 cs=1]
                RenderBlock {P} at (8,1) size 155x15
                  RenderInline {SPAN} at (0,0) size 65x15
                    RenderText {#text} at (0,0) size 65x15
                      text run at (0,0) width 39: "Noriya "
                      text run at (39,0) width 26: "Kato"
                RenderBlock {P} at (8,16) size 155x15
                  RenderText {#text} at (0,0) size 58x15
                    text run at (0,0) width 58: "John Todd"
                RenderBlock {P} at (8,31) size 155x15
                  RenderText {#text} at (0,0) size 70x15
                    text run at (0,0) width 70: "James Brown"
                RenderBlock {P} at (8,46) size 155x15
                  RenderText {#text} at (0,0) size 84x15
                    text run at (0,0) width 84: "Mike Anderson"
                  RenderInline {SPAN} at (0,0) size 0x15
                    RenderInline {O:P} at (0,0) size 0x15
              RenderTableCell {TD} at (267,862) size 100x61 [border: (1px none #808080) none (1px none #808080)] [r=18 c=2 rs=1 cs=1]
                RenderBlock {P} at (8,1) size 84x15
                  RenderInline {SPAN} at (0,0) size 21x15
                    RenderText {#text} at (31,0) size 21x15
                      text run at (31,0) width 21: "Yes"
                RenderBlock {P} at (8,16) size 84x15
                  RenderText {#text} at (40,0) size 4x15
                    text run at (40,0) width 4: " "
                RenderBlock {P} at (8,31) size 84x15
                  RenderInline {SPAN} at (0,0) size 21x15
                    RenderText {#text} at (31,0) size 21x15
                      text run at (31,0) width 21: "Yes"
                RenderBlock {P} at (8,46) size 84x15
                  RenderInline {SPAN} at (0,0) size 21x15
                    RenderText {#text} at (31,0) size 21x15
                      text run at (31,0) width 21: "Yes"
                  RenderInline {SPAN} at (0,0) size 1x15
                    RenderInline {O:P} at (0,0) size 1x15
              RenderTableCell {TD} at (366,862) size 107x61 [border: (1px none #808080) none (1px none #808080)] [r=18 c=3 rs=1 cs=1]
                RenderBlock {P} at (8,1) size 90x15
                  RenderInline {SPAN} at (0,0) size 17x15
                    RenderText {#text} at (36,0) size 17x15
                      text run at (36,0) width 17: "No"
                RenderBlock {P} at (8,16) size 90x15
                  RenderText {#text} at (43,0) size 4x15
                    text run at (43,0) width 4: " "
                RenderBlock {P} at (8,31) size 90x15
                  RenderInline {SPAN} at (0,0) size 17x15
                    RenderText {#text} at (36,0) size 17x15
                      text run at (36,0) width 17: "No"
                RenderBlock {P} at (8,46) size 90x15
                  RenderInline {SPAN} at (0,0) size 17x15
                    RenderText {#text} at (36,0) size 17x15
                      text run at (36,0) width 17: "No"
                  RenderInline {SPAN} at (0,0) size 1x15
                    RenderInline {O:P} at (0,0) size 1x15
            RenderTableRow {TR} at (0,923) size 472x46
              RenderTableCell {TD} at (0,923) size 99x16 [border: (1px none #808080) none] [r=19 c=0 rs=1 cs=1]
                RenderBlock {P} at (8,1) size 84x15
                  RenderText {#text} at (35,0) size 13x15
                    text run at (35,0) width 13: "20"
                  RenderInline {SPAN} at (0,0) size 1x15
                    RenderInline {O:P} at (0,0) size 1x15
              RenderTableCell {TD} at (98,923) size 170x46 [border: (1px none #808080) none (1px none #808080)] [r=19 c=1 rs=1 cs=1]
                RenderBlock {P} at (8,1) size 155x15
                  RenderText {#text} at (0,0) size 66x15
                    text run at (0,0) width 66: "Bill Johnson"
                RenderBlock {P} at (8,16) size 155x15
                  RenderText {#text} at (0,0) size 84x15
                    text run at (0,0) width 84: "Dominic Bayani"
                RenderBlock {P} at (8,31) size 155x15
                  RenderText {#text} at (0,0) size 65x15
                    text run at (0,0) width 65: "Rick Latham"
                  RenderInline {SPAN} at (0,0) size 0x15
                    RenderInline {O:P} at (0,0) size 0x15
              RenderTableCell {TD} at (267,923) size 100x46 [border: (1px none #808080) none (1px none #808080)] [r=19 c=2 rs=1 cs=1]
                RenderBlock {P} at (8,1) size 84x15
                  RenderText {#text} at (31,0) size 21x15
                    text run at (31,0) width 21: "Yes"
                RenderBlock {P} at (8,16) size 84x15
                  RenderText {#text} at (40,0) size 4x15
                    text run at (40,0) width 4: " "
                RenderBlock {P} at (8,31) size 84x15
                  RenderText {#text} at (31,0) size 21x15
                    text run at (31,0) width 21: "Yes"
                  RenderInline {SPAN} at (0,0) size 1x15
                    RenderInline {O:P} at (0,0) size 1x15
              RenderTableCell {TD} at (366,923) size 107x46 [border: (1px none #808080) none (1px none #808080)] [r=19 c=3 rs=1 cs=1]
                RenderBlock {P} at (8,1) size 90x15
                  RenderText {#text} at (36,0) size 17x15
                    text run at (36,0) width 17: "No"
                RenderBlock {P} at (8,16) size 90x15
                  RenderText {#text} at (43,0) size 4x15
                    text run at (43,0) width 4: " "
                RenderBlock {P} at (8,31) size 90x15
                  RenderText {#text} at (36,0) size 17x15
                    text run at (36,0) width 17: "No"
                  RenderInline {SPAN} at (0,0) size 1x15
                    RenderInline {O:P} at (0,0) size 1x15
            RenderTableRow {TR} at (0,969) size 472x16
              RenderTableCell {TD} at (0,969) size 99x16 [border: (1px none #808080) none] [r=20 c=0 rs=1 cs=1]
                RenderBlock {P} at (8,1) size 84x15
                  RenderText {#text} at (35,0) size 13x15
                    text run at (35,0) width 13: "21"
                  RenderInline {SPAN} at (0,0) size 1x15
                    RenderInline {O:P} at (0,0) size 1x15
              RenderTableCell {TD} at (98,969) size 170x16 [border: (1px none #808080) none (1px none #808080)] [r=20 c=1 rs=1 cs=1]
                RenderBlock {P} at (8,1) size 155x15
                  RenderText {#text} at (0,0) size 62x15
                    text run at (0,0) width 62: " Simon Tam"
                  RenderInline {SPAN} at (0,0) size 0x15
                    RenderInline {O:P} at (0,0) size 0x15
              RenderTableCell {TD} at (267,969) size 100x16 [border: (1px none #808080) none (1px none #808080)] [r=20 c=2 rs=1 cs=1]
                RenderBlock {P} at (8,1) size 84x15
                  RenderText {#text} at (40,0) size 4x15
                    text run at (40,0) width 4: " "
                  RenderInline {SPAN} at (0,0) size 1x15
                    RenderInline {O:P} at (0,0) size 1x15
              RenderTableCell {TD} at (366,969) size 107x16 [border: (1px none #808080) none (1px none #808080)] [r=20 c=3 rs=1 cs=1]
                RenderBlock {P} at (8,1) size 90x15
                  RenderText {#text} at (43,0) size 4x15
                    text run at (43,0) width 4: " "
                  RenderInline {SPAN} at (0,0) size 1x15
                    RenderInline {O:P} at (0,0) size 1x15
            RenderTableRow {TR} at (0,985) size 472x76
              RenderTableCell {TD} at (0,985) size 99x16 [border: (1px none #808080) none] [r=21 c=0 rs=1 cs=1]
                RenderBlock {P} at (8,1) size 84x15
                  RenderText {#text} at (35,0) size 13x15
                    text run at (35,0) width 13: "22"
                  RenderInline {SPAN} at (0,0) size 1x15
                    RenderInline {O:P} at (0,0) size 1x15
              RenderTableCell {TD} at (98,985) size 170x76 [border: (1px none #808080) none (1px none #808080)] [r=21 c=1 rs=1 cs=1]
                RenderBlock {P} at (8,1) size 155x15
                  RenderText {#text} at (0,0) size 65x15
                    text run at (0,0) width 65: "Dave Neves"
                  RenderInline {SPAN} at (0,0) size 0x15
                    RenderInline {O:P} at (0,0) size 0x15
                RenderBlock {P} at (8,16) size 155x15
                  RenderText {#text} at (0,0) size 89x15
                    text run at (0,0) width 89: "Grant Sanderson"
                  RenderInline {SPAN} at (0,0) size 0x15
                    RenderInline {O:P} at (0,0) size 0x15
                RenderBlock {P} at (8,31) size 155x15
                  RenderText {#text} at (0,0) size 84x15
                    text run at (0,0) width 84: "Maurice Burton"
                RenderBlock {P} at (8,46) size 155x15
                  RenderText {#text} at (0,0) size 110x15
                    text run at (0,0) width 110: "Mike Gilmartin ?????"
                RenderBlock {P} at (8,61) size 155x15
                  RenderText {#text} at (0,0) size 66x15
                    text run at (0,0) width 66: "Chris Walsh"
                  RenderInline {SPAN} at (0,0) size 0x15
                    RenderInline {O:P} at (0,0) size 0x15
              RenderTableCell {TD} at (267,985) size 100x76 [border: (1px none #808080) none (1px none #808080)] [r=21 c=2 rs=1 cs=1]
                RenderBlock {P} at (8,1) size 84x15
                  RenderText {#text} at (31,0) size 21x15
                    text run at (31,0) width 21: "Yes"
                  RenderInline {SPAN} at (0,0) size 1x15
                    RenderInline {O:P} at (0,0) size 1x15
                RenderBlock {P} at (8,16) size 84x15
                  RenderText {#text} at (31,0) size 21x15
                    text run at (31,0) width 21: "Yes"
                  RenderInline {SPAN} at (0,0) size 1x15
                    RenderInline {O:P} at (0,0) size 1x15
                RenderBlock {P} at (8,31) size 84x15
                  RenderText {#text} at (31,0) size 21x15
                    text run at (31,0) width 21: "Yes"
                RenderBlock {P} at (8,46) size 84x15
                  RenderText {#text} at (31,0) size 21x15
                    text run at (31,0) width 21: "Yes"
                RenderBlock {P} at (8,61) size 84x15
                  RenderText {#text} at (31,0) size 21x15
                    text run at (31,0) width 21: "Yes"
                  RenderInline {SPAN} at (0,0) size 1x15
                    RenderInline {O:P} at (0,0) size 1x15
              RenderTableCell {TD} at (366,985) size 107x76 [border: (1px none #808080) none (1px none #808080)] [r=21 c=3 rs=1 cs=1]
                RenderBlock {P} at (8,1) size 90x15
                  RenderText {#text} at (34,0) size 21x15
                    text run at (34,0) width 21: "Yes"
                  RenderInline {SPAN} at (0,0) size 1x15
                    RenderInline {O:P} at (0,0) size 1x15
                RenderBlock {P} at (8,16) size 90x15
                  RenderText {#text} at (36,0) size 17x15
                    text run at (36,0) width 17: "No"
                  RenderInline {SPAN} at (0,0) size 1x15
                    RenderInline {O:P} at (0,0) size 1x15
                RenderBlock {P} at (8,31) size 90x15
                  RenderText {#text} at (36,0) size 17x15
                    text run at (36,0) width 17: "No"
                RenderBlock {P} at (8,46) size 90x15
                  RenderText {#text} at (34,0) size 21x15
                    text run at (34,0) width 21: "Yes"
                RenderBlock {P} at (8,61) size 90x15
                  RenderText {#text} at (36,0) size 17x15
                    text run at (36,0) width 17: "No"
                  RenderInline {SPAN} at (0,0) size 1x15
                    RenderInline {O:P} at (0,0) size 1x15
            RenderTableRow {TR} at (0,1061) size 472x76
              RenderTableCell {TD} at (0,1061) size 99x16 [border: (1px none #808080) none] [r=22 c=0 rs=1 cs=1]
                RenderBlock {P} at (8,1) size 84x15
                  RenderText {#text} at (35,0) size 13x15
                    text run at (35,0) width 13: "23"
                  RenderInline {SPAN} at (0,0) size 1x15
                    RenderInline {O:P} at (0,0) size 1x15
              RenderTableCell {TD} at (98,1061) size 170x76 [border: (1px none #808080) none (1px none #808080)] [r=22 c=1 rs=1 cs=1]
                RenderBlock {P} at (8,1) size 155x15
                  RenderText {#text} at (0,0) size 65x15
                    text run at (0,0) width 65: "Dave Neves"
                  RenderInline {SPAN} at (0,0) size 0x15
                    RenderInline {O:P} at (0,0) size 0x15
                RenderBlock {P} at (8,16) size 155x15
                  RenderText {#text} at (0,0) size 84x15
                    text run at (0,0) width 84: "Maurice Burton"
                RenderBlock {P} at (8,31) size 155x15
                  RenderText {#text} at (0,0) size 59x15
                    text run at (0,0) width 59: "Oliver Baer"
                RenderBlock {P} at (8,46) size 155x15
                  RenderText {#text} at (0,0) size 58x15
                    text run at (0,0) width 58: "John Todd"
                RenderBlock {P} at (8,61) size 155x15
                  RenderText {#text} at (0,0) size 64x15
                    text run at (0,0) width 64: "Rich Saunef"
                  RenderInline {SPAN} at (0,0) size 0x15
                    RenderInline {O:P} at (0,0) size 0x15
              RenderTableCell {TD} at (267,1061) size 100x76 [border: (1px none #808080) none (1px none #808080)] [r=22 c=2 rs=1 cs=1]
                RenderBlock {P} at (8,1) size 84x15
                  RenderText {#text} at (31,0) size 21x15
                    text run at (31,0) width 21: "Yes"
                  RenderInline {SPAN} at (0,0) size 1x15
                    RenderInline {O:P} at (0,0) size 1x15
                RenderBlock {P} at (8,16) size 84x15
                  RenderText {#text} at (31,0) size 21x15
                    text run at (31,0) width 21: "Yes"
                RenderBlock {P} at (8,31) size 84x15
                  RenderText {#text} at (31,0) size 21x15
                    text run at (31,0) width 21: "Yes"
                RenderBlock {P} at (8,46) size 84x15
                  RenderText {#text} at (40,0) size 4x15
                    text run at (40,0) width 4: " "
                RenderBlock {P} at (8,61) size 84x15
                  RenderText {#text} at (31,0) size 21x15
                    text run at (31,0) width 21: "Yes"
                  RenderInline {SPAN} at (0,0) size 1x15
                    RenderInline {O:P} at (0,0) size 1x15
              RenderTableCell {TD} at (366,1061) size 107x76 [border: (1px none #808080) none (1px none #808080)] [r=22 c=3 rs=1 cs=1]
                RenderBlock {P} at (8,1) size 90x15
                  RenderText {#text} at (34,0) size 21x15
                    text run at (34,0) width 21: "Yes"
                  RenderInline {SPAN} at (0,0) size 1x15
                    RenderInline {O:P} at (0,0) size 1x15
                RenderBlock {P} at (8,16) size 90x15
                  RenderText {#text} at (36,0) size 17x15
                    text run at (36,0) width 17: "No"
                RenderBlock {P} at (8,31) size 90x15
                  RenderText {#text} at (36,0) size 17x15
                    text run at (36,0) width 17: "No"
                RenderBlock {P} at (8,46) size 90x15
                  RenderText {#text} at (43,0) size 4x15
                    text run at (43,0) width 4: " "
                RenderBlock {P} at (8,61) size 90x15
                  RenderText {#text} at (36,0) size 17x15
                    text run at (36,0) width 17: "No"
                  RenderInline {SPAN} at (0,0) size 1x15
                    RenderInline {O:P} at (0,0) size 1x15
            RenderTableRow {TR} at (0,1137) size 472x76
              RenderTableCell {TD} at (0,1137) size 99x16 [border: (1px none #808080) none] [r=23 c=0 rs=1 cs=1]
                RenderBlock {P} at (8,1) size 84x15
                  RenderText {#text} at (35,0) size 13x15
                    text run at (35,0) width 13: "24"
                  RenderInline {SPAN} at (0,0) size 1x15
                    RenderInline {O:P} at (0,0) size 1x15
              RenderTableCell {TD} at (98,1137) size 170x76 [border: (1px none #808080) none (1px none #808080)] [r=23 c=1 rs=1 cs=1]
                RenderBlock {P} at (8,1) size 155x15
                  RenderText {#text} at (0,0) size 65x15
                    text run at (0,0) width 65: " Dan Sievert"
                RenderBlock {P} at (8,16) size 155x15
                  RenderText {#text} at (0,0) size 60x15
                    text run at (0,0) width 60: "Jerry Davis"
                RenderBlock {P} at (8,31) size 155x15
                  RenderText {#text} at (0,0) size 63x15
                    text run at (0,0) width 63: "Scott Hersh"
                RenderBlock {P} at (8,46) size 155x15
                  RenderText {#text} at (0,0) size 46x15
                    text run at (0,0) width 46: "Rick Bell"
                RenderBlock {P} at (8,61) size 155x15
                  RenderText {#text} at (0,0) size 53x15
                    text run at (0,0) width 53: "Eric Shum"
                  RenderInline {SPAN} at (0,0) size 0x15
                    RenderInline {O:P} at (0,0) size 0x15
              RenderTableCell {TD} at (267,1137) size 100x76 [border: (1px none #808080) none (1px none #808080)] [r=23 c=2 rs=1 cs=1]
                RenderBlock {P} at (8,1) size 84x15
                  RenderText {#text} at (30,0) size 24x15
                    text run at (30,0) width 24: " Yes"
                RenderBlock {P} at (8,16) size 84x15
                  RenderText {#text} at (31,0) size 21x15
                    text run at (31,0) width 21: "Yes"
                RenderBlock {P} at (8,31) size 84x15
                  RenderText {#text} at (31,0) size 21x15
                    text run at (31,0) width 21: "Yes"
                RenderBlock {P} at (8,46) size 84x15
                  RenderText {#text} at (31,0) size 21x15
                    text run at (31,0) width 21: "Yes"
                RenderBlock {P} at (8,61) size 84x15
                  RenderText {#text} at (31,0) size 21x15
                    text run at (31,0) width 21: "Yes"
                  RenderInline {SPAN} at (0,0) size 1x15
                    RenderInline {O:P} at (0,0) size 1x15
              RenderTableCell {TD} at (366,1137) size 107x76 [border: (1px none #808080) none (1px none #808080)] [r=23 c=3 rs=1 cs=1]
                RenderBlock {P} at (8,1) size 90x15
                  RenderText {#text} at (35,0) size 20x15
                    text run at (35,0) width 20: " No"
                RenderBlock {P} at (8,16) size 90x15
                  RenderText {#text} at (36,0) size 17x15
                    text run at (36,0) width 17: "No"
                RenderBlock {P} at (8,31) size 90x15
                  RenderText {#text} at (36,0) size 17x15
                    text run at (36,0) width 17: "No"
                RenderBlock {P} at (8,46) size 90x15
                  RenderText {#text} at (36,0) size 17x15
                    text run at (36,0) width 17: "No"
                RenderBlock {P} at (8,61) size 90x15
                  RenderText {#text} at (36,0) size 17x15
                    text run at (36,0) width 17: "No"
                  RenderInline {SPAN} at (0,0) size 1x15
                    RenderInline {O:P} at (0,0) size 1x15
            RenderTableRow {TR} at (0,1213) size 472x31
              RenderTableCell {TD} at (0,1213) size 99x16 [border: (1px none #808080) none] [r=24 c=0 rs=1 cs=1]
                RenderBlock {P} at (8,1) size 84x15
                  RenderText {#text} at (35,0) size 13x15
                    text run at (35,0) width 13: "25"
                  RenderInline {SPAN} at (0,0) size 1x15
                    RenderInline {O:P} at (0,0) size 1x15
              RenderTableCell {TD} at (98,1213) size 170x31 [border: (1px none #808080) none (1px none #808080)] [r=24 c=1 rs=1 cs=1]
                RenderBlock {P} at (8,1) size 155x15
                  RenderText {#text} at (0,0) size 70x15
                    text run at (0,0) width 70: "James Davey"
                RenderBlock {P} at (8,16) size 155x15
                  RenderText {#text} at (0,0) size 90x15
                    text run at (0,0) width 90: "Ruenjoe (Joe) Lu"
                  RenderInline {SPAN} at (0,0) size 0x15
                    RenderInline {O:P} at (0,0) size 0x15
              RenderTableCell {TD} at (267,1213) size 100x16 [border: (1px none #808080) none (1px none #808080)] [r=24 c=2 rs=1 cs=1]
                RenderBlock {P} at (8,1) size 84x15
                  RenderText {#text} at (31,0) size 21x15
                    text run at (31,0) width 21: "Yes"
                  RenderInline {SPAN} at (0,0) size 1x15
                    RenderInline {O:P} at (0,0) size 1x15
              RenderTableCell {TD} at (366,1213) size 107x16 [border: (1px none #808080) none (1px none #808080)] [r=24 c=3 rs=1 cs=1]
                RenderBlock {P} at (8,1) size 90x15
                  RenderText {#text} at (34,0) size 21x15
                    text run at (34,0) width 21: "Yes"
                  RenderInline {SPAN} at (0,0) size 1x15
                    RenderInline {O:P} at (0,0) size 1x15
            RenderTableRow {TR} at (0,1244) size 472x151
              RenderTableCell {TD} at (0,1244) size 99x16 [border: (1px none #808080) none] [r=25 c=0 rs=1 cs=1]
                RenderBlock {P} at (8,1) size 84x15
                  RenderText {#text} at (35,0) size 13x15
                    text run at (35,0) width 13: "26"
                  RenderInline {SPAN} at (0,0) size 1x15
                    RenderInline {O:P} at (0,0) size 1x15
              RenderTableCell {TD} at (98,1244) size 170x151 [border: (1px none #808080) none (1px none #808080)] [r=25 c=1 rs=1 cs=1]
                RenderBlock {P} at (8,1) size 155x15
                  RenderText {#text} at (0,0) size 86x15
                    text run at (0,0) width 86: "Alan Littlewood"
                  RenderInline {SPAN} at (0,0) size 0x15
                    RenderInline {O:P} at (0,0) size 0x15
                RenderBlock {P} at (8,16) size 155x15
                  RenderText {#text} at (0,0) size 71x15
                    text run at (0,0) width 71: "Darren Braun"
                  RenderInline {SPAN} at (0,0) size 0x15
                    RenderInline {O:P} at (0,0) size 0x15
                RenderBlock {P} at (8,31) size 155x15
                  RenderText {#text} at (0,0) size 59x15
                    text run at (0,0) width 59: "Simon Tam"
                RenderBlock {P} at (8,46) size 155x15
                  RenderText {#text} at (0,0) size 74x15
                    text run at (0,0) width 74: "Chuck Pringle"
                RenderBlock {P} at (8,61) size 155x15
                  RenderText {#text} at (0,0) size 88x15
                    text run at (0,0) width 88: "Gary Pendergras"
                RenderBlock {P} at (8,76) size 155x15
                  RenderText {#text} at (0,0) size 78x15
                    text run at (0,0) width 78: "Peter Mazanec"
                RenderBlock {P} at (8,91) size 155x15
                  RenderText {#text} at (0,0) size 78x15
                    text run at (0,0) width 78: "Harry Imamura"
                RenderBlock {P} at (8,106) size 155x15
                  RenderText {#text} at (0,0) size 58x15
                    text run at (0,0) width 58: "Joe Araujo"
                RenderBlock {P} at (8,121) size 155x15
                  RenderText {#text} at (0,0) size 74x15
                    text run at (0,0) width 74: "Gary Williams"
                RenderBlock {P} at (8,136) size 155x15
                  RenderText {#text} at (0,0) size 86x15
                    text run at (0,0) width 86: "Jack Goodfriend"
                  RenderInline {SPAN} at (0,0) size 0x15
                    RenderInline {O:P} at (0,0) size 0x15
              RenderTableCell {TD} at (267,1244) size 100x106 [border: (1px none #808080) none (1px none #808080)] [r=25 c=2 rs=1 cs=1]
                RenderBlock {P} at (8,1) size 84x15
                  RenderText {#text} at (31,0) size 21x15
                    text run at (31,0) width 21: "Yes"
                  RenderInline {SPAN} at (0,0) size 1x15
                    RenderInline {O:P} at (0,0) size 1x15
                RenderBlock {P} at (8,16) size 84x15
                  RenderText {#text} at (31,0) size 21x15
                    text run at (31,0) width 21: "Yes"
                  RenderInline {SPAN} at (0,0) size 1x15
                    RenderInline {O:P} at (0,0) size 1x15
                RenderBlock {P} at (8,31) size 84x15
                  RenderText {#text} at (31,0) size 21x15
                    text run at (31,0) width 21: "Yes"
                RenderBlock {P} at (8,46) size 84x15
                  RenderText {#text} at (31,0) size 21x15
                    text run at (31,0) width 21: "Yes"
                RenderBlock {P} at (8,61) size 84x15
                  RenderText {#text} at (31,0) size 21x15
                    text run at (31,0) width 21: "Yes"
                RenderBlock {P} at (8,76) size 84x15
                  RenderText {#text} at (31,0) size 21x15
                    text run at (31,0) width 21: "Yes"
                RenderBlock {P} at (8,91) size 84x15
                  RenderText {#text} at (33,0) size 17x15
                    text run at (33,0) width 17: "No"
                  RenderInline {SPAN} at (0,0) size 1x15
                    RenderInline {O:P} at (0,0) size 1x15
              RenderTableCell {TD} at (366,1244) size 107x106 [border: (1px none #808080) none (1px none #808080)] [r=25 c=3 rs=1 cs=1]
                RenderBlock {P} at (8,1) size 90x15
                  RenderText {#text} at (36,0) size 17x15
                    text run at (36,0) width 17: "No"
                  RenderInline {SPAN} at (0,0) size 1x15
                    RenderInline {O:P} at (0,0) size 1x15
                RenderBlock {P} at (8,16) size 90x15
                  RenderText {#text} at (36,0) size 17x15
                    text run at (36,0) width 17: "No"
                  RenderInline {SPAN} at (0,0) size 1x15
                    RenderInline {O:P} at (0,0) size 1x15
                RenderBlock {P} at (8,31) size 90x15
                  RenderText {#text} at (36,0) size 17x15
                    text run at (36,0) width 17: "No"
                RenderBlock {P} at (8,46) size 90x15
                  RenderText {#text} at (36,0) size 17x15
                    text run at (36,0) width 17: "No"
                RenderBlock {P} at (8,61) size 90x15
                  RenderText {#text} at (36,0) size 17x15
                    text run at (36,0) width 17: "No"
                RenderBlock {P} at (8,76) size 90x15
                  RenderText {#text} at (36,0) size 17x15
                    text run at (36,0) width 17: "No"
                RenderBlock {P} at (8,91) size 90x15
                  RenderText {#text} at (34,0) size 21x15
                    text run at (34,0) width 21: "Yes"
                  RenderInline {SPAN} at (0,0) size 1x15
                    RenderInline {O:P} at (0,0) size 1x15
            RenderTableRow {TR} at (0,1395) size 472x91
              RenderTableCell {TD} at (0,1395) size 99x16 [border: (1px none #808080) none] [r=26 c=0 rs=1 cs=1]
                RenderBlock {P} at (8,1) size 84x15
                  RenderText {#text} at (35,0) size 13x15
                    text run at (35,0) width 13: "27"
                  RenderInline {SPAN} at (0,0) size 1x15
                    RenderInline {O:P} at (0,0) size 1x15
              RenderTableCell {TD} at (98,1395) size 170x91 [border: (1px none #808080) none (1px none #808080)] [r=26 c=1 rs=1 cs=1]
                RenderBlock {P} at (8,1) size 155x15
                  RenderText {#text} at (0,0) size 71x15
                    text run at (0,0) width 71: "Darren Braun"
                  RenderInline {SPAN} at (0,0) size 0x15
                    RenderInline {O:P} at (0,0) size 0x15
                RenderBlock {P} at (8,16) size 155x15
                  RenderText {#text} at (0,0) size 90x15
                    text run at (0,0) width 90: "Ian + Brad Carter"
                  RenderInline {SPAN} at (0,0) size 0x15
                    RenderInline {O:P} at (0,0) size 0x15
                RenderBlock {P} at (8,31) size 155x15
                  RenderText {#text} at (0,0) size 73x15
                    text run at (0,0) width 73: "Pete Peterson"
                RenderBlock {P} at (8,46) size 155x15
                  RenderText {#text} at (0,0) size 81x15
                    text run at (0,0) width 81: "John Chamorro"
                RenderBlock {P} at (8,61) size 155x15
                  RenderText {#text} at (0,0) size 65x15
                    text run at (0,0) width 65: "Ali Erdengiz"
                RenderBlock {P} at (8,76) size 155x15
                  RenderText {#text} at (0,0) size 55x15
                    text run at (0,0) width 55: "Saibal Sen"
                  RenderInline {SPAN} at (0,0) size 0x15
                    RenderInline {O:P} at (0,0) size 0x15
              RenderTableCell {TD} at (267,1395) size 100x91 [border: (1px none #808080) none (1px none #808080)] [r=26 c=2 rs=1 cs=1]
                RenderBlock {P} at (8,1) size 84x15
                  RenderText {#text} at (31,0) size 21x15
                    text run at (31,0) width 21: "Yes"
                  RenderInline {SPAN} at (0,0) size 1x15
                    RenderInline {O:P} at (0,0) size 1x15
                RenderBlock {P} at (8,16) size 84x15
                  RenderText {#text} at (31,0) size 21x15
                    text run at (31,0) width 21: "Yes"
                  RenderInline {SPAN} at (0,0) size 1x15
                    RenderInline {O:P} at (0,0) size 1x15
                RenderBlock {P} at (8,31) size 84x15
                  RenderText {#text} at (31,0) size 21x15
                    text run at (31,0) width 21: "Yes"
                RenderBlock {P} at (8,46) size 84x15
                  RenderText {#text} at (40,0) size 4x15
                    text run at (40,0) width 4: " "
                RenderBlock {P} at (8,61) size 84x15
                  RenderText {#text} at (40,0) size 4x15
                    text run at (40,0) width 4: " "
                RenderBlock {P} at (8,76) size 84x15
                  RenderText {#text} at (31,0) size 21x15
                    text run at (31,0) width 21: "Yes"
                  RenderInline {SPAN} at (0,0) size 1x15
                    RenderInline {O:P} at (0,0) size 1x15
              RenderTableCell {TD} at (366,1395) size 107x91 [border: (1px none #808080) none (1px none #808080)] [r=26 c=3 rs=1 cs=1]
                RenderBlock {P} at (8,1) size 90x15
                  RenderText {#text} at (36,0) size 17x15
                    text run at (36,0) width 17: "No"
                  RenderInline {SPAN} at (0,0) size 1x15
                    RenderInline {O:P} at (0,0) size 1x15
                RenderBlock {P} at (8,16) size 90x15
                  RenderText {#text} at (36,0) size 17x15
                    text run at (36,0) width 17: "No"
                  RenderInline {SPAN} at (0,0) size 1x15
                    RenderInline {O:P} at (0,0) size 1x15
                RenderBlock {P} at (8,31) size 90x15
                  RenderText {#text} at (36,0) size 17x15
                    text run at (36,0) width 17: "No"
                RenderBlock {P} at (8,46) size 90x15
                  RenderText {#text} at (43,0) size 4x15
                    text run at (43,0) width 4: " "
                RenderBlock {P} at (8,61) size 90x15
                  RenderText {#text} at (43,0) size 4x15
                    text run at (43,0) width 4: " "
                RenderBlock {P} at (8,76) size 90x15
                  RenderText {#text} at (36,0) size 17x15
                    text run at (36,0) width 17: "No"
                  RenderInline {SPAN} at (0,0) size 1x15
                    RenderInline {O:P} at (0,0) size 1x15
            RenderTableRow {TR} at (0,1486) size 472x136
              RenderTableCell {TD} at (0,1486) size 99x16 [border: (1px none #808080) none] [r=27 c=0 rs=1 cs=1]
                RenderBlock {P} at (8,1) size 84x15
                  RenderText {#text} at (35,0) size 13x15
                    text run at (35,0) width 13: "28"
                  RenderInline {SPAN} at (0,0) size 1x15
                    RenderInline {O:P} at (0,0) size 1x15
              RenderTableCell {TD} at (98,1486) size 170x136 [border: (1px none #808080) none (1px none #808080)] [r=27 c=1 rs=1 cs=1]
                RenderBlock {P} at (8,1) size 155x15
                  RenderText {#text} at (0,0) size 92x15
                    text run at (0,0) width 92: "Zak + Mike West"
                  RenderInline {SPAN} at (0,0) size 0x15
                    RenderInline {O:P} at (0,0) size 0x15
                RenderBlock {P} at (8,16) size 155x15
                  RenderText {#text} at (0,0) size 65x15
                    text run at (0,0) width 65: "Dave Neves"
                  RenderInline {SPAN} at (0,0) size 0x15
                    RenderInline {O:P} at (0,0) size 0x15
                RenderBlock {P} at (8,31) size 155x15
                  RenderText {#text} at (0,0) size 75x15
                    text run at (0,0) width 75: "Richard Green"
                  RenderInline {SPAN} at (0,0) size 0x15
                    RenderInline {O:P} at (0,0) size 0x15
                RenderBlock {P} at (8,46) size 155x15
                  RenderText {#text} at (0,0) size 67x15
                    text run at (0,0) width 67: "Javier Flores"
                RenderBlock {P} at (8,61) size 155x15
                  RenderText {#text} at (0,0) size 81x15
                    text run at (0,0) width 81: "Gerald Cardinal"
                RenderBlock {P} at (8,76) size 155x15
                  RenderText {#text} at (0,0) size 62x15
                    text run at (0,0) width 62: "Dan Sievert"
                RenderBlock {P} at (8,91) size 155x15
                  RenderText {#text} at (0,0) size 65x15
                    text run at (0,0) width 65: "Ali Erdengiz"
                RenderBlock {P} at (8,106) size 155x15
                  RenderText {#text} at (0,0) size 62x15
                    text run at (0,0) width 62: "Paul Walter"
                RenderBlock {P} at (8,121) size 155x15
                  RenderText {#text} at (0,0) size 60x15
                    text run at (0,0) width 60: "Jerry Davis"
                  RenderInline {SPAN} at (0,0) size 0x15
                    RenderInline {O:P} at (0,0) size 0x15
              RenderTableCell {TD} at (267,1486) size 100x136 [border: (1px none #808080) none (1px none #808080)] [r=27 c=2 rs=1 cs=1]
                RenderBlock {P} at (8,1) size 84x15
                  RenderText {#text} at (31,0) size 21x15
                    text run at (31,0) width 21: "Yes"
                  RenderInline {SPAN} at (0,0) size 1x15
                    RenderInline {O:P} at (0,0) size 1x15
                RenderBlock {P} at (8,16) size 84x15
                  RenderText {#text} at (31,0) size 21x15
                    text run at (31,0) width 21: "Yes"
                  RenderInline {SPAN} at (0,0) size 1x15
                    RenderInline {O:P} at (0,0) size 1x15
                RenderBlock {P} at (8,31) size 84x15
                  RenderText {#text} at (31,0) size 21x15
                    text run at (31,0) width 21: "Yes"
                  RenderInline {SPAN} at (0,0) size 1x15
                    RenderInline {O:P} at (0,0) size 1x15
                RenderBlock {P} at (8,46) size 84x15
                  RenderText {#text} at (31,0) size 21x15
                    text run at (31,0) width 21: "Yes"
                RenderBlock {P} at (8,61) size 84x15
                  RenderText {#text} at (40,0) size 4x15
                    text run at (40,0) width 4: " "
                RenderBlock {P} at (8,76) size 84x15
                  RenderText {#text} at (31,0) size 21x15
                    text run at (31,0) width 21: "Yes"
                RenderBlock {P} at (8,91) size 84x15
                  RenderText {#text} at (40,0) size 4x15
                    text run at (40,0) width 4: " "
                RenderBlock {P} at (8,106) size 84x15
                  RenderText {#text} at (40,0) size 4x15
                    text run at (40,0) width 4: " "
                RenderBlock {P} at (8,121) size 84x15
                  RenderText {#text} at (31,0) size 21x15
                    text run at (31,0) width 21: "Yes"
                  RenderInline {SPAN} at (0,0) size 1x15
                    RenderInline {O:P} at (0,0) size 1x15
              RenderTableCell {TD} at (366,1486) size 107x136 [border: (1px none #808080) none (1px none #808080)] [r=27 c=3 rs=1 cs=1]
                RenderBlock {P} at (8,1) size 90x15
                  RenderText {#text} at (34,0) size 21x15
                    text run at (34,0) width 21: "Yes"
                  RenderInline {SPAN} at (0,0) size 1x15
                    RenderInline {O:P} at (0,0) size 1x15
                RenderBlock {P} at (8,16) size 90x15
                  RenderText {#text} at (34,0) size 21x15
                    text run at (34,0) width 21: "Yes"
                  RenderInline {SPAN} at (0,0) size 1x15
                    RenderInline {O:P} at (0,0) size 1x15
                RenderBlock {P} at (8,31) size 90x15
                  RenderText {#text} at (36,0) size 17x15
                    text run at (36,0) width 17: "No"
                  RenderInline {SPAN} at (0,0) size 1x15
                    RenderInline {O:P} at (0,0) size 1x15
                RenderBlock {P} at (8,46) size 90x15
                  RenderText {#text} at (36,0) size 17x15
                    text run at (36,0) width 17: "No"
                RenderBlock {P} at (8,61) size 90x15
                  RenderText {#text} at (43,0) size 4x15
                    text run at (43,0) width 4: " "
                RenderBlock {P} at (8,76) size 90x15
                  RenderText {#text} at (36,0) size 17x15
                    text run at (36,0) width 17: "No"
                RenderBlock {P} at (8,91) size 90x15
                  RenderText {#text} at (43,0) size 4x15
                    text run at (43,0) width 4: " "
                RenderBlock {P} at (8,106) size 90x15
                  RenderText {#text} at (43,0) size 4x15
                    text run at (43,0) width 4: " "
                RenderBlock {P} at (8,121) size 90x15
                  RenderText {#text} at (36,0) size 17x15
                    text run at (36,0) width 17: "No"
                  RenderInline {SPAN} at (0,0) size 1x15
                    RenderInline {O:P} at (0,0) size 1x15
            RenderTableRow {TR} at (0,1622) size 472x46
              RenderTableCell {TD} at (0,1622) size 99x16 [border: (1px none #808080) none] [r=28 c=0 rs=1 cs=1]
                RenderBlock {P} at (8,1) size 84x15
                  RenderText {#text} at (35,0) size 13x15
                    text run at (35,0) width 13: "29"
                  RenderInline {SPAN} at (0,0) size 1x15
                    RenderInline {O:P} at (0,0) size 1x15
              RenderTableCell {TD} at (98,1622) size 170x46 [border: (1px none #808080) none (1px none #808080)] [r=28 c=1 rs=1 cs=1]
                RenderBlock {P} at (8,1) size 155x15
                  RenderText {#text} at (0,0) size 67x15
                    text run at (0,0) width 67: "Javier Flores"
                  RenderInline {SPAN} at (0,0) size 0x15
                    RenderInline {O:P} at (0,0) size 0x15
                RenderBlock {P} at (8,16) size 155x15
                  RenderText {#text} at (0,0) size 66x15
                    text run at (0,0) width 66: "Bill Johnson"
                RenderBlock {P} at (8,31) size 155x15
                  RenderText {#text} at (0,0) size 58x15
                    text run at (0,0) width 58: "John Todd"
                  RenderInline {SPAN} at (0,0) size 0x15
                    RenderInline {O:P} at (0,0) size 0x15
              RenderTableCell {TD} at (267,1622) size 100x31 [border: (1px none #808080) none (1px none #808080)] [r=28 c=2 rs=1 cs=1]
                RenderBlock {P} at (8,1) size 84x15
                  RenderText {#text} at (31,0) size 21x15
                    text run at (31,0) width 21: "Yes"
                  RenderInline {SPAN} at (0,0) size 1x15
                    RenderInline {O:P} at (0,0) size 1x15
                RenderBlock {P} at (8,16) size 84x15
                  RenderText {#text} at (31,0) size 21x15
                    text run at (31,0) width 21: "Yes"
                  RenderInline {SPAN} at (0,0) size 1x15
                    RenderInline {O:P} at (0,0) size 1x15
              RenderTableCell {TD} at (366,1622) size 107x31 [border: (1px none #808080) none (1px none #808080)] [r=28 c=3 rs=1 cs=1]
                RenderBlock {P} at (8,1) size 90x15
                  RenderText {#text} at (36,0) size 17x15
                    text run at (36,0) width 17: "No"
                  RenderInline {SPAN} at (0,0) size 1x15
                    RenderInline {O:P} at (0,0) size 1x15
                RenderBlock {P} at (8,16) size 90x15
                  RenderText {#text} at (36,0) size 17x15
                    text run at (36,0) width 17: "No"
                  RenderInline {SPAN} at (0,0) size 1x15
                    RenderInline {O:P} at (0,0) size 1x15
            RenderTableRow {TR} at (0,1668) size 472x106
              RenderTableCell {TD} at (0,1668) size 99x16 [border: (1px none #808080) none] [r=29 c=0 rs=1 cs=1]
                RenderBlock {P} at (8,1) size 84x15
                  RenderText {#text} at (35,0) size 13x15
                    text run at (35,0) width 13: "30"
                  RenderInline {SPAN} at (0,0) size 1x15
                    RenderInline {O:P} at (0,0) size 1x15
              RenderTableCell {TD} at (98,1668) size 170x106 [border: (1px none #808080) none (1px none #808080)] [r=29 c=1 rs=1 cs=1]
                RenderBlock {P} at (8,1) size 155x15
                  RenderText {#text} at (0,0) size 86x15
                    text run at (0,0) width 86: "Alan Littlewood"
                  RenderInline {SPAN} at (0,0) size 0x15
                    RenderInline {O:P} at (0,0) size 0x15
                RenderBlock {P} at (8,16) size 155x15
                  RenderText {#text} at (0,0) size 82x15
                    text run at (0,0) width 82: "George Coward"
                  RenderInline {SPAN} at (0,0) size 0x15
                    RenderInline {O:P} at (0,0) size 0x15
                RenderBlock {P} at (8,31) size 155x15
                  RenderText {#text} at (0,0) size 84x15
                    text run at (0,0) width 84: "Maurice Burton"
                RenderBlock {P} at (8,46) size 155x15
                  RenderText {#text} at (0,0) size 62x15
                    text run at (0,0) width 62: "Dan Sievert"
                RenderBlock {P} at (8,61) size 155x15
                  RenderText {#text} at (0,0) size 109x15
                    text run at (0,0) width 109: "Michael DeGiovanni"
                RenderBlock {P} at (8,76) size 155x15
                  RenderText {#text} at (0,0) size 86x15
                    text run at (0,0) width 86: "Jack Goodfriend"
                RenderBlock {P} at (8,91) size 155x15
                  RenderText {#text} at (0,0) size 88x15
                    text run at (0,0) width 88: "Richard Sanchez"
                  RenderInline {SPAN} at (0,0) size 0x15
                    RenderInline {O:P} at (0,0) size 0x15
              RenderTableCell {TD} at (267,1668) size 100x106 [border: (1px none #808080) none (1px none #808080)] [r=29 c=2 rs=1 cs=1]
                RenderBlock {P} at (8,1) size 84x15
                  RenderText {#text} at (31,0) size 21x15
                    text run at (31,0) width 21: "Yes"
                  RenderInline {SPAN} at (0,0) size 1x15
                    RenderInline {O:P} at (0,0) size 1x15
                RenderBlock {P} at (8,16) size 84x15
                  RenderText {#text} at (31,0) size 21x15
                    text run at (31,0) width 21: "Yes"
                  RenderInline {SPAN} at (0,0) size 1x15
                    RenderInline {O:P} at (0,0) size 1x15
                RenderBlock {P} at (8,31) size 84x15
                  RenderText {#text} at (31,0) size 21x15
                    text run at (31,0) width 21: "Yes"
                RenderBlock {P} at (8,46) size 84x15
                  RenderText {#text} at (31,0) size 21x15
                    text run at (31,0) width 21: "Yes"
                RenderBlock {P} at (8,61) size 84x15
                  RenderText {#text} at (40,0) size 4x15
                    text run at (40,0) width 4: " "
                RenderBlock {P} at (8,76) size 84x15
                  RenderText {#text} at (40,0) size 4x15
                    text run at (40,0) width 4: " "
                RenderBlock {P} at (8,91) size 84x15
                  RenderText {#text} at (33,0) size 17x15
                    text run at (33,0) width 17: "No"
                  RenderInline {SPAN} at (0,0) size 1x15
                    RenderInline {O:P} at (0,0) size 1x15
              RenderTableCell {TD} at (366,1668) size 107x106 [border: (1px none #808080) none (1px none #808080)] [r=29 c=3 rs=1 cs=1]
                RenderBlock {P} at (8,1) size 90x15
                  RenderText {#text} at (36,0) size 17x15
                    text run at (36,0) width 17: "No"
                  RenderInline {SPAN} at (0,0) size 1x15
                    RenderInline {O:P} at (0,0) size 1x15
                RenderBlock {P} at (8,16) size 90x15
                  RenderText {#text} at (36,0) size 17x15
                    text run at (36,0) width 17: "No"
                  RenderInline {SPAN} at (0,0) size 1x15
                    RenderInline {O:P} at (0,0) size 1x15
                RenderBlock {P} at (8,31) size 90x15
                  RenderText {#text} at (36,0) size 17x15
                    text run at (36,0) width 17: "No"
                RenderBlock {P} at (8,46) size 90x15
                  RenderText {#text} at (36,0) size 17x15
                    text run at (36,0) width 17: "No"
                RenderBlock {P} at (8,61) size 90x15
                  RenderText {#text} at (43,0) size 4x15
                    text run at (43,0) width 4: " "
                RenderBlock {P} at (8,76) size 90x15
                  RenderText {#text} at (43,0) size 4x15
                    text run at (43,0) width 4: " "
                RenderBlock {P} at (8,91) size 90x15
                  RenderText {#text} at (34,0) size 21x15
                    text run at (34,0) width 21: "Yes"
                  RenderInline {SPAN} at (0,0) size 1x15
                    RenderInline {O:P} at (0,0) size 1x15
            RenderTableRow {TR} at (0,1774) size 472x46
              RenderTableCell {TD} at (0,1774) size 99x16 [border: (1px none #808080) none] [r=30 c=0 rs=1 cs=1]
                RenderBlock {P} at (8,1) size 84x15
                  RenderText {#text} at (35,0) size 13x15
                    text run at (35,0) width 13: "31"
                  RenderInline {SPAN} at (0,0) size 1x15
                    RenderInline {O:P} at (0,0) size 1x15
              RenderTableCell {TD} at (98,1774) size 170x46 [border: (1px none #808080) none (1px none #808080)] [r=30 c=1 rs=1 cs=1]
                RenderBlock {P} at (8,1) size 155x15
                  RenderText {#text} at (0,0) size 65x15
                    text run at (0,0) width 65: "Dave Neves"
                RenderBlock {P} at (8,16) size 155x15
                  RenderText {#text} at (0,0) size 79x15
                    text run at (0,0) width 79: "James Haladus"
                RenderBlock {P} at (8,31) size 155x15
                  RenderText {#text} at (0,0) size 62x15
                    text run at (0,0) width 62: "Randy Reid"
                  RenderInline {SPAN} at (0,0) size 0x15
                    RenderInline {O:P} at (0,0) size 0x15
              RenderTableCell {TD} at (267,1774) size 100x31 [border: (1px none #808080) none (1px none #808080)] [r=30 c=2 rs=1 cs=1]
                RenderBlock {P} at (8,1) size 84x15
                  RenderText {#text} at (31,0) size 21x15
                    text run at (31,0) width 21: "Yes"
                RenderBlock {P} at (8,16) size 84x15
                  RenderText {#text} at (31,0) size 21x15
                    text run at (31,0) width 21: "Yes"
                  RenderInline {SPAN} at (0,0) size 1x15
                    RenderInline {O:P} at (0,0) size 1x15
              RenderTableCell {TD} at (366,1774) size 107x31 [border: (1px none #808080) none (1px none #808080)] [r=30 c=3 rs=1 cs=1]
                RenderBlock {P} at (8,1) size 90x15
                  RenderText {#text} at (34,0) size 21x15
                    text run at (34,0) width 21: "Yes"
                RenderBlock {P} at (8,16) size 90x15
                  RenderText {#text} at (36,0) size 17x15
                    text run at (36,0) width 17: "No"
                  RenderInline {SPAN} at (0,0) size 1x15
                    RenderInline {O:P} at (0,0) size 1x15
            RenderTableRow {TR} at (0,1820) size 472x61
              RenderTableCell {TD} at (0,1820) size 99x16 [border: (1px none #808080) none] [r=31 c=0 rs=1 cs=1]
                RenderBlock {P} at (8,1) size 84x15
                  RenderText {#text} at (35,0) size 13x15
                    text run at (35,0) width 13: "32"
                  RenderInline {SPAN} at (0,0) size 1x15
                    RenderInline {O:P} at (0,0) size 1x15
              RenderTableCell {TD} at (98,1820) size 170x61 [border: (1px none #808080) none (1px none #808080)] [r=31 c=1 rs=1 cs=1]
                RenderBlock {P} at (8,1) size 155x15
                  RenderText {#text} at (0,0) size 62x15
                    text run at (0,0) width 62: " Oliver Baer"
                RenderBlock {P} at (8,16) size 155x15
                  RenderText {#text} at (0,0) size 66x15
                    text run at (0,0) width 66: "Dale Barnett"
                RenderBlock {P} at (8,31) size 155x15
                  RenderText {#text} at (0,0) size 58x15
                    text run at (0,0) width 58: "John Todd"
                RenderBlock {P} at (8,46) size 155x15
                  RenderText {#text} at (0,0) size 84x15
                    text run at (0,0) width 84: "Dominic Bayani"
                  RenderInline {SPAN} at (0,0) size 0x15
                    RenderInline {O:P} at (0,0) size 0x15
              RenderTableCell {TD} at (267,1820) size 100x31 [border: (1px none #808080) none (1px none #808080)] [r=31 c=2 rs=1 cs=1]
                RenderBlock {P} at (8,1) size 84x15
                  RenderText {#text} at (30,0) size 24x15
                    text run at (30,0) width 24: " Yes"
                RenderBlock {P} at (8,16) size 84x15
                  RenderText {#text} at (31,0) size 21x15
                    text run at (31,0) width 21: "Yes"
                  RenderInline {SPAN} at (0,0) size 1x15
                    RenderInline {O:P} at (0,0) size 1x15
              RenderTableCell {TD} at (366,1820) size 107x31 [border: (1px none #808080) none (1px none #808080)] [r=31 c=3 rs=1 cs=1]
                RenderBlock {P} at (8,1) size 90x15
                  RenderText {#text} at (35,0) size 20x15
                    text run at (35,0) width 20: " No"
                RenderBlock {P} at (8,16) size 90x15
                  RenderText {#text} at (36,0) size 17x15
                    text run at (36,0) width 17: "No"
                  RenderInline {SPAN} at (0,0) size 1x15
                    RenderInline {O:P} at (0,0) size 1x15
            RenderTableRow {TR} at (0,1881) size 472x136
              RenderTableCell {TD} at (0,1881) size 99x16 [border: (1px none #808080) none] [r=32 c=0 rs=1 cs=1]
                RenderBlock {P} at (8,1) size 84x15
                  RenderText {#text} at (35,0) size 13x15
                    text run at (35,0) width 13: "33"
                  RenderInline {SPAN} at (0,0) size 1x15
                    RenderInline {O:P} at (0,0) size 1x15
              RenderTableCell {TD} at (98,1881) size 170x136 [border: (1px none #808080) none (1px none #808080)] [r=32 c=1 rs=1 cs=1]
                RenderBlock {P} at (8,1) size 155x15
                  RenderText {#text} at (0,0) size 70x15
                    text run at (0,0) width 70: "Tom Wagner"
                  RenderInline {SPAN} at (0,0) size 0x15
                    RenderInline {O:P} at (0,0) size 0x15
                RenderBlock {P} at (8,16) size 155x15
                  RenderText {#text} at (0,0) size 73x15
                    text run at (0,0) width 73: "Gene Langley"
                RenderBlock {P} at (8,31) size 155x15
                  RenderText {#text} at (0,0) size 79x15
                    text run at (0,0) width 79: "James Haladus"
                RenderBlock {P} at (8,46) size 155x15
                  RenderText {#text} at (0,0) size 80x15
                    text run at (0,0) width 80: "Daniel Buckley"
                RenderBlock {P} at (8,61) size 155x15
                  RenderText {#text} at (0,0) size 67x15
                    text run at (0,0) width 67: "Chris Larsen"
                RenderBlock {P} at (8,76) size 155x15
                  RenderText {#text} at (0,0) size 71x15
                    text run at (0,0) width 71: "Mike Chansu"
                RenderBlock {P} at (8,91) size 155x15
                  RenderText {#text} at (0,0) size 70x15
                    text run at (0,0) width 70: "James Brown"
                RenderBlock {P} at (8,106) size 155x15
                  RenderText {#text} at (0,0) size 62x15
                    text run at (0,0) width 62: "Will Sievert"
                RenderBlock {P} at (8,121) size 155x15
                  RenderText {#text} at (0,0) size 68x15
                    text run at (0,0) width 68: "Terry Chong"
                  RenderInline {SPAN} at (0,0) size 0x15
                    RenderInline {O:P} at (0,0) size 0x15
              RenderTableCell {TD} at (267,1881) size 100x136 [border: (1px none #808080) none (1px none #808080)] [r=32 c=2 rs=1 cs=1]
                RenderBlock {P} at (8,1) size 84x15
                  RenderText {#text} at (31,0) size 21x15
                    text run at (31,0) width 21: "Yes"
                  RenderInline {SPAN} at (0,0) size 1x15
                    RenderInline {O:P} at (0,0) size 1x15
                RenderBlock {P} at (8,16) size 84x15
                  RenderText {#text} at (31,0) size 21x15
                    text run at (31,0) width 21: "Yes"
                RenderBlock {P} at (8,31) size 84x15
                  RenderText {#text} at (31,0) size 21x15
                    text run at (31,0) width 21: "Yes"
                RenderBlock {P} at (8,46) size 84x15
                  RenderText {#text} at (31,0) size 21x15
                    text run at (31,0) width 21: "Yes"
                RenderBlock {P} at (8,61) size 84x15
                  RenderText {#text} at (40,0) size 4x15
                    text run at (40,0) width 4: " "
                RenderBlock {P} at (8,76) size 84x15
                  RenderText {#text} at (31,0) size 21x15
                    text run at (31,0) width 21: "Yes"
                RenderBlock {P} at (8,91) size 84x15
                  RenderText {#text} at (31,0) size 21x15
                    text run at (31,0) width 21: "Yes"
                RenderBlock {P} at (8,106) size 84x15
                  RenderText {#text} at (31,0) size 21x15
                    text run at (31,0) width 21: "Yes"
                RenderBlock {P} at (8,121) size 84x15
                  RenderText {#text} at (31,0) size 21x15
                    text run at (31,0) width 21: "Yes"
                  RenderInline {SPAN} at (0,0) size 1x15
                    RenderInline {O:P} at (0,0) size 1x15
              RenderTableCell {TD} at (366,1881) size 107x136 [border: (1px none #808080) none (1px none #808080)] [r=32 c=3 rs=1 cs=1]
                RenderBlock {P} at (8,1) size 90x15
                  RenderText {#text} at (36,0) size 17x15
                    text run at (36,0) width 17: "No"
                  RenderInline {SPAN} at (0,0) size 1x15
                    RenderInline {O:P} at (0,0) size 1x15
                RenderBlock {P} at (8,16) size 90x15
                  RenderText {#text} at (6,0) size 78x15
                    text run at (6,0) width 78: "Gyro wannabe"
                RenderBlock {P} at (8,31) size 90x15
                  RenderText {#text} at (36,0) size 17x15
                    text run at (36,0) width 17: "No"
                RenderBlock {P} at (8,46) size 90x15
                  RenderText {#text} at (36,0) size 17x15
                    text run at (36,0) width 17: "No"
                RenderBlock {P} at (8,61) size 90x15
                  RenderText {#text} at (43,0) size 4x15
                    text run at (43,0) width 4: " "
                RenderBlock {P} at (8,76) size 90x15
                  RenderText {#text} at (36,0) size 17x15
                    text run at (36,0) width 17: "No"
                RenderBlock {P} at (8,91) size 90x15
                  RenderText {#text} at (36,0) size 17x15
                    text run at (36,0) width 17: "No"
                RenderBlock {P} at (8,106) size 90x15
                  RenderText {#text} at (36,0) size 17x15
                    text run at (36,0) width 17: "No"
                RenderBlock {P} at (8,121) size 90x15
                  RenderText {#text} at (36,0) size 17x15
                    text run at (36,0) width 17: "No"
                  RenderInline {SPAN} at (0,0) size 1x15
                    RenderInline {O:P} at (0,0) size 1x15
            RenderTableRow {TR} at (0,2017) size 472x121
              RenderTableCell {TD} at (0,2017) size 99x16 [border: (1px none #808080) none] [r=33 c=0 rs=1 cs=1]
                RenderBlock {P} at (8,1) size 84x15
                  RenderText {#text} at (35,0) size 13x15
                    text run at (35,0) width 13: "34"
                  RenderInline {SPAN} at (0,0) size 1x15
                    RenderInline {O:P} at (0,0) size 1x15
              RenderTableCell {TD} at (98,2017) size 170x121 [border: (1px none #808080) none (1px none #808080)] [r=33 c=1 rs=1 cs=1]
                RenderBlock {P} at (8,1) size 155x15
                  RenderText {#text} at (0,0) size 55x15
                    text run at (0,0) width 55: "Jay Ribera"
                RenderBlock {P} at (8,16) size 155x15
                  RenderText {#text} at (0,0) size 81x15
                    text run at (0,0) width 81: "Gerald Cardinal"
                RenderBlock {P} at (8,31) size 155x15
                  RenderText {#text} at (0,0) size 66x15
                    text run at (0,0) width 66: "Dale Barnett"
                RenderBlock {P} at (8,46) size 155x15
                  RenderText {#text} at (0,0) size 62x15
                    text run at (0,0) width 62: "Paul Walter"
                RenderBlock {P} at (8,61) size 155x15
                  RenderText {#text} at (0,0) size 84x15
                    text run at (0,0) width 84: "Dominic Bayani"
                RenderBlock {P} at (8,76) size 155x15
                  RenderText {#text} at (0,0) size 90x15
                    text run at (0,0) width 90: "Donald Carvalho"
                RenderBlock {P} at (8,91) size 155x15
                  RenderText {#text} at (0,0) size 73x15
                    text run at (0,0) width 73: "Jack Peterson"
                RenderBlock {P} at (8,106) size 155x15
                  RenderText {#text} at (0,0) size 63x15
                    text run at (0,0) width 63: "Scott Hersh"
                  RenderInline {SPAN} at (0,0) size 0x15
                    RenderInline {O:P} at (0,0) size 0x15
              RenderTableCell {TD} at (267,2017) size 100x121 [border: (1px none #808080) none (1px none #808080)] [r=33 c=2 rs=1 cs=1]
                RenderBlock {P} at (8,1) size 84x15
                  RenderText {#text} at (31,0) size 21x15
                    text run at (31,0) width 21: "Yes"
                RenderBlock {P} at (8,16) size 84x15
                  RenderText {#text} at (40,0) size 4x15
                    text run at (40,0) width 4: " "
                RenderBlock {P} at (8,31) size 84x15
                  RenderText {#text} at (31,0) size 21x15
                    text run at (31,0) width 21: "Yes"
                RenderBlock {P} at (8,46) size 84x15
                  RenderText {#text} at (40,0) size 4x15
                    text run at (40,0) width 4: " "
                RenderBlock {P} at (8,61) size 84x15
                  RenderText {#text} at (40,0) size 4x15
                    text run at (40,0) width 4: " "
                RenderBlock {P} at (8,76) size 84x15
                  RenderText {#text} at (40,0) size 4x15
                    text run at (40,0) width 4: " "
                RenderBlock {P} at (8,91) size 84x15
                  RenderText {#text} at (40,0) size 4x15
                    text run at (40,0) width 4: " "
                RenderBlock {P} at (8,106) size 84x15
                  RenderText {#text} at (31,0) size 21x15
                    text run at (31,0) width 21: "Yes"
                  RenderInline {SPAN} at (0,0) size 1x15
                    RenderInline {O:P} at (0,0) size 1x15
              RenderTableCell {TD} at (366,2017) size 107x121 [border: (1px none #808080) none (1px none #808080)] [r=33 c=3 rs=1 cs=1]
                RenderBlock {P} at (8,1) size 90x15
                  RenderText {#text} at (36,0) size 17x15
                    text run at (36,0) width 17: "No"
                RenderBlock {P} at (8,16) size 90x15
                  RenderText {#text} at (43,0) size 4x15
                    text run at (43,0) width 4: " "
                RenderBlock {P} at (8,31) size 90x15
                  RenderText {#text} at (36,0) size 17x15
                    text run at (36,0) width 17: "No"
                RenderBlock {P} at (8,46) size 90x15
                  RenderText {#text} at (43,0) size 4x15
                    text run at (43,0) width 4: " "
                RenderBlock {P} at (8,61) size 90x15
                  RenderText {#text} at (43,0) size 4x15
                    text run at (43,0) width 4: " "
                RenderBlock {P} at (8,76) size 90x15
                  RenderText {#text} at (43,0) size 4x15
                    text run at (43,0) width 4: " "
                RenderBlock {P} at (8,91) size 90x15
                  RenderText {#text} at (43,0) size 4x15
                    text run at (43,0) width 4: " "
                RenderBlock {P} at (8,106) size 90x15
                  RenderText {#text} at (36,0) size 17x15
                    text run at (36,0) width 17: "No"
                  RenderInline {SPAN} at (0,0) size 1x15
                    RenderInline {O:P} at (0,0) size 1x15
            RenderTableRow {TR} at (0,2138) size 472x76
              RenderTableCell {TD} at (0,2138) size 99x16 [border: (1px none #808080) none] [r=34 c=0 rs=1 cs=1]
                RenderBlock {P} at (8,1) size 84x15
                  RenderText {#text} at (35,0) size 13x15
                    text run at (35,0) width 13: "35"
                  RenderInline {SPAN} at (0,0) size 1x15
                    RenderInline {O:P} at (0,0) size 1x15
              RenderTableCell {TD} at (98,2138) size 170x76 [border: (1px none #808080) none (1px none #808080)] [r=34 c=1 rs=1 cs=1]
                RenderBlock {P} at (8,1) size 155x15
                  RenderText {#text} at (0,0) size 78x15
                    text run at (0,0) width 78: " Richard Green"
                RenderBlock {P} at (8,16) size 155x15
                  RenderText {#text} at (0,0) size 64x15
                    text run at (0,0) width 64: "David Allen"
                RenderBlock {P} at (8,31) size 155x15
                  RenderText {#text} at (0,0) size 55x15
                    text run at (0,0) width 55: "Jim Colvin"
                RenderBlock {P} at (8,46) size 155x15
                  RenderText {#text} at (0,0) size 68x15
                    text run at (0,0) width 68: "Harald Close"
                RenderBlock {P} at (8,61) size 155x15
                  RenderText {#text} at (0,0) size 59x15
                    text run at (0,0) width 59: "Oliver Baer"
                  RenderInline {SPAN} at (0,0) size 0x15
                    RenderInline {O:P} at (0,0) size 0x15
              RenderTableCell {TD} at (267,2138) size 100x76 [border: (1px none #808080) none (1px none #808080)] [r=34 c=2 rs=1 cs=1]
                RenderBlock {P} at (8,1) size 84x15
                  RenderText {#text} at (40,0) size 4x15
                    text run at (40,0) width 4: " "
                RenderBlock {P} at (8,16) size 84x15
                  RenderText {#text} at (40,0) size 4x15
                    text run at (40,0) width 4: " "
                RenderBlock {P} at (8,31) size 84x15
                  RenderText {#text} at (40,0) size 4x15
                    text run at (40,0) width 4: " "
                RenderBlock {P} at (8,46) size 84x15
                  RenderText {#text} at (31,0) size 21x15
                    text run at (31,0) width 21: "Yes"
                RenderBlock {P} at (8,61) size 84x15
                  RenderText {#text} at (31,0) size 21x15
                    text run at (31,0) width 21: "Yes"
                  RenderInline {SPAN} at (0,0) size 1x15
                    RenderInline {O:P} at (0,0) size 1x15
              RenderTableCell {TD} at (366,2138) size 107x76 [border: (1px none #808080) none (1px none #808080)] [r=34 c=3 rs=1 cs=1]
                RenderBlock {P} at (8,1) size 90x15
                  RenderText {#text} at (43,0) size 4x15
                    text run at (43,0) width 4: " "
                RenderBlock {P} at (8,16) size 90x15
                  RenderText {#text} at (43,0) size 4x15
                    text run at (43,0) width 4: " "
                RenderBlock {P} at (8,31) size 90x15
                  RenderText {#text} at (43,0) size 4x15
                    text run at (43,0) width 4: " "
                RenderBlock {P} at (8,46) size 90x15
                  RenderText {#text} at (34,0) size 21x15
                    text run at (34,0) width 21: "Yes"
                RenderBlock {P} at (8,61) size 90x15
                  RenderText {#text} at (36,0) size 17x15
                    text run at (36,0) width 17: "No"
                  RenderInline {SPAN} at (0,0) size 1x15
                    RenderInline {O:P} at (0,0) size 1x15
            RenderTableRow {TR} at (0,2214) size 472x76
              RenderTableCell {TD} at (0,2214) size 99x16 [border: (1px none #808080) none] [r=35 c=0 rs=1 cs=1]
                RenderBlock {P} at (8,1) size 84x15
                  RenderText {#text} at (35,0) size 13x15
                    text run at (35,0) width 13: "36"
                  RenderInline {SPAN} at (0,0) size 1x15
                    RenderInline {O:P} at (0,0) size 1x15
              RenderTableCell {TD} at (98,2214) size 170x76 [border: (1px none #808080) none (1px none #808080)] [r=35 c=1 rs=1 cs=1]
                RenderBlock {P} at (8,1) size 155x15
                  RenderText {#text} at (0,0) size 70x15
                    text run at (0,0) width 70: "Jason Beehm"
                RenderBlock {P} at (8,16) size 155x15
                  RenderText {#text} at (0,0) size 90x15
                    text run at (0,0) width 90: "Darrell Carpenter"
                RenderBlock {P} at (8,31) size 155x15
                  RenderText {#text} at (0,0) size 79x15
                    text run at (0,0) width 79: "Stefan Kiritzov"
                RenderBlock {P} at (8,46) size 155x15
                  RenderText {#text} at (0,0) size 66x15
                    text run at (0,0) width 66: "Dale Barnett"
                RenderBlock {P} at (8,61) size 155x15
                  RenderText {#text} at (0,0) size 62x15
                    text run at (0,0) width 62: "Dan Sievert"
                  RenderInline {SPAN} at (0,0) size 0x15
                    RenderInline {O:P} at (0,0) size 0x15
              RenderTableCell {TD} at (267,2214) size 100x76 [border: (1px none #808080) none (1px none #808080)] [r=35 c=2 rs=1 cs=1]
                RenderBlock {P} at (8,1) size 84x15
                  RenderText {#text} at (31,0) size 21x15
                    text run at (31,0) width 21: "Yes"
                RenderBlock {P} at (8,16) size 84x15
                  RenderText {#text} at (31,0) size 21x15
                    text run at (31,0) width 21: "Yes"
                RenderBlock {P} at (8,31) size 84x15
                  RenderText {#text} at (31,0) size 21x15
                    text run at (31,0) width 21: "Yes"
                RenderBlock {P} at (8,46) size 84x15
                  RenderText {#text} at (31,0) size 21x15
                    text run at (31,0) width 21: "Yes"
                RenderBlock {P} at (8,61) size 84x15
                  RenderText {#text} at (31,0) size 21x15
                    text run at (31,0) width 21: "Yes"
                  RenderInline {SPAN} at (0,0) size 1x15
                    RenderInline {O:P} at (0,0) size 1x15
              RenderTableCell {TD} at (366,2214) size 107x76 [border: (1px none #808080) none (1px none #808080)] [r=35 c=3 rs=1 cs=1]
                RenderBlock {P} at (8,1) size 90x15
                  RenderText {#text} at (36,0) size 17x15
                    text run at (36,0) width 17: "No"
                RenderBlock {P} at (8,16) size 90x15
                  RenderText {#text} at (36,0) size 17x15
                    text run at (36,0) width 17: "No"
                RenderBlock {P} at (8,31) size 90x15
                  RenderText {#text} at (34,0) size 21x15
                    text run at (34,0) width 21: "Yes"
                RenderBlock {P} at (8,46) size 90x15
                  RenderText {#text} at (36,0) size 17x15
                    text run at (36,0) width 17: "No"
                RenderBlock {P} at (8,61) size 90x15
                  RenderText {#text} at (36,0) size 17x15
                    text run at (36,0) width 17: "No"
                  RenderInline {SPAN} at (0,0) size 1x15
                    RenderInline {O:P} at (0,0) size 1x15
            RenderTableRow {TR} at (0,2290) size 472x61
              RenderTableCell {TD} at (0,2290) size 99x16 [border: (1px none #808080) none] [r=36 c=0 rs=1 cs=1]
                RenderBlock {P} at (8,1) size 84x15
                  RenderText {#text} at (35,0) size 13x15
                    text run at (35,0) width 13: "37"
                  RenderInline {SPAN} at (0,0) size 1x15
                    RenderInline {O:P} at (0,0) size 1x15
              RenderTableCell {TD} at (98,2290) size 170x61 [border: (1px none #808080) none (1px none #808080)] [r=36 c=1 rs=1 cs=1]
                RenderBlock {P} at (8,1) size 155x15
                  RenderText {#text} at (0,0) size 88x15
                    text run at (0,0) width 88: "Dominic Civiletti"
                RenderBlock {P} at (8,16) size 155x15
                  RenderText {#text} at (0,0) size 81x15
                    text run at (0,0) width 81: "John Chamorro"
                RenderBlock {P} at (8,31) size 155x15
                  RenderText {#text} at (0,0) size 70x15
                    text run at (0,0) width 70: "Jim Mirowski"
                RenderBlock {P} at (8,46) size 155x15
                  RenderText {#text} at (0,0) size 76x15
                    text run at (0,0) width 76: "Soohong  Kim"
                  RenderInline {SPAN} at (0,0) size 0x15
                    RenderInline {O:P} at (0,0) size 0x15
              RenderTableCell {TD} at (267,2290) size 100x61 [border: (1px none #808080) none (1px none #808080)] [r=36 c=2 rs=1 cs=1]
                RenderBlock {P} at (8,1) size 84x15
                  RenderText {#text} at (31,0) size 21x15
                    text run at (31,0) width 21: "Yes"
                RenderBlock {P} at (8,16) size 84x15
                  RenderText {#text} at (40,0) size 4x15
                    text run at (40,0) width 4: " "
                RenderBlock {P} at (8,31) size 84x15
                  RenderText {#text} at (40,0) size 4x15
                    text run at (40,0) width 4: " "
                RenderBlock {P} at (8,46) size 84x15
                  RenderText {#text} at (31,0) size 21x15
                    text run at (31,0) width 21: "Yes"
                  RenderInline {SPAN} at (0,0) size 1x15
                    RenderInline {O:P} at (0,0) size 1x15
              RenderTableCell {TD} at (366,2290) size 107x61 [border: (1px none #808080) none (1px none #808080)] [r=36 c=3 rs=1 cs=1]
                RenderBlock {P} at (8,1) size 90x15
                  RenderText {#text} at (36,0) size 17x15
                    text run at (36,0) width 17: "No"
                RenderBlock {P} at (8,16) size 90x15
                  RenderText {#text} at (43,0) size 4x15
                    text run at (43,0) width 4: " "
                RenderBlock {P} at (8,31) size 90x15
                  RenderText {#text} at (43,0) size 4x15
                    text run at (43,0) width 4: " "
                RenderBlock {P} at (8,46) size 90x15
                  RenderText {#text} at (36,0) size 17x15
                    text run at (36,0) width 17: "No"
                  RenderInline {SPAN} at (0,0) size 1x15
                    RenderInline {O:P} at (0,0) size 1x15
            RenderTableRow {TR} at (0,2351) size 472x91
              RenderTableCell {TD} at (0,2351) size 99x16 [border: (1px none #808080) none] [r=37 c=0 rs=1 cs=1]
                RenderBlock {P} at (8,1) size 84x15
                  RenderText {#text} at (35,0) size 13x15
                    text run at (35,0) width 13: "38"
                  RenderInline {SPAN} at (0,0) size 1x15
                    RenderInline {O:P} at (0,0) size 1x15
              RenderTableCell {TD} at (98,2351) size 170x91 [border: (1px none #808080) none (1px none #808080)] [r=37 c=1 rs=1 cs=1]
                RenderBlock {P} at (8,1) size 155x15
                  RenderText {#text} at (0,0) size 97x15
                    text run at (0,0) width 97: "Karl Allmendinger"
                  RenderInline {SPAN} at (0,0) size 0x15
                    RenderInline {O:P} at (0,0) size 0x15
                RenderBlock {P} at (8,16) size 155x15
                  RenderText {#text} at (0,0) size 63x15
                    text run at (0,0) width 63: "John Bernal"
                  RenderInline {SPAN} at (0,0) size 0x15
                    RenderInline {O:P} at (0,0) size 0x15
                RenderBlock {P} at (8,31) size 155x15
                  RenderText {#text} at (0,0) size 73x15
                    text run at (0,0) width 73: "Gene Langley"
                RenderBlock {P} at (8,46) size 155x15
                  RenderText {#text} at (0,0) size 74x15
                    text run at (0,0) width 74: "Chuck Pringle"
                RenderBlock {P} at (8,61) size 155x15
                  RenderText {#text} at (0,0) size 52x15
                    text run at (0,0) width 52: "Jimmy Lei"
                RenderBlock {P} at (8,76) size 155x15
                  RenderText {#text} at (0,0) size 90x15
                    text run at (0,0) width 90: "Ruenjoe (Joe) Lu"
                  RenderInline {SPAN} at (0,0) size 0x15
                    RenderInline {O:P} at (0,0) size 0x15
              RenderTableCell {TD} at (267,2351) size 100x61 [border: (1px none #808080) none (1px none #808080)] [r=37 c=2 rs=1 cs=1]
                RenderBlock {P} at (8,1) size 84x15
                  RenderText {#text} at (31,0) size 21x15
                    text run at (31,0) width 21: "Yes"
                  RenderInline {SPAN} at (0,0) size 1x15
                    RenderInline {O:P} at (0,0) size 1x15
                RenderBlock {P} at (8,16) size 84x15
                  RenderText {#text} at (31,0) size 21x15
                    text run at (31,0) width 21: "Yes"
                  RenderInline {SPAN} at (0,0) size 1x15
                    RenderInline {O:P} at (0,0) size 1x15
                RenderBlock {P} at (8,31) size 84x15
                  RenderText {#text} at (31,0) size 21x15
                    text run at (31,0) width 21: "Yes"
                RenderBlock {P} at (8,46) size 84x15
                  RenderText {#text} at (31,0) size 21x15
                    text run at (31,0) width 21: "Yes"
                  RenderInline {SPAN} at (0,0) size 1x15
                    RenderInline {O:P} at (0,0) size 1x15
              RenderTableCell {TD} at (366,2351) size 107x61 [border: (1px none #808080) none (1px none #808080)] [r=37 c=3 rs=1 cs=1]
                RenderBlock {P} at (8,1) size 90x15
                  RenderText {#text} at (36,0) size 17x15
                    text run at (36,0) width 17: "No"
                  RenderInline {SPAN} at (0,0) size 1x15
                    RenderInline {O:P} at (0,0) size 1x15
                RenderBlock {P} at (8,16) size 90x15
                  RenderText {#text} at (36,0) size 17x15
                    text run at (36,0) width 17: "No"
                  RenderInline {SPAN} at (0,0) size 1x15
                    RenderInline {O:P} at (0,0) size 1x15
                RenderBlock {P} at (8,31) size 90x15
                  RenderText {#text} at (6,0) size 78x15
                    text run at (6,0) width 78: "Gyro wannabe"
                RenderBlock {P} at (8,46) size 90x15
                  RenderText {#text} at (36,0) size 17x15
                    text run at (36,0) width 17: "No"
                  RenderInline {SPAN} at (0,0) size 1x15
                    RenderInline {O:P} at (0,0) size 1x15
            RenderTableRow {TR} at (0,2442) size 472x46
              RenderTableCell {TD} at (0,2442) size 99x16 [border: (1px none #808080) none] [r=38 c=0 rs=1 cs=1]
                RenderBlock {P} at (8,1) size 84x15
                  RenderText {#text} at (35,0) size 13x15
                    text run at (35,0) width 13: "39"
                  RenderInline {SPAN} at (0,0) size 1x15
                    RenderInline {O:P} at (0,0) size 1x15
              RenderTableCell {TD} at (98,2442) size 170x46 [border: (1px none #808080) none (1px none #808080)] [r=38 c=1 rs=1 cs=1]
                RenderBlock {P} at (8,1) size 155x15
                  RenderText {#text} at (0,0) size 70x15
                    text run at (0,0) width 70: "Tom Wagner"
                RenderBlock {P} at (8,16) size 155x15
                  RenderText {#text} at (0,0) size 59x15
                    text run at (0,0) width 59: "Oliver Baer"
                RenderBlock {P} at (8,31) size 155x15
                  RenderText {#text} at (0,0) size 62x15
                    text run at (0,0) width 62: "Will Sievert"
                  RenderInline {SPAN} at (0,0) size 0x15
                    RenderInline {O:P} at (0,0) size 0x15
              RenderTableCell {TD} at (267,2442) size 100x46 [border: (1px none #808080) none (1px none #808080)] [r=38 c=2 rs=1 cs=1]
                RenderBlock {P} at (8,1) size 84x15
                  RenderText {#text} at (31,0) size 21x15
                    text run at (31,0) width 21: "Yes"
                RenderBlock {P} at (8,16) size 84x15
                  RenderText {#text} at (31,0) size 21x15
                    text run at (31,0) width 21: "Yes"
                RenderBlock {P} at (8,31) size 84x15
                  RenderText {#text} at (31,0) size 21x15
                    text run at (31,0) width 21: "Yes"
                  RenderInline {SPAN} at (0,0) size 1x15
                    RenderInline {O:P} at (0,0) size 1x15
              RenderTableCell {TD} at (366,2442) size 107x46 [border: (1px none #808080) none (1px none #808080)] [r=38 c=3 rs=1 cs=1]
                RenderBlock {P} at (8,1) size 90x15
                  RenderText {#text} at (36,0) size 17x15
                    text run at (36,0) width 17: "No"
                RenderBlock {P} at (8,16) size 90x15
                  RenderText {#text} at (36,0) size 17x15
                    text run at (36,0) width 17: "No"
                RenderBlock {P} at (8,31) size 90x15
                  RenderText {#text} at (36,0) size 17x15
                    text run at (36,0) width 17: "No"
                  RenderInline {SPAN} at (0,0) size 1x15
                    RenderInline {O:P} at (0,0) size 1x15
            RenderTableRow {TR} at (0,2488) size 472x121
              RenderTableCell {TD} at (0,2488) size 99x16 [border: (1px none #808080) none] [r=39 c=0 rs=1 cs=1]
                RenderBlock {P} at (8,1) size 84x15
                  RenderText {#text} at (35,0) size 13x15
                    text run at (35,0) width 13: "40"
                  RenderInline {SPAN} at (0,0) size 1x15
                    RenderInline {O:P} at (0,0) size 1x15
              RenderTableCell {TD} at (98,2488) size 170x121 [border: (1px none #808080) none (1px none #808080)] [r=39 c=1 rs=1 cs=1]
                RenderBlock {P} at (8,1) size 155x15
                  RenderText {#text} at (0,0) size 81x15
                    text run at (0,0) width 81: "Alberto Lanzas"
                  RenderInline {SPAN} at (0,0) size 0x15
                    RenderInline {O:P} at (0,0) size 0x15
                RenderBlock {P} at (8,16) size 155x15
                  RenderText {#text} at (0,0) size 92x15
                    text run at (0,0) width 92: "Zak + Mike West"
                  RenderInline {SPAN} at (0,0) size 0x15
                    RenderInline {O:P} at (0,0) size 0x15
                RenderBlock {P} at (8,31) size 155x15
                  RenderText {#text} at (0,0) size 67x15
                    text run at (0,0) width 67: "Javier Flores"
                  RenderInline {SPAN} at (0,0) size 0x15
                    RenderInline {O:P} at (0,0) size 0x15
                RenderBlock {P} at (8,46) size 155x15
                  RenderText {#text} at (0,0) size 66x15
                    text run at (0,0) width 66: "Bill Johnson"
                  RenderInline {SPAN} at (0,0) size 0x15
                    RenderInline {O:P} at (0,0) size 0x15
                RenderBlock {P} at (8,61) size 155x15
                  RenderText {#text} at (0,0) size 73x15
                    text run at (0,0) width 73: "Gene Langley"
                RenderBlock {P} at (8,76) size 155x15
                  RenderText {#text} at (0,0) size 67x15
                    text run at (0,0) width 67: "Rich Burnett"
                RenderBlock {P} at (8,91) size 155x15
                  RenderText {#text} at (0,0) size 86x15
                    text run at (0,0) width 86: "Jack Goodfriend"
                RenderBlock {P} at (8,106) size 155x15
                  RenderText {#text} at (0,0) size 68x15
                    text run at (0,0) width 68: "Harald Close"
                  RenderInline {SPAN} at (0,0) size 0x15
                    RenderInline {O:P} at (0,0) size 0x15
              RenderTableCell {TD} at (267,2488) size 100x121 [border: (1px none #808080) none (1px none #808080)] [r=39 c=2 rs=1 cs=1]
                RenderBlock {P} at (8,1) size 84x15
                  RenderText {#text} at (31,0) size 21x15
                    text run at (31,0) width 21: "Yes"
                  RenderInline {SPAN} at (0,0) size 1x15
                    RenderInline {O:P} at (0,0) size 1x15
                RenderBlock {P} at (8,16) size 84x15
                  RenderText {#text} at (31,0) size 21x15
                    text run at (31,0) width 21: "Yes"
                  RenderInline {SPAN} at (0,0) size 1x15
                    RenderInline {O:P} at (0,0) size 1x15
                RenderBlock {P} at (8,31) size 84x15
                  RenderText {#text} at (31,0) size 21x15
                    text run at (31,0) width 21: "Yes"
                  RenderInline {SPAN} at (0,0) size 1x15
                    RenderInline {O:P} at (0,0) size 1x15
                RenderBlock {P} at (8,46) size 84x15
                  RenderText {#text} at (31,0) size 21x15
                    text run at (31,0) width 21: "Yes"
                  RenderInline {SPAN} at (0,0) size 1x15
                    RenderInline {O:P} at (0,0) size 1x15
                RenderBlock {P} at (8,61) size 84x15
                  RenderText {#text} at (31,0) size 21x15
                    text run at (31,0) width 21: "Yes"
                RenderBlock {P} at (8,76) size 84x15
                  RenderText {#text} at (40,0) size 4x15
                    text run at (40,0) width 4: " "
                RenderBlock {P} at (8,91) size 84x15
                  RenderText {#text} at (40,0) size 4x15
                    text run at (40,0) width 4: " "
                RenderBlock {P} at (8,106) size 84x15
                  RenderText {#text} at (31,0) size 21x15
                    text run at (31,0) width 21: "Yes"
                  RenderInline {SPAN} at (0,0) size 1x15
                    RenderInline {O:P} at (0,0) size 1x15
              RenderTableCell {TD} at (366,2488) size 107x121 [border: (1px none #808080) none (1px none #808080)] [r=39 c=3 rs=1 cs=1]
                RenderBlock {P} at (8,1) size 90x15
                  RenderText {#text} at (34,0) size 21x15
                    text run at (34,0) width 21: "Yes"
                  RenderInline {SPAN} at (0,0) size 1x15
                    RenderInline {O:P} at (0,0) size 1x15
                RenderBlock {P} at (8,16) size 90x15
                  RenderText {#text} at (34,0) size 21x15
                    text run at (34,0) width 21: "Yes"
                  RenderInline {SPAN} at (0,0) size 1x15
                    RenderInline {O:P} at (0,0) size 1x15
                RenderBlock {P} at (8,31) size 90x15
                  RenderText {#text} at (36,0) size 17x15
                    text run at (36,0) width 17: "No"
                  RenderInline {SPAN} at (0,0) size 1x15
                    RenderInline {O:P} at (0,0) size 1x15
                RenderBlock {P} at (8,46) size 90x15
                  RenderText {#text} at (36,0) size 17x15
                    text run at (36,0) width 17: "No"
                  RenderInline {SPAN} at (0,0) size 1x15
                    RenderInline {O:P} at (0,0) size 1x15
                RenderBlock {P} at (8,61) size 90x15
                  RenderText {#text} at (29,0) size 32x15
                    text run at (29,0) width 32: "Glider"
                RenderBlock {P} at (8,76) size 90x15
                  RenderText {#text} at (43,0) size 4x15
                    text run at (43,0) width 4: " "
                RenderBlock {P} at (8,91) size 90x15
                  RenderText {#text} at (43,0) size 4x15
                    text run at (43,0) width 4: " "
                RenderBlock {P} at (8,106) size 90x15
                  RenderText {#text} at (36,0) size 17x15
                    text run at (36,0) width 17: "No"
                  RenderInline {SPAN} at (0,0) size 1x15
                    RenderInline {O:P} at (0,0) size 1x15
            RenderTableRow {TR} at (0,2609) size 472x121
              RenderTableCell {TD} at (0,2609) size 99x16 [border: (1px none #808080) none] [r=40 c=0 rs=1 cs=1]
                RenderBlock {P} at (8,1) size 84x15
                  RenderText {#text} at (35,0) size 13x15
                    text run at (35,0) width 13: "41"
                  RenderInline {SPAN} at (0,0) size 1x15
                    RenderInline {O:P} at (0,0) size 1x15
              RenderTableCell {TD} at (98,2609) size 170x121 [border: (1px none #808080) none (1px none #808080)] [r=40 c=1 rs=1 cs=1]
                RenderBlock {P} at (8,1) size 155x15
                  RenderText {#text} at (0,0) size 88x15
                    text run at (0,0) width 88: "Dominic Civiletti"
                  RenderInline {SPAN} at (0,0) size 0x15
                    RenderInline {O:P} at (0,0) size 0x15
                RenderBlock {P} at (8,16) size 155x15
                  RenderText {#text} at (0,0) size 103x15
                    text run at (0,0) width 103: "Corbin Christensen"
                  RenderInline {SPAN} at (0,0) size 0x15
                    RenderInline {O:P} at (0,0) size 0x15
                RenderBlock {P} at (8,31) size 155x15
                  RenderText {#text} at (0,0) size 56x15
                    text run at (0,0) width 56: "Hal Hirsch"
                  RenderInline {SPAN} at (0,0) size 0x15
                    RenderInline {O:P} at (0,0) size 0x15
                RenderBlock {P} at (8,46) size 155x15
                  RenderText {#text} at (0,0) size 88x15
                    text run at (0,0) width 88: "Richard Sanchez"
                RenderBlock {P} at (8,61) size 155x15
                  RenderText {#text} at (0,0) size 63x15
                    text run at (0,0) width 63: "John Bernal"
                RenderBlock {P} at (8,76) size 155x15
                  RenderText {#text} at (0,0) size 67x15
                    text run at (0,0) width 67: "Rich Burnett"
                RenderBlock {P} at (8,91) size 155x15
                  RenderText {#text} at (0,0) size 69x15
                    text run at (0,0) width 69: "Brock Brown"
                RenderBlock {P} at (8,106) size 155x15
                  RenderText {#text} at (0,0) size 55x15
                    text run at (0,0) width 55: "John Paye"
                  RenderInline {SPAN} at (0,0) size 0x15
                    RenderInline {O:P} at (0,0) size 0x15
              RenderTableCell {TD} at (267,2609) size 100x106 [border: (1px none #808080) none (1px none #808080)] [r=40 c=2 rs=1 cs=1]
                RenderBlock {P} at (8,1) size 84x15
                  RenderText {#text} at (31,0) size 21x15
                    text run at (31,0) width 21: "Yes"
                  RenderInline {SPAN} at (0,0) size 1x15
                    RenderInline {O:P} at (0,0) size 1x15
                RenderBlock {P} at (8,16) size 84x15
                  RenderText {#text} at (31,0) size 21x15
                    text run at (31,0) width 21: "Yes"
                  RenderInline {SPAN} at (0,0) size 1x15
                    RenderInline {O:P} at (0,0) size 1x15
                RenderBlock {P} at (8,31) size 84x15
                  RenderText {#text} at (31,0) size 21x15
                    text run at (31,0) width 21: "Yes"
                  RenderInline {SPAN} at (0,0) size 1x15
                    RenderInline {O:P} at (0,0) size 1x15
                RenderBlock {P} at (8,46) size 84x15
                  RenderText {#text} at (33,0) size 17x15
                    text run at (33,0) width 17: "No"
                RenderBlock {P} at (8,61) size 84x15
                  RenderText {#text} at (31,0) size 21x15
                    text run at (31,0) width 21: "Yes"
                RenderBlock {P} at (8,76) size 84x15
                  RenderText {#text} at (40,0) size 4x15
                    text run at (40,0) width 4: " "
                RenderBlock {P} at (8,91) size 84x15
                  RenderText {#text} at (31,0) size 21x15
                    text run at (31,0) width 21: "Yes"
                  RenderInline {SPAN} at (0,0) size 1x15
                    RenderInline {O:P} at (0,0) size 1x15
              RenderTableCell {TD} at (366,2609) size 107x106 [border: (1px none #808080) none (1px none #808080)] [r=40 c=3 rs=1 cs=1]
                RenderBlock {P} at (8,1) size 90x15
                  RenderText {#text} at (36,0) size 17x15
                    text run at (36,0) width 17: "No"
                  RenderInline {SPAN} at (0,0) size 1x15
                    RenderInline {O:P} at (0,0) size 1x15
                RenderBlock {P} at (8,16) size 90x15
                  RenderText {#text} at (36,0) size 17x15
                    text run at (36,0) width 17: "No"
                  RenderInline {SPAN} at (0,0) size 1x15
                    RenderInline {O:P} at (0,0) size 1x15
                RenderBlock {P} at (8,31) size 90x15
                  RenderText {#text} at (36,0) size 17x15
                    text run at (36,0) width 17: "No"
                  RenderInline {SPAN} at (0,0) size 1x15
                    RenderInline {O:P} at (0,0) size 1x15
                RenderBlock {P} at (8,46) size 90x15
                  RenderText {#text} at (34,0) size 21x15
                    text run at (34,0) width 21: "Yes"
                RenderBlock {P} at (8,61) size 90x15
                  RenderText {#text} at (36,0) size 17x15
                    text run at (36,0) width 17: "No"
                RenderBlock {P} at (8,76) size 90x15
                  RenderText {#text} at (43,0) size 4x15
                    text run at (43,0) width 4: " "
                RenderBlock {P} at (8,91) size 90x15
                  RenderText {#text} at (36,0) size 17x15
                    text run at (36,0) width 17: "No"
                  RenderInline {SPAN} at (0,0) size 1x15
                    RenderInline {O:P} at (0,0) size 1x15
            RenderTableRow {TR} at (0,2730) size 472x121
              RenderTableCell {TD} at (0,2730) size 99x16 [border: (1px none #808080) none] [r=41 c=0 rs=1 cs=1]
                RenderBlock {P} at (8,1) size 84x15
                  RenderText {#text} at (35,0) size 13x15
                    text run at (35,0) width 13: "42"
                  RenderInline {SPAN} at (0,0) size 1x15
                    RenderInline {O:P} at (0,0) size 1x15
              RenderTableCell {TD} at (98,2730) size 170x121 [border: (1px none #808080) none (1px none #808080)] [r=41 c=1 rs=1 cs=1]
                RenderBlock {P} at (8,1) size 155x15
                  RenderText {#text} at (0,0) size 47x15
                    text run at (0,0) width 47: "Tony Yu"
                  RenderInline {SPAN} at (0,0) size 0x15
                    RenderInline {O:P} at (0,0) size 0x15
                RenderBlock {P} at (8,16) size 155x15
                  RenderText {#text} at (0,0) size 65x15
                    text run at (0,0) width 65: "Jason Miller"
                  RenderInline {SPAN} at (0,0) size 0x15
                    RenderInline {O:P} at (0,0) size 0x15
                RenderBlock {P} at (8,31) size 155x15
                  RenderText {#text} at (0,0) size 84x15
                    text run at (0,0) width 84: "Maurice Burton"
                RenderBlock {P} at (8,46) size 155x15
                  RenderText {#text} at (0,0) size 62x15
                    text run at (0,0) width 62: "Dan Sievert"
                RenderBlock {P} at (8,61) size 155x15
                  RenderText {#text} at (0,0) size 60x15
                    text run at (0,0) width 60: "Jerry Davis"
                RenderBlock {P} at (8,76) size 155x15
                  RenderText {#text} at (0,0) size 55x15
                    text run at (0,0) width 55: "John Paye"
                RenderBlock {P} at (8,91) size 155x15
                  RenderText {#text} at (0,0) size 71x15
                    text run at (0,0) width 71: "Gordon Frost"
                RenderBlock {P} at (8,106) size 155x15
                  RenderText {#text} at (0,0) size 66x15
                    text run at (0,0) width 66: "Chris Walsh"
                  RenderInline {SPAN} at (0,0) size 0x15
                    RenderInline {O:P} at (0,0) size 0x15
              RenderTableCell {TD} at (267,2730) size 100x76 [border: (1px none #808080) none (1px none #808080)] [r=41 c=2 rs=1 cs=1]
                RenderBlock {P} at (8,1) size 84x15
                  RenderText {#text} at (31,0) size 21x15
                    text run at (31,0) width 21: "Yes"
                  RenderInline {SPAN} at (0,0) size 1x15
                    RenderInline {O:P} at (0,0) size 1x15
                RenderBlock {P} at (8,16) size 84x15
                  RenderText {#text} at (31,0) size 21x15
                    text run at (31,0) width 21: "Yes"
                  RenderInline {SPAN} at (0,0) size 1x15
                    RenderInline {O:P} at (0,0) size 1x15
                RenderBlock {P} at (8,31) size 84x15
                  RenderText {#text} at (31,0) size 21x15
                    text run at (31,0) width 21: "Yes"
                RenderBlock {P} at (8,46) size 84x15
                  RenderText {#text} at (31,0) size 21x15
                    text run at (31,0) width 21: "Yes"
                RenderBlock {P} at (8,61) size 84x15
                  RenderText {#text} at (31,0) size 21x15
                    text run at (31,0) width 21: "Yes"
                  RenderInline {SPAN} at (0,0) size 1x15
                    RenderInline {O:P} at (0,0) size 1x15
              RenderTableCell {TD} at (366,2730) size 107x76 [border: (1px none #808080) none (1px none #808080)] [r=41 c=3 rs=1 cs=1]
                RenderBlock {P} at (8,1) size 90x15
                  RenderText {#text} at (36,0) size 17x15
                    text run at (36,0) width 17: "No"
                  RenderInline {SPAN} at (0,0) size 1x15
                    RenderInline {O:P} at (0,0) size 1x15
                RenderBlock {P} at (8,16) size 90x15
                  RenderText {#text} at (36,0) size 17x15
                    text run at (36,0) width 17: "No"
                  RenderInline {SPAN} at (0,0) size 1x15
                    RenderInline {O:P} at (0,0) size 1x15
                RenderBlock {P} at (8,31) size 90x15
                  RenderText {#text} at (36,0) size 17x15
                    text run at (36,0) width 17: "No"
                RenderBlock {P} at (8,46) size 90x15
                  RenderText {#text} at (36,0) size 17x15
                    text run at (36,0) width 17: "No"
                RenderBlock {P} at (8,61) size 90x15
                  RenderText {#text} at (36,0) size 17x15
                    text run at (36,0) width 17: "No"
                  RenderInline {SPAN} at (0,0) size 1x15
                    RenderInline {O:P} at (0,0) size 1x15
            RenderTableRow {TR} at (0,2851) size 472x106
              RenderTableCell {TD} at (0,2851) size 99x16 [border: (1px none #808080) none] [r=42 c=0 rs=1 cs=1]
                RenderBlock {P} at (8,1) size 84x15
                  RenderText {#text} at (35,0) size 13x15
                    text run at (35,0) width 13: "43"
                  RenderInline {SPAN} at (0,0) size 1x15
                    RenderInline {O:P} at (0,0) size 1x15
              RenderTableCell {TD} at (98,2851) size 170x106 [border: (1px none #808080) none (1px none #808080)] [r=42 c=1 rs=1 cs=1]
                RenderBlock {P} at (8,1) size 155x15
                  RenderText {#text} at (0,0) size 88x15
                    text run at (0,0) width 88: "Dominic Civiletti"
                  RenderInline {SPAN} at (0,0) size 0x15
                    RenderInline {O:P} at (0,0) size 0x15
                RenderBlock {P} at (8,16) size 155x15
                  RenderText {#text} at (0,0) size 63x15
                    text run at (0,0) width 63: "Ken Gullion"
                  RenderInline {SPAN} at (0,0) size 0x15
                    RenderInline {O:P} at (0,0) size 0x15
                RenderBlock {P} at (8,31) size 155x15
                  RenderText {#text} at (0,0) size 62x15
                    text run at (0,0) width 62: "Will Sievert"
                RenderBlock {P} at (8,46) size 155x15
                  RenderText {#text} at (0,0) size 72x15
                    text run at (0,0) width 72: "Jim Mahoney"
                RenderBlock {P} at (8,61) size 155x15
                  RenderText {#text} at (0,0) size 66x15
                    text run at (0,0) width 66: "Ken Manuel"
                RenderBlock {P} at (8,76) size 155x15
                  RenderText {#text} at (0,0) size 58x15
                    text run at (0,0) width 58: "John Todd"
                RenderBlock {P} at (8,91) size 155x15
                  RenderText {#text} at (0,0) size 87x15
                    text run at (0,0) width 87: "Rick Rasmussen"
                  RenderInline {SPAN} at (0,0) size 0x15
                    RenderInline {O:P} at (0,0) size 0x15
              RenderTableCell {TD} at (267,2851) size 100x76 [border: (1px none #808080) none (1px none #808080)] [r=42 c=2 rs=1 cs=1]
                RenderBlock {P} at (8,1) size 84x15
                  RenderText {#text} at (31,0) size 21x15
                    text run at (31,0) width 21: "Yes"
                  RenderInline {SPAN} at (0,0) size 1x15
                    RenderInline {O:P} at (0,0) size 1x15
                RenderBlock {P} at (8,16) size 84x15
                  RenderText {#text} at (31,0) size 21x15
                    text run at (31,0) width 21: "Yes"
                  RenderInline {SPAN} at (0,0) size 1x15
                    RenderInline {O:P} at (0,0) size 1x15
                RenderBlock {P} at (8,31) size 84x15
                  RenderText {#text} at (31,0) size 21x15
                    text run at (31,0) width 21: "Yes"
                RenderBlock {P} at (8,46) size 84x15
                  RenderText {#text} at (31,0) size 21x15
                    text run at (31,0) width 21: "Yes"
                RenderBlock {P} at (8,61) size 84x15
                  RenderText {#text} at (31,0) size 21x15
                    text run at (31,0) width 21: "Yes"
                  RenderInline {SPAN} at (0,0) size 1x15
                    RenderInline {O:P} at (0,0) size 1x15
              RenderTableCell {TD} at (366,2851) size 107x76 [border: (1px none #808080) none (1px none #808080)] [r=42 c=3 rs=1 cs=1]
                RenderBlock {P} at (8,1) size 90x15
                  RenderText {#text} at (36,0) size 17x15
                    text run at (36,0) width 17: "No"
                  RenderInline {SPAN} at (0,0) size 1x15
                    RenderInline {O:P} at (0,0) size 1x15
                RenderBlock {P} at (8,16) size 90x15
                  RenderText {#text} at (36,0) size 17x15
                    text run at (36,0) width 17: "No"
                  RenderInline {SPAN} at (0,0) size 1x15
                    RenderInline {O:P} at (0,0) size 1x15
                RenderBlock {P} at (8,31) size 90x15
                  RenderText {#text} at (20,0) size 50x15
                    text run at (20,0) width 50: "Someday"
                RenderBlock {P} at (8,46) size 90x15
                  RenderText {#text} at (34,0) size 21x15
                    text run at (34,0) width 21: "Yes"
                RenderBlock {P} at (8,61) size 90x15
                  RenderText {#text} at (36,0) size 17x15
                    text run at (36,0) width 17: "No"
                  RenderInline {SPAN} at (0,0) size 1x15
                    RenderInline {O:P} at (0,0) size 1x15
            RenderTableRow {TR} at (0,2957) size 472x61
              RenderTableCell {TD} at (0,2957) size 99x16 [border: (1px none #808080) none] [r=43 c=0 rs=1 cs=1]
                RenderBlock {P} at (8,1) size 84x15
                  RenderText {#text} at (35,0) size 13x15
                    text run at (35,0) width 13: "44"
                  RenderInline {SPAN} at (0,0) size 1x15
                    RenderInline {O:P} at (0,0) size 1x15
              RenderTableCell {TD} at (98,2957) size 170x61 [border: (1px none #808080) none (1px none #808080)] [r=43 c=1 rs=1 cs=1]
                RenderBlock {P} at (8,1) size 155x15
                  RenderText {#text} at (0,0) size 60x15
                    text run at (0,0) width 60: "Gary Heath"
                  RenderInline {SPAN} at (0,0) size 0x15
                    RenderInline {O:P} at (0,0) size 0x15
                RenderBlock {P} at (8,16) size 155x15
                  RenderText {#text} at (0,0) size 79x15
                    text run at (0,0) width 79: "Quinn Chuong"
                RenderBlock {P} at (8,31) size 155x15
                  RenderText {#text} at (0,0) size 62x15
                    text run at (0,0) width 62: "Dan Sievert"
                RenderBlock {P} at (8,46) size 155x15
                  RenderText {#text} at (0,0) size 84x15
                    text run at (0,0) width 84: "Alexander Wert"
                  RenderInline {SPAN} at (0,0) size 0x15
                    RenderInline {O:P} at (0,0) size 0x15
              RenderTableCell {TD} at (267,2957) size 100x61 [border: (1px none #808080) none (1px none #808080)] [r=43 c=2 rs=1 cs=1]
                RenderBlock {P} at (8,1) size 84x15
                  RenderText {#text} at (33,0) size 17x15
                    text run at (33,0) width 17: "No"
                  RenderInline {SPAN} at (0,0) size 1x15
                    RenderInline {O:P} at (0,0) size 1x15
                RenderBlock {P} at (8,16) size 84x15
                  RenderText {#text} at (31,0) size 21x15
                    text run at (31,0) width 21: "Yes"
                RenderBlock {P} at (8,31) size 84x15
                  RenderText {#text} at (31,0) size 21x15
                    text run at (31,0) width 21: "Yes"
                RenderBlock {P} at (8,46) size 84x15
                  RenderText {#text} at (33,0) size 17x15
                    text run at (33,0) width 17: "No"
                  RenderInline {SPAN} at (0,0) size 1x15
                    RenderInline {O:P} at (0,0) size 1x15
              RenderTableCell {TD} at (366,2957) size 107x61 [border: (1px none #808080) none (1px none #808080)] [r=43 c=3 rs=1 cs=1]
                RenderBlock {P} at (8,1) size 90x15
                  RenderText {#text} at (34,0) size 21x15
                    text run at (34,0) width 21: "Yes"
                  RenderInline {SPAN} at (0,0) size 1x15
                    RenderInline {O:P} at (0,0) size 1x15
                RenderBlock {P} at (8,16) size 90x15
                  RenderText {#text} at (34,0) size 21x15
                    text run at (34,0) width 21: "Yes"
                RenderBlock {P} at (8,31) size 90x15
                  RenderText {#text} at (36,0) size 17x15
                    text run at (36,0) width 17: "No"
                RenderBlock {P} at (8,46) size 90x15
                  RenderText {#text} at (34,0) size 21x15
                    text run at (34,0) width 21: "Yes"
                  RenderInline {SPAN} at (0,0) size 1x15
                    RenderInline {O:P} at (0,0) size 1x15
            RenderTableRow {TR} at (0,3018) size 472x46
              RenderTableCell {TD} at (0,3018) size 99x16 [border: (1px none #808080) none] [r=44 c=0 rs=1 cs=1]
                RenderBlock {P} at (8,1) size 84x15
                  RenderText {#text} at (35,0) size 13x15
                    text run at (35,0) width 13: "45"
                  RenderInline {SPAN} at (0,0) size 1x15
                    RenderInline {O:P} at (0,0) size 1x15
              RenderTableCell {TD} at (98,3018) size 170x46 [border: (1px none #808080) none (1px none #808080)] [r=44 c=1 rs=1 cs=1]
                RenderBlock {P} at (8,1) size 155x15
                  RenderText {#text} at (0,0) size 79x15
                    text run at (0,0) width 79: "James Holaduz"
                RenderBlock {P} at (8,16) size 155x15
                  RenderInline {FONT} at (0,0) size 55x15
                    RenderText {#text} at (0,0) size 55x15
                      text run at (0,0) width 55: "Don Coon"
                RenderBlock {P} at (8,31) size 155x15
                  RenderText {#text} at (0,0) size 83x15
                    text run at (0,0) width 83: "John Yearwood"
                  RenderInline {SPAN} at (0,0) size 0x15
                    RenderInline {O:P} at (0,0) size 0x15
              RenderTableCell {TD} at (267,3018) size 100x46 [border: (1px none #808080) none (1px none #808080)] [r=44 c=2 rs=1 cs=1]
                RenderBlock {P} at (8,1) size 84x15
                  RenderText {#text} at (31,0) size 21x15
                    text run at (31,0) width 21: "Yes"
                RenderBlock {P} at (8,16) size 84x15
                  RenderText {#text} at (40,0) size 4x15
                    text run at (40,0) width 4: " "
                RenderBlock {P} at (8,31) size 84x15
                  RenderText {#text} at (31,0) size 21x15
                    text run at (31,0) width 21: "Yes"
                  RenderInline {SPAN} at (0,0) size 1x15
                    RenderInline {O:P} at (0,0) size 1x15
              RenderTableCell {TD} at (366,3018) size 107x46 [border: (1px none #808080) none (1px none #808080)] [r=44 c=3 rs=1 cs=1]
                RenderBlock {P} at (8,1) size 90x15
                  RenderText {#text} at (36,0) size 17x15
                    text run at (36,0) width 17: "No"
                RenderBlock {P} at (8,16) size 90x15
                  RenderText {#text} at (43,0) size 4x15
                    text run at (43,0) width 4: " "
                RenderBlock {P} at (8,31) size 90x15
                  RenderText {#text} at (36,0) size 17x15
                    text run at (36,0) width 17: "No"
                  RenderInline {SPAN} at (0,0) size 1x15
                    RenderInline {O:P} at (0,0) size 1x15
            RenderTableRow {TR} at (0,3064) size 472x121
              RenderTableCell {TD} at (0,3064) size 99x16 [border: (1px none #808080) none] [r=45 c=0 rs=1 cs=1]
                RenderBlock {P} at (8,1) size 84x15
                  RenderText {#text} at (35,0) size 13x15
                    text run at (35,0) width 13: "46"
                  RenderInline {SPAN} at (0,0) size 1x15
                    RenderInline {O:P} at (0,0) size 1x15
              RenderTableCell {TD} at (98,3064) size 170x121 [border: (1px none #808080) none (1px none #808080)] [r=45 c=1 rs=1 cs=1]
                RenderBlock {P} at (8,1) size 155x15
                  RenderText {#text} at (0,0) size 52x15
                    text run at (0,0) width 52: "Zak West"
                  RenderInline {SPAN} at (0,0) size 0x15
                    RenderInline {O:P} at (0,0) size 0x15
                RenderBlock {P} at (8,16) size 155x15
                  RenderText {#text} at (0,0) size 97x15
                    text run at (0,0) width 97: "Karl Allmendinger"
                RenderBlock {P} at (8,31) size 155x15
                  RenderText {#text} at (0,0) size 83x15
                    text run at (0,0) width 83: "John Espectzde"
                RenderBlock {P} at (8,46) size 155x15
                  RenderText {#text} at (0,0) size 71x15
                    text run at (0,0) width 71: "Gene Pheiffer"
                RenderBlock {P} at (8,61) size 155x15
                  RenderText {#text} at (0,0) size 68x15
                    text run at (0,0) width 68: "Harold Todd"
                RenderBlock {P} at (8,76) size 155x15
                  RenderText {#text} at (0,0) size 81x15
                    text run at (0,0) width 81: "Gerald Cardinal"
                RenderBlock {P} at (8,91) size 155x15
                  RenderText {#text} at (0,0) size 65x15
                    text run at (0,0) width 65: "Ali Erdengiz"
                RenderBlock {P} at (8,106) size 155x15
                  RenderText {#text} at (0,0) size 88x15
                    text run at (0,0) width 88: "Jason Anderson"
                  RenderInline {SPAN} at (0,0) size 0x15
                    RenderInline {O:P} at (0,0) size 0x15
              RenderTableCell {TD} at (267,3064) size 100x121 [border: (1px none #808080) none (1px none #808080)] [r=45 c=2 rs=1 cs=1]
                RenderBlock {P} at (8,1) size 84x15
                  RenderText {#text} at (31,0) size 21x15
                    text run at (31,0) width 21: "Yes"
                  RenderInline {SPAN} at (0,0) size 1x15
                    RenderInline {O:P} at (0,0) size 1x15
                RenderBlock {P} at (8,16) size 84x15
                  RenderText {#text} at (31,0) size 21x15
                    text run at (31,0) width 21: "Yes"
                RenderBlock {P} at (8,31) size 84x15
                  RenderText {#text} at (40,0) size 4x15
                    text run at (40,0) width 4: " "
                RenderBlock {P} at (8,46) size 84x15
                  RenderText {#text} at (31,0) size 21x15
                    text run at (31,0) width 21: "Yes"
                RenderBlock {P} at (8,61) size 84x15
                  RenderText {#text} at (40,0) size 4x15
                    text run at (40,0) width 4: " "
                RenderBlock {P} at (8,76) size 84x15
                  RenderText {#text} at (40,0) size 4x15
                    text run at (40,0) width 4: " "
                RenderBlock {P} at (8,91) size 84x15
                  RenderText {#text} at (40,0) size 4x15
                    text run at (40,0) width 4: " "
                RenderBlock {P} at (8,106) size 84x15
                  RenderText {#text} at (31,0) size 21x15
                    text run at (31,0) width 21: "Yes"
                  RenderInline {SPAN} at (0,0) size 1x15
                    RenderInline {O:P} at (0,0) size 1x15
              RenderTableCell {TD} at (366,3064) size 107x121 [border: (1px none #808080) none (1px none #808080)] [r=45 c=3 rs=1 cs=1]
                RenderBlock {P} at (8,1) size 90x15
                  RenderText {#text} at (34,0) size 21x15
                    text run at (34,0) width 21: "Yes"
                  RenderInline {SPAN} at (0,0) size 1x15
                    RenderInline {O:P} at (0,0) size 1x15
                RenderBlock {P} at (8,16) size 90x15
                  RenderText {#text} at (36,0) size 17x15
                    text run at (36,0) width 17: "No"
                RenderBlock {P} at (8,31) size 90x15
                  RenderText {#text} at (43,0) size 4x15
                    text run at (43,0) width 4: " "
                RenderBlock {P} at (8,46) size 90x15
                  RenderText {#text} at (36,0) size 17x15
                    text run at (36,0) width 17: "No"
                RenderBlock {P} at (8,61) size 90x15
                  RenderText {#text} at (43,0) size 4x15
                    text run at (43,0) width 4: " "
                RenderBlock {P} at (8,76) size 90x15
                  RenderText {#text} at (43,0) size 4x15
                    text run at (43,0) width 4: " "
                RenderBlock {P} at (8,91) size 90x15
                  RenderText {#text} at (43,0) size 4x15
                    text run at (43,0) width 4: " "
                RenderBlock {P} at (8,106) size 90x15
                  RenderText {#text} at (36,0) size 17x15
                    text run at (36,0) width 17: "No"
                  RenderInline {SPAN} at (0,0) size 1x15
                    RenderInline {O:P} at (0,0) size 1x15
            RenderTableRow {TR} at (0,3185) size 472x166
              RenderTableCell {TD} at (0,3185) size 99x16 [border: (1px none #808080) none] [r=46 c=0 rs=1 cs=1]
                RenderBlock {P} at (8,1) size 84x15
                  RenderText {#text} at (35,0) size 13x15
                    text run at (35,0) width 13: "47"
                  RenderInline {SPAN} at (0,0) size 1x15
                    RenderInline {O:P} at (0,0) size 1x15
              RenderTableCell {TD} at (98,3185) size 170x166 [border: (1px none #808080) none (1px none #808080)] [r=46 c=1 rs=1 cs=1]
                RenderBlock {P} at (8,1) size 155x15
                  RenderText {#text} at (0,0) size 79x15
                    text run at (0,0) width 79: "James Holaduz"
                  RenderInline {SPAN} at (0,0) size 0x15
                    RenderInline {O:P} at (0,0) size 0x15
                RenderBlock {P} at (8,16) size 155x15
                  RenderText {#text} at (0,0) size 47x15
                    text run at (0,0) width 47: "Tony Yu"
                  RenderInline {SPAN} at (0,0) size 0x15
                    RenderInline {O:P} at (0,0) size 0x15
                RenderBlock {P} at (8,31) size 155x15
                  RenderText {#text} at (0,0) size 82x15
                    text run at (0,0) width 82: "Quang Nguyen"
                  RenderInline {SPAN} at (0,0) size 0x15
                    RenderInline {O:P} at (0,0) size 0x15
                RenderBlock {P} at (8,46) size 155x15
                  RenderText {#text} at (0,0) size 70x15
                    text run at (0,0) width 70: "Rick Klement"
                  RenderInline {SPAN} at (0,0) size 0x15
                    RenderInline {O:P} at (0,0) size 0x15
                RenderBlock {P} at (8,61) size 155x15
                  RenderText {#text} at (0,0) size 77x15
                    text run at (0,0) width 77: "Mark Glanville"
                  RenderInline {SPAN} at (0,0) size 0x15
                    RenderInline {O:P} at (0,0) size 0x15
                RenderBlock {P} at (8,76) size 155x15
                  RenderText {#text} at (0,0) size 87x15
                    text run at (0,0) width 87: "Michael Chansu"
                RenderBlock {P} at (8,91) size 155x15
                  RenderText {#text} at (0,0) size 68x15
                    text run at (0,0) width 68: "Harold Todd"
                RenderBlock {P} at (8,106) size 155x15
                  RenderInline {FONT} at (0,0) size 55x15
                    RenderText {#text} at (0,0) size 55x15
                      text run at (0,0) width 55: "Don Coon"
                RenderBlock {P} at (8,121) size 155x15
                  RenderText {#text} at (0,0) size 55x15
                    text run at (0,0) width 55: "John Paye"
                RenderBlock {P} at (8,136) size 155x15
                  RenderText {#text} at (0,0) size 64x15
                    text run at (0,0) width 64: "David Allen"
                RenderBlock {P} at (8,151) size 155x15
                  RenderText {#text} at (0,0) size 105x15
                    text run at (0,0) width 105: "Raymund Leonardo"
                  RenderInline {SPAN} at (0,0) size 0x15
                    RenderInline {O:P} at (0,0) size 0x15
              RenderTableCell {TD} at (267,3185) size 100x166 [border: (1px none #808080) none (1px none #808080)] [r=46 c=2 rs=1 cs=1]
                RenderBlock {P} at (8,1) size 84x15
                  RenderText {#text} at (31,0) size 21x15
                    text run at (31,0) width 21: "Yes"
                  RenderInline {SPAN} at (0,0) size 1x15
                    RenderInline {O:P} at (0,0) size 1x15
                RenderBlock {P} at (8,16) size 84x15
                  RenderText {#text} at (31,0) size 21x15
                    text run at (31,0) width 21: "Yes"
                  RenderInline {SPAN} at (0,0) size 1x15
                    RenderInline {O:P} at (0,0) size 1x15
                RenderBlock {P} at (8,31) size 84x15
                  RenderText {#text} at (31,0) size 21x15
                    text run at (31,0) width 21: "Yes"
                  RenderInline {SPAN} at (0,0) size 1x15
                    RenderInline {O:P} at (0,0) size 1x15
                RenderBlock {P} at (8,46) size 84x15
                  RenderText {#text} at (31,0) size 21x15
                    text run at (31,0) width 21: "Yes"
                  RenderInline {SPAN} at (0,0) size 1x15
                    RenderInline {O:P} at (0,0) size 1x15
                RenderBlock {P} at (8,61) size 84x15
                  RenderText {#text} at (31,0) size 21x15
                    text run at (31,0) width 21: "Yes"
                  RenderInline {SPAN} at (0,0) size 1x15
                    RenderInline {O:P} at (0,0) size 1x15
                RenderBlock {P} at (8,76) size 84x15
                  RenderText {#text} at (31,0) size 21x15
                    text run at (31,0) width 21: "Yes"
                RenderBlock {P} at (8,91) size 84x15
                  RenderText {#text} at (40,0) size 4x15
                    text run at (40,0) width 4: " "
                RenderBlock {P} at (8,106) size 84x15
                  RenderText {#text} at (40,0) size 4x15
                    text run at (40,0) width 4: " "
                RenderBlock {P} at (8,121) size 84x15
                  RenderText {#text} at (40,0) size 4x15
                    text run at (40,0) width 4: " "
                RenderBlock {P} at (8,136) size 84x15
                  RenderText {#text} at (40,0) size 4x15
                    text run at (40,0) width 4: " "
                RenderBlock {P} at (8,151) size 84x15
                  RenderText {#text} at (33,0) size 17x15
                    text run at (33,0) width 17: "No"
                  RenderInline {SPAN} at (0,0) size 1x15
                    RenderInline {O:P} at (0,0) size 1x15
              RenderTableCell {TD} at (366,3185) size 107x166 [border: (1px none #808080) none (1px none #808080)] [r=46 c=3 rs=1 cs=1]
                RenderBlock {P} at (8,1) size 90x15
                  RenderText {#text} at (36,0) size 17x15
                    text run at (36,0) width 17: "No"
                  RenderInline {SPAN} at (0,0) size 1x15
                    RenderInline {O:P} at (0,0) size 1x15
                RenderBlock {P} at (8,16) size 90x15
                  RenderText {#text} at (36,0) size 17x15
                    text run at (36,0) width 17: "No"
                  RenderInline {SPAN} at (0,0) size 1x15
                    RenderInline {O:P} at (0,0) size 1x15
                RenderBlock {P} at (8,31) size 90x15
                  RenderText {#text} at (36,0) size 17x15
                    text run at (36,0) width 17: "No"
                  RenderInline {SPAN} at (0,0) size 1x15
                    RenderInline {O:P} at (0,0) size 1x15
                RenderBlock {P} at (8,46) size 90x15
                  RenderText {#text} at (34,0) size 21x15
                    text run at (34,0) width 21: "Yes"
                  RenderInline {SPAN} at (0,0) size 1x15
                    RenderInline {O:P} at (0,0) size 1x15
                RenderBlock {P} at (8,61) size 90x15
                  RenderText {#text} at (36,0) size 17x15
                    text run at (36,0) width 17: "No"
                  RenderInline {SPAN} at (0,0) size 1x15
                    RenderInline {O:P} at (0,0) size 1x15
                RenderBlock {P} at (8,76) size 90x15
                  RenderText {#text} at (36,0) size 17x15
                    text run at (36,0) width 17: "No"
                RenderBlock {P} at (8,91) size 90x15
                  RenderText {#text} at (43,0) size 4x15
                    text run at (43,0) width 4: " "
                RenderBlock {P} at (8,106) size 90x15
                  RenderText {#text} at (43,0) size 4x15
                    text run at (43,0) width 4: " "
                RenderBlock {P} at (8,121) size 90x15
                  RenderText {#text} at (43,0) size 4x15
                    text run at (43,0) width 4: " "
                RenderBlock {P} at (8,136) size 90x15
                  RenderText {#text} at (43,0) size 4x15
                    text run at (43,0) width 4: " "
                RenderBlock {P} at (8,151) size 90x15
                  RenderText {#text} at (34,0) size 21x15
                    text run at (34,0) width 21: "Yes"
                  RenderInline {SPAN} at (0,0) size 1x15
                    RenderInline {O:P} at (0,0) size 1x15
            RenderTableRow {TR} at (0,3351) size 472x136
              RenderTableCell {TD} at (0,3351) size 99x16 [border: (1px none #808080) none] [r=47 c=0 rs=1 cs=1]
                RenderBlock {P} at (8,1) size 84x15
                  RenderText {#text} at (35,0) size 13x15
                    text run at (35,0) width 13: "48"
                  RenderInline {SPAN} at (0,0) size 1x15
                    RenderInline {O:P} at (0,0) size 1x15
              RenderTableCell {TD} at (98,3351) size 170x136 [border: (1px none #808080) none (1px none #808080)] [r=47 c=1 rs=1 cs=1]
                RenderBlock {P} at (8,1) size 155x15
                  RenderText {#text} at (0,0) size 77x15
                    text run at (0,0) width 77: "Mark Glanville"
                  RenderInline {SPAN} at (0,0) size 0x15
                    RenderInline {O:P} at (0,0) size 0x15
                RenderBlock {P} at (8,16) size 155x15
                  RenderText {#text} at (0,0) size 90x15
                    text run at (0,0) width 90: "Ian + Brad Carter"
                RenderBlock {P} at (8,31) size 155x15
                  RenderText {#text} at (0,0) size 79x15
                    text run at (0,0) width 79: "Stefan Kiritzov"
                RenderBlock {P} at (8,46) size 155x15
                  RenderText {#text} at (0,0) size 58x15
                    text run at (0,0) width 58: "Joe Araujo"
                RenderBlock {P} at (8,61) size 155x15
                  RenderText {#text} at (0,0) size 68x15
                    text run at (0,0) width 68: "Harold Todd"
                RenderBlock {P} at (8,76) size 155x15
                  RenderText {#text} at (0,0) size 68x15
                    text run at (0,0) width 68: "Steve Gilbert"
                RenderBlock {P} at (8,91) size 155x15
                  RenderText {#text} at (0,0) size 52x15
                    text run at (0,0) width 52: "Mark Diel"
                RenderBlock {P} at (8,106) size 155x15
                  RenderText {#text} at (0,0) size 86x15
                    text run at (0,0) width 86: "Jack Goodfriend"
                RenderBlock {P} at (8,121) size 155x15
                  RenderText {#text} at (0,0) size 90x15
                    text run at (0,0) width 90: "Ruenjoe (Joe) Lu"
                  RenderInline {SPAN} at (0,0) size 0x15
                    RenderInline {O:P} at (0,0) size 0x15
              RenderTableCell {TD} at (267,3351) size 100x91 [border: (1px none #808080) none (1px none #808080)] [r=47 c=2 rs=1 cs=1]
                RenderBlock {P} at (8,1) size 84x15
                  RenderText {#text} at (31,0) size 21x15
                    text run at (31,0) width 21: "Yes"
                  RenderInline {SPAN} at (0,0) size 1x15
                    RenderInline {O:P} at (0,0) size 1x15
                RenderBlock {P} at (8,16) size 84x15
                  RenderText {#text} at (31,0) size 21x15
                    text run at (31,0) width 21: "Yes"
                RenderBlock {P} at (8,31) size 84x15
                  RenderText {#text} at (31,0) size 21x15
                    text run at (31,0) width 21: "Yes"
                RenderBlock {P} at (8,46) size 84x15
                  RenderText {#text} at (40,0) size 4x15
                    text run at (40,0) width 4: " "
                RenderBlock {P} at (8,61) size 84x15
                  RenderText {#text} at (40,0) size 4x15
                    text run at (40,0) width 4: " "
                RenderBlock {P} at (8,76) size 84x15
                  RenderText {#text} at (31,0) size 21x15
                    text run at (31,0) width 21: "Yes"
                  RenderInline {SPAN} at (0,0) size 1x15
                    RenderInline {O:P} at (0,0) size 1x15
              RenderTableCell {TD} at (366,3351) size 107x91 [border: (1px none #808080) none (1px none #808080)] [r=47 c=3 rs=1 cs=1]
                RenderBlock {P} at (8,1) size 90x15
                  RenderText {#text} at (36,0) size 17x15
                    text run at (36,0) width 17: "No"
                  RenderInline {SPAN} at (0,0) size 1x15
                    RenderInline {O:P} at (0,0) size 1x15
                RenderBlock {P} at (8,16) size 90x15
                  RenderText {#text} at (36,0) size 17x15
                    text run at (36,0) width 17: "No"
                RenderBlock {P} at (8,31) size 90x15
                  RenderText {#text} at (34,0) size 21x15
                    text run at (34,0) width 21: "Yes"
                RenderBlock {P} at (8,46) size 90x15
                  RenderText {#text} at (43,0) size 4x15
                    text run at (43,0) width 4: " "
                RenderBlock {P} at (8,61) size 90x15
                  RenderText {#text} at (43,0) size 4x15
                    text run at (43,0) width 4: " "
                RenderBlock {P} at (8,76) size 90x15
                  RenderText {#text} at (36,0) size 17x15
                    text run at (36,0) width 17: "No"
                  RenderInline {SPAN} at (0,0) size 1x15
                    RenderInline {O:P} at (0,0) size 1x15
            RenderTableRow {TR} at (0,3487) size 472x61
              RenderTableCell {TD} at (0,3487) size 99x16 [border: (1px none #808080) none] [r=48 c=0 rs=1 cs=1]
                RenderBlock {P} at (8,1) size 84x15
                  RenderText {#text} at (35,0) size 13x15
                    text run at (35,0) width 13: "49"
                  RenderInline {SPAN} at (0,0) size 1x15
                    RenderInline {O:P} at (0,0) size 1x15
              RenderTableCell {TD} at (98,3487) size 170x61 [border: (1px none #808080) none (1px none #808080)] [r=48 c=1 rs=1 cs=1]
                RenderBlock {P} at (8,1) size 155x15
                  RenderText {#text} at (0,0) size 65x15
                    text run at (0,0) width 65: "Ali Erdengiz"
                RenderBlock {P} at (8,16) size 155x15
                  RenderText {#text} at (0,0) size 64x15
                    text run at (0,0) width 64: "David Allen"
                RenderBlock {P} at (8,31) size 155x15
                  RenderInline {SPAN} at (0,0) size 72x15
                    RenderInline {O:P} at (0,0) size 0x0
                    RenderText {#text} at (0,0) size 72x15
                      text run at (0,0) width 72: "Narayen Raju"
                RenderBlock {P} at (8,46) size 155x15
                  RenderInline {SPAN} at (0,0) size 88x15
                    RenderText {#text} at (0,0) size 88x15
                      text run at (0,0) width 34: "Jason "
                      text run at (34,0) width 54: "Anderson"
              RenderTableCell {TD} at (267,3487) size 100x61 [border: (1px none #808080) none (1px none #808080)] [r=48 c=2 rs=1 cs=1]
                RenderBlock {P} at (8,1) size 84x15
                  RenderText {#text} at (40,0) size 4x15
                    text run at (40,0) width 4: " "
                RenderBlock {P} at (8,16) size 84x15
                  RenderText {#text} at (40,0) size 4x15
                    text run at (40,0) width 4: " "
                RenderBlock {P} at (8,31) size 84x15
                  RenderText {#text} at (40,0) size 4x15
                    text run at (40,0) width 4: " "
                RenderBlock {P} at (8,46) size 84x15
                  RenderText {#text} at (31,0) size 21x15
                    text run at (31,0) width 21: "Yes"
                  RenderInline {SPAN} at (0,0) size 1x15
                    RenderInline {O:P} at (0,0) size 1x15
              RenderTableCell {TD} at (366,3487) size 107x61 [border: (1px none #808080) none (1px none #808080)] [r=48 c=3 rs=1 cs=1]
                RenderBlock {P} at (8,1) size 90x15
                  RenderText {#text} at (43,0) size 4x15
                    text run at (43,0) width 4: " "
                RenderBlock {P} at (8,16) size 90x15
                  RenderText {#text} at (43,0) size 4x15
                    text run at (43,0) width 4: " "
                RenderBlock {P} at (8,31) size 90x15
                  RenderText {#text} at (43,0) size 4x15
                    text run at (43,0) width 4: " "
                RenderBlock {P} at (8,46) size 90x15
                  RenderText {#text} at (36,0) size 17x15
                    text run at (36,0) width 17: "No"
                  RenderInline {SPAN} at (0,0) size 1x15
                    RenderInline {O:P} at (0,0) size 1x15
            RenderTableRow {TR} at (0,3548) size 472x136
              RenderTableCell {TD} at (0,3548) size 99x16 [border: (1px none #808080) none] [r=49 c=0 rs=1 cs=1]
                RenderBlock {P} at (8,1) size 84x15
                  RenderText {#text} at (35,0) size 13x15
                    text run at (35,0) width 13: "50"
                  RenderInline {SPAN} at (0,0) size 1x15
                    RenderInline {O:P} at (0,0) size 1x15
              RenderTableCell {TD} at (98,3548) size 170x136 [border: (1px none #808080) none (1px none #808080)] [r=49 c=1 rs=1 cs=1]
                RenderBlock {P} at (8,1) size 155x15
                  RenderText {#text} at (0,0) size 52x15
                    text run at (0,0) width 52: "Zak West"
                  RenderInline {SPAN} at (0,0) size 0x15
                    RenderInline {O:P} at (0,0) size 0x15
                RenderBlock {P} at (8,16) size 155x15
                  RenderText {#text} at (0,0) size 70x15
                    text run at (0,0) width 70: "Rick Klement"
                  RenderInline {SPAN} at (0,0) size 0x15
                    RenderInline {O:P} at (0,0) size 0x15
                RenderBlock {P} at (8,31) size 155x15
                  RenderText {#text} at (0,0) size 54x15
                    text run at (0,0) width 54: "Jim Bernal"
                RenderBlock {P} at (8,46) size 155x15
                  RenderText {#text} at (0,0) size 86x15
                    text run at (0,0) width 86: "Alan Littlewood"
                RenderBlock {P} at (8,61) size 155x15
                  RenderText {#text} at (0,0) size 60x15
                    text run at (0,0) width 60: "Jerry Davis"
                RenderBlock {P} at (8,76) size 155x15
                  RenderText {#text} at (0,0) size 84x15
                    text run at (0,0) width 84: "Lauren Bussard"
                RenderBlock {P} at (8,91) size 155x15
                  RenderText {#text} at (0,0) size 83x15
                    text run at (0,0) width 83: "John Yearwood"
                RenderBlock {P} at (8,106) size 155x15
                  RenderText {#text} at (0,0) size 72x15
                    text run at (0,0) width 72: "Narayan Raju"
                RenderBlock {P} at (8,121) size 155x15
                  RenderText {#text} at (0,0) size 66x15
                    text run at (0,0) width 66: "Ken Manuel"
                  RenderInline {SPAN} at (0,0) size 0x15
                    RenderInline {O:P} at (0,0) size 0x15
              RenderTableCell {TD} at (267,3548) size 100x106 [border: (1px none #808080) none (1px none #808080)] [r=49 c=2 rs=1 cs=1]
                RenderBlock {P} at (8,1) size 84x15
                  RenderText {#text} at (31,0) size 21x15
                    text run at (31,0) width 21: "Yes"
                  RenderInline {SPAN} at (0,0) size 1x15
                    RenderInline {O:P} at (0,0) size 1x15
                RenderBlock {P} at (8,16) size 84x15
                  RenderText {#text} at (31,0) size 21x15
                    text run at (31,0) width 21: "Yes"
                  RenderInline {SPAN} at (0,0) size 1x15
                    RenderInline {O:P} at (0,0) size 1x15
                RenderBlock {P} at (8,31) size 84x15
                  RenderText {#text} at (31,0) size 21x15
                    text run at (31,0) width 21: "Yes"
                RenderBlock {P} at (8,46) size 84x15
                  RenderText {#text} at (31,0) size 21x15
                    text run at (31,0) width 21: "Yes"
                RenderBlock {P} at (8,61) size 84x15
                  RenderText {#text} at (31,0) size 21x15
                    text run at (31,0) width 21: "Yes"
                RenderBlock {P} at (8,76) size 84x15
                  RenderText {#text} at (40,0) size 4x15
                    text run at (40,0) width 4: " "
                RenderBlock {P} at (8,91) size 84x15
                  RenderText {#text} at (31,0) size 21x15
                    text run at (31,0) width 21: "Yes"
                  RenderInline {SPAN} at (0,0) size 1x15
                    RenderInline {O:P} at (0,0) size 1x15
              RenderTableCell {TD} at (366,3548) size 107x106 [border: (1px none #808080) none (1px none #808080)] [r=49 c=3 rs=1 cs=1]
                RenderBlock {P} at (8,1) size 90x15
                  RenderText {#text} at (34,0) size 21x15
                    text run at (34,0) width 21: "Yes"
                  RenderInline {SPAN} at (0,0) size 1x15
                    RenderInline {O:P} at (0,0) size 1x15
                RenderBlock {P} at (8,16) size 90x15
                  RenderText {#text} at (34,0) size 21x15
                    text run at (34,0) width 21: "Yes"
                  RenderInline {SPAN} at (0,0) size 1x15
                    RenderInline {O:P} at (0,0) size 1x15
                RenderBlock {P} at (8,31) size 90x15
                  RenderText {#text} at (36,0) size 17x15
                    text run at (36,0) width 17: "No"
                RenderBlock {P} at (8,46) size 90x15
                  RenderText {#text} at (36,0) size 17x15
                    text run at (36,0) width 17: "No"
                RenderBlock {P} at (8,61) size 90x15
                  RenderText {#text} at (34,0) size 21x15
                    text run at (34,0) width 21: "Yes"
                RenderBlock {P} at (8,76) size 90x15
                  RenderText {#text} at (43,0) size 4x15
                    text run at (43,0) width 4: " "
                RenderBlock {P} at (8,91) size 90x15
                  RenderText {#text} at (36,0) size 17x15
                    text run at (36,0) width 17: "No"
                  RenderInline {SPAN} at (0,0) size 1x15
                    RenderInline {O:P} at (0,0) size 1x15
            RenderTableRow {TR} at (0,3684) size 472x46
              RenderTableCell {TD} at (0,3684) size 99x16 [border: (1px none #808080) none] [r=50 c=0 rs=1 cs=1]
                RenderBlock {P} at (8,1) size 84x15
                  RenderText {#text} at (35,0) size 13x15
                    text run at (35,0) width 13: "51"
                  RenderInline {SPAN} at (0,0) size 1x15
                    RenderInline {O:P} at (0,0) size 1x15
              RenderTableCell {TD} at (98,3684) size 170x46 [border: (1px none #808080) none (1px none #808080)] [r=50 c=1 rs=1 cs=1]
                RenderBlock {P} at (8,1) size 155x15
                  RenderText {#text} at (0,0) size 78x15
                    text run at (0,0) width 78: "Robert Barnett"
                RenderBlock {P} at (8,16) size 155x15
                  RenderText {#text} at (0,0) size 72x15
                    text run at (0,0) width 72: "Jim Mahoney"
                RenderBlock {P} at (8,31) size 155x15
                  RenderText {#text} at (0,0) size 88x15
                    text run at (0,0) width 88: "Jason Anderson"
                  RenderInline {SPAN} at (0,0) size 0x15
                    RenderInline {O:P} at (0,0) size 0x15
              RenderTableCell {TD} at (267,3684) size 100x46 [border: (1px none #808080) none (1px none #808080)] [r=50 c=2 rs=1 cs=1]
                RenderBlock {P} at (8,1) size 84x15
                  RenderText {#text} at (31,0) size 21x15
                    text run at (31,0) width 21: "Yes"
                RenderBlock {P} at (8,16) size 84x15
                  RenderText {#text} at (31,0) size 21x15
                    text run at (31,0) width 21: "Yes"
                RenderBlock {P} at (8,31) size 84x15
                  RenderText {#text} at (31,0) size 21x15
                    text run at (31,0) width 21: "Yes"
                  RenderInline {SPAN} at (0,0) size 1x15
                    RenderInline {O:P} at (0,0) size 1x15
              RenderTableCell {TD} at (366,3684) size 107x46 [border: (1px none #808080) none (1px none #808080)] [r=50 c=3 rs=1 cs=1]
                RenderBlock {P} at (8,1) size 90x15
                  RenderInline {SPAN} at (0,0) size 17x15
                    RenderText {#text} at (36,0) size 17x15
                      text run at (36,0) width 17: "No"
                    RenderInline {O:P} at (0,0) size 1x15
                RenderBlock {P} at (8,16) size 90x15
                  RenderInline {SPAN} at (0,0) size 21x15
                    RenderText {#text} at (34,0) size 21x15
                      text run at (34,0) width 21: "Yes"
                RenderBlock {P} at (8,31) size 90x15
                  RenderInline {SPAN} at (0,0) size 17x15
                    RenderText {#text} at (36,0) size 17x15
                      text run at (36,0) width 17: "No"
                  RenderInline {SPAN} at (0,0) size 1x15
                    RenderInline {O:P} at (0,0) size 1x15
            RenderTableRow {TR} at (0,3730) size 472x76
              RenderTableCell {TD} at (0,3730) size 99x16 [border: (1px none #808080) none] [r=51 c=0 rs=1 cs=1]
                RenderBlock {P} at (8,1) size 84x15
                  RenderText {#text} at (35,0) size 13x15
                    text run at (35,0) width 13: "52"
                  RenderInline {SPAN} at (0,0) size 1x15
                    RenderInline {O:P} at (0,0) size 1x15
              RenderTableCell {TD} at (98,3730) size 170x76 [border: (1px none #808080) none (1px none #808080)] [r=51 c=1 rs=1 cs=1]
                RenderBlock {P} at (8,1) size 155x15
                  RenderText {#text} at (0,0) size 59x15
                    text run at (0,0) width 59: "Mike West"
                  RenderInline {SPAN} at (0,0) size 0x15
                    RenderInline {O:P} at (0,0) size 0x15
                RenderBlock {P} at (8,16) size 155x15
                  RenderText {#text} at (0,0) size 81x15
                    text run at (0,0) width 81: "Robert Frogner"
                RenderBlock {P} at (8,31) size 155x15
                  RenderText {#text} at (0,0) size 86x15
                    text run at (0,0) width 86: "Chris McDowell"
                RenderBlock {P} at (8,46) size 155x15
                  RenderText {#text} at (0,0) size 53x15
                    text run at (0,0) width 53: "Ed Cypret"
                RenderBlock {P} at (8,61) size 155x15
                  RenderText {#text} at (0,0) size 66x15
                    text run at (0,0) width 66: "Dale Barnett"
                  RenderInline {SPAN} at (0,0) size 0x15
                    RenderInline {O:P} at (0,0) size 0x15
              RenderTableCell {TD} at (267,3730) size 100x76 [border: (1px none #808080) none (1px none #808080)] [r=51 c=2 rs=1 cs=1]
                RenderBlock {P} at (8,1) size 84x15
                  RenderText {#text} at (31,0) size 21x15
                    text run at (31,0) width 21: "Yes"
                  RenderInline {SPAN} at (0,0) size 1x15
                    RenderInline {O:P} at (0,0) size 1x15
                RenderBlock {P} at (8,16) size 84x15
                  RenderText {#text} at (31,0) size 21x15
                    text run at (31,0) width 21: "Yes"
                RenderBlock {P} at (8,31) size 84x15
                  RenderText {#text} at (31,0) size 21x15
                    text run at (31,0) width 21: "Yes"
                RenderBlock {P} at (8,46) size 84x15
                  RenderText {#text} at (40,0) size 4x15
                    text run at (40,0) width 4: " "
                RenderBlock {P} at (8,61) size 84x15
                  RenderText {#text} at (31,0) size 21x15
                    text run at (31,0) width 21: "Yes"
                  RenderInline {SPAN} at (0,0) size 1x15
                    RenderInline {O:P} at (0,0) size 1x15
              RenderTableCell {TD} at (366,3730) size 107x76 [border: (1px none #808080) none (1px none #808080)] [r=51 c=3 rs=1 cs=1]
                RenderBlock {P} at (8,1) size 90x15
                  RenderText {#text} at (34,0) size 21x15
                    text run at (34,0) width 21: "Yes"
                  RenderInline {SPAN} at (0,0) size 1x15
                    RenderInline {O:P} at (0,0) size 1x15
                RenderBlock {P} at (8,16) size 90x15
                  RenderText {#text} at (36,0) size 17x15
                    text run at (36,0) width 17: "No"
                RenderBlock {P} at (8,31) size 90x15
                  RenderText {#text} at (36,0) size 17x15
                    text run at (36,0) width 17: "No"
                RenderBlock {P} at (8,46) size 90x15
                  RenderText {#text} at (43,0) size 4x15
                    text run at (43,0) width 4: " "
                RenderBlock {P} at (8,61) size 90x15
                  RenderText {#text} at (36,0) size 17x15
                    text run at (36,0) width 17: "No"
                  RenderInline {SPAN} at (0,0) size 1x15
                    RenderInline {O:P} at (0,0) size 1x15
            RenderTableRow {TR} at (0,3806) size 472x76
              RenderTableCell {TD} at (0,3806) size 99x16 [border: (1px none #808080) none] [r=52 c=0 rs=1 cs=1]
                RenderBlock {P} at (8,1) size 84x15
                  RenderText {#text} at (35,0) size 13x15
                    text run at (35,0) width 13: "53"
                  RenderInline {SPAN} at (0,0) size 1x15
                    RenderInline {O:P} at (0,0) size 1x15
              RenderTableCell {TD} at (98,3806) size 170x76 [border: (1px none #808080) none (1px none #808080)] [r=52 c=1 rs=1 cs=1]
                RenderBlock {P} at (8,1) size 155x15
                  RenderText {#text} at (0,0) size 81x15
                    text run at (0,0) width 81: "Alberto Lanzas"
                  RenderInline {SPAN} at (0,0) size 0x15
                    RenderInline {O:P} at (0,0) size 0x15
                RenderBlock {P} at (8,16) size 155x15
                  RenderText {#text} at (0,0) size 66x15
                    text run at (0,0) width 66: "Bill Johnson"
                RenderBlock {P} at (8,31) size 155x15
                  RenderText {#text} at (0,0) size 43x15
                    text run at (0,0) width 43: "Al Wert"
                RenderBlock {P} at (8,46) size 155x15
                  RenderText {#text} at (0,0) size 66x15
                    text run at (0,0) width 66: "Dale Barnett"
                RenderBlock {P} at (8,61) size 155x15
                  RenderText {#text} at (0,0) size 101x15
                    text run at (0,0) width 101: "Ramin Khoshnevis"
                  RenderInline {SPAN} at (0,0) size 0x15
                    RenderInline {O:P} at (0,0) size 0x15
              RenderTableCell {TD} at (267,3806) size 100x76 [border: (1px none #808080) none (1px none #808080)] [r=52 c=2 rs=1 cs=1]
                RenderBlock {P} at (8,1) size 84x15
                  RenderText {#text} at (31,0) size 21x15
                    text run at (31,0) width 21: "Yes"
                  RenderInline {SPAN} at (0,0) size 1x15
                    RenderInline {O:P} at (0,0) size 1x15
                RenderBlock {P} at (8,16) size 84x15
                  RenderText {#text} at (31,0) size 21x15
                    text run at (31,0) width 21: "Yes"
                RenderBlock {P} at (8,31) size 84x15
                  RenderText {#text} at (33,0) size 17x15
                    text run at (33,0) width 17: "No"
                RenderBlock {P} at (8,46) size 84x15
                  RenderText {#text} at (31,0) size 21x15
                    text run at (31,0) width 21: "Yes"
                RenderBlock {P} at (8,61) size 84x15
                  RenderText {#text} at (31,0) size 21x15
                    text run at (31,0) width 21: "Yes"
                  RenderInline {SPAN} at (0,0) size 1x15
                    RenderInline {O:P} at (0,0) size 1x15
              RenderTableCell {TD} at (366,3806) size 107x76 [border: (1px none #808080) none (1px none #808080)] [r=52 c=3 rs=1 cs=1]
                RenderBlock {P} at (8,1) size 90x15
                  RenderText {#text} at (34,0) size 21x15
                    text run at (34,0) width 21: "Yes"
                  RenderInline {SPAN} at (0,0) size 1x15
                    RenderInline {O:P} at (0,0) size 1x15
                RenderBlock {P} at (8,16) size 90x15
                  RenderText {#text} at (36,0) size 17x15
                    text run at (36,0) width 17: "No"
                RenderBlock {P} at (8,31) size 90x15
                  RenderText {#text} at (34,0) size 21x15
                    text run at (34,0) width 21: "Yes"
                RenderBlock {P} at (8,46) size 90x15
                  RenderText {#text} at (36,0) size 17x15
                    text run at (36,0) width 17: "No"
                RenderBlock {P} at (8,61) size 90x15
                  RenderText {#text} at (36,0) size 17x15
                    text run at (36,0) width 17: "No"
                  RenderInline {SPAN} at (0,0) size 1x15
                    RenderInline {O:P} at (0,0) size 1x15
            RenderTableRow {TR} at (0,3882) size 472x106
              RenderTableCell {TD} at (0,3882) size 99x16 [border: (1px none #808080) none] [r=53 c=0 rs=1 cs=1]
                RenderBlock {P} at (8,1) size 84x15
                  RenderText {#text} at (35,0) size 13x15
                    text run at (35,0) width 13: "54"
                  RenderInline {SPAN} at (0,0) size 1x15
                    RenderInline {O:P} at (0,0) size 1x15
              RenderTableCell {TD} at (98,3882) size 170x106 [border: (1px none #808080) none (1px none #808080)] [r=53 c=1 rs=1 cs=1]
                RenderBlock {P} at (8,1) size 155x15
                  RenderText {#text} at (0,0) size 73x15
                    text run at (0,0) width 73: "Gene Langley"
                RenderBlock {P} at (8,16) size 155x15
                  RenderText {#text} at (0,0) size 66x15
                    text run at (0,0) width 66: "Bill Johnson"
                RenderBlock {P} at (8,31) size 155x15
                  RenderText {#text} at (0,0) size 52x15
                    text run at (0,0) width 52: "Mark Diel"
                RenderBlock {P} at (8,46) size 155x15
                  RenderText {#text} at (0,0) size 60x15
                    text run at (0,0) width 60: "Jerry Davis"
                RenderBlock {P} at (8,61) size 155x15
                  RenderText {#text} at (0,0) size 55x15
                    text run at (0,0) width 55: "Peter Starr"
                RenderBlock {P} at (8,76) size 155x15
                  RenderText {#text} at (0,0) size 83x15
                    text run at (0,0) width 83: "John Yearwood"
                RenderBlock {P} at (8,91) size 155x15
                  RenderText {#text} at (0,0) size 63x15
                    text run at (0,0) width 63: "Scott Hersh"
                  RenderInline {SPAN} at (0,0) size 0x15
                    RenderInline {O:P} at (0,0) size 0x15
              RenderTableCell {TD} at (267,3882) size 100x106 [border: (1px none #808080) none (1px none #808080)] [r=53 c=2 rs=1 cs=1]
                RenderBlock {P} at (8,1) size 84x15
                  RenderText {#text} at (31,0) size 21x15
                    text run at (31,0) width 21: "Yes"
                RenderBlock {P} at (8,16) size 84x15
                  RenderText {#text} at (31,0) size 21x15
                    text run at (31,0) width 21: "Yes"
                RenderBlock {P} at (8,31) size 84x15
                  RenderText {#text} at (40,0) size 4x15
                    text run at (40,0) width 4: " "
                RenderBlock {P} at (8,46) size 84x15
                  RenderText {#text} at (31,0) size 21x15
                    text run at (31,0) width 21: "Yes"
                RenderBlock {P} at (8,61) size 84x15
                  RenderText {#text} at (40,0) size 4x15
                    text run at (40,0) width 4: " "
                RenderBlock {P} at (8,76) size 84x15
                  RenderText {#text} at (31,0) size 21x15
                    text run at (31,0) width 21: "Yes"
                RenderBlock {P} at (8,91) size 84x15
                  RenderText {#text} at (31,0) size 21x15
                    text run at (31,0) width 21: "Yes"
                  RenderInline {SPAN} at (0,0) size 1x15
                    RenderInline {O:P} at (0,0) size 1x15
              RenderTableCell {TD} at (366,3882) size 107x106 [border: (1px none #808080) none (1px none #808080)] [r=53 c=3 rs=1 cs=1]
                RenderBlock {P} at (8,1) size 90x15
                  RenderText {#text} at (6,0) size 78x15
                    text run at (6,0) width 78: "Gyro wannabe"
                RenderBlock {P} at (8,16) size 90x15
                  RenderText {#text} at (36,0) size 17x15
                    text run at (36,0) width 17: "No"
                RenderBlock {P} at (8,31) size 90x15
                  RenderText {#text} at (43,0) size 4x15
                    text run at (43,0) width 4: " "
                RenderBlock {P} at (8,46) size 90x15
                  RenderText {#text} at (36,0) size 17x15
                    text run at (36,0) width 17: "No"
                RenderBlock {P} at (8,61) size 90x15
                  RenderText {#text} at (43,0) size 4x15
                    text run at (43,0) width 4: " "
                RenderBlock {P} at (8,76) size 90x15
                  RenderText {#text} at (36,0) size 17x15
                    text run at (36,0) width 17: "No"
                RenderBlock {P} at (8,91) size 90x15
                  RenderText {#text} at (36,0) size 17x15
                    text run at (36,0) width 17: "No"
                  RenderInline {SPAN} at (0,0) size 1x15
                    RenderInline {O:P} at (0,0) size 1x15
            RenderTableRow {TR} at (0,3988) size 472x46
              RenderTableCell {TD} at (0,3988) size 99x16 [border: (1px none #808080) none] [r=54 c=0 rs=1 cs=1]
                RenderBlock {P} at (8,1) size 84x15
                  RenderText {#text} at (35,0) size 13x15
                    text run at (35,0) width 13: "55"
                  RenderInline {SPAN} at (0,0) size 1x15
                    RenderInline {O:P} at (0,0) size 1x15
              RenderTableCell {TD} at (98,3988) size 170x46 [border: (1px none #808080) none (1px none #808080)] [r=54 c=1 rs=1 cs=1]
                RenderBlock {P} at (8,1) size 155x15
                  RenderText {#text} at (0,0) size 81x15
                    text run at (0,0) width 81: "Alberto Lanzas"
                  RenderInline {SPAN} at (0,0) size 0x15
                    RenderInline {O:P} at (0,0) size 0x15
                RenderBlock {P} at (8,16) size 155x15
                  RenderText {#text} at (0,0) size 57x15
                    text run at (0,0) width 57: "Bob Roger"
                RenderBlock {P} at (8,31) size 155x15
                  RenderText {#text} at (0,0) size 73x15
                    text run at (0,0) width 73: "Randy StClair"
                  RenderInline {SPAN} at (0,0) size 0x15
                    RenderInline {O:P} at (0,0) size 0x15
              RenderTableCell {TD} at (267,3988) size 100x46 [border: (1px none #808080) none (1px none #808080)] [r=54 c=2 rs=1 cs=1]
                RenderBlock {P} at (8,1) size 84x15
                  RenderText {#text} at (31,0) size 21x15
                    text run at (31,0) width 21: "Yes"
                  RenderInline {SPAN} at (0,0) size 1x15
                    RenderInline {O:P} at (0,0) size 1x15
                RenderBlock {P} at (8,16) size 84x15
                  RenderText {#text} at (31,0) size 21x15
                    text run at (31,0) width 21: "Yes"
                RenderBlock {P} at (8,31) size 84x15
                  RenderText {#text} at (31,0) size 21x15
                    text run at (31,0) width 21: "Yes"
                  RenderInline {SPAN} at (0,0) size 1x15
                    RenderInline {O:P} at (0,0) size 1x15
              RenderTableCell {TD} at (366,3988) size 107x46 [border: (1px none #808080) none (1px none #808080)] [r=54 c=3 rs=1 cs=1]
                RenderBlock {P} at (8,1) size 90x15
                  RenderText {#text} at (34,0) size 21x15
                    text run at (34,0) width 21: "Yes"
                  RenderInline {SPAN} at (0,0) size 1x15
                    RenderInline {O:P} at (0,0) size 1x15
                RenderBlock {P} at (8,16) size 90x15
                  RenderText {#text} at (36,0) size 17x15
                    text run at (36,0) width 17: "No"
                RenderBlock {P} at (8,31) size 90x15
                  RenderText {#text} at (36,0) size 17x15
                    text run at (36,0) width 17: "No"
                  RenderInline {SPAN} at (0,0) size 1x15
                    RenderInline {O:P} at (0,0) size 1x15
            RenderTableRow {TR} at (0,4034) size 472x76
              RenderTableCell {TD} at (0,4034) size 99x16 [border: (1px none #808080) none] [r=55 c=0 rs=1 cs=1]
                RenderBlock {P} at (8,1) size 84x15
                  RenderText {#text} at (35,0) size 13x15
                    text run at (35,0) width 13: "56"
                  RenderInline {SPAN} at (0,0) size 1x15
                    RenderInline {O:P} at (0,0) size 1x15
              RenderTableCell {TD} at (98,4034) size 170x76 [border: (1px none #808080) none (1px none #808080)] [r=55 c=1 rs=1 cs=1]
                RenderBlock {P} at (8,1) size 155x15
                  RenderText {#text} at (0,0) size 77x15
                    text run at (0,0) width 77: "Mark Glanville"
                RenderBlock {P} at (8,16) size 155x15
                  RenderText {#text} at (0,0) size 68x15
                    text run at (0,0) width 68: "Steve Gilbert"
                RenderBlock {P} at (8,31) size 155x15
                  RenderText {#text} at (0,0) size 60x15
                    text run at (0,0) width 60: "Jerry Davis"
                RenderBlock {P} at (8,46) size 155x15
                  RenderText {#text} at (0,0) size 64x15
                    text run at (0,0) width 64: "Rich Saunef"
                RenderBlock {P} at (8,61) size 155x15
                  RenderText {#text} at (0,0) size 68x15
                    text run at (0,0) width 68: "Harald Close"
                  RenderInline {SPAN} at (0,0) size 0x15
                    RenderInline {O:P} at (0,0) size 0x15
              RenderTableCell {TD} at (267,4034) size 100x76 [border: (1px none #808080) none (1px none #808080)] [r=55 c=2 rs=1 cs=1]
                RenderBlock {P} at (8,1) size 84x15
                  RenderText {#text} at (31,0) size 21x15
                    text run at (31,0) width 21: "Yes"
                RenderBlock {P} at (8,16) size 84x15
                  RenderText {#text} at (31,0) size 21x15
                    text run at (31,0) width 21: "Yes"
                RenderBlock {P} at (8,31) size 84x15
                  RenderText {#text} at (31,0) size 21x15
                    text run at (31,0) width 21: "Yes"
                RenderBlock {P} at (8,46) size 84x15
                  RenderText {#text} at (31,0) size 21x15
                    text run at (31,0) width 21: "Yes"
                RenderBlock {P} at (8,61) size 84x15
                  RenderText {#text} at (31,0) size 21x15
                    text run at (31,0) width 21: "Yes"
                  RenderInline {SPAN} at (0,0) size 1x15
                    RenderInline {O:P} at (0,0) size 1x15
              RenderTableCell {TD} at (366,4034) size 107x76 [border: (1px none #808080) none (1px none #808080)] [r=55 c=3 rs=1 cs=1]
                RenderBlock {P} at (8,1) size 90x15
                  RenderText {#text} at (36,0) size 17x15
                    text run at (36,0) width 17: "No"
                RenderBlock {P} at (8,16) size 90x15
                  RenderText {#text} at (36,0) size 17x15
                    text run at (36,0) width 17: "No"
                RenderBlock {P} at (8,31) size 90x15
                  RenderText {#text} at (36,0) size 17x15
                    text run at (36,0) width 17: "No"
                RenderBlock {P} at (8,46) size 90x15
                  RenderText {#text} at (36,0) size 17x15
                    text run at (36,0) width 17: "No"
                RenderBlock {P} at (8,61) size 90x15
                  RenderText {#text} at (36,0) size 17x15
                    text run at (36,0) width 17: "No"
                  RenderInline {SPAN} at (0,0) size 1x15
                    RenderInline {O:P} at (0,0) size 1x15
            RenderTableRow {TR} at (0,4110) size 472x46
              RenderTableCell {TD} at (0,4110) size 99x16 [border: (1px none #808080) none] [r=56 c=0 rs=1 cs=1]
                RenderBlock {P} at (8,1) size 84x15
                  RenderText {#text} at (35,0) size 13x15
                    text run at (35,0) width 13: "57"
                  RenderInline {SPAN} at (0,0) size 1x15
                    RenderInline {O:P} at (0,0) size 1x15
              RenderTableCell {TD} at (98,4110) size 170x46 [border: (1px none #808080) none (1px none #808080)] [r=56 c=1 rs=1 cs=1]
                RenderBlock {P} at (8,1) size 155x15
                  RenderText {#text} at (0,0) size 57x15
                    text run at (0,0) width 57: "Bob Roger"
                RenderBlock {P} at (8,16) size 155x15
                  RenderText {#text} at (0,0) size 67x15
                    text run at (0,0) width 67: "Rich Burnett"
                RenderBlock {P} at (8,31) size 155x15
                  RenderText {#text} at (0,0) size 65x15
                    text run at (0,0) width 65: "David Dunn"
                  RenderInline {SPAN} at (0,0) size 0x15
                    RenderInline {O:P} at (0,0) size 0x15
              RenderTableCell {TD} at (267,4110) size 100x16 [border: (1px none #808080) none (1px none #808080)] [r=56 c=2 rs=1 cs=1]
                RenderBlock {P} at (8,1) size 84x15
                  RenderText {#text} at (31,0) size 21x15
                    text run at (31,0) width 21: "Yes"
                  RenderInline {SPAN} at (0,0) size 1x15
                    RenderInline {O:P} at (0,0) size 1x15
              RenderTableCell {TD} at (366,4110) size 107x16 [border: (1px none #808080) none (1px none #808080)] [r=56 c=3 rs=1 cs=1]
                RenderBlock {P} at (8,1) size 90x15
                  RenderText {#text} at (36,0) size 17x15
                    text run at (36,0) width 17: "No"
                  RenderInline {SPAN} at (0,0) size 1x15
                    RenderInline {O:P} at (0,0) size 1x15
            RenderTableRow {TR} at (0,4156) size 472x61
              RenderTableCell {TD} at (0,4156) size 99x16 [border: (1px none #808080) none] [r=57 c=0 rs=1 cs=1]
                RenderBlock {P} at (8,1) size 84x15
                  RenderText {#text} at (35,0) size 13x15
                    text run at (35,0) width 13: "58"
                  RenderInline {SPAN} at (0,0) size 1x15
                    RenderInline {O:P} at (0,0) size 1x15
              RenderTableCell {TD} at (98,4156) size 170x61 [border: (1px none #808080) none (1px none #808080)] [r=57 c=1 rs=1 cs=1]
                RenderBlock {P} at (8,1) size 155x15
                  RenderText {#text} at (0,0) size 90x15
                    text run at (0,0) width 90: "Ian + Brad Carter"
                  RenderInline {SPAN} at (0,0) size 0x15
                    RenderInline {O:P} at (0,0) size 0x15
                RenderBlock {P} at (8,16) size 155x15
                  RenderText {#text} at (0,0) size 66x15
                    text run at (0,0) width 66: "Bill Johnson"
                RenderBlock {P} at (8,31) size 155x15
                  RenderText {#text} at (0,0) size 74x15
                    text run at (0,0) width 74: "Chuck Pringle"
                RenderBlock {P} at (8,46) size 155x15
                  RenderText {#text} at (0,0) size 65x15
                    text run at (0,0) width 65: "David Dunn"
                  RenderInline {SPAN} at (0,0) size 0x15
                    RenderInline {O:P} at (0,0) size 0x15
              RenderTableCell {TD} at (267,4156) size 100x46 [border: (1px none #808080) none (1px none #808080)] [r=57 c=2 rs=1 cs=1]
                RenderBlock {P} at (8,1) size 84x15
                  RenderText {#text} at (31,0) size 21x15
                    text run at (31,0) width 21: "Yes"
                  RenderInline {SPAN} at (0,0) size 1x15
                    RenderInline {O:P} at (0,0) size 1x15
                RenderBlock {P} at (8,16) size 84x15
                  RenderText {#text} at (31,0) size 21x15
                    text run at (31,0) width 21: "Yes"
                RenderBlock {P} at (8,31) size 84x15
                  RenderText {#text} at (31,0) size 21x15
                    text run at (31,0) width 21: "Yes"
                  RenderInline {SPAN} at (0,0) size 1x15
                    RenderInline {O:P} at (0,0) size 1x15
              RenderTableCell {TD} at (366,4156) size 107x46 [border: (1px none #808080) none (1px none #808080)] [r=57 c=3 rs=1 cs=1]
                RenderBlock {P} at (8,1) size 90x15
                  RenderText {#text} at (36,0) size 17x15
                    text run at (36,0) width 17: "No"
                  RenderInline {SPAN} at (0,0) size 1x15
                    RenderInline {O:P} at (0,0) size 1x15
                RenderBlock {P} at (8,16) size 90x15
                  RenderText {#text} at (36,0) size 17x15
                    text run at (36,0) width 17: "No"
                RenderBlock {P} at (8,31) size 90x15
                  RenderText {#text} at (36,0) size 17x15
                    text run at (36,0) width 17: "No"
                  RenderInline {SPAN} at (0,0) size 1x15
                    RenderInline {O:P} at (0,0) size 1x15
            RenderTableRow {TR} at (0,4217) size 472x31
              RenderTableCell {TD} at (0,4217) size 99x16 [border: (1px none #808080) none] [r=58 c=0 rs=1 cs=1]
                RenderBlock {P} at (8,1) size 84x15
                  RenderText {#text} at (35,0) size 13x15
                    text run at (35,0) width 13: "59"
                  RenderInline {SPAN} at (0,0) size 1x15
                    RenderInline {O:P} at (0,0) size 1x15
              RenderTableCell {TD} at (98,4217) size 170x31 [border: (1px none #808080) none (1px none #808080)] [r=58 c=1 rs=1 cs=1]
                RenderBlock {P} at (8,1) size 155x15
                  RenderText {#text} at (0,0) size 57x15
                    text run at (0,0) width 57: "Bob Roger"
                RenderBlock {P} at (8,16) size 155x15
                  RenderText {#text} at (0,0) size 67x15
                    text run at (0,0) width 67: "Rich Burnett"
                  RenderInline {SPAN} at (0,0) size 0x15
                    RenderInline {O:P} at (0,0) size 0x15
              RenderTableCell {TD} at (267,4217) size 100x16 [border: (1px none #808080) none (1px none #808080)] [r=58 c=2 rs=1 cs=1]
                RenderBlock {P} at (8,1) size 84x15
                  RenderText {#text} at (31,0) size 21x15
                    text run at (31,0) width 21: "Yes"
                  RenderInline {SPAN} at (0,0) size 1x15
                    RenderInline {O:P} at (0,0) size 1x15
              RenderTableCell {TD} at (366,4217) size 107x16 [border: (1px none #808080) none (1px none #808080)] [r=58 c=3 rs=1 cs=1]
                RenderBlock {P} at (8,1) size 90x15
                  RenderText {#text} at (36,0) size 17x15
                    text run at (36,0) width 17: "No"
                  RenderInline {SPAN} at (0,0) size 1x15
                    RenderInline {O:P} at (0,0) size 1x15
            RenderTableRow {TR} at (0,4248) size 472x61
              RenderTableCell {TD} at (0,4248) size 99x16 [border: (1px none #808080) none] [r=59 c=0 rs=1 cs=1]
                RenderBlock {P} at (8,1) size 84x15
                  RenderText {#text} at (35,0) size 13x15
                    text run at (35,0) width 13: "60"
                  RenderInline {SPAN} at (0,0) size 1x15
                    RenderInline {O:P} at (0,0) size 1x15
              RenderTableCell {TD} at (98,4248) size 170x61 [border: (1px none #808080) none (1px none #808080)] [r=59 c=1 rs=1 cs=1]
                RenderBlock {P} at (8,1) size 155x15
                  RenderText {#text} at (0,0) size 66x15
                    text run at (0,0) width 66: "Bill Johnson"
                RenderBlock {P} at (8,16) size 155x15
                  RenderText {#text} at (0,0) size 89x15
                    text run at (0,0) width 89: "Vladimir Dvorkin"
                RenderBlock {P} at (8,31) size 155x15
                  RenderText {#text} at (0,0) size 51x15
                    text run at (0,0) width 51: "Ken Price"
                RenderBlock {P} at (8,46) size 155x15
                  RenderText {#text} at (0,0) size 87x15
                    text run at (0,0) width 87: "Rick Rasmussen"
                  RenderInline {SPAN} at (0,0) size 0x15
                    RenderInline {O:P} at (0,0) size 0x15
              RenderTableCell {TD} at (267,4248) size 100x31 [border: (1px none #808080) none (1px none #808080)] [r=59 c=2 rs=1 cs=1]
                RenderBlock {P} at (8,1) size 84x15
                  RenderText {#text} at (31,0) size 21x15
                    text run at (31,0) width 21: "Yes"
                RenderBlock {P} at (8,16) size 84x15
                  RenderText {#text} at (33,0) size 17x15
                    text run at (33,0) width 17: "No"
                  RenderInline {SPAN} at (0,0) size 1x15
                    RenderInline {O:P} at (0,0) size 1x15
              RenderTableCell {TD} at (366,4248) size 107x31 [border: (1px none #808080) none (1px none #808080)] [r=59 c=3 rs=1 cs=1]
                RenderBlock {P} at (8,1) size 90x15
                  RenderText {#text} at (36,0) size 17x15
                    text run at (36,0) width 17: "No"
                RenderBlock {P} at (8,16) size 90x15
                  RenderText {#text} at (34,0) size 21x15
                    text run at (34,0) width 21: "Yes"
                  RenderInline {SPAN} at (0,0) size 1x15
                    RenderInline {O:P} at (0,0) size 1x15
        RenderBlock {P} at (0,4329) size 769x15
          RenderInline {SPAN} at (0,0) size 3x15
            RenderText {#text} at (0,0) size 3x15
              text run at (0,0) width 3: " "
        RenderBlock {P} at (0,4344) size 769x15
          RenderText {#text} at (0,0) size 3x15
            text run at (0,0) width 3: " "
        RenderBlock {P} at (0,4359) size 769x15
          RenderText {#text} at (0,0) size 3x15
            text run at (0,0) width 3: " "
      RenderBlock {P} at (0,4374) size 769x15
        RenderText {#text} at (383,0) size 3x15
          text run at (383,0) width 3: " "
