CONSOLE MESSAGE: line 14: TypeError: undefined is not an object (evaluating 'document.styleSheets[1].disabled = false')
layer at (0,0) size 800x600
  RenderView at (0,0) size 800x600
layer at (0,0) size 800x79
  RenderBlock {HTML} at (0,0) size 800x79
    RenderBody {BODY} at (8,8) size 784x63
      RenderBlock (anonymous) at (0,0) size 784x19
        RenderText {#text} at (0,-1) size 191x20
          text run at (0,-1) width 191: "the text should be courier 24pt"
      RenderTable {TABLE} at (0,19) size 80x25
        RenderTableSection {TBODY} at (0,0) size 80x25
          RenderTableRow {TR} at (0,2) size 80x21
            RenderTableCell {TD} at (2,2) size 76x21 [r=0 c=0 rs=1 cs=1]
              RenderText {#text} at (1,0) size 74x20
                text run at (1,0) width 74: "inside a cell"
      RenderBlock {DIV} at (0,44) size 784x19
        RenderText {#text} at (0,-1) size 72x20
          text run at (0,-1) width 72: "inside a div"
