layer at (0,0) size 800x600
  RenderView at (0,0) size 800x600
layer at (0,0) size 800x600
  RenderBlock {HTML} at (0,0) size 800x600
    RenderBody {BODY} at (8,8) size 784x584
      RenderTable {TABLE} at (0,0) size 72x28 [border: (2px solid #FF0000)]
        RenderTableSection {TBODY} at (2,2) size 68x24
          RenderTableRow {TR} at (0,2) size 68x20
            RenderTableCell {TD} at (2,2) size 30x20 [border: (1px inset #FF0000)] [r=0 c=0 rs=1 cs=1]
              RenderText {#text} at (2,2) size 26x16
                text run at (2,2) width 26: "One"
            RenderTableCell {TD} at (33,2) size 33x20 [border: (1px inset #FF0000)] [r=0 c=1 rs=1 cs=1]
              RenderText {#text} at (2,2) size 29x16
                text run at (2,2) width 29: "Two"
      RenderBlock (anonymous) at (0,28) size 784x16
        RenderBR {BR} at (0,0) size 0x16
      RenderTable {TABLE} at (0,44) size 74x30 [border: (3px solid #FF0000)]
        RenderTableSection {TBODY} at (3,3) size 68x24
          RenderTableRow {TR} at (0,2) size 68x20
            RenderTableCell {TD} at (2,2) size 30x20 [border: (1px inset #FF0000)] [r=0 c=0 rs=1 cs=1]
              RenderText {#text} at (2,2) size 26x16
                text run at (2,2) width 26: "One"
            RenderTableCell {TD} at (33,2) size 33x20 [border: (1px inset #FF0000)] [r=0 c=1 rs=1 cs=1]
              RenderText {#text} at (2,2) size 29x16
                text run at (2,2) width 29: "Two"
      RenderTable {TABLE} at (0,74) size 62x26 [border: (1px outset #808080)]
        RenderTableSection {TBODY} at (1,1) size 60x24
          RenderTableRow {TR} at (0,2) size 60x20
            RenderTableCell {TD} at (2,2) size 26x20 [border: (1px inset #808080)] [r=0 c=0 rs=1 cs=1]
              RenderText {#text} at (2,2) size 22x16
                text run at (2,2) width 22: "one"
            RenderTableCell {TD} at (29,2) size 29x20 [border: (1px inset #808080)] [r=0 c=1 rs=1 cs=1]
              RenderText {#text} at (2,2) size 24x16
                text run at (2,2) width 24: "two"
      RenderBlock (anonymous) at (0,100) size 784x16
        RenderBR {BR} at (0,0) size 0x16
      RenderTable {TABLE} at (0,116) size 66x22
        RenderTableSection {TBODY} at (0,0) size 66x22
          RenderTableRow {TR} at (0,2) size 66x18
            RenderTableCell {TD} at (2,2) size 18x18 [r=0 c=0 rs=1 cs=1]
              RenderText {#text} at (1,1) size 16x16
                text run at (1,1) width 16: "no"
            RenderTableCell {TD} at (21,2) size 43x18 [r=0 c=1 rs=1 cs=1]
              RenderText {#text} at (1,1) size 41x16
                text run at (1,1) width 41: "border"
      RenderBlock (anonymous) at (0,138) size 784x16
        RenderText {#text} at (0,0) size 65x16
          text run at (0,0) width 65: "This table:"
      RenderTable {TABLE} at (0,154) size 70x26 [border: (1px solid #FF0000)]
        RenderTableSection {TBODY} at (1,1) size 68x24
          RenderTableRow {TR} at (0,2) size 68x20
            RenderTableCell {TD} at (2,2) size 30x20 [border: (1px inset #FF0000)] [r=0 c=0 rs=1 cs=1]
              RenderText {#text} at (2,2) size 26x16
                text run at (2,2) width 26: "One"
            RenderTableCell {TD} at (33,2) size 33x20 [border: (1px inset #FF0000)] [r=0 c=1 rs=1 cs=1]
              RenderText {#text} at (2,2) size 29x16
                text run at (2,2) width 29: "Two"
      RenderBlock (anonymous) at (0,180) size 784x32
        RenderBR {BR} at (0,0) size 0x16
        RenderText {#text} at (0,16) size 183x16
          text run at (0,16) width 183: "Should look just like this one:"
      RenderTable {TABLE} at (0,212) size 72x28 [border: (2px outset #808080)]
        RenderTableSection {TBODY} at (2,2) size 68x24
          RenderTableRow {TR} at (0,2) size 68x20
            RenderTableCell {TD} at (2,2) size 30x20 [border: (1px inset #808080)] [r=0 c=0 rs=1 cs=1]
              RenderText {#text} at (2,2) size 26x16
                text run at (2,2) width 26: "One"
            RenderTableCell {TD} at (33,2) size 33x20 [border: (1px inset #808080)] [r=0 c=1 rs=1 cs=1]
              RenderText {#text} at (2,2) size 29x16
                text run at (2,2) width 29: "Two"
      RenderBlock (anonymous) at (0,240) size 784x16
        RenderBR {BR} at (0,0) size 0x16
      RenderTable {TABLE} at (0,256) size 62x26 [border: (1px solid #FF0000)]
        RenderTableSection {TBODY} at (1,1) size 60x24
          RenderTableRow {TR} at (0,2) size 60x20
            RenderTableCell {TD} at (2,2) size 26x20 [border: (1px solid #008000)] [r=0 c=0 rs=1 cs=1]
              RenderText {#text} at (2,2) size 22x16
                text run at (2,2) width 22: "one"
            RenderTableCell {TD} at (29,2) size 29x20 [border: (1px solid #FF0000)] [r=0 c=1 rs=1 cs=1]
              RenderText {#text} at (2,2) size 24x16
                text run at (2,2) width 24: "two"
      RenderBlock (anonymous) at (0,282) size 784x16
        RenderBR {BR} at (0,0) size 0x16
      RenderTable {TABLE} at (0,298) size 104x48 [border: (1px solid #FF0000)]
        RenderTableSection {TBODY} at (1,1) size 102x46
          RenderTableRow {TR} at (0,2) size 102x20
            RenderTableCell {TD} at (2,2) size 31x20 [border: (1px solid #008000)] [r=0 c=0 rs=1 cs=1]
              RenderText {#text} at (2,2) size 22x16
                text run at (2,2) width 22: "one"
            RenderTableCell {TD} at (34,2) size 29x20 [border: (1px solid #FF0000)] [r=0 c=1 rs=1 cs=1]
              RenderText {#text} at (2,2) size 24x16
                text run at (2,2) width 24: "two"
            RenderTableCell {TD} at (64,2) size 36x20 [border: (1px solid #0000FF)] [r=0 c=2 rs=1 cs=1]
              RenderText {#text} at (2,2) size 32x16
                text run at (2,2) width 32: "three"
          RenderTableRow {TR} at (0,24) size 102x20
            RenderTableCell {TD} at (2,24) size 31x20 [border: (1px solid #008000)] [r=1 c=0 rs=1 cs=1]
              RenderText {#text} at (2,2) size 27x16
                text run at (2,2) width 27: "four"
            RenderTableCell {TD} at (34,24) size 29x20 [border: (1px solid #FFFF00)] [r=1 c=1 rs=1 cs=1]
              RenderText {#text} at (2,2) size 25x16
                text run at (2,2) width 25: "five"
            RenderTableCell {TD} at (64,24) size 36x20 [border: (1px solid #FFA500)] [r=1 c=2 rs=1 cs=1]
              RenderText {#text} at (2,2) size 18x16
                text run at (2,2) width 18: "six"
      RenderBlock (anonymous) at (0,346) size 784x16
        RenderBR {BR} at (0,0) size 0x16
      RenderTable {TABLE} at (0,362) size 104x48 [border: (1px solid #FF0000)]
        RenderTableSection {TBODY} at (1,1) size 102x46
          RenderTableRow {TR} at (0,2) size 102x20
            RenderTableCell {TD} at (2,2) size 31x20 [border: (1px solid #008000)] [r=0 c=0 rs=1 cs=1]
              RenderText {#text} at (2,2) size 22x16
                text run at (2,2) width 22: "one"
            RenderTableCell {TD} at (34,2) size 29x20 [border: (1px solid #FF0000)] [r=0 c=1 rs=1 cs=1]
              RenderText {#text} at (2,2) size 24x16
                text run at (2,2) width 24: "two"
            RenderTableCell {TD} at (64,2) size 36x20 [border: (1px solid #0000FF)] [r=0 c=2 rs=1 cs=1]
              RenderText {#text} at (2,2) size 32x16
                text run at (2,2) width 32: "three"
          RenderTableRow {TR} at (0,24) size 102x20
            RenderTableCell {TD} at (2,24) size 31x20 [border: (1px solid #008000)] [r=1 c=0 rs=1 cs=1]
              RenderText {#text} at (2,2) size 27x16
                text run at (2,2) width 27: "four"
            RenderTableCell {TD} at (34,24) size 29x20 [border: (1px solid #FFFF00)] [r=1 c=1 rs=1 cs=1]
              RenderText {#text} at (2,2) size 25x16
                text run at (2,2) width 25: "five"
            RenderTableCell {TD} at (64,24) size 36x20 [border: (1px solid #FFA500)] [r=1 c=2 rs=1 cs=1]
              RenderText {#text} at (2,2) size 18x16
                text run at (2,2) width 18: "six"
      RenderBlock (anonymous) at (0,410) size 784x16
        RenderBR {BR} at (0,0) size 0x16
      RenderTable {TABLE} at (0,426) size 65x34 [border: (5px outset #808080)]
        RenderTableSection {TBODY} at (5,5) size 55x24
          RenderTableRow {TR} at (0,2) size 55x20
            RenderTableCell {TD} at (2,2) size 25x20 [border: (1px inset #808080)] [r=0 c=0 rs=1 cs=1]
              RenderText {#text} at (2,2) size 21x16
                text run at (2,2) width 21: "foo"
            RenderTableCell {TD} at (28,2) size 25x20 [border: (1px inset #808080)] [r=0 c=1 rs=1 cs=1]
              RenderText {#text} at (2,2) size 20x16
                text run at (2,2) width 20: "bar"
      RenderBlock (anonymous) at (0,460) size 784x16
        RenderBR {BR} at (0,0) size 0x16
      RenderTable {TABLE} at (0,476) size 69x36 [border: (5px outset #808080)]
        RenderTableSection {TBODY} at (5,5) size 59x26
          RenderTableRow {TR} at (0,2) size 59x22
            RenderTableCell {TD} at (2,2) size 27x22 [border: (2px solid #FF0000)] [r=0 c=0 rs=1 cs=1]
              RenderText {#text} at (3,3) size 21x16
                text run at (3,3) width 21: "foo"
            RenderTableCell {TD} at (30,2) size 27x22 [border: (2px solid #FF0000)] [r=0 c=1 rs=1 cs=1]
              RenderText {#text} at (3,3) size 20x16
                text run at (3,3) width 20: "bar"
