layer at (0,0) size 785x1107
  RenderView at (0,0) size 785x600
layer at (0,0) size 785x1107
  RenderBlock {HTML} at (0,0) size 785x1107
    RenderBody {BODY} at (8,8) size 769x1091
      RenderTable {TABLE} at (0,0) size 769x603 [border: (1px outset #808080)]
        RenderBlock {CAPTION} at (0,0) size 769x19
          RenderInline {NOBR} at (0,0) size 613x20
            RenderText {#text} at (78,-1) size 613x20
              text run at (78,-1) width 356: "caption is considered part of % width, not so in Nav4.6, "
              text run at (433,-1) width 258: "caption is not considered part of %height"
          RenderText {#text} at (0,0) size 0x0
        RenderTableSection {TBODY} at (1,20) size 767x582
          RenderTableRow {TR} at (0,2) size 767x578
            RenderTableCell {TD} at (2,270) size 763x42 [border: (1px inset #808080)] [r=0 c=0 rs=1 cs=1]
              RenderText {#text} at (11,10) size 33x21
                text run at (11,11) width 33: "FOO"
      RenderBlock (anonymous) at (0,603) size 769x19
        RenderBR {BR} at (0,-1) size 0x20
      RenderTable {TABLE} at (0,622) size 524x48 [border: (1px outset #808080)]
        RenderBlock {CAPTION} at (0,0) size 524x19
          RenderText {#text} at (231,-1) size 62x20
            text run at (231,-1) width 62: "top center"
        RenderTableSection {TBODY} at (1,20) size 522x27
          RenderTableRow {TR} at (0,2) size 522x23
            RenderTableCell {TD} at (2,2) size 518x23 [border: (1px inset #808080)] [r=0 c=0 rs=1 cs=1]
              RenderText {#text} at (2,1) size 514x20
                text run at (2,1) width 514: "FOO FOO FOO FOO FOO FOO FOO FOO FOO FOO FOO FOO FOO FOO"
      RenderBlock (anonymous) at (0,670) size 769x19
        RenderBR {BR} at (0,-1) size 0x20
      RenderTable {TABLE} at (0,689) size 524x48 [border: (1px outset #808080)]
        RenderBlock {CAPTION} at (0,0) size 524x19
          RenderText {#text} at (471,-1) size 53x20
            text run at (471,-1) width 53: "top right"
        RenderTableSection {TBODY} at (1,20) size 522x27
          RenderTableRow {TR} at (0,2) size 522x23
            RenderTableCell {TD} at (2,2) size 518x23 [border: (1px inset #808080)] [r=0 c=0 rs=1 cs=1]
              RenderText {#text} at (2,1) size 514x20
                text run at (2,1) width 514: "FOO FOO FOO FOO FOO FOO FOO FOO FOO FOO FOO FOO FOO FOO"
      RenderBlock (anonymous) at (0,737) size 769x19
        RenderBR {BR} at (0,-1) size 0x20
      RenderTable {TABLE} at (0,756) size 524x48 [border: (1px outset #808080)]
        RenderBlock {CAPTION} at (0,29) size 524x19
          RenderText {#text} at (219,-1) size 86x20
            text run at (219,-1) width 86: "bottom center"
        RenderTableSection {TBODY} at (1,1) size 522x27
          RenderTableRow {TR} at (0,2) size 522x23
            RenderTableCell {TD} at (2,2) size 518x23 [border: (1px inset #808080)] [r=0 c=0 rs=1 cs=1]
              RenderText {#text} at (2,1) size 514x20
                text run at (2,1) width 514: "FOO FOO FOO FOO FOO FOO FOO FOO FOO FOO FOO FOO FOO FOO"
      RenderBlock (anonymous) at (0,804) size 769x19
        RenderBR {BR} at (0,-1) size 0x20
      RenderTable {TABLE} at (0,823) size 524x48 [border: (1px outset #808080)]
        RenderBlock {CAPTION} at (0,29) size 524x19
          RenderText {#text} at (0,-1) size 68x20
            text run at (0,-1) width 68: "bottom left"
        RenderTableSection {TBODY} at (1,1) size 522x27
          RenderTableRow {TR} at (0,2) size 522x23
            RenderTableCell {TD} at (2,2) size 518x23 [border: (1px inset #808080)] [r=0 c=0 rs=1 cs=1]
              RenderText {#text} at (2,1) size 514x20
                text run at (2,1) width 514: "FOO FOO FOO FOO FOO FOO FOO FOO FOO FOO FOO FOO FOO FOO"
      RenderBlock (anonymous) at (0,871) size 769x19
        RenderBR {BR} at (0,-1) size 0x20
      RenderTable {TABLE} at (0,890) size 524x48 [border: (1px outset #808080)]
        RenderBlock {CAPTION} at (0,0) size 524x19
          RenderText {#text} at (231,-1) size 62x20
            text run at (231,-1) width 62: "top center"
        RenderTableSection {TBODY} at (1,20) size 522x27
          RenderTableRow {TR} at (0,2) size 522x23
            RenderTableCell {TD} at (2,2) size 518x23 [border: (1px inset #808080)] [r=0 c=0 rs=1 cs=1]
              RenderText {#text} at (2,1) size 514x20
                text run at (2,1) width 514: "FOO FOO FOO FOO FOO FOO FOO FOO FOO FOO FOO FOO FOO FOO"
      RenderBlock (anonymous) at (0,938) size 769x19
        RenderBR {BR} at (0,-1) size 0x20
      RenderTable {TABLE} at (0,957) size 524x48 [border: (1px outset #808080)]
        RenderBlock {CAPTION} at (0,29) size 524x19
          RenderText {#text} at (219,-1) size 86x20
            text run at (219,-1) width 86: "bottom center"
        RenderTableSection {TBODY} at (1,1) size 522x27
          RenderTableRow {TR} at (0,2) size 522x23
            RenderTableCell {TD} at (2,2) size 518x23 [border: (1px inset #808080)] [r=0 c=0 rs=1 cs=1]
              RenderText {#text} at (2,1) size 514x20
                text run at (2,1) width 514: "FOO FOO FOO FOO FOO FOO FOO FOO FOO FOO FOO FOO FOO FOO"
      RenderBlock (anonymous) at (0,1005) size 769x19
        RenderBR {BR} at (0,-1) size 0x20
      RenderTable {TABLE} at (0,1024) size 524x48 [border: (1px outset #808080)]
        RenderBlock {CAPTION} at (0,0) size 524x19
          RenderText {#text} at (231,-1) size 62x20
            text run at (231,-1) width 62: "top center"
        RenderTableSection {TBODY} at (1,20) size 522x27
          RenderTableRow {TR} at (0,2) size 522x23
            RenderTableCell {TD} at (2,2) size 518x23 [border: (1px inset #808080)] [r=0 c=0 rs=1 cs=1]
              RenderText {#text} at (2,1) size 514x20
                text run at (2,1) width 514: "FOO FOO FOO FOO FOO FOO FOO FOO FOO FOO FOO FOO FOO FOO"
      RenderBlock (anonymous) at (0,1072) size 769x19
        RenderBR {BR} at (0,-1) size 0x20
