layer at (0,0) size 800x600
  RenderView at (0,0) size 800x600
layer at (0,0) size 800x600
  RenderBlock {HTML} at (0,0) size 800x600
    RenderBody {BODY} at (8,8) size 784x584
      RenderBlock (anonymous) at (0,0) size 784x19
        RenderText {#text} at (0,-1) size 226x20
          text run at (0,-1) width 226: "cell split with color (standard mode)"
      RenderTable {TABLE} at (0,19) size 31x29 [border: (1px outset #808080)]
        RenderTableCol {COLGROUP} at (0,0) size 0x0
          RenderTableCol {COL} at (0,0) size 0x0 [bgcolor=#FF0000]
          RenderTableCol {COL} at (0,0) size 0x0 [bgcolor=#0000FF]
        RenderTableSection {TBODY} at (1,1) size 29x27
          RenderTableRow {TR} at (0,2) size 29x23
            RenderTableCell {TD} at (2,2) size 25x23 [border: (1px inset #808080)] [r=0 c=0 rs=1 cs=2]
              RenderText {#text} at (2,1) size 21x20
                text run at (2,1) width 21: "foo"
      RenderBlock (anonymous) at (0,48) size 784x19
        RenderBR {BR} at (0,-1) size 0x20
      RenderBlock {HR} at (0,75) size 602x2 [border: (1px inset #000000)]
      RenderBlock (anonymous) at (0,85) size 784x19
        RenderBR {BR} at (0,-1) size 0x20
      RenderTable {TABLE} at (0,104) size 600x113
        RenderTableSection {TBODY} at (0,0) size 600x113
          RenderTableRow {TR} at (0,2) size 600x44
            RenderTableCell {TD} at (2,2) size 595x44 [r=0 c=0 rs=1 cs=3]
              RenderImage {IMG} at (7,1) size 580x42
              RenderText {#text} at (0,0) size 0x0
          RenderTableRow {TR} at (0,48) size 600x40
            RenderTableCell {TD} at (2,49) size 243x38 [r=1 c=0 rs=1 cs=1]
              RenderImage {IMG} at (1,1) size 232x35 [border: (1px solid #000000)]
            RenderTableCell {TD} at (246,48) size 143x40 [r=1 c=1 rs=1 cs=1]
              RenderText {#text} at (33,0) size 76x39
                text run at (33,0) width 76: "Hassle-Free"
                text run at (40,19) width 62: "Upgrades"
          RenderTableRow {TR} at (0,90) size 600x21
            RenderTableCell {TD} at (2,90) size 597x21 [bgcolor=#99CCCC] [r=2 c=0 rs=1 cs=4]
              RenderText {#text} at (1,0) size 8x20
                text run at (1,0) width 8: "x"
