layer at (0,0) size 800x600
  RenderView at (0,0) size 800x600
layer at (0,0) size 800x600
  RenderBlock {HTML} at (0,0) size 800x600
    RenderBody {BODY} at (8,8) size 784x584 [bgcolor=#FFFFFF]
      RenderBlock {H4} at (0,0) size 784x21
        RenderText {#text} at (0,-1) size 154x22
          text run at (0,-1) width 154: "Testcase distilled from "
        RenderInline {A} at (0,0) size 502x22 [color=#0000EE]
          RenderText {#text} at (154,-1) size 502x22
            text run at (154,-1) width 502: "http://www.download.com/pc/list/0,339,0-b-0-0-a-1,00.html?st.dl.fd.ag.new"
      RenderBlock {H4} at (0,42) size 784x22
        RenderText {#text} at (0,-1) size 305x22
          text run at (0,-1) width 305: "Minimize the window and then open it again."
      RenderTable {TABLE} at (0,84) size 784x26
        RenderTableSection {TBODY} at (0,0) size 784x25
          RenderTableRow {TR} at (0,2) size 784x21 [bgcolor=#006633]
            RenderTableCell {TD} at (2,2) size 780x21 [r=0 c=0 rs=1 cs=1]
              RenderInline {FONT} at (0,0) size 144x20 [color=#FFCC00]
                RenderText {#text} at (1,0) size 8x20
                  text run at (1,0) width 8: "  "
                RenderInline {SPAN} at (0,0) size 43x20
                  RenderText {#text} at (9,0) size 43x20
                    text run at (9,0) width 43: "CNET"
                RenderText {#text} at (52,0) size 12x20
                  text run at (52,0) width 12: " : "
                RenderInline {SPAN} at (0,0) size 73x20
                  RenderText {#text} at (64,0) size 73x20
                    text run at (64,0) width 73: "Downloads"
                RenderText {#text} at (137,0) size 8x20
                  text run at (137,0) width 8: " :"
      RenderBlock (anonymous) at (0,109) size 784x20
        RenderBR {BR} at (0,-1) size 0x20
      RenderBlock {H4} at (0,149) size 784x22
        RenderText {#text} at (0,-1) size 481x22
          text run at (0,-1) width 481: "This is the same table as above but with all <SPAN> elements removed."
      RenderTable {TABLE} at (0,192) size 784x26
        RenderTableSection {TBODY} at (0,0) size 784x25
          RenderTableRow {TR} at (0,2) size 784x21 [bgcolor=#006633]
            RenderTableCell {TD} at (2,2) size 780x21 [r=0 c=0 rs=1 cs=1]
              RenderInline {FONT} at (0,0) size 144x20 [color=#FFCC00]
                RenderText {#text} at (1,0) size 144x20
                  text run at (1,0) width 144: "  CNET : Downloads :"
