layer at (0,0) size 800x600
  RenderView at (0,0) size 800x600
layer at (0,0) size 800x600
  RenderBlock {HTML} at (0,0) size 800x600
    RenderBody {BODY} at (8,8) size 784x584
      RenderTable {TABLE} at (0,0) size 144x66 [border: (1px outset #808080)]
        RenderTableSection {TBODY} at (1,1) size 142x64
          RenderTableRow {TR} at (0,2) size 142x20
            RenderTableCell {TD} at (2,2) size 138x20 [border: (1px inset #808080)] [r=0 c=0 rs=1 cs=1]
              RenderText {#text} at (2,2) size 110x16
                text run at (2,2) width 110: "cell of outer table"
          RenderTableRow {TR} at (0,24) size 142x38
            RenderTableCell {TD} at (2,24) size 138x38 [border: (1px inset #808080)] [r=1 c=0 rs=1 cs=1]
              RenderTable {TABLE} at (2,2) size 134x34 [border: (5px outset #808080)]
                RenderTableSection {TBODY} at (5,5) size 124x24
                  RenderTableRow {TR} at (0,2) size 124x20
                    RenderTableCell {TD} at (2,2) size 120x20 [border: (1px inset #808080)] [r=0 c=0 rs=1 cs=1]
                      RenderText {#text} at (2,2) size 116x16
                        text run at (2,2) width 116: "cell of nested table"
      RenderBlock (anonymous) at (0,66) size 784x16
        RenderBR {BR} at (0,0) size 0x16
      RenderBlock {HR} at (0,90) size 202x2 [border: (1px inset #000000)]
      RenderBlock (anonymous) at (0,100) size 784x16
        RenderText {#text} at (0,0) size 211x16
          text run at (0,0) width 211: "nested table width includes border"
      RenderTable {TABLE} at (0,116) size 204x48 [border: (1px outset #808080)]
        RenderTableSection {TBODY} at (1,1) size 202x46
          RenderTableRow {TR} at (0,0) size 202x46
            RenderTableCell {TD} at (0,0) size 202x46 [border: (1px inset #808080)] [r=0 c=0 rs=1 cs=1]
              RenderTable {TABLE} at (1,1) size 200x44 [border: (10px outset #808080)]
                RenderTableSection {TBODY} at (10,10) size 180x24
                  RenderTableRow {TR} at (0,2) size 180x20
                    RenderTableCell {TD} at (2,2) size 176x20 [border: (1px inset #808080)] [r=0 c=0 rs=1 cs=1]
                      RenderText {#text} at (2,2) size 99x16
                        text run at (2,2) width 99: "200 nested table"
      RenderBlock (anonymous) at (0,164) size 784x32
        RenderBR {BR} at (0,0) size 0x16
        RenderText {#text} at (0,16) size 211x16
          text run at (0,16) width 211: "nested table width includes border"
      RenderTable {TABLE} at (0,196) size 135x48 [border: (1px outset #808080)]
        RenderTableSection {TBODY} at (1,1) size 133x46
          RenderTableRow {TR} at (0,0) size 133x46
            RenderTableCell {TD} at (0,0) size 133x46 [border: (1px inset #808080)] [r=0 c=0 rs=1 cs=1]
              RenderTable {TABLE} at (1,1) size 131x44 [border: (10px outset #808080)]
                RenderTableSection {TBODY} at (10,10) size 111x24
                  RenderTableRow {TR} at (0,2) size 111x20
                    RenderTableCell {TD} at (2,2) size 107x20 [border: (1px inset #808080)] [r=0 c=0 rs=1 cs=1]
                      RenderText {#text} at (2,2) size 103x16
                        text run at (2,2) width 103: "auto nested table"
      RenderBlock (anonymous) at (0,244) size 784x32
        RenderBR {BR} at (0,0) size 0x16
        RenderText {#text} at (0,16) size 211x16
          text run at (0,16) width 211: "nested table width includes border"
      RenderTable {TABLE} at (0,276) size 784x28 [border: (5px outset #808080)]
        RenderTableSection {TBODY} at (5,5) size 774x18
          RenderTableRow {TR} at (0,0) size 774x18
            RenderTableCell {TD} at (0,0) size 774x18 [border: (1px inset #808080)] [r=0 c=0 rs=1 cs=1]
              RenderText {#text} at (1,1) size 110x16
                text run at (1,1) width 110: "100% width table"
      RenderBlock (anonymous) at (0,304) size 784x32
        RenderBR {BR} at (0,0) size 0x16
        RenderText {#text} at (0,16) size 211x16
          text run at (0,16) width 211: "nested table width includes border"
      RenderTable {TABLE} at (0,336) size 144x48 [border: (1px outset #808080)]
        RenderTableSection {TBODY} at (1,1) size 142x46
          RenderTableRow {TR} at (0,0) size 142x46
            RenderTableCell {TD} at (0,0) size 142x46 [border: (1px inset #808080)] [r=0 c=0 rs=1 cs=1]
              RenderTable {TABLE} at (1,1) size 140x44 [border: (10px outset #808080)]
                RenderTableSection {TBODY} at (10,10) size 120x24
                  RenderTableRow {TR} at (0,2) size 120x20
                    RenderTableCell {TD} at (2,2) size 116x20 [border: (1px inset #808080)] [r=0 c=0 rs=1 cs=1]
                      RenderText {#text} at (2,2) size 112x16
                        text run at (2,2) width 112: "100% nested table"
