layer at (0,0) size 1616x585
  RenderView at (0,0) size 800x585
layer at (0,0) size 800x514
  RenderBlock {HTML} at (0,0) size 800x514
    RenderBody {BODY} at (8,8) size 784x493
      RenderTable {TABLE} at (0,0) size 25x0
        RenderTableSection {TBODY} at (0,0) size 25x0
          RenderTableRow {TR} at (0,0) size 25x0
            RenderTableCell {TD} at (0,0) size 2x0 [r=0 c=0 rs=1 cs=1]
            RenderTableCell {TD} at (1,0) size 2x0 [r=0 c=1 rs=1 cs=1]
            RenderTableCell {TD} at (2,0) size 2x0 [r=0 c=2 rs=1 cs=1]
            RenderTableCell {TD} at (3,0) size 2x0 [r=0 c=3 rs=1 cs=1]
            RenderTableCell {TD} at (4,0) size 2x0 [r=0 c=4 rs=1 cs=1]
            RenderTableCell {TD} at (5,0) size 2x0 [r=0 c=5 rs=1 cs=1]
            RenderTableCell {TD} at (6,0) size 2x0 [r=0 c=6 rs=1 cs=1]
            RenderTableCell {TD} at (7,0) size 2x0 [r=0 c=7 rs=1 cs=1]
            RenderTableCell {TD} at (8,0) size 2x0 [r=0 c=8 rs=1 cs=1]
            RenderTableCell {TD} at (9,0) size 2x0 [r=0 c=9 rs=1 cs=1]
            RenderTableCell {TD} at (10,0) size 2x0 [r=0 c=10 rs=1 cs=1]
            RenderTableCell {TD} at (11,0) size 2x0 [r=0 c=11 rs=1 cs=1]
            RenderTableCell {TD} at (12,0) size 2x0 [r=0 c=12 rs=1 cs=1]
            RenderTableCell {TD} at (13,0) size 2x0 [r=0 c=13 rs=1 cs=1]
            RenderTableCell {TD} at (14,0) size 2x0 [r=0 c=14 rs=1 cs=1]
            RenderTableCell {TD} at (15,0) size 2x0 [r=0 c=15 rs=1 cs=1]
            RenderTableCell {TD} at (16,0) size 9x0 [r=0 c=16 rs=1 cs=1]
      RenderTable {TABLE} at (0,0) size 12x0
        RenderTableSection {TBODY} at (0,0) size 12x0
          RenderTableRow {TR} at (0,0) size 12x0
            RenderTableCell {TD} at (0,0) size 1x0 [r=0 c=0 rs=1 cs=1]
            RenderTableCell {TD} at (1,0) size 1x0 [r=0 c=1 rs=1 cs=1]
            RenderTableCell {TD} at (2,0) size 1x0 [r=0 c=2 rs=1 cs=1]
            RenderTableCell {TD} at (3,0) size 1x0 [r=0 c=3 rs=1 cs=1]
            RenderTableCell {TD} at (4,0) size 8x0 [r=0 c=4 rs=1 cs=1]
      RenderTable {TABLE} at (0,0) size 13x0
        RenderTableSection {TBODY} at (0,0) size 13x0
          RenderTableRow {TR} at (0,0) size 13x0
            RenderTableCell {TD} at (0,0) size 2x0 [r=0 c=0 rs=1 cs=1]
            RenderTableCell {TD} at (1,0) size 2x0 [r=0 c=1 rs=1 cs=1]
            RenderTableCell {TD} at (2,0) size 2x0 [r=0 c=2 rs=1 cs=1]
            RenderTableCell {TD} at (3,0) size 2x0 [r=0 c=3 rs=1 cs=1]
            RenderTableCell {TD} at (4,0) size 9x0 [r=0 c=4 rs=1 cs=1]
      RenderTable {TABLE} at (0,0) size 24x0
        RenderTableSection {TBODY} at (0,0) size 24x0
          RenderTableRow {TR} at (0,0) size 24x0
            RenderTableCell {TD} at (0,0) size 2x0 [r=0 c=0 rs=1 cs=1]
            RenderTableCell {TD} at (2,0) size 2x0 [r=0 c=1 rs=1 cs=1]
            RenderTableCell {TD} at (4,0) size 2x0 [r=0 c=2 rs=1 cs=1]
            RenderTableCell {TD} at (6,0) size 2x0 [r=0 c=3 rs=1 cs=1]
            RenderTableCell {TD} at (8,0) size 16x0 [r=0 c=4 rs=1 cs=1]
      RenderTable {TABLE} at (0,0) size 25x0
        RenderTableSection {TBODY} at (0,0) size 25x0
          RenderTableRow {TR} at (0,0) size 25x0
            RenderTableCell {TD} at (0,0) size 3x0 [r=0 c=0 rs=1 cs=1]
            RenderTableCell {TD} at (2,0) size 3x0 [r=0 c=1 rs=1 cs=1]
            RenderTableCell {TD} at (4,0) size 3x0 [r=0 c=2 rs=1 cs=1]
            RenderTableCell {TD} at (6,0) size 3x0 [r=0 c=3 rs=1 cs=1]
            RenderTableCell {TD} at (8,0) size 17x0 [r=0 c=4 rs=1 cs=1]
      RenderTable {TABLE} at (0,0) size 17x0
        RenderTableSection {TBODY} at (0,0) size 17x0
          RenderTableRow {TR} at (0,0) size 17x0
            RenderTableCell {TD} at (0,0) size 2x0 [r=0 c=0 rs=1 cs=1]
            RenderTableCell {TD} at (1,0) size 3x0 [r=0 c=1 rs=1 cs=1]
            RenderTableCell {TD} at (3,0) size 3x0 [r=0 c=2 rs=1 cs=1]
            RenderTableCell {TD} at (5,0) size 2x0 [r=0 c=3 rs=1 cs=1]
            RenderTableCell {TD} at (6,0) size 3x0 [r=0 c=4 rs=1 cs=1]
            RenderTableCell {TD} at (8,0) size 3x0 [r=0 c=5 rs=1 cs=1]
            RenderTableCell {TD} at (10,0) size 2x0 [r=0 c=6 rs=1 cs=1]
            RenderTableCell {TD} at (11,0) size 3x0 [r=0 c=7 rs=1 cs=1]
            RenderTableCell {TD} at (13,0) size 3x0 [r=0 c=8 rs=1 cs=1]
            RenderTableCell {TD} at (15,0) size 2x0 [r=0 c=9 rs=1 cs=1]
      RenderBlock {PRE} at (0,13) size 784x480
        RenderText {#text} at (0,0) size 216x15
          text run at (0,0) width 216: "Specified table width: 25px"
        RenderText {#text} at (0,16) size 216x15
          text run at (0,16) width 216: "Actual table width:    25px"
        RenderText {#text} at (0,32) size 168x15
          text run at (0,32) width 168: "Specified TD widths: "
        RenderText {#text} at (168,32) size 32x15
          text run at (168,32) width 32: "1px "
        RenderText {#text} at (200,32) size 32x15
          text run at (200,32) width 32: "1px "
        RenderText {#text} at (232,32) size 32x15
          text run at (232,32) width 32: "1px "
        RenderText {#text} at (264,32) size 32x15
          text run at (264,32) width 32: "1px "
        RenderText {#text} at (296,32) size 32x15
          text run at (296,32) width 32: "1px "
        RenderText {#text} at (328,32) size 32x15
          text run at (328,32) width 32: "1px "
        RenderText {#text} at (360,32) size 32x15
          text run at (360,32) width 32: "1px "
        RenderText {#text} at (392,32) size 32x15
          text run at (392,32) width 32: "1px "
        RenderText {#text} at (424,32) size 32x15
          text run at (424,32) width 32: "1px "
        RenderText {#text} at (456,32) size 32x15
          text run at (456,32) width 32: "1px "
        RenderText {#text} at (488,32) size 32x15
          text run at (488,32) width 32: "1px "
        RenderText {#text} at (520,32) size 32x15
          text run at (520,32) width 32: "1px "
        RenderText {#text} at (552,32) size 32x15
          text run at (552,32) width 32: "1px "
        RenderText {#text} at (584,32) size 32x15
          text run at (584,32) width 32: "1px "
        RenderText {#text} at (616,32) size 32x15
          text run at (616,32) width 32: "1px "
        RenderText {#text} at (648,32) size 32x15
          text run at (648,32) width 32: "1px "
        RenderText {#text} at (680,32) size 32x15
          text run at (680,32) width 32: "8px "
        RenderText {#text} at (0,0) size 0x0
        RenderText {#text} at (0,48) size 168x15
          text run at (0,48) width 168: "Actual TD widths:    "
        RenderText {#text} at (168,48) size 80x15
          text run at (168,48) width 80: "1.03125px "
        RenderText {#text} at (248,48) size 88x15
          text run at (248,48) width 88: "1.046875px "
        RenderText {#text} at (336,48) size 88x15
          text run at (336,48) width 88: "1.046875px "
        RenderText {#text} at (424,48) size 80x15
          text run at (424,48) width 80: "1.03125px "
        RenderText {#text} at (504,48) size 88x15
          text run at (504,48) width 88: "1.046875px "
        RenderText {#text} at (592,48) size 80x15
          text run at (592,48) width 80: "1.03125px "
        RenderText {#text} at (672,48) size 88x15
          text run at (672,48) width 88: "1.046875px "
        RenderText {#text} at (760,48) size 88x15
          text run at (760,48) width 88: "1.046875px "
        RenderText {#text} at (848,48) size 88x15
          text run at (848,48) width 88: "1.046875px "
        RenderText {#text} at (936,48) size 80x15
          text run at (936,48) width 80: "1.03125px "
        RenderText {#text} at (1016,48) size 88x15
          text run at (1016,48) width 88: "1.046875px "
        RenderText {#text} at (1104,48) size 88x15
          text run at (1104,48) width 88: "1.046875px "
        RenderText {#text} at (1192,48) size 80x15
          text run at (1192,48) width 80: "1.03125px "
        RenderText {#text} at (1272,48) size 88x15
          text run at (1272,48) width 88: "1.046875px "
        RenderText {#text} at (1360,48) size 88x15
          text run at (1360,48) width 88: "1.046875px "
        RenderText {#text} at (1448,48) size 80x15
          text run at (1448,48) width 80: "1.03125px "
        RenderText {#text} at (1528,48) size 80x15
          text run at (1528,48) width 80: "8.34375px "
        RenderText {#text} at (0,64) size 0x15
          text run at (0,64) width 0: " "
        RenderText {#text} at (0,80) size 216x15
          text run at (0,80) width 216: "Specified table width: 12px"
        RenderText {#text} at (0,96) size 216x15
          text run at (0,96) width 216: "Actual table width:    12px"
        RenderText {#text} at (0,112) size 168x15
          text run at (0,112) width 168: "Specified TD widths: "
        RenderText {#text} at (168,112) size 32x15
          text run at (168,112) width 32: "1px "
        RenderText {#text} at (200,112) size 32x15
          text run at (200,112) width 32: "1px "
        RenderText {#text} at (232,112) size 32x15
          text run at (232,112) width 32: "1px "
        RenderText {#text} at (264,112) size 32x15
          text run at (264,112) width 32: "1px "
        RenderText {#text} at (296,112) size 32x15
          text run at (296,112) width 32: "8px "
        RenderText {#text} at (0,0) size 0x0
        RenderText {#text} at (0,128) size 168x15
          text run at (0,128) width 168: "Actual TD widths:    "
        RenderText {#text} at (168,128) size 32x15
          text run at (168,128) width 32: "1px "
        RenderText {#text} at (200,128) size 32x15
          text run at (200,128) width 32: "1px "
        RenderText {#text} at (232,128) size 32x15
          text run at (232,128) width 32: "1px "
        RenderText {#text} at (264,128) size 32x15
          text run at (264,128) width 32: "1px "
        RenderText {#text} at (296,128) size 32x15
          text run at (296,128) width 32: "8px "
        RenderText {#text} at (0,144) size 0x15
          text run at (0,144) width 0: " "
        RenderText {#text} at (0,160) size 216x15
          text run at (0,160) width 216: "Specified table width: 13px"
        RenderText {#text} at (0,176) size 216x15
          text run at (0,176) width 216: "Actual table width:    13px"
        RenderText {#text} at (0,192) size 168x15
          text run at (0,192) width 168: "Specified TD widths: "
        RenderText {#text} at (168,192) size 32x15
          text run at (168,192) width 32: "1px "
        RenderText {#text} at (200,192) size 32x15
          text run at (200,192) width 32: "1px "
        RenderText {#text} at (232,192) size 32x15
          text run at (232,192) width 32: "1px "
        RenderText {#text} at (264,192) size 32x15
          text run at (264,192) width 32: "1px "
        RenderText {#text} at (296,192) size 32x15
          text run at (296,192) width 32: "8px "
        RenderText {#text} at (0,0) size 0x0
        RenderText {#text} at (0,208) size 168x15
          text run at (0,208) width 168: "Actual TD widths:    "
        RenderText {#text} at (168,208) size 88x15
          text run at (168,208) width 88: "1.078125px "
        RenderText {#text} at (256,208) size 88x15
          text run at (256,208) width 88: "1.078125px "
        RenderText {#text} at (344,208) size 80x15
          text run at (344,208) width 80: "1.09375px "
        RenderText {#text} at (424,208) size 88x15
          text run at (424,208) width 88: "1.078125px "
        RenderText {#text} at (512,208) size 88x15
          text run at (512,208) width 88: "8.671875px "
        RenderText {#text} at (0,224) size 0x15
          text run at (0,224) width 0: " "
        RenderText {#text} at (0,240) size 216x15
          text run at (0,240) width 216: "Specified table width: 24px"
        RenderText {#text} at (0,256) size 216x15
          text run at (0,256) width 216: "Actual table width:    24px"
        RenderText {#text} at (0,272) size 168x15
          text run at (0,272) width 168: "Specified TD widths: "
        RenderText {#text} at (168,272) size 32x15
          text run at (168,272) width 32: "1px "
        RenderText {#text} at (200,272) size 32x15
          text run at (200,272) width 32: "1px "
        RenderText {#text} at (232,272) size 32x15
          text run at (232,272) width 32: "1px "
        RenderText {#text} at (264,272) size 32x15
          text run at (264,272) width 32: "1px "
        RenderText {#text} at (296,272) size 32x15
          text run at (296,272) width 32: "8px "
        RenderText {#text} at (0,0) size 0x0
        RenderText {#text} at (0,288) size 168x15
          text run at (0,288) width 168: "Actual TD widths:    "
        RenderText {#text} at (168,288) size 32x15
          text run at (168,288) width 32: "2px "
        RenderText {#text} at (200,288) size 32x15
          text run at (200,288) width 32: "2px "
        RenderText {#text} at (232,288) size 32x15
          text run at (232,288) width 32: "2px "
        RenderText {#text} at (264,288) size 32x15
          text run at (264,288) width 32: "2px "
        RenderText {#text} at (296,288) size 40x15
          text run at (296,288) width 40: "16px "
        RenderText {#text} at (0,304) size 0x15
          text run at (0,304) width 0: " "
        RenderText {#text} at (0,320) size 216x15
          text run at (0,320) width 216: "Specified table width: 25px"
        RenderText {#text} at (0,336) size 216x15
          text run at (0,336) width 216: "Actual table width:    25px"
        RenderText {#text} at (0,352) size 168x15
          text run at (0,352) width 168: "Specified TD widths: "
        RenderText {#text} at (168,352) size 32x15
          text run at (168,352) width 32: "1px "
        RenderText {#text} at (200,352) size 32x15
          text run at (200,352) width 32: "1px "
        RenderText {#text} at (232,352) size 32x15
          text run at (232,352) width 32: "1px "
        RenderText {#text} at (264,352) size 32x15
          text run at (264,352) width 32: "1px "
        RenderText {#text} at (296,352) size 32x15
          text run at (296,352) width 32: "8px "
        RenderText {#text} at (0,0) size 0x0
        RenderText {#text} at (0,368) size 168x15
          text run at (0,368) width 168: "Actual TD widths:    "
        RenderText {#text} at (168,368) size 88x15
          text run at (168,368) width 88: "2.078125px "
        RenderText {#text} at (256,368) size 88x15
          text run at (256,368) width 88: "2.078125px "
        RenderText {#text} at (344,368) size 80x15
          text run at (344,368) width 80: "2.09375px "
        RenderText {#text} at (424,368) size 88x15
          text run at (424,368) width 88: "2.078125px "
        RenderText {#text} at (512,368) size 96x15
          text run at (512,368) width 96: "16.671875px "
        RenderText {#text} at (0,384) size 0x15
          text run at (0,384) width 0: " "
        RenderText {#text} at (0,400) size 216x15
          text run at (0,400) width 216: "Specified table width: 17px"
        RenderText {#text} at (0,416) size 216x15
          text run at (0,416) width 216: "Actual table width:    17px"
        RenderText {#text} at (0,432) size 168x15
          text run at (0,432) width 168: "Specified TD widths: "
        RenderText {#text} at (168,432) size 32x15
          text run at (168,432) width 32: "10% "
        RenderText {#text} at (200,432) size 32x15
          text run at (200,432) width 32: "10% "
        RenderText {#text} at (232,432) size 32x15
          text run at (232,432) width 32: "10% "
        RenderText {#text} at (264,432) size 32x15
          text run at (264,432) width 32: "10% "
        RenderText {#text} at (296,432) size 32x15
          text run at (296,432) width 32: "10% "
        RenderText {#text} at (328,432) size 32x15
          text run at (328,432) width 32: "10% "
        RenderText {#text} at (360,432) size 32x15
          text run at (360,432) width 32: "10% "
        RenderText {#text} at (392,432) size 32x15
          text run at (392,432) width 32: "10% "
        RenderText {#text} at (424,432) size 32x15
          text run at (424,432) width 32: "10% "
        RenderText {#text} at (456,432) size 32x15
          text run at (456,432) width 32: "10% "
        RenderText {#text} at (0,0) size 0x0
        RenderText {#text} at (0,448) size 168x15
          text run at (0,448) width 168: "Actual TD widths:    "
        RenderText {#text} at (168,448) size 72x15
          text run at (168,448) width 72: "1.6875px "
        RenderText {#text} at (240,448) size 88x15
          text run at (240,448) width 88: "1.703125px "
        RenderText {#text} at (328,448) size 88x15
          text run at (328,448) width 88: "1.703125px "
        RenderText {#text} at (416,448) size 88x15
          text run at (416,448) width 88: "1.703125px "
        RenderText {#text} at (504,448) size 88x15
          text run at (504,448) width 88: "1.703125px "
        RenderText {#text} at (592,448) size 72x15
          text run at (592,448) width 72: "1.6875px "
        RenderText {#text} at (664,448) size 88x15
          text run at (664,448) width 88: "1.703125px "
        RenderText {#text} at (752,448) size 88x15
          text run at (752,448) width 88: "1.703125px "
        RenderText {#text} at (840,448) size 88x15
          text run at (840,448) width 88: "1.703125px "
        RenderText {#text} at (928,448) size 88x15
          text run at (928,448) width 88: "1.703125px "
        RenderText {#text} at (0,464) size 0x15
          text run at (0,464) width 0: " "
