layer at (0,0) size 800x600
  RenderView at (0,0) size 800x600
layer at (0,0) size 800x600
  RenderBlock {HTML} at (0,0) size 800x600
    RenderBody {BODY} at (8,8) size 784x584
      RenderBlock (anonymous) at (0,0) size 784x32
        RenderText {#text} at (0,0) size 256x16
          text run at (0,0) width 256: "Tables: both lines should be 1 pixel thick."
        RenderBR {BR} at (255,12) size 1x0
        RenderBR {BR} at (0,16) size 0x16
      RenderTable {TABLE} at (0,32) size 37x5
        RenderTableSection {TBODY} at (0,0) size 37x5
          RenderTableRow {TR} at (0,2) size 37x1
            RenderTableCell {TD} at (2,2) size 31x1 [bgcolor=#FF0000] [r=0 c=0 rs=1 cs=1]
              RenderImage {IMG} at (0,0) size 30x1
            RenderTableCell {TD} at (35,2) size 0x0 [r=0 c=1 rs=1 cs=1]
      RenderBlock (anonymous) at (0,37) size 784x16
        RenderBR {BR} at (0,0) size 0x16
      RenderTable {TABLE} at (0,53) size 34x5
        RenderTableSection {TBODY} at (0,0) size 34x5
          RenderTableRow {TR} at (0,2) size 34x1
            RenderTableCell {TD} at (2,2) size 30x1 [bgcolor=#FF0000] [r=0 c=0 rs=1 cs=1]
              RenderImage {IMG} at (0,0) size 30x1
      RenderBlock (anonymous) at (0,58) size 784x160
        RenderBR {BR} at (0,0) size 0x16
        RenderBR {BR} at (0,16) size 0x16
        RenderBR {BR} at (0,32) size 0x16
        RenderText {#text} at (0,48) size 386x16
          text run at (0,48) width 217: "2 texts, FACE=\"Arial, Helvetica\", "
          text run at (216,48) width 170: "1st at size=0, 2nd at size=-4"
        RenderBR {BR} at (385,60) size 1x0
        RenderBR {BR} at (0,64) size 0x16
        RenderInline {FONT} at (0,0) size 104x23
          RenderText {#text} at (0,80) size 104x11
            text run at (0,80) width 104: "Detonator 3.53 Drivers"
          RenderBR {BR} at (104,89) size 0x0
          RenderText {#text} at (0,92) size 78x11
            text run at (0,92) width 78: "Available NOW! "
        RenderBR {BR} at (78,101) size 0x0
        RenderBR {BR} at (0,104) size 0x16
        RenderInline {FONT} at (0,0) size 104x23
          RenderText {#text} at (0,120) size 104x11
            text run at (0,120) width 104: "Detonator 3.53 Drivers"
          RenderBR {BR} at (104,129) size 0x0
          RenderText {#text} at (0,132) size 78x11
            text run at (0,132) width 78: "Available NOW! "
        RenderBR {BR} at (78,141) size 0x0
        RenderBR {BR} at (0,144) size 0x16
