layer at (0,0) size 800x600
  RenderView at (0,0) size 800x600
layer at (0,0) size 800x600
  RenderBlock {HTML} at (0,0) size 800x600
    RenderBody {BODY} at (8,8) size 784x576
      RenderBlock {FORM} at (0,0) size 784x30
        RenderTable {TABLE} at (0,0) size 791x30 [bgcolor=#FFE030] [border: (1px outset #808080)]
          RenderTableSection {TBODY} at (1,1) size 789x28
            RenderTableRow {TR} at (0,0) size 789x28
              RenderTableCell {TD} at (0,0) size 789x28 [border: (1px inset #808080)] [r=0 c=0 rs=1 cs=1]
                RenderInline {NOBR} at (0,0) size 787x16
                  RenderTextControl {INPUT} at (3,3) size 250x22 [bgcolor=#FFFFFF] [border: (2px inset #000000)]
                  RenderText {#text} at (255,6) size 13x16
                    text run at (255,6) width 13: " - "
                  RenderTextControl {INPUT} at (269,3) size 251x22 [bgcolor=#FFFFFF] [border: (2px inset #000000)]
                  RenderText {#text} at (521,6) size 13x16
                    text run at (521,6) width 13: " - "
                  RenderTextControl {INPUT} at (535,3) size 251x22 [bgcolor=#FFFFFF] [border: (2px inset #000000)]
                RenderText {#text} at (0,0) size 0x0
            RenderTableRow {TR} at (0,28) size 789x0
layer at (15,15) size 244x16
  RenderBlock {DIV} at (3,3) size 244x16
layer at (281,15) size 244x16
  RenderBlock {DIV} at (3,3) size 244x16
layer at (547,15) size 244x16
  RenderBlock {DIV} at (3,3) size 244x16
