layer at (0,0) size 800x600
  RenderView at (0,0) size 800x600
layer at (0,0) size 800x600
  RenderBlock {HTML} at (0,0) size 800x600
    RenderBody {BODY} at (8,8) size 784x584
      RenderTable {TABLE} at (0,0) size 784x56 [border: (1px outset #808080)]
        RenderTableSection {TBODY} at (1,1) size 782x54
          RenderTableRow {TR} at (0,4) size 782x46
            RenderTableCell {TD} at (4,13) size 12x28 [border: (1px inset #808080)] [r=0 c=0 rs=1 cs=1]
              RenderText {#text} at (4,3) size 4x21
                text run at (4,4) width 4: " "
            RenderTableCell {TD} at (20,13) size 685x28 [border: (1px inset #808080)] [r=0 c=1 rs=1 cs=1]
              RenderText {#text} at (4,3) size 64x21
                text run at (4,4) width 64: "Top Story"
            RenderTableCell {TD} at (709,4) size 69x46 [border: (1px inset #808080)] [r=0 c=2 rs=1 cs=1]
              RenderText {#text} at (4,3) size 61x39
                text run at (4,3) width 25: "Full"
                text run at (4,22) width 61: "Coverage"
