layer at (0,0) size 800x600
  RenderView at (0,0) size 800x600
layer at (0,0) size 800x600
  RenderBlock {HTML} at (0,0) size 800x600
    RenderBody {BODY} at (8,8) size 784x584
      RenderBlock (anonymous) at (0,0) size 784x0
        RenderInline {B} at (0,0) size 0x0
          RenderText {#text} at (0,0) size 0x0
          RenderText {#text} at (0,0) size 0x0
      RenderTable {TABLE} at (0,0) size 225x91 [border: (1px outset #808080)]
        RenderTableSection {TBODY} at (1,1) size 223x89
          RenderTableRow {TR} at (0,5) size 223x23
            RenderTableCell {TD} at (5,5) size 116x23 [border: (1px inset #808080)] [r=0 c=0 rs=1 cs=1]
              RenderText {#text} at (2,1) size 112x20
                text run at (2,1) width 112: "Click name to see"
            RenderTableCell {TD} at (126,19) size 92x23 [bgcolor=#00FF00] [border: (1px inset #808080)] [r=0 c=1 rs=2 cs=1]
              RenderText {#text} at (2,1) size 88x20
                text run at (2,1) width 88: "Mac Clbr Opt"
          RenderTableRow {TR} at (0,33) size 223x23
            RenderTableCell {TD} at (5,33) size 116x23 [border: (1px inset #808080)] [r=1 c=0 rs=1 cs=1]
              RenderText {#text} at (2,1) size 40x20
                text run at (2,1) width 40: "Guilty"
          RenderTableRow {TR} at (0,61) size 223x23
            RenderTableCell {TD} at (5,61) size 116x23 [border: (1px inset #808080)] [r=2 c=0 rs=1 cs=1]
              RenderText {#text} at (2,1) size 4x20
                text run at (2,1) width 4: " "
            RenderTableCell {TD} at (126,61) size 92x23 [bgcolor=#FFFF00] [border: (1px inset #808080)] [r=2 c=1 rs=1 cs=1]
              RenderText {#text} at (2,1) size 25x20
                text run at (2,1) width 25: "L C"
      RenderBlock (anonymous) at (0,91) size 784x21
        RenderInline {B} at (0,0) size 0x22
          RenderText {#text} at (0,0) size 0x0
          RenderBR {BR} at (0,-1) size 0x22
          RenderInline {B} at (0,0) size 0x0
            RenderText {#text} at (0,0) size 0x0
            RenderText {#text} at (0,0) size 0x0
      RenderBlock (anonymous) at (0,112) size 784x119
        RenderTable {TABLE} at (0,0) size 225x119 [border: (1px outset #808080)]
          RenderTableSection {TBODY} at (1,1) size 223x117
            RenderTableRow {TR} at (0,5) size 223x23
              RenderTableCell {TD} at (5,5) size 116x23 [border: (1px inset #808080)] [r=0 c=0 rs=1 cs=1]
                RenderText {#text} at (2,1) size 21x20
                  text run at (2,1) width 21: "foo"
              RenderTableCell {TD} at (126,5) size 92x23 [border: (1px inset #808080)] [r=0 c=1 rs=1 cs=1]
                RenderText {#text} at (2,1) size 20x20
                  text run at (2,1) width 20: "bar"
            RenderTableRow {TR} at (0,33) size 223x23
              RenderTableCell {TD} at (5,33) size 116x23 [border: (1px inset #808080)] [r=1 c=0 rs=1 cs=1]
                RenderText {#text} at (2,1) size 112x20
                  text run at (2,1) width 112: "Click name to see"
              RenderTableCell {TD} at (126,47) size 92x23 [bgcolor=#00FF00] [border: (1px inset #808080)] [r=1 c=1 rs=2 cs=1]
                RenderText {#text} at (2,1) size 88x20
                  text run at (2,1) width 88: "Mac Clbr Opt"
            RenderTableRow {TR} at (0,61) size 223x23
              RenderTableCell {TD} at (5,61) size 116x23 [border: (1px inset #808080)] [r=2 c=0 rs=1 cs=1]
                RenderText {#text} at (2,1) size 40x20
                  text run at (2,1) width 40: "Guilty"
            RenderTableRow {TR} at (0,89) size 223x23
              RenderTableCell {TD} at (5,89) size 116x23 [border: (1px inset #808080)] [r=3 c=0 rs=1 cs=1]
                RenderText {#text} at (2,1) size 4x20
                  text run at (2,1) width 4: " "
              RenderTableCell {TD} at (126,89) size 92x23 [bgcolor=#FFFF00] [border: (1px inset #808080)] [r=3 c=1 rs=1 cs=1]
                RenderText {#text} at (2,1) size 25x20
                  text run at (2,1) width 25: "L C"
      RenderBlock (anonymous) at (0,231) size 784x21
        RenderInline {B} at (0,0) size 0x22
          RenderInline {B} at (0,0) size 0x22
            RenderText {#text} at (0,0) size 0x0
            RenderBR {BR} at (0,-1) size 0x22
            RenderInline {B} at (0,0) size 0x0
              RenderText {#text} at (0,0) size 0x0
              RenderText {#text} at (0,0) size 0x0
      RenderBlock (anonymous) at (0,252) size 784x91
        RenderTable {TABLE} at (0,0) size 259x91 [border: (1px outset #808080)]
          RenderTableSection {TBODY} at (1,1) size 257x89
            RenderTableRow {TR} at (0,5) size 257x23
              RenderTableCell {TD} at (5,5) size 116x23 [border: (1px inset #808080)] [r=0 c=0 rs=1 cs=1]
                RenderText {#text} at (2,1) size 112x20
                  text run at (2,1) width 112: "Click name to see"
              RenderTableCell {TD} at (126,33) size 92x23 [bgcolor=#00FF00] [border: (1px inset #808080)] [r=0 c=1 rs=3 cs=1]
                RenderText {#text} at (2,1) size 88x20
                  text run at (2,1) width 88: "Mac Clbr Opt"
            RenderTableRow {TR} at (0,33) size 257x23
              RenderTableCell {TD} at (5,33) size 116x23 [border: (1px inset #808080)] [r=1 c=0 rs=1 cs=1]
                RenderText {#text} at (2,1) size 40x20
                  text run at (2,1) width 40: "Guilty"
            RenderTableRow {TR} at (0,61) size 257x23
              RenderTableCell {TD} at (5,61) size 116x23 [border: (1px inset #808080)] [r=2 c=0 rs=1 cs=1]
                RenderText {#text} at (2,1) size 4x20
                  text run at (2,1) width 4: " "
              RenderTableCell {TD} at (223,61) size 29x23 [bgcolor=#FFFF00] [border: (1px inset #808080)] [r=2 c=2 rs=1 cs=1]
                RenderText {#text} at (2,1) size 25x20
                  text run at (2,1) width 25: "L C"
      RenderBlock (anonymous) at (0,343) size 784x21
        RenderInline {B} at (0,0) size 0x22
          RenderInline {B} at (0,0) size 0x22
            RenderInline {B} at (0,0) size 0x22
              RenderText {#text} at (0,0) size 0x0
              RenderBR {BR} at (0,-1) size 0x22
              RenderInline {B} at (0,0) size 0x0
                RenderText {#text} at (0,0) size 0x0
                RenderText {#text} at (0,0) size 0x0
      RenderBlock (anonymous) at (0,364) size 784x119
        RenderTable {TABLE} at (0,0) size 259x119 [border: (1px outset #808080)]
          RenderTableSection {TBODY} at (1,1) size 257x117
            RenderTableRow {TR} at (0,5) size 257x23
              RenderTableCell {TD} at (5,5) size 116x23 [border: (1px inset #808080)] [r=0 c=0 rs=1 cs=1]
                RenderText {#text} at (2,1) size 21x20
                  text run at (2,1) width 21: "foo"
              RenderTableCell {TD} at (126,5) size 92x23 [border: (1px inset #808080)] [r=0 c=1 rs=1 cs=1]
                RenderText {#text} at (2,1) size 20x20
                  text run at (2,1) width 20: "bar"
            RenderTableRow {TR} at (0,33) size 257x23
              RenderTableCell {TD} at (5,33) size 116x23 [border: (1px inset #808080)] [r=1 c=0 rs=1 cs=1]
                RenderText {#text} at (2,1) size 112x20
                  text run at (2,1) width 112: "Click name to see"
              RenderTableCell {TD} at (126,61) size 92x23 [bgcolor=#00FF00] [border: (1px inset #808080)] [r=1 c=1 rs=3 cs=1]
                RenderText {#text} at (2,1) size 88x20
                  text run at (2,1) width 88: "Mac Clbr Opt"
            RenderTableRow {TR} at (0,61) size 257x23
              RenderTableCell {TD} at (5,61) size 116x23 [border: (1px inset #808080)] [r=2 c=0 rs=1 cs=1]
                RenderText {#text} at (2,1) size 40x20
                  text run at (2,1) width 40: "Guilty"
            RenderTableRow {TR} at (0,89) size 257x23
              RenderTableCell {TD} at (5,89) size 116x23 [border: (1px inset #808080)] [r=3 c=0 rs=1 cs=1]
                RenderText {#text} at (2,1) size 4x20
                  text run at (2,1) width 4: " "
              RenderTableCell {TD} at (223,89) size 29x23 [bgcolor=#FFFF00] [border: (1px inset #808080)] [r=3 c=2 rs=1 cs=1]
                RenderText {#text} at (2,1) size 25x20
                  text run at (2,1) width 25: "L C"
      RenderBlock (anonymous) at (0,483) size 784x0
        RenderInline {B} at (0,0) size 0x0
          RenderInline {B} at (0,0) size 0x0
            RenderInline {B} at (0,0) size 0x0
              RenderInline {B} at (0,0) size 0x0
                RenderText {#text} at (0,0) size 0x0
