layer at (0,0) size 800x600
  RenderView at (0,0) size 800x600
layer at (0,0) size 800x82
  RenderBlock {HTML} at (0,0) size 800x82
    RenderBody {BODY} at (8,16) size 784x58
      RenderBlock {P} at (0,0) size 784x16
        RenderText {#text} at (0,0) size 286x16
          text run at (0,0) width 286: "The background color should span all columns"
      RenderTable {TABLE} at (0,32) size 446x26 [border: (1px outset #808080)]
        RenderTableCol {COLGROUP} at (0,0) size 0x0
          RenderTableCol {COL} at (0,0) size 0x0 [bgcolor=#00FF00]
        RenderTableSection {TBODY} at (1,1) size 444x24
          RenderTableRow {TR} at (0,2) size 444x20
            RenderTableCell {TD} at (2,2) size 109x20 [border: (1px inset #808080)] [r=0 c=0 rs=1 cs=1]
              RenderText {#text} at (2,2) size 105x16
                text run at (2,2) width 105: "Column 1, row 1"
            RenderTableCell {TD} at (112,2) size 109x20 [border: (1px inset #808080)] [r=0 c=1 rs=1 cs=1]
              RenderText {#text} at (2,2) size 105x16
                text run at (2,2) width 105: "Column 2, row 1"
            RenderTableCell {TD} at (222,2) size 110x20 [border: (1px inset #808080)] [r=0 c=2 rs=1 cs=1]
              RenderText {#text} at (2,2) size 105x16
                text run at (2,2) width 105: "Column 3, row 1"
            RenderTableCell {TD} at (333,2) size 109x20 [border: (1px inset #808080)] [r=0 c=3 rs=1 cs=1]
              RenderText {#text} at (2,2) size 105x16
                text run at (2,2) width 105: "Column 4, row 1"
