layer at (0,0) size 800x600
  RenderView at (0,0) size 800x600
layer at (0,0) size 800x600
  RenderBlock {HTML} at (0,0) size 800x600
    RenderBody {BODY} at (8,8) size 784x584
      RenderTable {TABLE} at (0,0) size 784x90
        RenderTableSection {TBODY} at (0,0) size 784x90
          RenderTableRow {TR} at (0,2) size 784x86
            RenderTableCell {TD} at (2,2) size 639x86 [r=0 c=0 rs=1 cs=1]
              RenderTable {TABLE} at (1,1) size 637x84
                RenderTableSection {TBODY} at (0,0) size 637x84
                  RenderTableRow {TR} at (0,2) size 637x80
                    RenderTableCell {TD} at (2,2) size 633x80 [r=0 c=0 rs=1 cs=1]
                      RenderText {#text} at (1,1) size 54x78
                        text run at (1,1) width 54: "inside of"
                        text run at (1,63) width 31: "table"
                      RenderImage {IMG} at (31,17) size 601x58
            RenderTableCell {TD} at (642,28) size 141x34 [r=0 c=1 rs=1 cs=1]
              RenderText {#text} at (1,1) size 116x32
                text run at (1,1) width 116: "2nd row of outside"
                text run at (1,17) width 31: "table"
