layer at (0,0) size 800x600
  RenderView at (0,0) size 800x600
layer at (0,0) size 800x600
  RenderBlock {HTML} at (0,0) size 800x600
    RenderBody {BODY} at (8,8) size 784x584
      RenderBlock (anonymous) at (0,0) size 784x17
        RenderInline {FONT} at (0,0) size 150x17
          RenderText {#text} at (0,0) size 150x17
            text run at (0,0) width 150: "Blah, blah in Helvetica"
      RenderBlock (anonymous) at (0,17) size 784x23
        RenderTable {TABLE} at (0,0) size 241x23
          RenderTableSection {TBODY} at (0,0) size 241x23
            RenderTableRow {TR} at (0,2) size 241x19
              RenderTableCell {TD} at (2,2) size 237x19 [r=0 c=0 rs=1 cs=1]
                RenderText {#text} at (1,1) size 235x17
                  text run at (1,1) width 235: "Text here is in times, not Helvetica"
      RenderBlock (anonymous) at (0,40) size 784x0
        RenderInline {FONT} at (0,0) size 0x0
        RenderText {#text} at (0,0) size 0x0
