layer at (0,0) size 800x600
  RenderView at (0,0) size 800x600
layer at (0,0) size 800x600
  RenderBlock {HTML} at (0,0) size 800x600
    RenderBody {BODY} at (8,8) size 784x584
      RenderTable {TABLE} at (0,0) size 131x32 [border: (1px outset #808080)]
        RenderTableSection {TBODY} at (1,1) size 129x30
          RenderTableRow {TR} at (0,2) size 129x26
            RenderTableCell {TD} at (2,2) size 125x26 [border: (1px inset #808080)] [r=0 c=0 rs=1 cs=1]
              RenderTable {TABLE} at (2,2) size 121x22 [bgcolor=#FFCC99]
                RenderTableSection {TBODY} at (0,0) size 121x22
                  RenderTableRow {TR} at (0,2) size 121x18
                    RenderTableCell {TD} at (2,2) size 31x18 [bgcolor=#FF6600] [r=0 c=0 rs=1 cs=1]
                      RenderText {#text} at (1,1) size 29x16
                        text run at (1,1) width 29: "Find"
                    RenderTableCell {TD} at (34,2) size 85x18 [r=0 c=1 rs=1 cs=1]
                      RenderText {#text} at (1,1) size 82x16
                        text run at (1,1) width 82: "rick was here"
