layer at (0,0) size 800x600
  RenderView at (0,0) size 800x600
layer at (0,0) size 800x600
  RenderBlock {HTML} at (0,0) size 800x600
    RenderBody {BODY} at (8,8) size 784x584
      RenderBlock (anonymous) at (0,0) size 784x16
        RenderText {#text} at (0,0) size 225x16
          text run at (0,0) width 225: "There should be text below this line:"
      RenderTable at (0,16) size 116x16
        RenderTableSection (anonymous) at (0,0) size 116x16
          RenderTableRow {DIV} at (0,0) size 116x16
            RenderTableCell (anonymous) at (0,0) size 116x16 [r=0 c=0 rs=1 cs=1]
              RenderText {#text} at (0,0) size 116x16
                text run at (0,0) width 116: "Second line of text"
