layer at (0,0) size 800x600
  RenderView at (0,0) size 800x600
layer at (0,0) size 800x600
  RenderBlock {HTML} at (0,0) size 800x600
    RenderBody {BODY} at (8,8) size 784x584 [bgcolor=#CCCCCC]
      RenderTable {TABLE} at (0,0) size 178x26 [border: (1px outset #808080)]
        RenderTableSection {TBODY} at (1,1) size 176x24
          RenderTableRow {TR} at (0,2) size 176x20
            RenderTableCell {TD} at (2,2) size 63x20 [bgcolor=#FFFFFF] [border: (1px inset #808080)] [r=0 c=0 rs=1 cs=1]
              RenderText {#text} at (2,2) size 59x16
                text run at (2,2) width 59: "appName"
            RenderTableCell {TD} at (66,2) size 108x20 [bgcolor=#FFFFFF] [border: (1px inset #808080)] [r=0 c=1 rs=1 cs=1]
              RenderText {#text} at (2,2) size 104x16
                text run at (2,2) width 60: "Netscape "
                text run at (61,2) width 45: "rules!!!"
