layer at (0,0) size 785x897
  RenderView at (0,0) size 785x600
layer at (0,0) size 785x897
  RenderBlock {HTML} at (0,0) size 785x897
    RenderBody {BODY} at (8,8) size 769x881
      RenderTable {TABLE} at (0,0) size 600x253 [border: (1px outset #808080)]
        RenderTableSection {TBODY} at (1,1) size 598x251
          RenderTableRow {TR} at (0,2) size 598x77
            RenderTableCell {TD} at (2,2) size 594x77 [border: (1px inset #808080)] [r=0 c=0 rs=1 cs=3]
              RenderImage {IMG} at (2,2) size 590x73
              RenderText {#text} at (0,0) size 0x0
          RenderTableRow {TR} at (0,81) size 598x84
            RenderTableCell {TD} at (2,81) size 114x36 [bgcolor=#94BD73] [border: (1px inset #808080)] [r=1 c=0 rs=1 cs=1]
              RenderText {#text} at (2,2) size 71x32
                text run at (2,2) width 71: "LH column"
                text run at (2,18) width 38: "image"
            RenderTableCell {TD} at (118,81) size 20x20 [border: (1px inset #808080)] [r=1 c=1 rs=1 cs=1]
              RenderText {#text} at (2,2) size 16x16
                text run at (2,2) width 16: "    "
            RenderTableCell {TD} at (139,81) size 457x84 [border: (1px inset #808080)] [r=1 c=2 rs=1 cs=1]
              RenderBlock {P} at (2,2) size 453x16
                RenderText {#text} at (0,0) size 219x16
                  text run at (0,0) width 219: "HP Peripherals Developer Program"
              RenderBlock {P} at (2,34) size 453x16
                RenderText {#text} at (0,0) size 154x16
                  text run at (0,0) width 154: "PROGRAM SERVICES"
              RenderBlock {P} at (2,66) size 453x16
                RenderText {#text} at (0,0) size 66x16
                  text run at (0,0) width 66: "etc., etc. ..."
          RenderTableRow {TR} at (0,167) size 598x37
            RenderTableCell {TD} at (2,167) size 594x37 [border: (1px inset #808080)] [r=2 c=0 rs=1 cs=3]
              RenderImage {IMG} at (2,2) size 589x33
              RenderText {#text} at (0,0) size 0x0
          RenderTableRow {TR} at (0,206) size 598x43
            RenderTableCell {TD} at (2,206) size 114x43 [border: (1px inset #808080)] [r=3 c=0 rs=1 cs=1]
              RenderImage {IMG} at (2,2) size 110x39
              RenderText {#text} at (0,0) size 0x0
            RenderTableCell {TH} at (118,217) size 478x21 [border: (1px inset #808080)] [r=3 c=1 rs=1 cs=2]
              RenderText {#text} at (207,2) size 64x17
                text run at (207,2) width 64: "text links"
      RenderBlock {HR} at (0,261) size 769x2 [border: (1px inset #000000)]
      RenderBlock {P} at (0,279) size 769x17
        RenderInline {B} at (0,0) size 467x17
          RenderText {#text} at (0,0) size 467x17
            text run at (0,0) width 467: "Now, nuke the IMG (two of which are colspan=3) -- the table lines up."
      RenderTable {TABLE} at (0,312) size 590x170 [border: (1px outset #808080)]
        RenderTableSection {TBODY} at (1,1) size 588x168
          RenderTableRow {TR} at (0,2) size 588x20
            RenderTableCell {TD} at (2,2) size 585x20 [border: (1px inset #808080)] [r=0 c=0 rs=1 cs=3]
              RenderText {#text} at (2,2) size 123x16
                text run at (2,2) width 123: "IMG in a colspan=3"
          RenderTableRow {TR} at (0,24) size 588x84
            RenderTableCell {TD} at (2,24) size 111x36 [bgcolor=#94BD73] [border: (1px inset #808080)] [r=1 c=0 rs=1 cs=1]
              RenderText {#text} at (2,2) size 71x32
                text run at (2,2) width 71: "LH column"
                text run at (2,18) width 38: "image"
            RenderTableCell {TD} at (114,24) size 20x20 [border: (1px inset #808080)] [r=1 c=1 rs=1 cs=1]
              RenderText {#text} at (2,2) size 16x16
                text run at (2,2) width 16: "    "
            RenderTableCell {TD} at (135,24) size 452x84 [border: (1px inset #808080)] [r=1 c=2 rs=1 cs=1]
              RenderBlock {P} at (2,2) size 447x16
                RenderText {#text} at (0,0) size 219x16
                  text run at (0,0) width 219: "HP Peripherals Developer Program"
              RenderBlock {P} at (2,34) size 447x16
                RenderText {#text} at (0,0) size 154x16
                  text run at (0,0) width 154: "PROGRAM SERVICES"
              RenderBlock {P} at (2,66) size 447x16
                RenderText {#text} at (0,0) size 66x16
                  text run at (0,0) width 66: "etc., etc. ..."
          RenderTableRow {TR} at (0,110) size 588x33
            RenderTableCell {TD} at (2,116) size 585x21 [border: (1px inset #808080)] [r=2 c=0 rs=1 cs=3]
              RenderText {#text} at (2,2) size 123x17
                text run at (2,3) width 123: "IMG in a colspan=3"
          RenderTableRow {TR} at (0,145) size 588x21
            RenderTableCell {TD} at (2,145) size 111x21 [border: (1px inset #808080)] [r=3 c=0 rs=1 cs=1]
              RenderText {#text} at (2,2) size 74x17
                text run at (2,3) width 74: "just an IMG"
            RenderTableCell {TH} at (114,145) size 473x21 [border: (1px inset #808080)] [r=3 c=1 rs=1 cs=2]
              RenderText {#text} at (204,2) size 63x17
                text run at (204,2) width 63: "text links"
      RenderBlock {HR} at (0,490) size 769x2 [border: (1px inset #000000)]
      RenderBlock {P} at (0,508) size 769x17
        RenderInline {B} at (0,0) size 498x17
          RenderText {#text} at (0,0) size 498x17
            text run at (0,0) width 498: "Simpler comparison -- two rows, first is IMG in colspan=3 -- tables not OK"
      RenderTable {TABLE} at (0,541) size 600x169 [border: (1px outset #808080)]
        RenderTableSection {TBODY} at (1,1) size 598x167
          RenderTableRow {TR} at (0,2) size 598x77
            RenderTableCell {TD} at (2,2) size 595x77 [border: (1px inset #808080)] [r=0 c=0 rs=1 cs=3]
              RenderImage {IMG} at (2,2) size 590x73
              RenderText {#text} at (0,0) size 0x0
          RenderTableRow {TR} at (0,81) size 598x84
            RenderTableCell {TD} at (2,81) size 112x36 [bgcolor=#94BD73] [border: (1px inset #808080)] [r=1 c=0 rs=1 cs=1]
              RenderText {#text} at (2,2) size 71x32
                text run at (2,2) width 71: "LH column"
                text run at (2,18) width 38: "image"
            RenderTableCell {TD} at (115,81) size 20x20 [border: (1px inset #808080)] [r=1 c=1 rs=1 cs=1]
              RenderText {#text} at (2,2) size 16x16
                text run at (2,2) width 16: "    "
            RenderTableCell {TD} at (136,81) size 461x84 [border: (1px inset #808080)] [r=1 c=2 rs=1 cs=1]
              RenderBlock {P} at (2,2) size 456x16
                RenderText {#text} at (0,0) size 219x16
                  text run at (0,0) width 219: "HP Peripherals Developer Program"
              RenderBlock {P} at (2,34) size 456x16
                RenderText {#text} at (0,0) size 154x16
                  text run at (0,0) width 154: "PROGRAM SERVICES"
              RenderBlock {P} at (2,66) size 456x16
                RenderText {#text} at (0,0) size 66x16
                  text run at (0,0) width 66: "etc., etc. ..."
      RenderBlock {HR} at (0,718) size 769x2 [border: (1px inset #000000)]
      RenderBlock {P} at (0,736) size 769x17
        RenderInline {B} at (0,0) size 516x17
          RenderText {#text} at (0,0) size 516x17
            text run at (0,0) width 516: "Simpler comparison -- nuke the IMG (replace with text) -- tables line up now."
      RenderTable {TABLE} at (0,769) size 590x112 [border: (1px outset #808080)]
        RenderTableSection {TBODY} at (1,1) size 588x110
          RenderTableRow {TR} at (0,2) size 588x20
            RenderTableCell {TD} at (2,2) size 585x20 [border: (1px inset #808080)] [r=0 c=0 rs=1 cs=3]
              RenderText {#text} at (2,2) size 204x16
                text run at (2,2) width 204: "text instead of IMG in colspan=3"
          RenderTableRow {TR} at (0,24) size 588x84
            RenderTableCell {TD} at (2,24) size 111x36 [bgcolor=#94BD73] [border: (1px inset #808080)] [r=1 c=0 rs=1 cs=1]
              RenderText {#text} at (2,2) size 71x32
                text run at (2,2) width 71: "LH column"
                text run at (2,18) width 38: "image"
            RenderTableCell {TD} at (114,24) size 20x20 [border: (1px inset #808080)] [r=1 c=1 rs=1 cs=1]
              RenderText {#text} at (2,2) size 16x16
                text run at (2,2) width 16: "    "
            RenderTableCell {TD} at (135,24) size 452x84 [border: (1px inset #808080)] [r=1 c=2 rs=1 cs=1]
              RenderBlock {P} at (2,2) size 447x16
                RenderText {#text} at (0,0) size 219x16
                  text run at (0,0) width 219: "HP Peripherals Developer Program"
              RenderBlock {P} at (2,34) size 447x16
                RenderText {#text} at (0,0) size 154x16
                  text run at (0,0) width 154: "PROGRAM SERVICES"
              RenderBlock {P} at (2,66) size 447x16
                RenderText {#text} at (0,0) size 66x16
                  text run at (0,0) width 66: "etc., etc. ..."
