layer at (0,0) size 800x600
  RenderView at (0,0) size 800x600
layer at (0,0) size 800x600
  RenderBlock {HTML} at (0,0) size 800x600
    RenderBody {BODY} at (8,8) size 784x584
      RenderTable {TABLE} at (0,0) size 169x29 [border: (1px outset #808080)]
        RenderTableSection {TBODY} at (1,1) size 167x27
          RenderTableRow {TR} at (0,2) size 167x23
            RenderTableCell {TD} at (2,2) size 59x23 [border: (1px inset #808080)] [r=0 c=0 rs=1 cs=1]
              RenderText {#text} at (2,1) size 55x20
                text run at (2,1) width 55: "Left side"
            RenderTableCell {TD} at (63,2) size 32x23 [border: (1px inset #808080)] [r=0 c=1 rs=1 cs=1]
              RenderText {#text} at (2,1) size 26x20
                text run at (2,1) width 26: "Mid"
            RenderTableCell {TD} at (96,2) size 69x23 [border: (1px inset #808080)] [r=0 c=2 rs=1 cs=1]
              RenderText {#text} at (2,1) size 64x20
                text run at (2,1) width 64: "Right side"
      RenderTable {TABLE} at (0,29) size 169x54 [border: (1px outset #808080)]
        RenderTableSection {TBODY} at (1,1) size 167x52
          RenderTableRow {TR} at (0,2) size 167x23
            RenderTableCell {TD} at (2,2) size 59x23 [border: (1px inset #808080)] [r=0 c=0 rs=1 cs=1]
              RenderText {#text} at (2,1) size 55x20
                text run at (2,1) width 55: "Left side"
            RenderTableCell {TD} at (63,2) size 32x23 [border: (1px inset #808080)] [r=0 c=1 rs=1 cs=1]
              RenderText {#text} at (2,1) size 26x20
                text run at (2,1) width 26: "Mid"
            RenderTableCell {TD} at (96,2) size 69x23 [border: (1px inset #808080)] [r=0 c=2 rs=1 cs=1]
              RenderText {#text} at (2,1) size 64x20
                text run at (2,1) width 64: "Right side"
          RenderTableRow {TR} at (0,27) size 167x23
            RenderTableCell {TD} at (2,27) size 59x23 [border: (1px inset #808080)] [r=1 c=0 rs=1 cs=1]
              RenderText {#text} at (2,1) size 55x20
                text run at (2,1) width 55: "Left side"
            RenderTableCell {TD} at (63,27) size 32x23 [border: (1px inset #808080)] [r=1 c=1 rs=1 cs=1]
              RenderText {#text} at (2,1) size 26x20
                text run at (2,1) width 26: "Mid"
            RenderTableCell {TD} at (96,27) size 69x23 [border: (1px inset #808080)] [r=1 c=2 rs=1 cs=1]
              RenderText {#text} at (2,1) size 64x20
                text run at (2,1) width 64: "Right side"
