layer at (0,0) size 800x600
  RenderView at (0,0) size 800x600
layer at (0,0) size 800x92
  RenderBlock {HTML} at (0,0) size 800x92
    RenderBody {BODY} at (8,8) size 784x76
      RenderTable {TABLE} at (0,0) size 277x76 [border: (4px outset #808080)]
        RenderTableSection {THEAD} at (4,4) size 269x24
          RenderTableRow {TR} at (0,2) size 269x20
            RenderTableCell {TD} at (2,2) size 32x20 [border: (1px inset #808080)] [r=0 c=0 rs=1 cs=1]
              RenderText {#text} at (2,2) size 16x16
                text run at (2,2) width 16: "h0"
            RenderTableCell {TD} at (35,2) size 32x20 [border: (1px inset #808080)] [r=0 c=1 rs=1 cs=1]
              RenderText {#text} at (2,2) size 16x16
                text run at (2,2) width 16: "h1"
            RenderTableCell {TD} at (68,2) size 32x20 [border: (1px inset #808080)] [r=0 c=2 rs=1 cs=1]
              RenderText {#text} at (2,2) size 16x16
                text run at (2,2) width 16: "h2"
            RenderTableCell {TD} at (101,2) size 33x20 [border: (1px inset #808080)] [r=0 c=3 rs=1 cs=1]
              RenderText {#text} at (2,2) size 16x16
                text run at (2,2) width 16: "h3"
            RenderTableCell {TD} at (135,2) size 32x20 [border: (1px inset #808080)] [r=0 c=4 rs=1 cs=1]
              RenderText {#text} at (2,2) size 16x16
                text run at (2,2) width 16: "h4"
            RenderTableCell {TD} at (168,2) size 32x20 [border: (1px inset #808080)] [r=0 c=5 rs=1 cs=1]
              RenderText {#text} at (2,2) size 16x16
                text run at (2,2) width 16: "h5"
            RenderTableCell {TD} at (201,2) size 33x20 [border: (1px inset #808080)] [r=0 c=6 rs=1 cs=1]
              RenderText {#text} at (2,2) size 16x16
                text run at (2,2) width 16: "h6"
            RenderTableCell {TD} at (235,2) size 32x20 [border: (1px inset #808080)] [r=0 c=7 rs=1 cs=1]
              RenderText {#text} at (2,2) size 16x16
                text run at (2,2) width 16: "h7"
        RenderTableSection {TBODY} at (4,28) size 269x22
          RenderTableRow {TR} at (0,0) size 269x20
            RenderTableCell {TD} at (2,0) size 32x20 [border: (1px inset #808080)] [r=0 c=0 rs=1 cs=1]
              RenderText {#text} at (2,2) size 28x16
                text run at (2,2) width 28: "r0c0"
            RenderTableCell {TD} at (35,0) size 32x20 [border: (1px inset #808080)] [r=0 c=1 rs=1 cs=1]
              RenderText {#text} at (2,2) size 28x16
                text run at (2,2) width 28: "r0c1"
            RenderTableCell {TD} at (68,0) size 32x20 [border: (1px inset #808080)] [r=0 c=2 rs=1 cs=1]
              RenderText {#text} at (2,2) size 28x16
                text run at (2,2) width 28: "r0c2"
            RenderTableCell {TD} at (101,0) size 33x20 [border: (1px inset #808080)] [r=0 c=3 rs=1 cs=1]
              RenderText {#text} at (2,2) size 28x16
                text run at (2,2) width 28: "r0c3"
            RenderTableCell {TD} at (135,0) size 32x20 [border: (1px inset #808080)] [r=0 c=4 rs=1 cs=1]
              RenderText {#text} at (2,2) size 28x16
                text run at (2,2) width 28: "r0c4"
            RenderTableCell {TD} at (168,0) size 32x20 [border: (1px inset #808080)] [r=0 c=5 rs=1 cs=1]
              RenderText {#text} at (2,2) size 28x16
                text run at (2,2) width 28: "r0c5"
            RenderTableCell {TD} at (201,0) size 33x20 [border: (1px inset #808080)] [r=0 c=6 rs=1 cs=1]
              RenderText {#text} at (2,2) size 28x16
                text run at (2,2) width 28: "r0c6"
            RenderTableCell {TD} at (235,0) size 32x20 [border: (1px inset #808080)] [r=0 c=7 rs=1 cs=1]
              RenderText {#text} at (2,2) size 28x16
                text run at (2,2) width 28: "r0c7"
        RenderTableSection {TFOOT} at (4,50) size 269x22
          RenderTableRow {TR} at (0,0) size 269x20
            RenderTableCell {TD} at (2,0) size 32x20 [border: (1px inset #808080)] [r=0 c=0 rs=1 cs=1]
              RenderText {#text} at (2,2) size 14x16
                text run at (2,2) width 14: "f0"
            RenderTableCell {TD} at (35,0) size 32x20 [border: (1px inset #808080)] [r=0 c=1 rs=1 cs=1]
              RenderText {#text} at (2,2) size 14x16
                text run at (2,2) width 14: "f1"
            RenderTableCell {TD} at (68,0) size 32x20 [border: (1px inset #808080)] [r=0 c=2 rs=1 cs=1]
              RenderText {#text} at (2,2) size 14x16
                text run at (2,2) width 14: "f2"
            RenderTableCell {TD} at (101,0) size 33x20 [border: (1px inset #808080)] [r=0 c=3 rs=1 cs=1]
              RenderText {#text} at (2,2) size 14x16
                text run at (2,2) width 14: "f3"
            RenderTableCell {TD} at (135,0) size 32x20 [border: (1px inset #808080)] [r=0 c=4 rs=1 cs=1]
              RenderText {#text} at (2,2) size 14x16
                text run at (2,2) width 14: "f4"
            RenderTableCell {TD} at (168,0) size 32x20 [border: (1px inset #808080)] [r=0 c=5 rs=1 cs=1]
              RenderText {#text} at (2,2) size 14x16
                text run at (2,2) width 14: "f5"
            RenderTableCell {TD} at (201,0) size 33x20 [border: (1px inset #808080)] [r=0 c=6 rs=1 cs=1]
              RenderText {#text} at (2,2) size 14x16
                text run at (2,2) width 14: "f6"
            RenderTableCell {TD} at (235,0) size 32x20 [border: (1px inset #808080)] [r=0 c=7 rs=1 cs=1]
              RenderText {#text} at (2,2) size 14x16
                text run at (2,2) width 14: "f7"
