layer at (0,0) size 800x600
  RenderView at (0,0) size 800x600
layer at (0,0) size 800x600
  RenderBlock {HTML} at (0,0) size 800x600
    RenderBody {BODY} at (8,16) size 784x568
      RenderTable {TABLE} at (16,0) size 752x65 [border: (1px outset #808080)]
        RenderTableSection {TBODY} at (1,1) size 750x63
          RenderTableRow {TR} at (0,2) size 750x21
            RenderTableCell {TH} at (2,2) size 173x21 [border: (1px inset #808080)] [r=0 c=0 rs=1 cs=1]
              RenderText {#text} at (47,2) size 79x17
                text run at (47,2) width 79: "Header One"
            RenderTableCell {TH} at (176,2) size 273x21 [border: (1px inset #808080)] [r=0 c=1 rs=1 cs=1]
              RenderText {#text} at (95,2) size 82x17
                text run at (95,2) width 82: "Header Two"
            RenderTableCell {TH} at (450,2) size 299x21 [border: (1px inset #808080)] [r=0 c=2 rs=1 cs=1]
              RenderText {#text} at (103,2) size 92x17
                text run at (103,2) width 92: "Header Three"
          RenderTableRow {TR} at (0,25) size 750x36
            RenderTableCell {TD} at (2,25) size 173x36 [border: (1px inset #808080)] [r=1 c=0 rs=1 cs=1]
              RenderText {#text} at (2,2) size 154x32
                text run at (2,2) width 113: "This table uses the"
                text run at (2,18) width 154: "separated borders model."
            RenderTableCell {TD} at (176,25) size 273x36 [border: (1px inset #808080)] [r=1 c=1 rs=1 cs=1]
              RenderText {#text} at (2,2) size 249x32
                text run at (2,2) width 249: "This means that elements within the cell"
                text run at (2,18) width 175: "have border-spacing of 1em."
            RenderTableCell {TD} at (450,25) size 299x36 [border: (1px inset #808080)] [r=1 c=2 rs=1 cs=1]
              RenderText {#text} at (2,2) size 272x32
                text run at (2,2) width 199: "The borders on the header cells, "
                text run at (200,2) width 74: "on all sides,"
                text run at (2,18) width 194: "should be medium solid purple."
