layer at (0,0) size 800x600
  RenderView at (0,0) size 800x600
layer at (0,0) size 800x592
  RenderBlock {HTML} at (0,0) size 800x592
    RenderBody {BODY} at (8,8) size 784x576 [bgcolor=#FFFFFF]
      RenderTable {TABLE} at (0,0) size 308x48 [border: (1px outset #808080)]
        RenderTableCol {COLGROUP} at (0,0) size 0x0
          RenderTableCol {COL} at (0,0) size 0x0
          RenderTableCol {COL} at (0,0) size 0x0
        RenderTableSection {TBODY} at (1,1) size 306x46
          RenderTableRow {TR} at (0,2) size 306x20
          RenderTableRow {TR} at (0,24) size 306x20
      RenderTable {TABLE} at (0,48) size 308x48 [border: (1px outset #808080)]
        RenderTableCol {COLGROUP} at (0,0) size 0x0
          RenderTableCol {COL} at (0,0) size 0x0
          RenderTableCol {COL} at (0,0) size 0x0
        RenderTableSection {TBODY} at (1,1) size 306x46
          RenderTableRow {TR} at (0,2) size 306x20
          RenderTableRow {TR} at (0,24) size 306x20
      RenderTable {TABLE} at (0,96) size 300x48 [border: (1px outset #808080)]
        RenderTableSection {TBODY} at (1,1) size 298x46
          RenderTableRow {TR} at (0,2) size 298x20
          RenderTableRow {TR} at (0,24) size 298x20
      RenderTable {TABLE} at (0,144) size 300x48 [border: (1px outset #808080)]
        RenderTableSection {TBODY} at (1,1) size 298x46
          RenderTableRow {TR} at (0,2) size 298x20
          RenderTableRow {TR} at (0,24) size 298x20
      RenderTable {TABLE} at (0,192) size 300x61 [border: (1px outset #808080)]
        RenderTableSection {TBODY} at (1,1) size 298x59
          RenderTableRow {TR} at (0,2) size 298x33
          RenderTableRow {TR} at (0,37) size 298x20
      RenderTable {TABLE} at (0,253) size 300x61 [border: (1px outset #808080)]
        RenderTableSection {TBODY} at (1,1) size 298x59
          RenderTableRow {TR} at (0,2) size 298x33
          RenderTableRow {TR} at (0,37) size 298x20
      RenderTable {TABLE} at (0,314) size 300x90 [border: (1px outset #808080)]
        RenderTableSection {TBODY} at (1,1) size 298x88
          RenderTableRow {TR} at (0,2) size 298x44
          RenderTableRow {TR} at (0,48) size 298x38
      RenderTable {TABLE} at (0,490) size 300x86 [border: (1px outset #808080)]
        RenderTableSection {TBODY} at (1,1) size 298x84
          RenderTableRow {TR} at (0,2) size 298x58
          RenderTableRow {TR} at (0,62) size 298x20
layer at (11,11) size 200x20 clip at (12,12) size 198x18
  RenderTableCell {TD} at (2,2) size 200x20 [bgcolor=#0000FF] [border: (1px inset #808080)] [r=0 c=0 rs=1 cs=1]
    RenderText {#text} at (2,2) size 4x16
      text run at (2,2) width 4: " "
layer at (213,11) size 100x20 clip at (214,12) size 98x18
  RenderTableCell {TD} at (204,2) size 100x20 [bgcolor=#0000FF] [border: (1px inset #808080)] [r=0 c=1 rs=1 cs=1]
    RenderText {#text} at (2,2) size 4x16
      text run at (2,2) width 4: " "
layer at (11,33) size 200x20 clip at (12,34) size 198x18
  RenderTableCell {TD} at (2,24) size 200x20 [bgcolor=#0000FF] [border: (1px inset #808080)] [r=1 c=0 rs=1 cs=1]
    RenderText {#text} at (2,2) size 4x16
      text run at (2,2) width 4: " "
layer at (213,33) size 100x20 clip at (214,34) size 98x18
  RenderTableCell {TD} at (204,24) size 100x20 [bgcolor=#0000FF] [border: (1px inset #808080)] [r=1 c=1 rs=1 cs=1]
    RenderText {#text} at (2,2) size 4x16
      text run at (2,2) width 4: " "
layer at (11,59) size 200x20 clip at (12,60) size 198x18
  RenderTableCell {TD} at (2,2) size 200x20 [bgcolor=#0000FF] [border: (1px inset #808080)] [r=0 c=0 rs=1 cs=1]
    RenderText {#text} at (2,2) size 4x16
      text run at (2,2) width 4: " "
layer at (213,59) size 100x20 clip at (214,60) size 98x18
  RenderTableCell {TD} at (204,2) size 100x20 [bgcolor=#0000FF] [border: (1px inset #808080)] [r=0 c=1 rs=1 cs=1]
    RenderText {#text} at (2,2) size 4x16
      text run at (2,2) width 4: " "
layer at (11,81) size 200x20 clip at (12,82) size 198x18
  RenderTableCell {TD} at (2,24) size 200x20 [bgcolor=#0000FF] [border: (1px inset #808080)] [r=1 c=0 rs=1 cs=1]
    RenderText {#text} at (2,2) size 4x16
      text run at (2,2) width 4: " "
layer at (213,81) size 100x20 clip at (214,82) size 98x18
  RenderTableCell {TD} at (204,24) size 100x20 [bgcolor=#0000FF] [border: (1px inset #808080)] [r=1 c=1 rs=1 cs=1]
    RenderText {#text} at (2,2) size 4x16
      text run at (2,2) width 4: " "
layer at (11,107) size 234x20 clip at (12,108) size 232x18
  RenderTableCell {TD} at (2,2) size 234x20 [bgcolor=#0000FF] [border: (1px inset #808080)] [r=0 c=0 rs=1 cs=1]
    RenderText {#text} at (2,2) size 4x16
      text run at (2,2) width 4: " "
layer at (247,107) size 58x20 clip at (248,108) size 56x18
  RenderTableCell {TD} at (237,2) size 59x20 [bgcolor=#0000FF] [border: (1px inset #808080)] [r=0 c=1 rs=1 cs=1]
    RenderText {#text} at (2,2) size 4x16
      text run at (2,2) width 4: " "
layer at (11,129) size 234x20 clip at (12,130) size 232x18
  RenderTableCell {TD} at (2,24) size 234x20 [bgcolor=#0000FF] [border: (1px inset #808080)] [r=1 c=0 rs=1 cs=1]
    RenderText {#text} at (2,2) size 4x16
      text run at (2,2) width 4: " "
layer at (247,129) size 58x20 clip at (248,130) size 56x18
  RenderTableCell {TD} at (237,24) size 59x20 [bgcolor=#0000FF] [border: (1px inset #808080)] [r=1 c=1 rs=1 cs=1]
    RenderText {#text} at (2,2) size 4x16
      text run at (2,2) width 4: " "
layer at (11,155) size 154x20 clip at (12,156) size 152x18
  RenderTableCell {TD} at (2,2) size 154x20 [bgcolor=#0000FF] [border: (1px inset #808080)] [r=0 c=0 rs=1 cs=1]
    RenderText {#text} at (2,2) size 4x16
      text run at (2,2) width 4: " "
layer at (167,155) size 138x20 clip at (168,156) size 136x18
  RenderTableCell {TD} at (158,2) size 138x20 [bgcolor=#0000FF] [border: (1px inset #808080)] [r=0 c=1 rs=1 cs=1]
    RenderText {#text} at (2,2) size 4x16
      text run at (2,2) width 4: " "
layer at (11,177) size 154x20 clip at (12,178) size 152x18
  RenderTableCell {TD} at (2,24) size 154x20 [bgcolor=#0000FF] [border: (1px inset #808080)] [r=1 c=0 rs=1 cs=1]
    RenderText {#text} at (2,2) size 4x16
      text run at (2,2) width 4: " "
layer at (167,177) size 138x20 clip at (168,178) size 136x18
  RenderTableCell {TD} at (158,24) size 138x20 [bgcolor=#0000FF] [border: (1px inset #808080)] [r=1 c=1 rs=1 cs=1]
    RenderText {#text} at (2,2) size 4x16
      text run at (2,2) width 4: " "
layer at (11,203) size 154x33 clip at (12,204) size 152x31 scrollWidth 201
  RenderTableCell {TD} at (2,2) size 154x33 [bgcolor=#0000FF] [border: (1px inset #808080)] [r=0 c=0 rs=1 cs=1]
    RenderBlock {FORM} at (2,2) size 150x29
      RenderButton {BUTTON} at (0,2) size 200x25 [bgcolor=#C0C0C0] [border: (2px outset #C0C0C0)]
        RenderBlock (anonymous) at (8,4) size 184x16
          RenderText {#text} at (72,0) size 40x16
            text run at (72,0) width 40: "button"
layer at (167,203) size 138x33 clip at (168,204) size 136x31
  RenderTableCell {TD} at (158,8) size 138x21 [bgcolor=#0000FF] [border: (1px inset #808080)] [r=0 c=1 rs=1 cs=1]
    RenderText {#text} at (2,2) size 4x17
      text run at (2,3) width 4: " "
layer at (11,238) size 154x20 clip at (12,239) size 152x18
  RenderTableCell {TD} at (2,37) size 154x20 [bgcolor=#0000FF] [border: (1px inset #808080)] [r=1 c=0 rs=1 cs=1]
    RenderText {#text} at (2,2) size 4x16
      text run at (2,2) width 4: " "
layer at (167,238) size 138x20 clip at (168,239) size 136x18
  RenderTableCell {TD} at (158,37) size 138x20 [bgcolor=#0000FF] [border: (1px inset #808080)] [r=1 c=1 rs=1 cs=1]
    RenderText {#text} at (2,2) size 4x16
      text run at (2,2) width 4: " "
layer at (11,264) size 281x33 clip at (12,265) size 279x31
  RenderTableCell {TD} at (2,2) size 282x33 [bgcolor=#0000FF] [border: (1px inset #808080)] [r=0 c=0 rs=1 cs=1]
    RenderBlock {FORM} at (2,2) size 278x29
      RenderButton {BUTTON} at (0,2) size 200x25 [bgcolor=#C0C0C0] [border: (2px outset #C0C0C0)]
        RenderBlock (anonymous) at (8,4) size 184x16
          RenderText {#text} at (72,0) size 40x16
            text run at (72,0) width 40: "button"
layer at (294,264) size 11x33 clip at (295,265) size 9x31
  RenderTableCell {TD} at (285,8) size 12x21 [bgcolor=#0000FF] [border: (1px inset #808080)] [r=0 c=1 rs=1 cs=1]
    RenderText {#text} at (2,2) size 4x17
      text run at (2,3) width 4: " "
layer at (11,299) size 281x20 clip at (12,300) size 279x18
  RenderTableCell {TD} at (2,37) size 282x20 [bgcolor=#0000FF] [border: (1px inset #808080)] [r=1 c=0 rs=1 cs=1]
    RenderText {#text} at (2,2) size 4x16
      text run at (2,2) width 4: " "
layer at (294,299) size 11x20 clip at (295,300) size 9x18
  RenderTableCell {TD} at (285,37) size 12x20 [bgcolor=#0000FF] [border: (1px inset #808080)] [r=1 c=1 rs=1 cs=1]
    RenderText {#text} at (2,2) size 4x16
      text run at (2,2) width 4: " "
layer at (11,325) size 172x44 clip at (12,326) size 170x42 scrollWidth 216
  RenderTableCell {TD} at (2,2) size 172x44 [bgcolor=#0000FF] [border: (1px inset #808080)] [r=0 c=0 rs=1 cs=1]
    RenderBlock {DIV} at (11,11) size 206x22 [border: (3px solid #000000)]
      RenderText {#text} at (3,3) size 20x16
        text run at (3,3) width 20: "div"
layer at (185,325) size 120x44 clip at (186,326) size 118x42
  RenderTableCell {TD} at (176,5) size 120x38 [bgcolor=#0000FF] [border: (1px inset #808080)] [r=0 c=1 rs=1 cs=1]
    RenderText {#text} at (11,11) size 4x16
      text run at (11,11) width 4: " "
layer at (11,371) size 172x38 clip at (12,372) size 170x36
  RenderTableCell {TD} at (2,48) size 172x38 [bgcolor=#0000FF] [border: (1px inset #808080)] [r=1 c=0 rs=1 cs=1]
    RenderText {#text} at (11,11) size 4x16
      text run at (11,11) width 4: " "
layer at (185,371) size 120x38 clip at (186,372) size 118x36
  RenderTableCell {TD} at (176,48) size 120x38 [bgcolor=#0000FF] [border: (1px inset #808080)] [r=1 c=1 rs=1 cs=1]
    RenderText {#text} at (11,11) size 4x16
      text run at (11,11) width 4: " "
layer at (8,412) size 300x86 clip at (9,413) size 298x84
  RenderTable {TABLE} at (0,404) size 300x86 [border: (1px outset #808080)]
    RenderTableSection {TBODY} at (1,1) size 298x84
      RenderTableRow {TR} at (0,2) size 298x58
      RenderTableRow {TR} at (0,62) size 298x20
layer at (11,415) size 154x58 clip at (12,416) size 152x56 scrollWidth 207
  RenderTableCell {TD} at (2,2) size 154x58 [bgcolor=#0000FF] [border: (1px inset #808080)] [r=0 c=0 rs=1 cs=1]
    RenderBlock {P} at (2,18) size 206x22 [border: (3px solid #000000)]
      RenderText {#text} at (3,3) size 27x16
        text run at (3,3) width 27: "para"
layer at (167,415) size 138x58 clip at (168,416) size 136x56
  RenderTableCell {TD} at (158,21) size 138x20 [bgcolor=#0000FF] [border: (1px inset #808080)] [r=0 c=1 rs=1 cs=1]
    RenderText {#text} at (2,2) size 4x16
      text run at (2,2) width 4: " "
layer at (11,475) size 154x20 clip at (12,476) size 152x18
  RenderTableCell {TD} at (2,62) size 154x20 [bgcolor=#0000FF] [border: (1px inset #808080)] [r=1 c=0 rs=1 cs=1]
    RenderText {#text} at (2,2) size 4x16
      text run at (2,2) width 4: " "
layer at (167,475) size 138x20 clip at (168,476) size 136x18
  RenderTableCell {TD} at (158,62) size 138x20 [bgcolor=#0000FF] [border: (1px inset #808080)] [r=1 c=1 rs=1 cs=1]
    RenderText {#text} at (2,2) size 4x16
      text run at (2,2) width 4: " "
layer at (11,501) size 254x58 clip at (12,502) size 252x56
  RenderTableCell {TD} at (2,2) size 254x58 [bgcolor=#0000FF] [border: (1px inset #808080)] [r=0 c=0 rs=1 cs=1]
    RenderBlock {P} at (2,18) size 206x22 [border: (3px solid #000000)]
      RenderText {#text} at (3,3) size 27x16
        text run at (3,3) width 27: "para"
layer at (267,501) size 38x58 clip at (268,502) size 36x56
  RenderTableCell {TD} at (258,21) size 38x20 [bgcolor=#0000FF] [border: (1px inset #808080)] [r=0 c=1 rs=1 cs=1]
    RenderText {#text} at (2,2) size 4x16
      text run at (2,2) width 4: " "
layer at (11,561) size 254x20 clip at (12,562) size 252x18
  RenderTableCell {TD} at (2,62) size 254x20 [bgcolor=#0000FF] [border: (1px inset #808080)] [r=1 c=0 rs=1 cs=1]
    RenderText {#text} at (2,2) size 4x16
      text run at (2,2) width 4: " "
layer at (267,561) size 38x20 clip at (268,562) size 36x18
  RenderTableCell {TD} at (258,62) size 38x20 [bgcolor=#0000FF] [border: (1px inset #808080)] [r=1 c=1 rs=1 cs=1]
    RenderText {#text} at (2,2) size 4x16
      text run at (2,2) width 4: " "
