layer at (0,0) size 800x600
  RenderView at (0,0) size 800x600
layer at (0,0) size 800x600
  RenderBlock {HTML} at (0,0) size 800x600
    RenderBody {BODY} at (8,8) size 784x576
      RenderBlock (anonymous) at (0,0) size 784x16
        RenderText {#text} at (0,0) size 258x16
          text run at (0,0) width 258: "The select should not contain blank items "
        RenderBR {BR} at (257,12) size 1x0
      RenderBlock {FORM} at (0,16) size 784x26
        RenderInline {B} at (0,0) size 45x17
          RenderText {#text} at (0,4) size 45x17
            text run at (0,4) width 45: "Search"
        RenderText {#text} at (44,5) size 4x16
          text run at (44,5) width 4: " "
        RenderTextControl {INPUT} at (50,2) size 154x22 [bgcolor=#FFFFFF] [border: (2px inset #000000)]
        RenderText {#text} at (206,5) size 4x16
          text run at (206,5) width 4: " "
        RenderMenuList {SELECT} at (211,4) size 55x18 [bgcolor=#FFFFFF] [border: (1px solid #000000)]
          RenderBlock (anonymous) at (1,1) size 52x16
            RenderText at (0,0) size 40x16
              text run at (0,0) width 40: "Excite"
        RenderText {#text} at (0,0) size 0x0
      RenderBlock (anonymous) at (0,58) size 784x32
        RenderBR {BR} at (0,0) size 0x16
        RenderText {#text} at (0,16) size 258x16
          text run at (0,16) width 258: "The select should not contain blank items "
        RenderBR {BR} at (257,28) size 1x0
      RenderBlock {FORM} at (0,90) size 784x22
        RenderMenuList {SELECT} at (2,2) size 217x18 [bgcolor=#FFFFFF] [border: (1px solid #000000)]
          RenderBlock (anonymous) at (1,1) size 215x16
            RenderText at (0,0) size 71x16
              text run at (0,0) width 71: "Quick Link"
layer at (61,29) size 148x16
  RenderBlock {DIV} at (3,3) size 148x16
