layer at (0,0) size 800x600
  RenderView at (0,0) size 800x600
layer at (0,0) size 800x134
  RenderBlock {HTML} at (0,0) size 800x134
    RenderBody {BODY} at (8,8) size 784x0 [bgcolor=#FFFFFF]
      RenderTable {TABLE} at (0,0) size 83x121
        RenderBlock {CAPTION} at (0,0) size 83x16
          RenderText {#text} at (0,0) size 83x16
            text run at (0,0) width 83: "height=\"105\""
        RenderTableSection {TBODY} at (0,16) size 83x105
          RenderTableRow {TR} at (0,0) size 83x21
            RenderTableCell {TD} at (0,1) size 83x19 [r=0 c=0 rs=1 cs=1]
              RenderText {#text} at (1,1) size 62x17
                text run at (1,2) width 62: "Entry #01"
          RenderTableRow {TR} at (0,21) size 83x21
            RenderTableCell {TD} at (0,22) size 83x19 [r=1 c=0 rs=1 cs=1]
              RenderText {#text} at (1,1) size 62x17
                text run at (1,2) width 62: "Entry #02"
          RenderTableRow {TR} at (0,42) size 83x21
            RenderTableCell {TD} at (0,43) size 83x19 [r=2 c=0 rs=1 cs=1]
              RenderText {#text} at (1,1) size 62x17
                text run at (1,2) width 62: "Entry #03"
          RenderTableRow {TR} at (0,63) size 83x21
            RenderTableCell {TD} at (0,64) size 83x19 [r=3 c=0 rs=1 cs=1]
              RenderText {#text} at (1,1) size 62x17
                text run at (1,2) width 62: "Entry #04"
          RenderTableRow {TR} at (0,84) size 83x21
            RenderTableCell {TD} at (0,85) size 83x19 [r=4 c=0 rs=1 cs=1]
              RenderText {#text} at (1,1) size 62x17
                text run at (1,2) width 62: "Entry #05"
      RenderTable {TABLE} at (82,0) size 84x122
        RenderBlock {CAPTION} at (0,0) size 83x16
          RenderText {#text} at (0,0) size 83x16
            text run at (0,0) width 83: "height=\"106\""
        RenderTableSection {TBODY} at (0,16) size 83x106
          RenderTableRow {TR} at (0,0) size 83x22
            RenderTableCell {TD} at (0,1) size 83x19 [r=0 c=0 rs=1 cs=1]
              RenderText {#text} at (1,1) size 62x17
                text run at (1,2) width 62: "Entry #01"
          RenderTableRow {TR} at (0,21) size 83x22
            RenderTableCell {TD} at (0,22) size 83x19 [r=1 c=0 rs=1 cs=1]
              RenderText {#text} at (1,1) size 62x17
                text run at (1,2) width 62: "Entry #02"
          RenderTableRow {TR} at (0,42) size 83x22
            RenderTableCell {TD} at (0,43) size 83x19 [r=2 c=0 rs=1 cs=1]
              RenderText {#text} at (1,1) size 62x17
                text run at (1,2) width 62: "Entry #03"
          RenderTableRow {TR} at (0,63) size 83x22
            RenderTableCell {TD} at (0,65) size 83x19 [r=3 c=0 rs=1 cs=1]
              RenderText {#text} at (1,1) size 62x17
                text run at (1,2) width 62: "Entry #04"
          RenderTableRow {TR} at (0,84) size 83x22
            RenderTableCell {TD} at (0,86) size 83x19 [r=4 c=0 rs=1 cs=1]
              RenderText {#text} at (1,1) size 62x17
                text run at (1,2) width 62: "Entry #05"
      RenderTable {TABLE} at (165,0) size 84x123
        RenderBlock {CAPTION} at (0,0) size 83x16
          RenderText {#text} at (0,0) size 83x16
            text run at (0,0) width 83: "height=\"107\""
        RenderTableSection {TBODY} at (0,16) size 83x107
          RenderTableRow {TR} at (0,0) size 83x22
            RenderTableCell {TD} at (0,1) size 83x19 [r=0 c=0 rs=1 cs=1]
              RenderText {#text} at (1,1) size 62x17
                text run at (1,2) width 62: "Entry #01"
          RenderTableRow {TR} at (0,21) size 83x22
            RenderTableCell {TD} at (0,23) size 83x19 [r=1 c=0 rs=1 cs=1]
              RenderText {#text} at (1,1) size 62x17
                text run at (1,2) width 62: "Entry #02"
          RenderTableRow {TR} at (0,42) size 83x23
            RenderTableCell {TD} at (0,44) size 83x19 [r=2 c=0 rs=1 cs=1]
              RenderText {#text} at (1,1) size 62x17
                text run at (1,2) width 62: "Entry #03"
          RenderTableRow {TR} at (0,64) size 83x22
            RenderTableCell {TD} at (0,65) size 83x19 [r=3 c=0 rs=1 cs=1]
              RenderText {#text} at (1,1) size 62x17
                text run at (1,2) width 62: "Entry #04"
          RenderTableRow {TR} at (0,85) size 83x22
            RenderTableCell {TD} at (0,87) size 83x19 [r=4 c=0 rs=1 cs=1]
              RenderText {#text} at (1,1) size 62x17
                text run at (1,2) width 62: "Entry #05"
      RenderTable {TABLE} at (248,0) size 84x124
        RenderBlock {CAPTION} at (0,0) size 83x16
          RenderText {#text} at (0,0) size 83x16
            text run at (0,0) width 83: "height=\"108\""
        RenderTableSection {TBODY} at (0,16) size 83x108
          RenderTableRow {TR} at (0,0) size 83x22
            RenderTableCell {TD} at (0,1) size 83x19 [r=0 c=0 rs=1 cs=1]
              RenderText {#text} at (1,1) size 62x17
                text run at (1,2) width 62: "Entry #01"
          RenderTableRow {TR} at (0,21) size 83x23
            RenderTableCell {TD} at (0,23) size 83x19 [r=1 c=0 rs=1 cs=1]
              RenderText {#text} at (1,1) size 62x17
                text run at (1,2) width 62: "Entry #02"
          RenderTableRow {TR} at (0,43) size 83x22
            RenderTableCell {TD} at (0,44) size 83x19 [r=2 c=0 rs=1 cs=1]
              RenderText {#text} at (1,1) size 62x17
                text run at (1,2) width 62: "Entry #03"
          RenderTableRow {TR} at (0,64) size 83x23
            RenderTableCell {TD} at (0,66) size 83x19 [r=3 c=0 rs=1 cs=1]
              RenderText {#text} at (1,1) size 62x17
                text run at (1,2) width 62: "Entry #04"
          RenderTableRow {TR} at (0,86) size 83x22
            RenderTableCell {TD} at (0,88) size 83x19 [r=4 c=0 rs=1 cs=1]
              RenderText {#text} at (1,1) size 62x17
                text run at (1,2) width 62: "Entry #05"
      RenderTable {TABLE} at (331,0) size 84x125
        RenderBlock {CAPTION} at (0,0) size 83x16
          RenderText {#text} at (0,0) size 83x16
            text run at (0,0) width 83: "height=\"109\""
        RenderTableSection {TBODY} at (0,16) size 83x109
          RenderTableRow {TR} at (0,0) size 83x22
            RenderTableCell {TD} at (0,1) size 83x19 [r=0 c=0 rs=1 cs=1]
              RenderText {#text} at (1,1) size 62x17
                text run at (1,2) width 62: "Entry #01"
          RenderTableRow {TR} at (0,21) size 83x23
            RenderTableCell {TD} at (0,23) size 83x19 [r=1 c=0 rs=1 cs=1]
              RenderText {#text} at (1,1) size 62x17
                text run at (1,2) width 62: "Entry #02"
          RenderTableRow {TR} at (0,43) size 83x23
            RenderTableCell {TD} at (0,45) size 83x19 [r=2 c=0 rs=1 cs=1]
              RenderText {#text} at (1,1) size 62x17
                text run at (1,2) width 62: "Entry #03"
          RenderTableRow {TR} at (0,65) size 83x23
            RenderTableCell {TD} at (0,67) size 83x19 [r=3 c=0 rs=1 cs=1]
              RenderText {#text} at (1,1) size 62x17
                text run at (1,2) width 62: "Entry #04"
          RenderTableRow {TR} at (0,87) size 83x22
            RenderTableCell {TD} at (0,89) size 83x19 [r=4 c=0 rs=1 cs=1]
              RenderText {#text} at (1,1) size 62x17
                text run at (1,2) width 62: "Entry #05"
      RenderTable {TABLE} at (414,0) size 83x126
        RenderBlock {CAPTION} at (0,0) size 83x16
          RenderText {#text} at (0,0) size 83x16
            text run at (0,0) width 83: "height=\"110\""
        RenderTableSection {TBODY} at (0,16) size 83x110
          RenderTableRow {TR} at (0,0) size 83x22
            RenderTableCell {TD} at (0,2) size 83x18 [r=0 c=0 rs=1 cs=1]
              RenderText {#text} at (1,1) size 62x16
                text run at (1,1) width 62: "Entry #01"
          RenderTableRow {TR} at (0,22) size 83x22
            RenderTableCell {TD} at (0,24) size 83x18 [r=1 c=0 rs=1 cs=1]
              RenderText {#text} at (1,1) size 62x16
                text run at (1,1) width 62: "Entry #02"
          RenderTableRow {TR} at (0,44) size 83x22
            RenderTableCell {TD} at (0,46) size 83x18 [r=2 c=0 rs=1 cs=1]
              RenderText {#text} at (1,1) size 62x16
                text run at (1,1) width 62: "Entry #03"
          RenderTableRow {TR} at (0,66) size 83x22
            RenderTableCell {TD} at (0,68) size 83x18 [r=3 c=0 rs=1 cs=1]
              RenderText {#text} at (1,1) size 62x16
                text run at (1,1) width 62: "Entry #04"
          RenderTableRow {TR} at (0,88) size 83x22
            RenderTableCell {TD} at (0,90) size 83x18 [r=4 c=0 rs=1 cs=1]
              RenderText {#text} at (1,1) size 62x16
                text run at (1,1) width 62: "Entry #05"
