layer at (0,0) size 800x600
  RenderView at (0,0) size 800x600
layer at (0,0) size 800x600
  RenderBlock {HTML} at (0,0) size 800x600
    RenderBody {BODY} at (8,8) size 784x584
      RenderTable {TABLE} at (0,0) size 406x38
        RenderTableSection {TBODY} at (0,0) size 406x38
          RenderTableRow {TR} at (0,2) size 406x34
            RenderTableCell {TD} at (2,2) size 402x34 [r=0 c=0 rs=1 cs=1]
              RenderTable {TABLE} at (1,1) size 400x32
                RenderTableSection {TBODY} at (0,0) size 400x32
                  RenderTableRow {TR} at (0,2) size 400x28
                    RenderTableCell {TH} at (2,6) size 58x20 [r=0 c=0 rs=1 cs=1]
                      RenderText {#text} at (1,1) size 56x18
                        text run at (1,2) width 56: "User ID:"
                    RenderTableCell {TD} at (61,2) size 337x28 [r=0 c=1 rs=1 cs=1]
                      RenderTextControl {INPUT} at (3,3) size 330x22 [bgcolor=#FFFFFF] [border: (2px inset #000000)]
                      RenderText {#text} at (0,0) size 0x0
layer at (79,19) size 324x16
  RenderBlock {DIV} at (3,3) size 324x16
