layer at (0,0) size 800x600
  RenderView at (0,0) size 800x600
layer at (0,0) size 800x124
  RenderBlock {HTML} at (0,0) size 800x124
    RenderBody {BODY} at (8,8) size 784x108
      RenderBlock {FORM} at (0,0) size 784x50
        RenderButton {INPUT} at (2,0) size 298x24 [bgcolor=#C0C0C0]
          RenderBlock (anonymous) at (6,2) size 286x19
            RenderText at (0,-1) size 286x20
              text run at (0,-1) width 286: "[Step 1] Set cell width to 60px (nothing seen)"
        RenderButton {INPUT} at (2,26) size 300x24 [bgcolor=#C0C0C0]
          RenderBlock (anonymous) at (6,2) size 288x19
            RenderText at (0,-1) size 288x20
              text run at (0,-1) width 288: "[Step 2] Set cell width to 20px (garbage seen)"
      RenderTable {TABLE} at (0,52) size 34x56
        RenderTableSection {TBODY} at (0,0) size 34x56
          RenderTableRow {TR} at (0,2) size 34x25
            RenderTableCell {TD} at (2,2) size 14x25 [border: (2px solid #000000)] [r=0 c=0 rs=1 cs=1]
              RenderText {#text} at (3,2) size 8x20
                text run at (3,2) width 8: "1"
            RenderTableCell {TD} at (18,2) size 14x25 [border: (2px solid #000000)] [r=0 c=1 rs=1 cs=1]
              RenderText {#text} at (3,2) size 8x20
                text run at (3,2) width 8: "2"
          RenderTableRow {TR} at (0,29) size 34x25
            RenderTableCell {TD} at (2,29) size 14x25 [border: (2px solid #000000)] [r=1 c=0 rs=1 cs=1]
              RenderText {#text} at (3,2) size 8x20
                text run at (3,2) width 8: "2"
            RenderTableCell {TD} at (18,29) size 14x25 [border: (2px solid #000000)] [r=1 c=1 rs=1 cs=1]
              RenderText {#text} at (3,2) size 8x20
                text run at (3,2) width 8: "2"
