layer at (0,0) size 800x600
  RenderView at (0,0) size 800x600
layer at (0,0) size 800x600
  RenderBlock {HTML} at (0,0) size 800x600
    RenderBody {BODY} at (8,8) size 784x584
      RenderTable {TABLE} at (0,0) size 287x200 [border: (1px outset #808080)]
        RenderTableSection {TBODY} at (1,1) size 285x198
          RenderTableRow {TR} at (0,2) size 285x47
            RenderTableCell {TD} at (2,15) size 281x21 [border: (1px inset #808080)] [r=0 c=0 rs=1 cs=1]
              RenderText {#text} at (2,1) size 277x17
                text run at (2,2) width 277: "This is the first cell in a 200 pixel high table."
          RenderTableRow {TR} at (0,50) size 285x98
            RenderTableCell {TD} at (2,88) size 281x22 [border: (1px inset #808080)] [r=1 c=0 rs=1 cs=1]
              RenderText {#text} at (2,3) size 176x16
                text run at (2,3) width 176: "This is the second cell, with "
              RenderInline {B} at (0,0) size 23x17
                RenderText {#text} at (177,2) size 23x17
                  text run at (177,2) width 23: "cell"
              RenderText {#text} at (199,3) size 79x16
                text run at (199,3) width 79: " height 50%."
          RenderTableRow {TR} at (0,149) size 285x47
            RenderTableCell {TD} at (2,162) size 281x21 [border: (1px inset #808080)] [r=2 c=0 rs=1 cs=1]
              RenderText {#text} at (2,1) size 128x17
                text run at (2,2) width 128: "This is the third cell."
      RenderTable {TABLE} at (0,200) size 286x71 [border: (1px outset #808080)]
        RenderTableSection {TBODY} at (1,1) size 284x69
          RenderTableRow {TR} at (0,2) size 284x20
            RenderTableCell {TD} at (2,2) size 280x20 [border: (1px inset #808080)] [r=0 c=0 rs=1 cs=1]
              RenderText {#text} at (2,2) size 266x16
                text run at (2,2) width 266: "This is the first cell in an auto-height table."
          RenderTableRow {TR} at (0,24) size 284x21
            RenderTableCell {TD} at (2,24) size 280x21 [border: (1px inset #808080)] [r=1 c=0 rs=1 cs=1]
              RenderText {#text} at (2,3) size 176x16
                text run at (2,3) width 176: "This is the second cell, with "
              RenderInline {B} at (0,0) size 23x17
                RenderText {#text} at (177,2) size 23x17
                  text run at (177,2) width 23: "cell"
              RenderText {#text} at (199,3) size 79x16
                text run at (199,3) width 79: " height 50%."
          RenderTableRow {TR} at (0,47) size 284x20
            RenderTableCell {TD} at (2,47) size 280x20 [border: (1px inset #808080)] [r=2 c=0 rs=1 cs=1]
              RenderText {#text} at (2,2) size 128x16
                text run at (2,2) width 128: "This is the third cell."
      RenderTable {TABLE} at (0,271) size 289x200 [border: (1px outset #808080)]
        RenderTableSection {TBODY} at (1,1) size 287x198
          RenderTableRow {TR} at (0,2) size 287x47
            RenderTableCell {TD} at (2,15) size 283x21 [border: (1px inset #808080)] [r=0 c=0 rs=1 cs=1]
              RenderText {#text} at (2,1) size 277x17
                text run at (2,2) width 277: "This is the first cell in a 200 pixel high table."
          RenderTableRow {TR} at (0,50) size 287x98
            RenderTableCell {TD} at (2,88) size 283x22 [border: (1px inset #808080)] [r=1 c=0 rs=1 cs=1]
              RenderText {#text} at (2,3) size 176x16
                text run at (2,3) width 176: "This is the second cell, with "
              RenderInline {B} at (0,0) size 26x17
                RenderText {#text} at (177,2) size 26x17
                  text run at (177,2) width 26: "row"
              RenderText {#text} at (202,3) size 79x16
                text run at (202,3) width 79: " height 50%."
          RenderTableRow {TR} at (0,149) size 287x47
            RenderTableCell {TD} at (2,162) size 283x21 [border: (1px inset #808080)] [r=2 c=0 rs=1 cs=1]
              RenderText {#text} at (2,1) size 128x17
                text run at (2,2) width 128: "This is the third cell."
      RenderTable {TABLE} at (0,471) size 289x71 [border: (1px outset #808080)]
        RenderTableSection {TBODY} at (1,1) size 287x69
          RenderTableRow {TR} at (0,2) size 287x20
            RenderTableCell {TD} at (2,2) size 283x20 [border: (1px inset #808080)] [r=0 c=0 rs=1 cs=1]
              RenderText {#text} at (2,2) size 266x16
                text run at (2,2) width 266: "This is the first cell in an auto-height table."
          RenderTableRow {TR} at (0,24) size 287x21
            RenderTableCell {TD} at (2,24) size 283x21 [border: (1px inset #808080)] [r=1 c=0 rs=1 cs=1]
              RenderText {#text} at (2,3) size 176x16
                text run at (2,3) width 176: "This is the second cell, with "
              RenderInline {B} at (0,0) size 26x17
                RenderText {#text} at (177,2) size 26x17
                  text run at (177,2) width 26: "row"
              RenderText {#text} at (202,3) size 79x16
                text run at (202,3) width 79: " height 50%."
          RenderTableRow {TR} at (0,47) size 287x20
            RenderTableCell {TD} at (2,47) size 283x20 [border: (1px inset #808080)] [r=2 c=0 rs=1 cs=1]
              RenderText {#text} at (2,2) size 128x16
                text run at (2,2) width 128: "This is the third cell."
