layer at (0,0) size 800x600
  RenderView at (0,0) size 800x600
layer at (0,0) size 800x280
  RenderBlock {HTML} at (0,0) size 800x281
    RenderBody {BODY} at (8,8) size 784x265 [bgcolor=#FFFFFF]
      RenderTable {TABLE} at (0,0) size 174x265
        RenderTableSection {TBODY} at (0,0) size 174x265
          RenderTableRow {TR} at (0,0) size 174x34
            RenderTableCell {TD} at (0,0) size 44x34 [border: (1px solid #000000)] [r=0 c=0 rs=1 cs=1]
              RenderText {#text} at (8,9) size 27x16
                text run at (8,9) width 27: "blah"
            RenderTableCell {TD} at (43,0) size 44x34 [border: (1px solid #000000)] [r=0 c=1 rs=1 cs=1]
              RenderText {#text} at (8,9) size 27x16
                text run at (8,9) width 27: "blah"
            RenderTableCell {TD} at (86,0) size 45x34 [border: (1px solid #000000)] [r=0 c=2 rs=1 cs=1]
              RenderText {#text} at (8,9) size 27x16
                text run at (8,9) width 27: "blah"
            RenderTableCell {TD} at (130,0) size 44x34 [border: (1px solid #000000)] [r=0 c=3 rs=1 cs=1]
              RenderText {#text} at (8,9) size 27x16
                text run at (8,9) width 27: "blah"
          RenderTableRow {TR} at (0,33) size 174x34
            RenderTableCell {TD} at (0,33) size 44x34 [border: (1px solid #000000)] [r=1 c=0 rs=1 cs=1]
              RenderText {#text} at (8,9) size 27x16
                text run at (8,9) width 27: "blah"
            RenderTableCell {TD} at (43,33) size 44x34 [border: (1px solid #000000)] [r=1 c=1 rs=1 cs=1]
              RenderText {#text} at (8,9) size 27x16
                text run at (8,9) width 27: "blah"
            RenderTableCell {TD} at (86,33) size 45x34 [border: (1px solid #000000)] [r=1 c=2 rs=1 cs=1]
              RenderText {#text} at (8,9) size 27x16
                text run at (8,9) width 27: "blah"
            RenderTableCell {TD} at (130,33) size 44x34 [border: (1px solid #000000)] [r=1 c=3 rs=1 cs=1]
              RenderText {#text} at (8,9) size 27x16
                text run at (8,9) width 27: "blah"
          RenderTableRow {TR} at (0,66) size 174x34
            RenderTableCell {TD} at (0,66) size 44x34 [border: (1px solid #000000)] [r=2 c=0 rs=1 cs=1]
              RenderText {#text} at (8,9) size 27x16
                text run at (8,9) width 27: "blah"
            RenderTableCell {TD} at (43,66) size 44x34 [border: (1px solid #000000)] [r=2 c=1 rs=1 cs=1]
              RenderText {#text} at (8,9) size 27x16
                text run at (8,9) width 27: "blah"
            RenderTableCell {TD} at (86,66) size 45x34 [border: (1px solid #000000)] [r=2 c=2 rs=1 cs=1]
              RenderText {#text} at (8,9) size 27x16
                text run at (8,9) width 27: "blah"
            RenderTableCell {TD} at (130,66) size 44x34 [border: (1px solid #000000)] [r=2 c=3 rs=1 cs=1]
              RenderText {#text} at (8,9) size 27x16
                text run at (8,9) width 27: "blah"
          RenderTableRow {TR} at (0,99) size 174x34
            RenderTableCell {TD} at (0,99) size 44x34 [border: (1px solid #000000)] [r=3 c=0 rs=1 cs=1]
              RenderText {#text} at (8,9) size 27x16
                text run at (8,9) width 27: "blah"
            RenderTableCell {TD} at (43,99) size 44x34 [border: (1px solid #000000)] [r=3 c=1 rs=1 cs=1]
              RenderText {#text} at (8,9) size 27x16
                text run at (8,9) width 27: "blah"
            RenderTableCell {TD} at (86,99) size 45x34 [border: (1px solid #000000)] [r=3 c=2 rs=1 cs=1]
              RenderText {#text} at (8,9) size 27x16
                text run at (8,9) width 27: "blah"
            RenderTableCell {TD} at (130,99) size 44x34 [border: (1px solid #000000)] [r=3 c=3 rs=1 cs=1]
              RenderText {#text} at (8,9) size 27x16
                text run at (8,9) width 27: "blah"
          RenderTableRow {TR} at (0,132) size 174x34
            RenderTableCell {TD} at (0,132) size 44x34 [border: (1px solid #000000)] [r=4 c=0 rs=1 cs=1]
              RenderText {#text} at (8,9) size 27x16
                text run at (8,9) width 27: "blah"
            RenderTableCell {TD} at (43,132) size 44x34 [border: (1px solid #000000)] [r=4 c=1 rs=1 cs=1]
              RenderText {#text} at (8,9) size 27x16
                text run at (8,9) width 27: "blah"
            RenderTableCell {TD} at (86,132) size 45x34 [border: (1px solid #000000)] [r=4 c=2 rs=1 cs=1]
              RenderText {#text} at (8,9) size 27x16
                text run at (8,9) width 27: "blah"
            RenderTableCell {TD} at (130,132) size 44x34 [border: (1px solid #000000)] [r=4 c=3 rs=1 cs=1]
              RenderText {#text} at (8,9) size 27x16
                text run at (8,9) width 27: "blah"
          RenderTableRow {TR} at (0,165) size 174x34
            RenderTableCell {TD} at (0,165) size 44x34 [border: (1px solid #000000)] [r=5 c=0 rs=1 cs=1]
              RenderText {#text} at (8,9) size 27x16
                text run at (8,9) width 27: "blah"
            RenderTableCell {TD} at (43,165) size 44x34 [border: (1px solid #000000)] [r=5 c=1 rs=1 cs=1]
              RenderText {#text} at (8,9) size 27x16
                text run at (8,9) width 27: "blah"
            RenderTableCell {TD} at (86,165) size 45x34 [border: (1px solid #000000)] [r=5 c=2 rs=1 cs=1]
              RenderText {#text} at (8,9) size 27x16
                text run at (8,9) width 27: "blah"
            RenderTableCell {TD} at (130,165) size 44x34 [border: (1px solid #000000)] [r=5 c=3 rs=1 cs=1]
              RenderText {#text} at (8,9) size 27x16
                text run at (8,9) width 27: "blah"
          RenderTableRow {TR} at (0,198) size 174x34
            RenderTableCell {TD} at (0,198) size 44x34 [border: (1px solid #000000)] [r=6 c=0 rs=1 cs=1]
              RenderText {#text} at (8,9) size 27x16
                text run at (8,9) width 27: "blah"
            RenderTableCell {TD} at (43,198) size 44x34 [border: (1px solid #000000)] [r=6 c=1 rs=1 cs=1]
              RenderText {#text} at (8,9) size 27x16
                text run at (8,9) width 27: "blah"
            RenderTableCell {TD} at (86,198) size 45x34 [border: (1px solid #000000)] [r=6 c=2 rs=1 cs=1]
              RenderText {#text} at (8,9) size 27x16
                text run at (8,9) width 27: "blah"
            RenderTableCell {TD} at (130,198) size 44x34 [border: (1px solid #000000)] [r=6 c=3 rs=1 cs=1]
              RenderText {#text} at (8,9) size 27x16
                text run at (8,9) width 27: "blah"
          RenderTableRow {TR} at (0,231) size 174x34
            RenderTableCell {TD} at (0,231) size 44x34 [border: (1px solid #000000)] [r=7 c=0 rs=1 cs=1]
              RenderText {#text} at (8,9) size 27x16
                text run at (8,9) width 27: "blah"
            RenderTableCell {TD} at (43,231) size 44x34 [border: (1px solid #000000)] [r=7 c=1 rs=1 cs=1]
              RenderText {#text} at (8,9) size 27x16
                text run at (8,9) width 27: "blah"
            RenderTableCell {TD} at (86,231) size 45x34 [border: (1px solid #000000)] [r=7 c=2 rs=1 cs=1]
              RenderText {#text} at (8,9) size 27x16
                text run at (8,9) width 27: "blah"
            RenderTableCell {TD} at (130,231) size 44x34 [border: (1px solid #000000)] [r=7 c=3 rs=1 cs=1]
              RenderText {#text} at (8,9) size 27x16
                text run at (8,9) width 27: "blah"
