layer at (0,0) size 800x600
  RenderView at (0,0) size 800x600
layer at (0,0) size 800x600
  RenderBlock {HTML} at (0,0) size 800x600
    RenderBody {BODY} at (8,8) size 784x584
      RenderTable {TABLE} at (0,0) size 454x143 [border: (1px outset #808080)]
        RenderTableSection {TBODY} at (1,1) size 452x141
          RenderTableRow {TR} at (0,0) size 452x141
            RenderTableCell {TD} at (0,0) size 452x141 [border: (1px inset #808080)] [r=0 c=0 rs=1 cs=1]
              RenderTable {TABLE} at (1,1) size 450x139 [border: (1px outset #808080)]
                RenderTableSection {TBODY} at (1,1) size 448x137
                  RenderTableRow {TR} at (0,1) size 448x26
                    RenderTableCell {TD} at (1,1) size 135x26 [border: (1px inset #808080)] [r=0 c=0 rs=1 cs=1]
                      RenderText {#text} at (5,5) size 125x16
                        text run at (5,5) width 125: "General Preferences"
                    RenderTableCell {TD} at (136,1) size 143x26 [border: (1px inset #808080)] [r=0 c=1 rs=1 cs=1]
                      RenderInline {A} at (0,0) size 132x16 [color=#0000EE]
                        RenderText {#text} at (5,5) size 132x16
                          text run at (5,5) width 132: "Groups / Permissions"
                    RenderTableCell {TD} at (279,1) size 69x26 [border: (1px inset #808080)] [r=0 c=2 rs=1 cs=1]
                      RenderInline {A} at (0,0) size 59x16 [color=#0000EE]
                        RenderText {#text} at (5,5) size 59x16
                          text run at (5,5) width 59: "Password"
                    RenderTableCell {TD} at (348,1) size 49x26 [border: (1px inset #808080)] [r=0 c=3 rs=1 cs=1]
                      RenderInline {A} at (0,0) size 38x16 [color=#0000EE]
                        RenderText {#text} at (5,5) size 38x16
                          text run at (5,5) width 38: "Email"
                    RenderTableCell {TD} at (397,1) size 50x26 [border: (1px inset #808080)] [r=0 c=4 rs=1 cs=1]
                      RenderText {#text} at (5,5) size 40x16
                        text run at (5,5) width 40: "Views"
                  RenderTableRow {TR} at (0,28) size 448x108
                    RenderTableCell {TD} at (1,28) size 446x108 [border: (1px inset #808080)] [r=1 c=0 rs=1 cs=5]
                      RenderBlock (anonymous) at (5,5) size 436x16
                        RenderBR {BR} at (217,0) size 1x16
                      RenderTable {TABLE} at (65,21) size 315x82
                        RenderTableSection {TBODY} at (0,0) size 315x82
                          RenderTableRow {TR} at (0,2) size 315x78
                            RenderTableCell {TD} at (2,2) size 311x78 [r=0 c=0 rs=1 cs=1]
                              RenderBlock {FORM} at (1,1) size 309x60
                                RenderTable {TABLE} at (0,0) size 309x60 [border: (1px outset #808080)]
                                  RenderTableSection {TBODY} at (1,1) size 307x58
                                    RenderTableRow {TR} at (0,0) size 307x58
                                      RenderTableCell {TD} at (0,0) size 307x58 [border: (1px inset #808080)] [r=0 c=0 rs=1 cs=1]
                                        RenderBlock (anonymous) at (1,1) size 305x16
                                          RenderText {#text} at (99,0) size 106x16
                                            text run at (99,0) width 106: "User Preferences"
                                        RenderTable {TABLE} at (1,17) size 305x40 [border: (1px outset #808080)]
                                          RenderTableSection {TBODY} at (1,1) size 303x38
                                            RenderTableRow {TR} at (0,1) size 303x36
                                              RenderTableCell {TH} at (1,5) size 116x28 [border: (1px inset #808080)] [r=0 c=0 rs=1 cs=1]
                                                RenderInline {NOBR} at (0,0) size 106x17
                                                  RenderText {#text} at (5,5) size 106x18
                                                    text run at (5,6) width 106: "Email Address :"
                                              RenderTableCell {TD} at (117,1) size 185x36 [border: (1px inset #808080)] [r=0 c=1 rs=1 cs=1]
                                                RenderTextControl {INPUT} at (7,7) size 170x22 [bgcolor=#FFFFFF] [border: (2px inset #000000)]
                                                RenderText {#text} at (0,0) size 0x0
layer at (211,93) size 164x16 scrollWidth 230
  RenderBlock {DIV} at (3,3) size 164x16
    RenderText {#text} at (0,0) size 229x16
      text run at (0,0) width 229: "simon.king@pipinghotnetworks.com"
