layer at (0,0) size 800x600
  RenderView at (0,0) size 800x600
layer at (0,0) size 800x600
  RenderBlock {HTML} at (0,0) size 800x600
    RenderBody {BODY} at (8,8) size 784x584
      RenderTable {TABLE} at (0,0) size 241x26 [border: (1px outset #808080)]
        RenderTableSection {TBODY} at (1,1) size 239x24
          RenderTableRow {TR} at (0,2) size 239x20 [bgcolor=#CCFFFF]
            RenderTableCell {TD} at (2,2) size 235x20 [border: (1px inset #808080)] [r=0 c=0 rs=1 cs=1]
              RenderText {#text} at (2,2) size 231x16
                text run at (2,2) width 231: "THis table has zero % width declared"
      RenderTable {TABLE} at (0,26) size 213x26 [border: (1px outset #808080)]
        RenderTableSection {TBODY} at (1,1) size 211x24
          RenderTableRow {TR} at (0,2) size 211x20 [bgcolor=#CCFFFF]
            RenderTableCell {TD} at (2,2) size 207x20 [border: (1px inset #808080)] [r=0 c=0 rs=1 cs=1]
              RenderText {#text} at (2,2) size 203x16
                text run at (2,2) width 203: "THis table has no width declared"
