layer at (0,0) size 800x600
  RenderView at (0,0) size 800x600
layer at (0,0) size 800x72
  RenderBlock {HTML} at (0,0) size 800x72
    RenderBody {BODY} at (8,8) size 784x56
      RenderTable {TABLE} at (0,0) size 361x56 [border: (1px outset #808080)]
        RenderTableSection {TBODY} at (1,1) size 359x54
          RenderTableRow {TR} at (0,0) size 359x18
            RenderTableCell {TD} at (0,18) size 6x18 [bgcolor=#CCCCCC] [border: (1px inset #808080)] [r=0 c=0 rs=3 cs=1]
              RenderText {#text} at (1,1) size 4x16
                text run at (1,1) width 4: " "
            RenderTableCell {TD} at (5,0) size 348x18 [border: (1px inset #808080)] [r=0 c=1 rs=1 cs=1]
              RenderText {#text} at (1,1) size 345x16
                text run at (1,1) width 345: "This row has two cells with rowspans and a middle cell."
            RenderTableCell {TD} at (352,18) size 7x18 [bgcolor=#CCCCCC] [border: (1px inset #808080)] [r=0 c=2 rs=3 cs=1]
              RenderText {#text} at (1,1) size 4x16
                text run at (1,1) width 4: " "
          RenderTableRow {TR} at (0,18) size 359x18
            RenderTableCell {TD} at (5,18) size 348x18 [bgcolor=#0000FF] [border: (1px inset #808080)] [r=1 c=1 rs=1 cs=1]
              RenderText {#text} at (1,1) size 160x16
                text run at (1,1) width 160: "This cell is coloured blue."
          RenderTableRow {TR} at (0,36) size 359x18 [bgcolor=#FF0000]
            RenderTableCell {TD} at (5,36) size 348x18 [border: (1px inset #808080)] [r=2 c=1 rs=1 cs=1]
              RenderText {#text} at (1,1) size 155x16
                text run at (1,1) width 155: "This row is coloured red."
