layer at (0,0) size 800x600
  RenderView at (0,0) size 800x600
layer at (0,0) size 800x600
  RenderBlock {HTML} at (0,0) size 800x600
    RenderBody {BODY} at (8,8) size 784x584 [bgcolor=#FFCC00]
      RenderTable {TABLE} at (0,0) size 600x25 [border: (1px outset #808080)]
        RenderTableSection {TBODY} at (1,1) size 598x23
          RenderTableRow {TR} at (0,0) size 598x23
            RenderTableCell {TD} at (0,0) size 133x23 [border: (1px inset #808080)] [r=0 c=0 rs=1 cs=1]
              RenderInline {B} at (0,0) size 97x22
                RenderText {#text} at (1,0) size 97x22
                  text run at (1,0) width 97: "MERCHANT"
            RenderTableCell {TD} at (132,10) size 6x3 [border: (1px inset #808080)] [r=0 c=1 rs=1 cs=1]
              RenderImage {IMG} at (1,1) size 1x1
            RenderTableCell {TD} at (137,0) size 305x23 [border: (1px inset #808080)] [r=0 c=2 rs=1 cs=1]
              RenderInline {B} at (0,0) size 114x22
                RenderText {#text} at (95,0) size 114x22
                  text run at (95,0) width 114: "DESCRIPTION"
            RenderTableCell {TD} at (441,10) size 7x3 [border: (1px inset #808080)] [r=0 c=3 rs=1 cs=1]
              RenderImage {IMG} at (1,1) size 1x1
            RenderTableCell {TD} at (447,0) size 79x23 [border: (1px inset #808080)] [r=0 c=4 rs=1 cs=1]
              RenderInline {B} at (0,0) size 52x22
                RenderText {#text} at (26,0) size 52x22
                  text run at (26,0) width 52: "PRICE"
            RenderTableCell {TD} at (525,10) size 6x3 [border: (1px inset #808080)] [r=0 c=5 rs=1 cs=1]
              RenderImage {IMG} at (1,1) size 1x1
            RenderTableCell {TD} at (530,0) size 69x23 [border: (1px inset #808080)] [r=0 c=6 rs=1 cs=1]
              RenderInline {B} at (0,0) size 41x22
                RenderText {#text} at (13,0) size 41x22
                  text run at (13,0) width 41: "INFO"
      RenderTable {TABLE} at (0,25) size 600x26 [border: (1px outset #808080)]
        RenderTableSection {TBODY} at (1,1) size 598x24
          RenderTableRow {TR} at (0,0) size 598x21
            RenderTableCell {TD} at (0,1) size 133x19 [border: (1px inset #808080)] [r=0 c=0 rs=1 cs=1]
              RenderInline {FONT} at (0,0) size 93x17
                RenderText {#text} at (1,-1) size 93x19
                  text run at (1,0) width 93: "American Starlex"
            RenderTableCell {TD} at (132,9) size 6x3 [border: (1px inset #808080)] [r=0 c=1 rs=1 cs=1]
              RenderImage {IMG} at (1,1) size 1x1
            RenderTableCell {TD} at (137,1) size 305x19 [border: (1px inset #808080)] [r=0 c=2 rs=1 cs=1]
              RenderInline {FONT} at (0,0) size 249x17
                RenderText {#text} at (1,-1) size 249x19
                  text run at (1,0) width 249: "Digital_Cameras DC200 New|In stock; Kodak"
            RenderTableCell {TD} at (441,9) size 7x3 [border: (1px inset #808080)] [r=0 c=3 rs=1 cs=1]
              RenderImage {IMG} at (1,1) size 1x1
            RenderTableCell {TD} at (447,1) size 79x19 [border: (1px inset #808080)] [r=0 c=4 rs=1 cs=1]
              RenderInline {FONT} at (0,0) size 46x17
                RenderText {#text} at (32,-1) size 46x19
                  text run at (32,0) width 46: "$270.00"
            RenderTableCell {TD} at (525,9) size 6x3 [border: (1px inset #808080)] [r=0 c=5 rs=1 cs=1]
              RenderImage {IMG} at (1,1) size 1x1
            RenderTableCell {TD} at (530,0) size 69x21 [border: (1px inset #808080)] [r=0 c=6 rs=1 cs=1]
              RenderText {#text} at (16,0) size 35x20
                text run at (16,0) width 35: "More"
          RenderTableRow {TR} at (0,21) size 598x3
            RenderTableCell {TD} at (0,21) size 599x3 [bgcolor=#000000] [border: (1px inset #808080)] [r=1 c=0 rs=1 cs=8]
              RenderImage {IMG} at (1,1) size 1x1
