layer at (0,0) size 800x600
  RenderView at (0,0) size 800x600
layer at (0,0) size 800x600
  RenderBlock {HTML} at (0,0) size 800x600
    RenderBody {BODY} at (8,8) size 784x584
      RenderBlock {P} at (0,0) size 784x16
        RenderText {#text} at (0,0) size 121x16
          text run at (0,0) width 121: "No col or colgroup:"
      RenderTable {TABLE} at (0,32) size 706x70 [border: (1px outset #808080)]
        RenderTableSection {TBODY} at (1,1) size 704x68
          RenderTableRow {TR} at (0,2) size 704x20
            RenderTableCell {TD} at (2,2) size 232x20 [border: (1px inset #808080)] [r=0 c=0 rs=1 cs=1]
              RenderText {#text} at (2,2) size 30x16
                text run at (2,2) width 30: "Data"
            RenderTableCell {TD} at (235,2) size 233x20 [border: (1px inset #808080)] [r=0 c=1 rs=1 cs=1]
              RenderText {#text} at (2,2) size 30x16
                text run at (2,2) width 30: "Data"
            RenderTableCell {TD} at (469,2) size 233x20 [border: (1px inset #808080)] [r=0 c=2 rs=1 cs=1]
              RenderText {#text} at (2,2) size 30x16
                text run at (2,2) width 30: "Data"
          RenderTableRow {TR} at (0,24) size 704x20
            RenderTableCell {TD} at (2,24) size 232x20 [border: (1px inset #808080)] [r=1 c=0 rs=1 cs=1]
              RenderText {#text} at (2,2) size 30x16
                text run at (2,2) width 30: "Data"
            RenderTableCell {TD} at (235,24) size 233x20 [border: (1px inset #808080)] [r=1 c=1 rs=1 cs=1]
              RenderText {#text} at (2,2) size 30x16
                text run at (2,2) width 30: "Data"
            RenderTableCell {TD} at (469,24) size 233x20 [border: (1px inset #808080)] [r=1 c=2 rs=1 cs=1]
              RenderText {#text} at (2,2) size 30x16
                text run at (2,2) width 30: "Data"
          RenderTableRow {TR} at (0,46) size 704x20
            RenderTableCell {TD} at (2,46) size 232x20 [border: (1px inset #808080)] [r=2 c=0 rs=1 cs=1]
              RenderText {#text} at (2,2) size 30x16
                text run at (2,2) width 30: "Data"
            RenderTableCell {TD} at (235,46) size 233x20 [border: (1px inset #808080)] [r=2 c=1 rs=1 cs=1]
              RenderText {#text} at (2,2) size 30x16
                text run at (2,2) width 30: "Data"
            RenderTableCell {TD} at (469,46) size 233x20 [border: (1px inset #808080)] [r=2 c=2 rs=1 cs=1]
              RenderText {#text} at (2,2) size 30x16
                text run at (2,2) width 30: "Data"
      RenderBlock {P} at (0,118) size 784x16
        RenderText {#text} at (0,0) size 281x16
          text run at (0,0) width 281: "col elements with align=center on second col:"
      RenderTable {TABLE} at (0,150) size 706x70 [border: (1px outset #808080)]
        RenderTableCol {COLGROUP} at (0,0) size 0x0
          RenderTableCol {COL} at (0,0) size 0x0
          RenderTableCol {COL} at (0,0) size 0x0
          RenderTableCol {COL} at (0,0) size 0x0
        RenderTableSection {TBODY} at (1,1) size 704x68
          RenderTableRow {TR} at (0,2) size 704x20
            RenderTableCell {TD} at (2,2) size 232x20 [border: (1px inset #808080)] [r=0 c=0 rs=1 cs=1]
              RenderText {#text} at (2,2) size 30x16
                text run at (2,2) width 30: "Data"
            RenderTableCell {TD} at (235,2) size 233x20 [border: (1px inset #808080)] [r=0 c=1 rs=1 cs=1]
              RenderText {#text} at (2,2) size 30x16
                text run at (2,2) width 30: "Data"
            RenderTableCell {TD} at (469,2) size 233x20 [border: (1px inset #808080)] [r=0 c=2 rs=1 cs=1]
              RenderText {#text} at (2,2) size 30x16
                text run at (2,2) width 30: "Data"
          RenderTableRow {TR} at (0,24) size 704x20
            RenderTableCell {TD} at (2,24) size 232x20 [border: (1px inset #808080)] [r=1 c=0 rs=1 cs=1]
              RenderText {#text} at (2,2) size 30x16
                text run at (2,2) width 30: "Data"
            RenderTableCell {TD} at (235,24) size 233x20 [border: (1px inset #808080)] [r=1 c=1 rs=1 cs=1]
              RenderText {#text} at (2,2) size 30x16
                text run at (2,2) width 30: "Data"
            RenderTableCell {TD} at (469,24) size 233x20 [border: (1px inset #808080)] [r=1 c=2 rs=1 cs=1]
              RenderText {#text} at (2,2) size 30x16
                text run at (2,2) width 30: "Data"
          RenderTableRow {TR} at (0,46) size 704x20
            RenderTableCell {TD} at (2,46) size 232x20 [border: (1px inset #808080)] [r=2 c=0 rs=1 cs=1]
              RenderText {#text} at (2,2) size 30x16
                text run at (2,2) width 30: "Data"
            RenderTableCell {TD} at (235,46) size 233x20 [border: (1px inset #808080)] [r=2 c=1 rs=1 cs=1]
              RenderText {#text} at (2,2) size 30x16
                text run at (2,2) width 30: "Data"
            RenderTableCell {TD} at (469,46) size 233x20 [border: (1px inset #808080)] [r=2 c=2 rs=1 cs=1]
              RenderText {#text} at (2,2) size 30x16
                text run at (2,2) width 30: "Data"
      RenderBlock {P} at (0,236) size 784x16
        RenderText {#text} at (0,0) size 517x16
          text run at (0,0) width 517: "colgroup and col elements, with align on colgroup so 2nd and 3rd columns centered:"
      RenderTable {TABLE} at (0,268) size 706x70 [border: (1px outset #808080)]
        RenderTableCol {COLGROUP} at (0,0) size 0x0
          RenderTableCol {COL} at (0,0) size 0x0
        RenderTableCol {COLGROUP} at (0,0) size 0x0
          RenderTableCol {COL} at (0,0) size 0x0
          RenderTableCol {COL} at (0,0) size 0x0
        RenderTableSection {TBODY} at (1,1) size 704x68
          RenderTableRow {TR} at (0,2) size 704x20
            RenderTableCell {TD} at (2,2) size 232x20 [border: (1px inset #808080)] [r=0 c=0 rs=1 cs=1]
              RenderText {#text} at (2,2) size 30x16
                text run at (2,2) width 30: "Data"
            RenderTableCell {TD} at (235,2) size 233x20 [border: (1px inset #808080)] [r=0 c=1 rs=1 cs=1]
              RenderText {#text} at (2,2) size 30x16
                text run at (2,2) width 30: "Data"
            RenderTableCell {TD} at (469,2) size 233x20 [border: (1px inset #808080)] [r=0 c=2 rs=1 cs=1]
              RenderText {#text} at (2,2) size 30x16
                text run at (2,2) width 30: "Data"
          RenderTableRow {TR} at (0,24) size 704x20
            RenderTableCell {TD} at (2,24) size 232x20 [border: (1px inset #808080)] [r=1 c=0 rs=1 cs=1]
              RenderText {#text} at (2,2) size 30x16
                text run at (2,2) width 30: "Data"
            RenderTableCell {TD} at (235,24) size 233x20 [border: (1px inset #808080)] [r=1 c=1 rs=1 cs=1]
              RenderText {#text} at (2,2) size 30x16
                text run at (2,2) width 30: "Data"
            RenderTableCell {TD} at (469,24) size 233x20 [border: (1px inset #808080)] [r=1 c=2 rs=1 cs=1]
              RenderText {#text} at (2,2) size 30x16
                text run at (2,2) width 30: "Data"
          RenderTableRow {TR} at (0,46) size 704x20
            RenderTableCell {TD} at (2,46) size 232x20 [border: (1px inset #808080)] [r=2 c=0 rs=1 cs=1]
              RenderText {#text} at (2,2) size 30x16
                text run at (2,2) width 30: "Data"
            RenderTableCell {TD} at (235,46) size 233x20 [border: (1px inset #808080)] [r=2 c=1 rs=1 cs=1]
              RenderText {#text} at (2,2) size 30x16
                text run at (2,2) width 30: "Data"
            RenderTableCell {TD} at (469,46) size 233x20 [border: (1px inset #808080)] [r=2 c=2 rs=1 cs=1]
              RenderText {#text} at (2,2) size 30x16
                text run at (2,2) width 30: "Data"
      RenderBlock {P} at (0,354) size 784x16
        RenderText {#text} at (0,0) size 426x16
          text run at (0,0) width 426: "colgroup and col elements, with align on col so 2nd column centered:"
      RenderTable {TABLE} at (0,386) size 706x70 [border: (1px outset #808080)]
        RenderTableCol {COLGROUP} at (0,0) size 0x0
          RenderTableCol {COL} at (0,0) size 0x0
        RenderTableCol {COLGROUP} at (0,0) size 0x0
          RenderTableCol {COL} at (0,0) size 0x0
          RenderTableCol {COL} at (0,0) size 0x0
        RenderTableSection {TBODY} at (1,1) size 704x68
          RenderTableRow {TR} at (0,2) size 704x20
            RenderTableCell {TD} at (2,2) size 232x20 [border: (1px inset #808080)] [r=0 c=0 rs=1 cs=1]
              RenderText {#text} at (2,2) size 30x16
                text run at (2,2) width 30: "Data"
            RenderTableCell {TD} at (235,2) size 233x20 [border: (1px inset #808080)] [r=0 c=1 rs=1 cs=1]
              RenderText {#text} at (2,2) size 30x16
                text run at (2,2) width 30: "Data"
            RenderTableCell {TD} at (469,2) size 233x20 [border: (1px inset #808080)] [r=0 c=2 rs=1 cs=1]
              RenderText {#text} at (2,2) size 30x16
                text run at (2,2) width 30: "Data"
          RenderTableRow {TR} at (0,24) size 704x20
            RenderTableCell {TD} at (2,24) size 232x20 [border: (1px inset #808080)] [r=1 c=0 rs=1 cs=1]
              RenderText {#text} at (2,2) size 30x16
                text run at (2,2) width 30: "Data"
            RenderTableCell {TD} at (235,24) size 233x20 [border: (1px inset #808080)] [r=1 c=1 rs=1 cs=1]
              RenderText {#text} at (2,2) size 30x16
                text run at (2,2) width 30: "Data"
            RenderTableCell {TD} at (469,24) size 233x20 [border: (1px inset #808080)] [r=1 c=2 rs=1 cs=1]
              RenderText {#text} at (2,2) size 30x16
                text run at (2,2) width 30: "Data"
          RenderTableRow {TR} at (0,46) size 704x20
            RenderTableCell {TD} at (2,46) size 232x20 [border: (1px inset #808080)] [r=2 c=0 rs=1 cs=1]
              RenderText {#text} at (2,2) size 30x16
                text run at (2,2) width 30: "Data"
            RenderTableCell {TD} at (235,46) size 233x20 [border: (1px inset #808080)] [r=2 c=1 rs=1 cs=1]
              RenderText {#text} at (2,2) size 30x16
                text run at (2,2) width 30: "Data"
            RenderTableCell {TD} at (469,46) size 233x20 [border: (1px inset #808080)] [r=2 c=2 rs=1 cs=1]
              RenderText {#text} at (2,2) size 30x16
                text run at (2,2) width 30: "Data"
