layer at (0,0) size 800x600
  RenderView at (0,0) size 800x600
layer at (0,0) size 800x600
  RenderBlock {HTML} at (0,0) size 800x600
    RenderBody {BODY} at (8,8) size 784x584
      RenderBlock {P} at (0,0) size 784x76
        RenderText {#text} at (0,-1) size 763x58
          text run at (0,-1) width 763: "In this table (modeled after mozilla.org template) the cells in column two are requesting colspans of (2,3,2,6) respectively."
          text run at (0,18) width 757: "Notice that they all want to span more than one column (which means, in the case of this table, all rows are requesting to"
          text run at (0,37) width 282: "span more columns than the number of 'real' "
        RenderInline {CODE} at (0,0) size 32x15
          RenderText {#text} at (282,41) size 32x15
            text run at (282,41) width 32: "<TD>"
        RenderText {#text} at (314,37) size 772x39
          text run at (314,37) width 458: " in any single rows [i.e., all rows in the top table want to span 9 cells, but"
          text run at (0,56) width 159: "the maximum number of "
        RenderInline {CODE} at (0,0) size 32x15
          RenderText {#text} at (159,60) size 32x15
            text run at (159,60) width 32: "<TD>"
        RenderText {#text} at (191,56) size 107x20
          text run at (191,56) width 107: " in any row is 8]."
      RenderBlock {P} at (0,92) size 784x19
        RenderText {#text} at (0,-1) size 484x20
          text run at (0,-1) width 484: "This condition leads to the 'white gap' (in builds of 5.0 for jun04 and before)."
      RenderTable {TABLE} at (0,127) size 784x86 [border: (1px outset #808080)]
        RenderTableSection {TBODY} at (1,1) size 782x84
          RenderTableRow {TR} at (0,0) size 782x21
            RenderTableCell {TD} at (0,0) size 98x21 [bgcolor=#999999] [border: (1px inset #808080)] [r=0 c=0 rs=1 cs=1]
              RenderText {#text} at (1,0) size 8x20
                text run at (1,0) width 8: "1"
            RenderTableCell {TD} at (97,0) size 99x21 [bgcolor=#DDDDDD] [border: (1px inset #808080)] [r=0 c=1 rs=1 cs=2]
              RenderText {#text} at (1,0) size 8x20
                text run at (1,0) width 8: "2"
            RenderTableCell {TD} at (195,0) size 99x21 [bgcolor=#DDDDDD] [border: (1px inset #808080)] [r=0 c=3 rs=1 cs=1]
              RenderText {#text} at (1,0) size 8x20
                text run at (1,0) width 8: "4"
            RenderTableCell {TD} at (293,0) size 98x21 [bgcolor=#999999] [border: (1px inset #808080)] [r=0 c=4 rs=1 cs=1]
              RenderText {#text} at (1,0) size 8x20
                text run at (1,0) width 8: "5"
            RenderTableCell {TD} at (391,0) size 98x21 [border: (1px inset #808080)] [r=0 c=5 rs=1 cs=1]
              RenderText {#text} at (1,0) size 8x20
                text run at (1,0) width 8: "6"
            RenderTableCell {TD} at (488,0) size 99x21 [border: (1px inset #808080)] [r=0 c=6 rs=1 cs=1]
              RenderText {#text} at (1,0) size 8x20
                text run at (1,0) width 8: "7"
            RenderTableCell {TD} at (586,0) size 99x21 [border: (1px inset #808080)] [r=0 c=7 rs=1 cs=1]
              RenderText {#text} at (1,0) size 8x20
                text run at (1,0) width 8: "8"
            RenderTableCell {TD} at (684,0) size 98x21 [bgcolor=#999999] [border: (1px inset #808080)] [r=0 c=8 rs=1 cs=1]
              RenderText {#text} at (1,0) size 8x20
                text run at (1,0) width 8: "9"
          RenderTableRow {TR} at (0,21) size 782x21
            RenderTableCell {TD} at (0,21) size 98x21 [bgcolor=#999999] [border: (1px inset #808080)] [r=1 c=0 rs=1 cs=1]
              RenderText {#text} at (1,0) size 8x20
                text run at (1,0) width 8: "1"
            RenderTableCell {TD} at (97,21) size 197x21 [bgcolor=#DDDDDD] [border: (1px inset #808080)] [r=1 c=1 rs=1 cs=3]
              RenderText {#text} at (1,0) size 8x20
                text run at (1,0) width 8: "2"
            RenderTableCell {TD} at (293,21) size 98x21 [bgcolor=#999999] [border: (1px inset #808080)] [r=1 c=4 rs=1 cs=1]
              RenderText {#text} at (1,0) size 8x20
                text run at (1,0) width 8: "5"
            RenderTableCell {TD} at (391,21) size 98x21 [border: (1px inset #808080)] [r=1 c=5 rs=1 cs=1]
              RenderText {#text} at (1,0) size 8x20
                text run at (1,0) width 8: "6"
            RenderTableCell {TD} at (488,21) size 99x21 [border: (1px inset #808080)] [r=1 c=6 rs=1 cs=1]
              RenderText {#text} at (1,0) size 8x20
                text run at (1,0) width 8: "7"
            RenderTableCell {TD} at (586,21) size 99x21 [border: (1px inset #808080)] [r=1 c=7 rs=1 cs=1]
              RenderText {#text} at (1,0) size 8x20
                text run at (1,0) width 8: "8"
            RenderTableCell {TD} at (684,21) size 98x21 [bgcolor=#999999] [border: (1px inset #808080)] [r=1 c=8 rs=1 cs=1]
              RenderText {#text} at (1,0) size 8x20
                text run at (1,0) width 8: "9"
          RenderTableRow {TR} at (0,42) size 782x21
            RenderTableCell {TD} at (0,42) size 98x21 [bgcolor=#999999] [border: (1px inset #808080)] [r=2 c=0 rs=1 cs=1]
              RenderText {#text} at (1,0) size 8x20
                text run at (1,0) width 8: "1"
            RenderTableCell {TD} at (97,42) size 99x21 [bgcolor=#DDDDDD] [border: (1px inset #808080)] [r=2 c=1 rs=1 cs=2]
              RenderText {#text} at (1,0) size 8x20
                text run at (1,0) width 8: "2"
            RenderTableCell {TD} at (195,42) size 99x21 [bgcolor=#DDDDDD] [border: (1px inset #808080)] [r=2 c=3 rs=1 cs=1]
              RenderText {#text} at (1,0) size 8x20
                text run at (1,0) width 8: "4"
            RenderTableCell {TD} at (293,42) size 98x21 [bgcolor=#999999] [border: (1px inset #808080)] [r=2 c=4 rs=1 cs=1]
              RenderText {#text} at (1,0) size 8x20
                text run at (1,0) width 8: "5"
            RenderTableCell {TD} at (391,42) size 196x21 [border: (1px inset #808080)] [r=2 c=5 rs=1 cs=2]
              RenderText {#text} at (1,0) size 8x20
                text run at (1,0) width 8: "6"
            RenderTableCell {TD} at (586,42) size 99x21 [border: (1px inset #808080)] [r=2 c=7 rs=1 cs=1]
              RenderText {#text} at (1,0) size 8x20
                text run at (1,0) width 8: "8"
            RenderTableCell {TD} at (684,42) size 98x21 [bgcolor=#999999] [border: (1px inset #808080)] [r=2 c=8 rs=1 cs=1]
              RenderText {#text} at (1,0) size 8x20
                text run at (1,0) width 8: "9"
          RenderTableRow {TR} at (0,63) size 782x21
            RenderTableCell {TD} at (0,63) size 489x21 [bgcolor=#999999] [border: (1px inset #808080)] [r=3 c=0 rs=1 cs=6]
              RenderText {#text} at (1,0) size 8x20
                text run at (1,0) width 8: "1"
            RenderTableCell {TD} at (488,63) size 99x21 [bgcolor=#999999] [border: (1px inset #808080)] [r=3 c=6 rs=1 cs=1]
              RenderText {#text} at (1,0) size 8x20
                text run at (1,0) width 8: "7"
            RenderTableCell {TD} at (586,63) size 196x21 [bgcolor=#999999] [border: (1px inset #808080)] [r=3 c=7 rs=1 cs=2]
              RenderText {#text} at (1,0) size 8x20
                text run at (1,0) width 8: "8"
      RenderBlock {P} at (0,229) size 784x38
        RenderText {#text} at (0,-1) size 756x39
          text run at (0,-1) width 424: "This is the same table as above, but instead the cells in column two "
          text run at (424,-1) width 332: "are requesting colspans of (1,2,1,5) respectively (i.e.,"
          text run at (0,18) width 478: "excess requests have been 'normalized' away). There is no more 'white gap'."
      RenderTable {TABLE} at (0,283) size 784x86 [border: (1px outset #808080)]
        RenderTableSection {TBODY} at (1,1) size 782x84
          RenderTableRow {TR} at (0,0) size 782x21
            RenderTableCell {TD} at (0,0) size 98x21 [bgcolor=#999999] [border: (1px inset #808080)] [r=0 c=0 rs=1 cs=1]
              RenderText {#text} at (1,0) size 8x20
                text run at (1,0) width 8: "1"
            RenderTableCell {TD} at (97,0) size 99x21 [bgcolor=#DDDDDD] [border: (1px inset #808080)] [r=0 c=1 rs=1 cs=1]
              RenderText {#text} at (1,0) size 8x20
                text run at (1,0) width 8: "2"
            RenderTableCell {TD} at (195,0) size 99x21 [bgcolor=#DDDDDD] [border: (1px inset #808080)] [r=0 c=2 rs=1 cs=1]
              RenderText {#text} at (1,0) size 8x20
                text run at (1,0) width 8: "3"
            RenderTableCell {TD} at (293,0) size 98x21 [bgcolor=#999999] [border: (1px inset #808080)] [r=0 c=3 rs=1 cs=1]
              RenderText {#text} at (1,0) size 8x20
                text run at (1,0) width 8: "4"
            RenderTableCell {TD} at (391,0) size 98x21 [border: (1px inset #808080)] [r=0 c=4 rs=1 cs=1]
              RenderText {#text} at (1,0) size 8x20
                text run at (1,0) width 8: "5"
            RenderTableCell {TD} at (488,0) size 99x21 [border: (1px inset #808080)] [r=0 c=5 rs=1 cs=1]
              RenderText {#text} at (1,0) size 8x20
                text run at (1,0) width 8: "6"
            RenderTableCell {TD} at (586,0) size 99x21 [border: (1px inset #808080)] [r=0 c=6 rs=1 cs=1]
              RenderText {#text} at (1,0) size 8x20
                text run at (1,0) width 8: "7"
            RenderTableCell {TD} at (684,0) size 98x21 [bgcolor=#999999] [border: (1px inset #808080)] [r=0 c=7 rs=1 cs=1]
              RenderText {#text} at (1,0) size 8x20
                text run at (1,0) width 8: "8"
          RenderTableRow {TR} at (0,21) size 782x21
            RenderTableCell {TD} at (0,21) size 98x21 [bgcolor=#999999] [border: (1px inset #808080)] [r=1 c=0 rs=1 cs=1]
              RenderText {#text} at (1,0) size 8x20
                text run at (1,0) width 8: "1"
            RenderTableCell {TD} at (97,21) size 197x21 [bgcolor=#DDDDDD] [border: (1px inset #808080)] [r=1 c=1 rs=1 cs=2]
              RenderText {#text} at (1,0) size 8x20
                text run at (1,0) width 8: "2"
            RenderTableCell {TD} at (293,21) size 98x21 [bgcolor=#999999] [border: (1px inset #808080)] [r=1 c=3 rs=1 cs=1]
              RenderText {#text} at (1,0) size 8x20
                text run at (1,0) width 8: "4"
            RenderTableCell {TD} at (391,21) size 98x21 [border: (1px inset #808080)] [r=1 c=4 rs=1 cs=1]
              RenderText {#text} at (1,0) size 8x20
                text run at (1,0) width 8: "5"
            RenderTableCell {TD} at (488,21) size 99x21 [border: (1px inset #808080)] [r=1 c=5 rs=1 cs=1]
              RenderText {#text} at (1,0) size 8x20
                text run at (1,0) width 8: "6"
            RenderTableCell {TD} at (586,21) size 99x21 [border: (1px inset #808080)] [r=1 c=6 rs=1 cs=1]
              RenderText {#text} at (1,0) size 8x20
                text run at (1,0) width 8: "7"
            RenderTableCell {TD} at (684,21) size 98x21 [bgcolor=#999999] [border: (1px inset #808080)] [r=1 c=7 rs=1 cs=1]
              RenderText {#text} at (1,0) size 8x20
                text run at (1,0) width 8: "8"
          RenderTableRow {TR} at (0,42) size 782x21
            RenderTableCell {TD} at (0,42) size 98x21 [bgcolor=#999999] [border: (1px inset #808080)] [r=2 c=0 rs=1 cs=1]
              RenderText {#text} at (1,0) size 8x20
                text run at (1,0) width 8: "1"
            RenderTableCell {TD} at (97,42) size 99x21 [bgcolor=#DDDDDD] [border: (1px inset #808080)] [r=2 c=1 rs=1 cs=1]
              RenderText {#text} at (1,0) size 8x20
                text run at (1,0) width 8: "2"
            RenderTableCell {TD} at (195,42) size 99x21 [bgcolor=#DDDDDD] [border: (1px inset #808080)] [r=2 c=2 rs=1 cs=1]
              RenderText {#text} at (1,0) size 8x20
                text run at (1,0) width 8: "3"
            RenderTableCell {TD} at (293,42) size 98x21 [bgcolor=#999999] [border: (1px inset #808080)] [r=2 c=3 rs=1 cs=1]
              RenderText {#text} at (1,0) size 8x20
                text run at (1,0) width 8: "4"
            RenderTableCell {TD} at (391,42) size 196x21 [border: (1px inset #808080)] [r=2 c=4 rs=1 cs=2]
              RenderText {#text} at (1,0) size 8x20
                text run at (1,0) width 8: "5"
            RenderTableCell {TD} at (586,42) size 99x21 [border: (1px inset #808080)] [r=2 c=6 rs=1 cs=1]
              RenderText {#text} at (1,0) size 8x20
                text run at (1,0) width 8: "7"
            RenderTableCell {TD} at (684,42) size 98x21 [bgcolor=#999999] [border: (1px inset #808080)] [r=2 c=7 rs=1 cs=1]
              RenderText {#text} at (1,0) size 8x20
                text run at (1,0) width 8: "8"
          RenderTableRow {TR} at (0,63) size 782x21
            RenderTableCell {TD} at (0,63) size 489x21 [bgcolor=#999999] [border: (1px inset #808080)] [r=3 c=0 rs=1 cs=5]
              RenderText {#text} at (1,0) size 8x20
                text run at (1,0) width 8: "1"
            RenderTableCell {TD} at (488,63) size 99x21 [bgcolor=#999999] [border: (1px inset #808080)] [r=3 c=5 rs=1 cs=1]
              RenderText {#text} at (1,0) size 8x20
                text run at (1,0) width 8: "6"
            RenderTableCell {TD} at (586,63) size 196x21 [bgcolor=#999999] [border: (1px inset #808080)] [r=3 c=6 rs=1 cs=2]
              RenderText {#text} at (1,0) size 8x20
                text run at (1,0) width 8: "7"
