layer at (0,0) size 800x600
  RenderView at (0,0) size 800x600
layer at (0,0) size 800x600
  RenderBlock {HTML} at (0,0) size 800x600
    RenderBody {BODY} at (8,8) size 784x584
      RenderBlock {P} at (0,0) size 784x38
        RenderText {#text} at (0,-1) size 501x20
          text run at (0,-1) width 424: "there's a table below this line with cellspacing=1 and border=2 and "
          text run at (424,-1) width 77: "several lines"
        RenderBR {BR} at (501,14) size 0x1
        RenderText {#text} at (0,18) size 412x20
          text run at (0,18) width 412: "of content beginning 'Pacific Shore Properties ...'. Can you see it?"
      RenderTable {TABLE} at (0,54) size 777x529 [border: (2px outset #808080)]
        RenderTableSection {TBODY} at (2,2) size 773x525
          RenderTableRow {TR} at (0,1) size 773x285
            RenderTableCell {TD} at (1,1) size 771x206 [bgcolor=#FFFFFF] [border: (1px inset #808080)] [r=0 c=0 rs=4 cs=2]
              RenderBlock {P} at (5,5) size 761x44
                RenderInline {FONT} at (0,0) size 23x30 [color=#E91C05]
                  RenderText {#text} at (0,-1) size 23x30
                    text run at (0,-1) width 23: "W"
                RenderInline {B} at (0,0) size 230x22
                  RenderInline {FONT} at (0,0) size 230x22 [color=#E91C05]
                    RenderText {#text} at (23,6) size 230x22
                      text run at (23,6) width 230: "elcome to Pacific Shore Properties"
                    RenderBR {BR} at (253,22) size 0x0
                RenderInline {FONT} at (0,0) size 359x15
                  RenderText {#text} at (0,29) size 359x15
                    text run at (0,29) width 359: "Pacific Shore Properties is situated on beautiful Mayne Island."
              RenderBlock {P} at (5,65) size 761x45
                RenderInline {FONT} at (0,0) size 731x45
                  RenderText {#text} at (0,0) size 731x30
                    text run at (0,0) width 731: "Mayne Island is one of the southern Gulf Islands, off the coast of British Columbia, Canada, between Vancouver and Vancouver"
                    text run at (0,15) width 38: "Island."
                  RenderBR {BR} at (38,27) size 0x0
                  RenderText {#text} at (0,30) size 85x15
                    text run at (0,30) width 85: "(See map: left)"
              RenderBlock {P} at (5,126) size 761x75
                RenderInline {FONT} at (0,0) size 743x75
                  RenderText {#text} at (0,0) size 743x30
                    text run at (0,0) width 743: "Pacific Shore Properties specializes in the diverse properties of the Southern Gulf Islands; which include Beach, Business, View,"
                    text run at (0,15) width 256: "Acreage, Home, Retirement and Recreation."
                  RenderBR {BR} at (256,27) size 0x0
                  RenderBR {BR} at (0,30) size 0x15
                  RenderText {#text} at (0,45) size 714x30
                    text run at (0,45) width 714: "In business for over 35 years, and the oldest real estate company on Mayne Island, Pacific Shore Properties knowledge and"
                    text run at (0,60) width 251: "expertise on the Gulf Islands is unmatched."
              RenderBlock {P} at (5,217) size 761x0
          RenderTableRow {TR} at (0,286) size 773x79
          RenderTableRow {TR} at (0,366) size 773x79
          RenderTableRow {TR} at (0,445) size 773x79
