layer at (0,0) size 800x600
  RenderView at (0,0) size 800x600
layer at (0,0) size 800x600
  RenderBlock {HTML} at (0,0) size 800x600
    RenderBody {BODY} at (0,0) size 800x584
      RenderBlock {P} at (0,0) size 800x48
        RenderText {#text} at (20,0) size 616x16
          text run at (20,0) width 422: "Here's the structure of the problem table (which usually begins with "
          text run at (441,0) width 63: "'N E W S "
          text run at (503,0) width 133: "H E A D L I N E S'). "
        RenderBR {BR} at (635,12) size 1x0
        RenderText {#text} at (20,16) size 318x16
          text run at (20,16) width 318: "This table is width 100%; two rows; three columns;"
        RenderBR {BR} at (337,28) size 1x0
        RenderText {#text} at (20,32) size 452x16
          text run at (20,32) width 452: "The first row: widths 15, 125, 15 ... The second row: widths 15, 100%, 15"
      RenderTable {TABLE} at (0,64) size 800x37 [border: (1px outset #808080)]
        RenderTableSection {TBODY} at (1,1) size 798x35
          RenderTableRow {TR} at (0,0) size 798x17
            RenderTableCell {TD} at (0,7) size 17x3 [bgcolor=#666666] [border: (1px inset #808080)] [r=0 c=0 rs=1 cs=1]
              RenderImage {IMG} at (1,1) size 15x1
            RenderTableCell {TD} at (17,0) size 764x17 [border: (1px inset #808080)] [r=0 c=1 rs=1 cs=1]
              RenderImage {IMG} at (1,1) size 110x15
            RenderTableCell {TD} at (781,7) size 17x3 [bgcolor=#666666] [border: (1px inset #808080)] [r=0 c=2 rs=1 cs=1]
              RenderImage {IMG} at (1,1) size 15x1
          RenderTableRow {TR} at (0,17) size 798x18
            RenderTableCell {TD} at (0,24) size 17x4 [bgcolor=#666666] [border: (1px inset #808080)] [r=1 c=0 rs=1 cs=1]
              RenderImage {IMG} at (1,1) size 15x1
            RenderTableCell {TD} at (17,17) size 764x18 [border: (1px inset #808080)] [r=1 c=1 rs=1 cs=1]
              RenderText {#text} at (1,1) size 24x16
                text run at (1,1) width 24: "that"
            RenderTableCell {TD} at (781,24) size 17x4 [bgcolor=#666666] [border: (1px inset #808080)] [r=1 c=2 rs=1 cs=1]
              RenderImage {IMG} at (1,1) size 15x1
      RenderBlock {P} at (0,117) size 800x16
        RenderText {#text} at (20,0) size 751x16
          text run at (20,0) width 256: "Here's the first row in a table on its own. "
          text run at (275,0) width 496: "This table is width 100%; one rows; three columns; This row: widths 15, 125, 15"
      RenderTable {TABLE} at (0,149) size 800x19 [border: (1px outset #808080)]
        RenderTableSection {TBODY} at (1,1) size 798x17
          RenderTableRow {TR} at (0,0) size 798x17
            RenderTableCell {TD} at (0,7) size 85x3 [bgcolor=#666666] [border: (1px inset #808080)] [r=0 c=0 rs=1 cs=1]
              RenderImage {IMG} at (1,1) size 15x1
            RenderTableCell {TD} at (84,0) size 630x17 [border: (1px inset #808080)] [r=0 c=1 rs=1 cs=1]
              RenderImage {IMG} at (1,1) size 110x15
            RenderTableCell {TD} at (713,7) size 86x3 [bgcolor=#666666] [border: (1px inset #808080)] [r=0 c=2 rs=1 cs=1]
              RenderImage {IMG} at (1,1) size 15x1
      RenderBlock {P} at (0,184) size 800x32
        RenderText {#text} at (20,0) size 760x32
          text run at (20,0) width 271: "Here's the second row in a table on its own. "
          text run at (290,0) width 490: "This table is width 100%; one rows; three columns; This row: widths 15, 100%,"
          text run at (20,16) width 16: "15"
      RenderTable {TABLE} at (0,232) size 800x20 [border: (1px outset #808080)]
        RenderTableSection {TBODY} at (1,1) size 798x18
          RenderTableRow {TR} at (0,0) size 798x18
            RenderTableCell {TD} at (0,7) size 17x4 [bgcolor=#666666] [border: (1px inset #808080)] [r=0 c=0 rs=1 cs=1]
              RenderImage {IMG} at (1,1) size 15x1
            RenderTableCell {TD} at (17,0) size 764x18 [border: (1px inset #808080)] [r=0 c=1 rs=1 cs=1]
              RenderText {#text} at (1,1) size 24x16
                text run at (1,1) width 24: "that"
            RenderTableCell {TD} at (781,7) size 17x4 [bgcolor=#666666] [border: (1px inset #808080)] [r=0 c=2 rs=1 cs=1]
              RenderImage {IMG} at (1,1) size 15x1
      RenderBlock {P} at (0,268) size 800x32
        RenderText {#text} at (20,0) size 715x32
          text run at (20,0) width 604: "Note that in Nav4.x, the middle column gets the width of the maximum width cell in the column; "
          text run at (623,0) width 112: "on 5.0, the middle"
          text run at (20,16) width 220: "column gets the opposite treatment."
