layer at (0,0) size 785x1101
  RenderView at (0,0) size 785x600
layer at (0,0) size 785x1101
  RenderBlock {HTML} at (0,0) size 785x1101
    RenderBody {BODY} at (8,8) size 769x1085
      RenderBlock {CENTER} at (0,0) size 769x19
        RenderText {#text} at (322,-1) size 125x20
          text run at (322,-1) width 125: "bottom caption tests"
      RenderBlock (anonymous) at (0,19) size 769x19
        RenderText {#text} at (0,-1) size 103x20
          text run at (0,-1) width 103: "table 1 - original"
      RenderTable {TABLE} at (5,48) size 90x96 [border: (10px solid #008000)]
        RenderBlock {CAPTION} at (10,2) size 80x26 [border: (3px solid #800080)]
          RenderText {#text} at (9,3) size 46x20
            text run at (9,3) width 46: "caption"
          RenderBlock {INPUT} at (57,6) size 12x12
        RenderTableSection {TBODY} at (10,38) size 70x48
          RenderTableRow {TR} at (0,2) size 70x21
            RenderTableCell {TD} at (2,2) size 32x21 [r=0 c=0 rs=1 cs=1]
              RenderText {#text} at (1,0) size 30x20
                text run at (1,0) width 30: "Data"
            RenderTableCell {TD} at (36,2) size 32x21 [r=0 c=1 rs=1 cs=1]
              RenderText {#text} at (1,0) size 30x20
                text run at (1,0) width 30: "Data"
          RenderTableRow {TR} at (0,25) size 70x21
            RenderTableCell {TD} at (2,25) size 32x21 [r=1 c=0 rs=1 cs=1]
              RenderText {#text} at (1,0) size 30x20
                text run at (1,0) width 30: "Data"
            RenderTableCell {TD} at (36,25) size 32x21 [r=1 c=1 rs=1 cs=1]
              RenderText {#text} at (1,0) size 30x20
                text run at (1,0) width 30: "Data"
      RenderBlock (anonymous) at (0,149) size 769x19
        RenderText {#text} at (0,-1) size 188x20
          text run at (0,-1) width 188: "table 2 - caption gains content"
      RenderTable {TABLE} at (5,178) size 90x115 [border: (10px solid #008000)]
        RenderBlock {CAPTION} at (10,2) size 80x45 [border: (3px solid #800080)]
          RenderText {#text} at (9,3) size 46x20
            text run at (9,3) width 46: "caption"
          RenderBlock {INPUT} at (57,6) size 12x12
          RenderText {#text} at (17,22) size 46x20
            text run at (17,22) width 46: "foo foo"
        RenderTableSection {TBODY} at (10,57) size 70x48
          RenderTableRow {TR} at (0,2) size 70x21
            RenderTableCell {TD} at (2,2) size 32x21 [r=0 c=0 rs=1 cs=1]
              RenderText {#text} at (1,0) size 30x20
                text run at (1,0) width 30: "Data"
            RenderTableCell {TD} at (36,2) size 32x21 [r=0 c=1 rs=1 cs=1]
              RenderText {#text} at (1,0) size 30x20
                text run at (1,0) width 30: "Data"
          RenderTableRow {TR} at (0,25) size 70x21
            RenderTableCell {TD} at (2,25) size 32x21 [r=1 c=0 rs=1 cs=1]
              RenderText {#text} at (1,0) size 30x20
                text run at (1,0) width 30: "Data"
            RenderTableCell {TD} at (36,25) size 32x21 [r=1 c=1 rs=1 cs=1]
              RenderText {#text} at (1,0) size 30x20
                text run at (1,0) width 30: "Data"
      RenderBlock (anonymous) at (0,298) size 769x19
        RenderText {#text} at (0,-1) size 384x20
          text run at (0,-1) width 384: "table 3 - caption gains content extending its max element size"
      RenderTable {TABLE} at (5,327) size 148x115 [border: (10px solid #008000)]
        RenderBlock {CAPTION} at (10,2) size 138x45 [border: (3px solid #800080)]
          RenderText {#text} at (38,3) size 46x20
            text run at (38,3) width 46: "caption"
          RenderBlock {INPUT} at (86,6) size 12x12
          RenderText {#text} at (3,22) size 142x20
            text run at (3,22) width 142: "very_large_very_large"
        RenderTableSection {TBODY} at (10,57) size 128x48
          RenderTableRow {TR} at (0,2) size 128x21
            RenderTableCell {TD} at (2,2) size 61x21 [r=0 c=0 rs=1 cs=1]
              RenderText {#text} at (1,0) size 30x20
                text run at (1,0) width 30: "Data"
            RenderTableCell {TD} at (65,2) size 61x21 [r=0 c=1 rs=1 cs=1]
              RenderText {#text} at (1,0) size 30x20
                text run at (1,0) width 30: "Data"
          RenderTableRow {TR} at (0,25) size 128x21
            RenderTableCell {TD} at (2,25) size 61x21 [r=1 c=0 rs=1 cs=1]
              RenderText {#text} at (1,0) size 30x20
                text run at (1,0) width 30: "Data"
            RenderTableCell {TD} at (65,25) size 61x21 [r=1 c=1 rs=1 cs=1]
              RenderText {#text} at (1,0) size 30x20
                text run at (1,0) width 30: "Data"
      RenderBlock (anonymous) at (0,447) size 769x19
        RenderText {#text} at (0,-1) size 186x20
          text run at (0,-1) width 186: "table 4 - caption loses content"
      RenderTable {TABLE} at (5,476) size 90x95 [border: (10px solid #008000)]
        RenderBlock {CAPTION} at (10,2) size 80x25 [border: (3px solid #800080)]
          RenderText {#text} at (17,2) size 46x20
            text run at (17,2) width 46: "caption"
        RenderTableSection {TBODY} at (10,37) size 70x48
          RenderTableRow {TR} at (0,2) size 70x21
            RenderTableCell {TD} at (2,2) size 32x21 [r=0 c=0 rs=1 cs=1]
              RenderText {#text} at (1,0) size 30x20
                text run at (1,0) width 30: "Data"
            RenderTableCell {TD} at (36,2) size 32x21 [r=0 c=1 rs=1 cs=1]
              RenderText {#text} at (1,0) size 30x20
                text run at (1,0) width 30: "Data"
          RenderTableRow {TR} at (0,25) size 70x21
            RenderTableCell {TD} at (2,25) size 32x21 [r=1 c=0 rs=1 cs=1]
              RenderText {#text} at (1,0) size 30x20
                text run at (1,0) width 30: "Data"
            RenderTableCell {TD} at (36,25) size 32x21 [r=1 c=1 rs=1 cs=1]
              RenderText {#text} at (1,0) size 30x20
                text run at (1,0) width 30: "Data"
      RenderBlock (anonymous) at (0,576) size 769x19
        RenderText {#text} at (0,-1) size 154x20
          text run at (0,-1) width 154: "table 5 - table gets wider"
      RenderTable {TABLE} at (5,605) size 136x96 [border: (10px solid #008000)]
        RenderBlock {CAPTION} at (10,2) size 126x26 [border: (3px solid #800080)]
          RenderText {#text} at (32,3) size 46x20
            text run at (32,3) width 46: "caption"
          RenderBlock {INPUT} at (80,6) size 12x12
        RenderTableSection {TBODY} at (10,38) size 116x48
          RenderTableRow {TR} at (0,2) size 116x21
            RenderTableCell {TD} at (2,2) size 32x21 [r=0 c=0 rs=1 cs=1]
              RenderText {#text} at (1,0) size 30x20
                text run at (1,0) width 30: "Data"
            RenderTableCell {TD} at (36,2) size 78x21 [r=0 c=1 rs=1 cs=1]
              RenderText {#text} at (1,0) size 30x20
                text run at (1,0) width 30: "Data"
              RenderText {#text} at (31,0) size 46x20
                text run at (31,0) width 46: "foo foo"
          RenderTableRow {TR} at (0,25) size 116x21
            RenderTableCell {TD} at (2,25) size 32x21 [r=1 c=0 rs=1 cs=1]
              RenderText {#text} at (1,0) size 30x20
                text run at (1,0) width 30: "Data"
            RenderTableCell {TD} at (36,25) size 78x21 [r=1 c=1 rs=1 cs=1]
              RenderText {#text} at (1,0) size 30x20
                text run at (1,0) width 30: "Data"
      RenderBlock (anonymous) at (0,706) size 769x19
        RenderText {#text} at (0,-1) size 149x20
          text run at (0,-1) width 149: "table 6 - table gets taller"
      RenderTable {TABLE} at (5,735) size 106x119 [border: (10px solid #008000)]
        RenderBlock {CAPTION} at (10,2) size 96x26 [border: (3px solid #800080)]
          RenderText {#text} at (17,3) size 46x20
            text run at (17,3) width 46: "caption"
          RenderBlock {INPUT} at (65,6) size 12x12
        RenderTableSection {TBODY} at (10,38) size 86x71
          RenderTableRow {TR} at (0,2) size 86x21
            RenderTableCell {TD} at (2,2) size 48x21 [r=0 c=0 rs=1 cs=1]
              RenderText {#text} at (1,0) size 30x20
                text run at (1,0) width 30: "Data"
            RenderTableCell {TD} at (52,2) size 32x21 [r=0 c=1 rs=1 cs=1]
              RenderText {#text} at (1,0) size 30x20
                text run at (1,0) width 30: "Data"
          RenderTableRow {TR} at (0,25) size 86x21
            RenderTableCell {TD} at (2,25) size 48x21 [r=1 c=0 rs=1 cs=1]
              RenderText {#text} at (1,0) size 30x20
                text run at (1,0) width 30: "Data"
            RenderTableCell {TD} at (52,25) size 32x21 [r=1 c=1 rs=1 cs=1]
              RenderText {#text} at (1,0) size 30x20
                text run at (1,0) width 30: "Data"
          RenderTableRow {TR} at (0,48) size 86x21
            RenderTableCell {TD} at (2,48) size 48x21 [r=2 c=0 rs=1 cs=1]
              RenderText {#text} at (1,0) size 46x20
                text run at (1,0) width 46: "foo foo"
      RenderBlock (anonymous) at (0,859) size 769x19
        RenderText {#text} at (0,-1) size 139x20
          text run at (0,-1) width 139: "table 7 - insert caption"
      RenderTable {TABLE} at (5,888) size 90x95 [border: (10px solid #008000)]
        RenderTableSection {TBODY} at (10,37) size 70x48
          RenderTableRow {TR} at (0,2) size 70x21
            RenderTableCell {TD} at (2,2) size 32x21 [r=0 c=0 rs=1 cs=1]
              RenderText {#text} at (1,0) size 30x20
                text run at (1,0) width 30: "Data"
            RenderTableCell {TD} at (36,2) size 32x21 [r=0 c=1 rs=1 cs=1]
              RenderText {#text} at (1,0) size 30x20
                text run at (1,0) width 30: "Data"
          RenderTableRow {TR} at (0,25) size 70x21
            RenderTableCell {TD} at (2,25) size 32x21 [r=1 c=0 rs=1 cs=1]
              RenderText {#text} at (1,0) size 30x20
                text run at (1,0) width 30: "Data"
            RenderTableCell {TD} at (36,25) size 32x21 [r=1 c=1 rs=1 cs=1]
              RenderText {#text} at (1,0) size 30x20
                text run at (1,0) width 30: "Data"
        RenderBlock {CAPTION} at (10,2) size 80x25 [border: (3px solid #800080)]
          RenderText {#text} at (13,2) size 54x20
            text run at (13,2) width 54: "new cap"
      RenderBlock (anonymous) at (0,988) size 769x19
        RenderText {#text} at (0,-1) size 152x20
          text run at (0,-1) width 152: "table 8 - remove caption"
      RenderTable {TABLE} at (5,1017) size 90x68 [border: (10px solid #008000)]
        RenderTableSection {TBODY} at (10,10) size 70x48
          RenderTableRow {TR} at (0,2) size 70x21
            RenderTableCell {TD} at (2,2) size 32x21 [r=0 c=0 rs=1 cs=1]
              RenderText {#text} at (1,0) size 30x20
                text run at (1,0) width 30: "Data"
            RenderTableCell {TD} at (36,2) size 32x21 [r=0 c=1 rs=1 cs=1]
              RenderText {#text} at (1,0) size 30x20
                text run at (1,0) width 30: "Data"
          RenderTableRow {TR} at (0,25) size 70x21
            RenderTableCell {TD} at (2,25) size 32x21 [r=1 c=0 rs=1 cs=1]
              RenderText {#text} at (1,0) size 30x20
                text run at (1,0) width 30: "Data"
            RenderTableCell {TD} at (36,25) size 32x21 [r=1 c=1 rs=1 cs=1]
              RenderText {#text} at (1,0) size 30x20
                text run at (1,0) width 30: "Data"
