layer at (0,0) size 800x600
  RenderView at (0,0) size 800x600
layer at (0,0) size 800x158
  RenderBlock {HTML} at (0,0) size 800x158
    RenderBody {BODY} at (8,16) size 784x134
      RenderBlock {P} at (0,0) size 784x16
        RenderText {#text} at (0,0) size 508x16
          text run at (0,0) width 508: "Test passes if the 'Filler Text' below is clipped to the curve of the rounded corners."
layer at (8,48) size 198x102 clip at (11,51) size 192x96 scrollHeight 128
  RenderBlock {DIV} at (0,32) size 198x102 [border: (3px solid #000000)]
    RenderText {#text} at (3,3) size 184x128
      text run at (3,3) width 149: "Filler Text. Filler Text. "
      text run at (151,3) width 36: "Filler"
      text run at (3,19) width 111: "Text. Filler Text. "
      text run at (113,19) width 71: "Filler Text."
      text run at (3,35) width 75: "Filler Text. "
      text run at (77,35) width 110: "Filler Text. Filler"
      text run at (3,51) width 36: "Text. "
      text run at (38,51) width 146: "Filler Text. Filler Text."
      text run at (3,67) width 149: "Filler Text. Filler Text. "
      text run at (151,67) width 36: "Filler"
      text run at (3,83) width 111: "Text. Filler Text. "
      text run at (113,83) width 71: "Filler Text."
      text run at (3,99) width 75: "Filler Text. "
      text run at (77,99) width 110: "Filler Text. Filler"
      text run at (3,115) width 32: "Text."
