layer at (0,0) size 800x600
  RenderView at (0,0) size 800x600
layer at (0,0) size 800x100
  RenderBlock {html} at (0,0) size 800x100
    RenderBody {body} at (8,16) size 784x76
      RenderBlock {p} at (0,0) size 784x19
        RenderText {#text} at (0,-1) size 380x20
          text run at (0,-1) width 380: "There should be no red below, except for antialiasing issues."
layer at (8,51) size 784x41
  RenderBlock (relative positioned) {div} at (0,35) size 784x41
layer at (8,51) size 784x41
  RenderBlock (relative positioned) zI: 1 {div} at (0,0) size 784x41 [color=#FF0000]
    RenderText zI: 1 {#text} at (1,1) size 76x39
      text run at (1,1) width 76: "a bc d"
layer at (8,51) size 78x41
  RenderBlock (positioned) zI: 2 {div} at (0,0) size 78x41 [color=#008000]
    RenderInline {span} at (0,0) size 76x39
      RenderInline (generated) at (0,0) size 14x39
        RenderText at (1,1) size 14x39
          text run at (1,1) width 14: "a"
      RenderText {#text} at (15,1) size 8x39
        text run at (15,1) width 8: " "
      RenderTable at (23,1) size 30x39
        RenderTableSection (anonymous) at (0,0) size 30x39
          RenderTableRow (anonymous) at (0,0) size 30x39
            RenderTableCell {span} at (0,0) size 16x39 [r=0 c=0 rs=1 cs=1]
              RenderText {#text} at (0,0) size 16x39
                text run at (0,0) width 16: "b"
            RenderTableCell {span} at (16,0) size 14x39 [r=0 c=1 rs=1 cs=1]
              RenderText {#text} at (0,0) size 14x39
                text run at (0,0) width 14: "c"
      RenderText {#text} at (53,1) size 24x39
        text run at (53,1) width 8: " "
        text run at (61,1) width 16: "d"
    RenderText zI: 2 {#text} at (0,0) size 0x0
