layer at (0,0) size 800x600
  RenderView at (0,0) size 800x600
layer at (0,0) size 800x100
  RenderBlock {html} at (0,0) size 800x100
    RenderBody {body} at (8,16) size 784x76
      RenderBlock {p} at (0,0) size 784x19
        RenderText {#text} at (0,-1) size 380x20
          text run at (0,-1) width 380: "There should be no red below, except for antialiasing issues."
layer at (8,51) size 784x41
  RenderBlock (relative positioned) {div} at (0,35) size 784x41
layer at (8,51) size 784x41
  RenderBlock (relative positioned) zI: 1 {div} at (0,0) size 784x41 [color=#FF0000]
    RenderTable at (1,1) size 76x39
      RenderTableSection (anonymous) at (0,0) size 76x39
        RenderTableRow (anonymous) at (0,0) size 76x39
          RenderTableCell {span} at (0,0) size 38x39 [r=0 c=0 rs=1 cs=1]
            RenderText {#text} at (0,0) size 38x39
              text run at (0,0) width 38: "a b"
          RenderTableCell {span} at (38,0) size 38x39 [r=0 c=1 rs=1 cs=1]
            RenderText {#text} at (0,0) size 38x39
              text run at (0,0) width 38: "c d"
layer at (8,51) size 78x41
  RenderBlock (positioned) zI: 2 {div} at (0,0) size 78x41 [color=#008000]
    RenderText zI: 2 {#text} at (1,1) size 76x39
      text run at (1,1) width 76: "a bc d"
