layer at (0,0) size 800x600
  RenderView at (0,0) size 800x600
layer at (0,0) size 800x110
  RenderBlock {html} at (0,0) size 800x110
    RenderBody {body} at (8,16) size 784x86
      RenderBlock {p} at (0,0) size 784x19
        RenderText {#text} at (0,-1) size 380x20
          text run at (0,-1) width 380: "There should be no red below, except for antialiasing issues."
layer at (8,51) size 784x51
  RenderBlock (relative positioned) {div} at (0,35) size 784x51
layer at (8,51) size 784x51
  RenderBlock (relative positioned) zI: 1 {div} at (0,0) size 784x51 [color=#FF0000]
    RenderTable {table} at (1,1) size 53x49 [border: (1px outset #808080)]
      RenderTableSection {tbody} at (1,1) size 51x47
        RenderTableRow {tr} at (0,2) size 51x43
          RenderTableCell {td} at (2,2) size 47x43 [border: (1px inset #808080)] [r=0 c=0 rs=1 cs=1]
            RenderText {#text} at (2,2) size 43x39
              text run at (2,2) width 43: "TD"
layer at (8,51) size 55x51
  RenderBlock (positioned) zI: 2 {div} at (0,0) size 55x51 [color=#008000]
    RenderTable {table} at (1,1) size 53x49 [border: (1px outset #808080)]
      RenderTableSection {tbody} at (1,1) size 51x47
        RenderTableRow {tr} at (0,2) size 51x43
          RenderTableCell {td} at (2,2) size 47x43 [border: (1px inset #808080)] [r=0 c=0 rs=1 cs=1]
            RenderText {#text} at (2,2) size 43x39
              text run at (2,2) width 43: "TD"
