layer at (0,0) size 800x600
  RenderView at (0,0) size 800x600
layer at (0,0) size 800x100
  RenderBlock {html} at (0,0) size 800x100
    RenderBody {body} at (8,16) size 784x76
      RenderBlock {p} at (0,0) size 784x16
        RenderText {#text} at (0,0) size 370x16
          text run at (0,0) width 370: "There should be no red below, except for antialiasing issues."
layer at (8,48) size 784x44
  RenderBlock (relative positioned) {div} at (0,32) size 784x44
layer at (8,48) size 784x44
  RenderBlock (relative positioned) zI: 1 {div} at (0,0) size 784x44 [color=#FF0000]
    RenderTable {table} at (1,1) size 52x42 [border: (1px outset #808080)]
      RenderTableSection {tbody} at (1,1) size 50x40
        RenderTableRow {tr} at (0,2) size 50x36
          RenderTableCell {td} at (2,2) size 46x36 [border: (1px inset #808080)] [r=0 c=0 rs=1 cs=1]
            RenderText {#text} at (2,2) size 42x32
              text run at (2,2) width 42: "TD"
layer at (8,48) size 53x44
  RenderBlock (positioned) zI: 2 {div} at (0,0) size 54x44 [color=#008000]
    RenderTable {table} at (1,1) size 52x42 [border: (1px outset #808080)]
      RenderTableSection {tbody} at (1,1) size 50x40
        RenderTableRow {tr} at (0,2) size 50x36
          RenderTableCell {td} at (2,2) size 46x36 [border: (1px inset #808080)] [r=0 c=0 rs=1 cs=1]
            RenderText {#text} at (2,2) size 42x32
              text run at (2,2) width 42: "TD"
