layer at (0,0) size 785x825
  RenderView at (0,0) size 785x600
layer at (0,0) size 785x825
  RenderBlock {HTML} at (0,0) size 785x825
    RenderBody {BODY} at (8,8) size 769x801 [bgcolor=#FFFFFF]
      RenderBlock {H1} at (0,0) size 769x32
        RenderText {#text} at (0,0) size 323x32
          text run at (0,0) width 323: "Example 3: Basic Tables"
      RenderBlock {H2} at (0,53) size 769x27
        RenderText {#text} at (0,0) size 364x26
          text run at (0,0) width 364: "Simple table, 75% width, border=1"
      RenderTable {TABLE} at (0,99) size 577x101 [border: (1px outset #808080)]
        RenderTableSection {TBODY} at (1,1) size 575x98
          RenderTableRow {TR} at (0,2) size 575x20
            RenderTableCell {TD} at (2,2) size 196x20 [bgcolor=#0000FF] [border: (1px inset #808080)] [r=0 c=0 rs=1 cs=1]
              RenderText {#text} at (2,2) size 42x16
                text run at (2,2) width 42: "cell bg"
            RenderTableCell {TD} at (199,2) size 173x20 [border: (1px inset #808080)] [r=0 c=1 rs=1 cs=1]
              RenderText {#text} at (2,2) size 29x16
                text run at (2,2) width 29: "Two"
            RenderTableCell {TD} at (373,2) size 200x20 [border: (1px inset #808080)] [r=0 c=2 rs=1 cs=1]
              RenderText {#text} at (2,2) size 36x16
                text run at (2,2) width 36: "Three"
          RenderTableRow {TR} at (0,24) size 575x20
            RenderTableCell {TD} at (2,24) size 196x20 [border: (1px inset #808080)] [r=1 c=0 rs=1 cs=1]
              RenderText {#text} at (2,2) size 22x16
                text run at (2,2) width 22: "left"
            RenderTableCell {TD} at (199,24) size 173x20 [border: (1px inset #808080)] [r=1 c=1 rs=1 cs=1]
              RenderText {#text} at (67,2) size 38x16
                text run at (67,2) width 38: "center"
            RenderTableCell {TD} at (373,24) size 200x20 [border: (1px inset #808080)] [r=1 c=2 rs=1 cs=1]
              RenderText {#text} at (167,2) size 31x16
                text run at (167,2) width 31: "right"
          RenderTableRow {TR} at (0,46) size 575x50 [bgcolor=#FFFF00]
            RenderTableCell {TD} at (2,61) size 196x20 [border: (1px inset #808080)] [r=2 c=0 rs=1 cs=1]
              RenderText {#text} at (2,2) size 44x16
                text run at (2,2) width 44: "row bg"
            RenderTableCell {TD} at (199,46) size 173x20 [border: (1px inset #808080)] [r=2 c=1 rs=1 cs=1]
              RenderText {#text} at (2,2) size 20x16
                text run at (2,2) width 20: "top"
            RenderTableCell {TD} at (373,76) size 200x20 [border: (1px inset #808080)] [r=2 c=2 rs=1 cs=1]
              RenderText {#text} at (2,2) size 45x16
                text run at (2,2) width 45: "bottom"
      RenderBlock {H2} at (0,219) size 769x27
        RenderText {#text} at (0,0) size 403x26
          text run at (0,0) width 403: "Row Span, auto width table, border=5"
      RenderTable {TABLE} at (0,265) size 259x233 [border: (5px outset #808080)]
        RenderTableSection {TBODY} at (5,5) size 249x222
          RenderTableRow {TR} at (0,2) size 249x20
            RenderTableCell {TD} at (2,13) size 179x20 [border: (1px inset #808080)] [r=0 c=0 rs=2 cs=1]
              RenderText {#text} at (2,2) size 175x16
                text run at (2,2) width 175: "c0r[0-1] Data 1 span=2 rows"
            RenderTableCell {TD} at (182,2) size 32x20 [border: (1px inset #808080)] [r=0 c=1 rs=1 cs=1]
              RenderText {#text} at (2,2) size 28x16
                text run at (2,2) width 28: "c0r0"
            RenderTableCell {TD} at (215,2) size 32x20 [border: (1px inset #808080)] [r=0 c=2 rs=1 cs=1]
              RenderText {#text} at (2,2) size 28x16
                text run at (2,2) width 28: "c1r0"
          RenderTableRow {TR} at (0,24) size 249x20
            RenderTableCell {TD} at (182,24) size 32x20 [border: (1px inset #808080)] [r=1 c=1 rs=1 cs=1]
              RenderText {#text} at (2,2) size 28x16
                text run at (2,2) width 28: "c0r1"
            RenderTableCell {TD} at (215,24) size 32x20 [border: (1px inset #808080)] [r=1 c=2 rs=1 cs=1]
              RenderText {#text} at (2,2) size 28x16
                text run at (2,2) width 28: "c1r1"
          RenderTableRow {TR} at (0,46) size 249x20
            RenderTableCell {TD} at (2,90) size 179x20 [border: (1px inset #808080)] [r=2 c=0 rs=5 cs=1]
              RenderText {#text} at (2,2) size 175x16
                text run at (2,2) width 175: "c0r[2-6],Data 2 span=5 rows"
            RenderTableCell {TD} at (182,46) size 32x20 [border: (1px inset #808080)] [r=2 c=1 rs=1 cs=1]
              RenderText {#text} at (2,2) size 28x16
                text run at (2,2) width 28: "c0r2"
            RenderTableCell {TD} at (215,46) size 32x20 [border: (1px inset #808080)] [r=2 c=2 rs=1 cs=1]
              RenderText {#text} at (2,2) size 28x16
                text run at (2,2) width 28: "c1r2"
          RenderTableRow {TR} at (0,68) size 249x20
            RenderTableCell {TD} at (182,68) size 32x20 [border: (1px inset #808080)] [r=3 c=1 rs=1 cs=1]
              RenderText {#text} at (2,2) size 28x16
                text run at (2,2) width 28: "c0r3"
            RenderTableCell {TD} at (215,68) size 32x20 [border: (1px inset #808080)] [r=3 c=2 rs=1 cs=1]
              RenderText {#text} at (2,2) size 28x16
                text run at (2,2) width 28: "c1r3"
          RenderTableRow {TR} at (0,90) size 249x20
            RenderTableCell {TD} at (182,90) size 32x20 [border: (1px inset #808080)] [r=4 c=1 rs=1 cs=1]
              RenderText {#text} at (2,2) size 28x16
                text run at (2,2) width 28: "c0r4"
            RenderTableCell {TD} at (215,90) size 32x20 [border: (1px inset #808080)] [r=4 c=2 rs=1 cs=1]
              RenderText {#text} at (2,2) size 28x16
                text run at (2,2) width 28: "c1r4"
          RenderTableRow {TR} at (0,112) size 249x20
            RenderTableCell {TD} at (182,112) size 32x20 [border: (1px inset #808080)] [r=5 c=1 rs=1 cs=1]
              RenderText {#text} at (2,2) size 28x16
                text run at (2,2) width 28: "c0r5"
            RenderTableCell {TD} at (215,112) size 32x20 [border: (1px inset #808080)] [r=5 c=2 rs=1 cs=1]
              RenderText {#text} at (2,2) size 28x16
                text run at (2,2) width 28: "c1r5"
          RenderTableRow {TR} at (0,134) size 249x20
            RenderTableCell {TD} at (182,134) size 32x20 [border: (1px inset #808080)] [r=6 c=1 rs=1 cs=1]
              RenderText {#text} at (2,2) size 28x16
                text run at (2,2) width 28: "c0r6"
            RenderTableCell {TD} at (215,134) size 32x20 [border: (1px inset #808080)] [r=6 c=2 rs=1 cs=1]
              RenderText {#text} at (2,2) size 28x16
                text run at (2,2) width 28: "c1r6"
          RenderTableRow {TR} at (0,156) size 249x20
            RenderTableCell {TD} at (2,178) size 179x20 [border: (1px inset #808080)] [r=7 c=0 rs=3 cs=1]
              RenderText {#text} at (2,2) size 130x16
                text run at (2,2) width 130: "c0r[7-9] span=3 rows"
            RenderTableCell {TD} at (182,156) size 32x20 [border: (1px inset #808080)] [r=7 c=1 rs=1 cs=1]
              RenderText {#text} at (2,2) size 28x16
                text run at (2,2) width 28: "c0r7"
            RenderTableCell {TD} at (215,156) size 32x20 [border: (1px inset #808080)] [r=7 c=2 rs=1 cs=1]
              RenderText {#text} at (2,2) size 28x16
                text run at (2,2) width 28: "c1r7"
          RenderTableRow {TR} at (0,178) size 249x20
            RenderTableCell {TD} at (182,178) size 32x20 [border: (1px inset #808080)] [r=8 c=1 rs=1 cs=1]
              RenderText {#text} at (2,2) size 28x16
                text run at (2,2) width 28: "c0r8"
            RenderTableCell {TD} at (215,178) size 32x20 [border: (1px inset #808080)] [r=8 c=2 rs=1 cs=1]
              RenderText {#text} at (2,2) size 28x16
                text run at (2,2) width 28: "c1r8"
          RenderTableRow {TR} at (0,200) size 249x20
            RenderTableCell {TD} at (182,200) size 32x20 [border: (1px inset #808080)] [r=9 c=1 rs=1 cs=1]
              RenderText {#text} at (2,2) size 28x16
                text run at (2,2) width 28: "c0r9"
            RenderTableCell {TD} at (215,200) size 32x20 [border: (1px inset #808080)] [r=9 c=2 rs=1 cs=1]
              RenderText {#text} at (2,2) size 28x16
                text run at (2,2) width 28: "c1r9"
      RenderBlock {H2} at (0,517) size 769x27
        RenderText {#text} at (0,0) size 275x26
          text run at (0,0) width 275: "Col Span auto width table"
      RenderTable {TABLE} at (0,562) size 677x71 [border: (1px outset #808080)]
        RenderTableSection {TBODY} at (1,1) size 675x68
          RenderTableRow {TR} at (0,2) size 675x20
            RenderTableCell {TD} at (2,2) size 271x20 [border: (1px inset #808080)] [r=0 c=0 rs=1 cs=8]
              RenderText {#text} at (2,2) size 100x16
                text run at (2,2) width 100: "r0c[0-7], span=8"
            RenderTableCell {TD} at (274,2) size 400x20 [border: (1px inset #808080)] [r=0 c=8 rs=1 cs=10]
              RenderText {#text} at (2,2) size 156x16
                text run at (2,2) width 156: "r0col[8-17], span=10 cols"
          RenderTableRow {TR} at (0,24) size 675x20
            RenderTableCell {TD} at (2,24) size 104x20 [border: (1px inset #808080)] [r=1 c=0 rs=1 cs=3]
              RenderText {#text} at (2,2) size 100x16
                text run at (2,2) width 100: "r1c[0-2], span=3"
            RenderTableCell {TD} at (107,24) size 166x20 [border: (1px inset #808080)] [r=1 c=3 rs=1 cs=5]
              RenderText {#text} at (2,2) size 100x16
                text run at (2,2) width 100: "r1c[3-7], span=5"
            RenderTableCell {TD} at (274,24) size 277x20 [border: (1px inset #808080)] [r=1 c=8 rs=1 cs=7]
              RenderText {#text} at (2,2) size 108x16
                text run at (2,2) width 108: "r1c[8-14], span=7"
            RenderTableCell {TD} at (552,24) size 122x20 [border: (1px inset #808080)] [r=1 c=15 rs=1 cs=3]
              RenderText {#text} at (2,2) size 115x16
                text run at (2,2) width 115: "r1c[15-17], span=3"
          RenderTableRow {TR} at (0,46) size 675x20
            RenderTableCell {TD} at (2,46) size 34x20 [border: (1px inset #808080)] [r=2 c=0 rs=1 cs=1]
              RenderText {#text} at (2,2) size 28x16
                text run at (2,2) width 28: "r2c0"
            RenderTableCell {TD} at (37,46) size 34x20 [border: (1px inset #808080)] [r=2 c=1 rs=1 cs=1]
              RenderText {#text} at (2,2) size 28x16
                text run at (2,2) width 28: "r2c1"
            RenderTableCell {TD} at (72,46) size 34x20 [border: (1px inset #808080)] [r=2 c=2 rs=1 cs=1]
              RenderText {#text} at (2,2) size 28x16
                text run at (2,2) width 28: "r2c3"
            RenderTableCell {TD} at (107,46) size 33x20 [border: (1px inset #808080)] [r=2 c=3 rs=1 cs=1]
              RenderText {#text} at (2,2) size 28x16
                text run at (2,2) width 28: "r2c4"
            RenderTableCell {TD} at (141,46) size 32x20 [border: (1px inset #808080)] [r=2 c=4 rs=1 cs=1]
              RenderText {#text} at (2,2) size 28x16
                text run at (2,2) width 28: "r2c5"
            RenderTableCell {TD} at (174,46) size 32x20 [border: (1px inset #808080)] [r=2 c=5 rs=1 cs=1]
              RenderText {#text} at (2,2) size 28x16
                text run at (2,2) width 28: "r2c6"
            RenderTableCell {TD} at (207,46) size 33x20 [border: (1px inset #808080)] [r=2 c=6 rs=1 cs=1]
              RenderText {#text} at (2,2) size 28x16
                text run at (2,2) width 28: "r2c7"
            RenderTableCell {TD} at (241,46) size 32x20 [border: (1px inset #808080)] [r=2 c=7 rs=1 cs=1]
              RenderText {#text} at (2,2) size 28x16
                text run at (2,2) width 28: "r2c8"
            RenderTableCell {TD} at (274,46) size 32x20 [border: (1px inset #808080)] [r=2 c=8 rs=1 cs=1]
              RenderText {#text} at (2,2) size 28x16
                text run at (2,2) width 28: "r2c9"
            RenderTableCell {TD} at (307,46) size 40x20 [border: (1px inset #808080)] [r=2 c=9 rs=1 cs=1]
              RenderText {#text} at (2,2) size 35x16
                text run at (2,2) width 35: "r2c10"
            RenderTableCell {TD} at (348,46) size 40x20 [border: (1px inset #808080)] [r=2 c=10 rs=1 cs=1]
              RenderText {#text} at (2,2) size 35x16
                text run at (2,2) width 35: "r2c11"
            RenderTableCell {TD} at (389,46) size 40x20 [border: (1px inset #808080)] [r=2 c=11 rs=1 cs=1]
              RenderText {#text} at (2,2) size 35x16
                text run at (2,2) width 35: "r2c12"
            RenderTableCell {TD} at (430,46) size 40x20 [border: (1px inset #808080)] [r=2 c=12 rs=1 cs=1]
              RenderText {#text} at (2,2) size 35x16
                text run at (2,2) width 35: "r2c13"
            RenderTableCell {TD} at (471,46) size 39x20 [border: (1px inset #808080)] [r=2 c=13 rs=1 cs=1]
              RenderText {#text} at (2,2) size 35x16
                text run at (2,2) width 35: "r2c14"
            RenderTableCell {TD} at (511,46) size 40x20 [border: (1px inset #808080)] [r=2 c=14 rs=1 cs=1]
              RenderText {#text} at (2,2) size 35x16
                text run at (2,2) width 35: "r2c15"
            RenderTableCell {TD} at (552,46) size 40x20 [border: (1px inset #808080)] [r=2 c=15 rs=1 cs=1]
              RenderText {#text} at (2,2) size 35x16
                text run at (2,2) width 35: "r2c16"
            RenderTableCell {TD} at (593,46) size 40x20 [border: (1px inset #808080)] [r=2 c=16 rs=1 cs=1]
              RenderText {#text} at (2,2) size 35x16
                text run at (2,2) width 35: "r2c17"
            RenderTableCell {TD} at (634,46) size 40x20 [border: (1px inset #808080)] [r=2 c=17 rs=1 cs=1]
              RenderText {#text} at (2,2) size 35x16
                text run at (2,2) width 35: "r2c18"
      RenderBlock {H2} at (0,652) size 769x27
        RenderText {#text} at (0,0) size 199x26
          text run at (0,0) width 199: "Row and Col Span"
      RenderTable {TABLE} at (0,698) size 148x71 [border: (1px outset #808080)]
        RenderTableSection {TBODY} at (1,1) size 146x68
          RenderTableRow {TR} at (0,2) size 146x20
            RenderTableCell {TD} at (2,13) size 75x20 [border: (1px inset #808080)] [r=0 c=0 rs=2 cs=2]
              RenderText {#text} at (2,2) size 71x16
                text run at (2,2) width 71: "r[0-2]c[0-1]"
            RenderTableCell {TD} at (78,2) size 32x20 [border: (1px inset #808080)] [r=0 c=2 rs=1 cs=1]
              RenderText {#text} at (2,2) size 28x16
                text run at (2,2) width 28: "r0c2"
            RenderTableCell {TD} at (111,2) size 33x20 [border: (1px inset #808080)] [r=0 c=3 rs=1 cs=1]
              RenderText {#text} at (2,2) size 28x16
                text run at (2,2) width 28: "r0c3"
          RenderTableRow {TR} at (0,24) size 146x20
            RenderTableCell {TD} at (78,24) size 32x20 [border: (1px inset #808080)] [r=1 c=2 rs=1 cs=1]
              RenderText {#text} at (2,2) size 28x16
                text run at (2,2) width 28: "r1c2"
            RenderTableCell {TD} at (111,24) size 33x20 [border: (1px inset #808080)] [r=1 c=3 rs=1 cs=1]
              RenderText {#text} at (2,2) size 28x16
                text run at (2,2) width 28: "r1c3"
          RenderTableRow {TR} at (0,46) size 146x20
            RenderTableCell {TD} at (2,46) size 37x20 [border: (1px inset #808080)] [r=2 c=0 rs=1 cs=1]
              RenderText {#text} at (2,2) size 28x16
                text run at (2,2) width 28: "r2c0"
            RenderTableCell {TD} at (40,46) size 37x20 [border: (1px inset #808080)] [r=2 c=1 rs=1 cs=1]
              RenderText {#text} at (2,2) size 28x16
                text run at (2,2) width 28: "r2c1"
            RenderTableCell {TD} at (78,46) size 32x20 [border: (1px inset #808080)] [r=2 c=2 rs=1 cs=1]
              RenderText {#text} at (2,2) size 28x16
                text run at (2,2) width 28: "r2c2"
            RenderTableCell {TD} at (111,46) size 33x20 [border: (1px inset #808080)] [r=2 c=3 rs=1 cs=1]
              RenderText {#text} at (2,2) size 28x16
                text run at (2,2) width 28: "r2c3"
      RenderBlock {P} at (0,784) size 769x17
        RenderText {#text} at (0,0) size 4x16
          text run at (0,0) width 4: " "
