layer at (0,0) size 785x1262
  RenderView at (0,0) size 785x600
layer at (0,0) size 785x1262
  RenderBlock {HTML} at (0,0) size 785x1263
    RenderBody {BODY} at (8,8) size 769x1247
      RenderBlock {H1} at (0,0) size 769x32
        RenderText {#text} at (0,0) size 385x32
          text run at (0,0) width 385: "Example 6: Table Stress Test"
      RenderBlock {PRE} at (0,53) size 769x17 [color=#FF0000]
        RenderText {#text} at (0,0) size 272x15
          text run at (0,0) width 272: "Resize document for maximum effect"
      RenderBlock (anonymous) at (0,82) size 769x17
        RenderBR {BR} at (0,0) size 0x16
      RenderBlock {H2} at (0,118) size 769x27
        RenderText {#text} at (0,0) size 520x26
          text run at (0,0) width 520: "Auto-width tables with spans nested 8 levels deep"
      RenderTable {TABLE} at (0,164) size 769x343 [bgcolor=#FF0000] [border: (1px outset #808080)]
        RenderTableSection {TBODY} at (1,1) size 767x340
          RenderTableRow {TR} at (0,2) size 767x20
            RenderTableCell {TD} at (2,2) size 31x20 [border: (1px inset #808080)] [r=0 c=0 rs=1 cs=1]
              RenderText {#text} at (2,2) size 27x16
                text run at (2,2) width 27: "Cell"
            RenderTableCell {TD} at (34,2) size 732x314 [border: (1px inset #808080)] [r=0 c=1 rs=2 cs=2]
              RenderTable {TABLE} at (2,2) size 727x310 [bgcolor=#ADD8E6] [border: (1px outset #808080)]
                RenderTableSection {TBODY} at (1,1) size 725x308
                  RenderTableRow {TR} at (0,2) size 725x20
                    RenderTableCell {TD} at (2,2) size 31x20 [border: (1px inset #808080)] [r=0 c=0 rs=1 cs=1]
                      RenderText {#text} at (2,2) size 27x16
                        text run at (2,2) width 27: "Cell"
                    RenderTableCell {TD} at (34,2) size 689x282 [border: (1px inset #808080)] [r=0 c=1 rs=2 cs=2]
                      RenderTable {TABLE} at (2,2) size 685x278 [bgcolor=#90EE90] [border: (1px outset #808080)]
                        RenderTableSection {TBODY} at (1,1) size 683x276
                          RenderTableRow {TR} at (0,2) size 683x20
                            RenderTableCell {TD} at (2,2) size 31x20 [border: (1px inset #808080)] [r=0 c=0 rs=1 cs=1]
                              RenderText {#text} at (2,2) size 27x16
                                text run at (2,2) width 27: "Cell"
                            RenderTableCell {TD} at (34,2) size 647x250 [border: (1px inset #808080)] [r=0 c=1 rs=2 cs=2]
                              RenderTable {TABLE} at (2,2) size 642x246 [border: (1px outset #808080)]
                                RenderTableSection {TBODY} at (1,1) size 640x244
                                  RenderTableRow {TR} at (0,2) size 640x20
                                    RenderTableCell {TD} at (2,2) size 31x20 [border: (1px inset #808080)] [r=0 c=0 rs=1 cs=1]
                                      RenderText {#text} at (2,2) size 27x16
                                        text run at (2,2) width 27: "Cell"
                                    RenderTableCell {TD} at (34,2) size 604x218 [border: (1px inset #808080)] [r=0 c=1 rs=2 cs=2]
                                      RenderTable {TABLE} at (2,2) size 600x214 [bgcolor=#FFA500] [border: (1px outset #808080)]
                                        RenderTableSection {TBODY} at (1,1) size 598x212
                                          RenderTableRow {TR} at (0,2) size 598x20
                                            RenderTableCell {TD} at (2,2) size 31x20 [border: (1px inset #808080)] [r=0 c=0 rs=1 cs=1]
                                              RenderText {#text} at (2,2) size 27x16
                                                text run at (2,2) width 27: "Cell"
                                            RenderTableCell {TD} at (34,2) size 562x186 [border: (1px inset #808080)] [r=0 c=1 rs=2 cs=2]
                                              RenderTable {TABLE} at (2,2) size 558x182 [bgcolor=#FF0000] [border: (1px outset #808080)]
                                                RenderTableSection {TBODY} at (1,1) size 556x180
                                                  RenderTableRow {TR} at (0,2) size 556x20
                                                    RenderTableCell {TD} at (2,2) size 31x20 [border: (1px inset #808080)] [r=0 c=0 rs=1 cs=1]
                                                      RenderText {#text} at (2,2) size 27x16
                                                        text run at (2,2) width 27: "Cell"
                                                    RenderTableCell {TD} at (34,2) size 520x138 [border: (1px inset #808080)] [r=0 c=1 rs=2 cs=2]
                                                      RenderTable {TABLE} at (2,2) size 515x134 [bgcolor=#ADD8E6] [border: (1px outset #808080)]
                                                        RenderTableSection {TBODY} at (1,1) size 513x132
                                                          RenderTableRow {TR} at (0,2) size 513x20
                                                            RenderTableCell {TD} at (2,2) size 31x20 [border: (1px inset #808080)] [r=0 c=0 rs=1 cs=1]
                                                              RenderText {#text} at (2,2) size 27x16
                                                                text run at (2,2) width 27: "Cell"
                                                            RenderTableCell {TD} at (34,2) size 477x90 [border: (1px inset #808080)] [r=0 c=1 rs=2 cs=2]
                                                              RenderTable {TABLE} at (2,2) size 473x86 [bgcolor=#90EE90] [border: (1px outset #808080)]
                                                                RenderTableSection {TBODY} at (1,1) size 471x84
                                                                  RenderTableRow {TR} at (0,2) size 471x20
                                                                    RenderTableCell {TD} at (2,2) size 31x20 [border: (1px inset #808080)] [r=0 c=0 rs=1 cs=1]
                                                                      RenderText {#text} at (2,2) size 27x16
                                                                        text run at (2,2) width 27: "Cell"
                                                                    RenderTableCell {TD} at (34,5) size 435x36 [border: (1px inset #808080)] [r=0 c=1 rs=2 cs=2]
                                                                      RenderText {#text} at (2,2) size 385x32
                                                                        text run at (2,2) width 385: "Cell, and stuff to test out table cell layout. This should be long"
                                                                        text run at (2,18) width 116: "enough for testing."
                                                                  RenderTableRow {TR} at (0,24) size 471x20
                                                                    RenderTableCell {TD} at (2,24) size 31x20 [border: (1px inset #808080)] [r=1 c=0 rs=1 cs=1]
                                                                      RenderText {#text} at (2,2) size 27x16
                                                                        text run at (2,2) width 27: "Cell"
                                                                  RenderTableRow {TR} at (0,46) size 471x36
                                                                    RenderTableCell {TD} at (2,54) size 31x20 [border: (1px inset #808080)] [r=2 c=0 rs=1 cs=1]
                                                                      RenderText {#text} at (2,2) size 27x16
                                                                        text run at (2,2) width 27: "Cell"
                                                                    RenderTableCell {TD} at (34,46) size 403x36 [border: (1px inset #808080)] [r=2 c=1 rs=1 cs=1]
                                                                      RenderText {#text} at (2,2) size 385x32
                                                                        text run at (2,2) width 385: "Cell, and stuff to test out table cell layout. This should be long"
                                                                        text run at (2,18) width 116: "enough for testing."
                                                                    RenderTableCell {TD} at (438,54) size 31x20 [border: (1px inset #808080)] [r=2 c=2 rs=1 cs=1]
                                                                      RenderText {#text} at (2,2) size 27x16
                                                                        text run at (2,2) width 27: "Cell"
                                                          RenderTableRow {TR} at (0,24) size 513x68
                                                            RenderTableCell {TD} at (2,48) size 31x20 [border: (1px inset #808080)] [r=1 c=0 rs=1 cs=1]
                                                              RenderText {#text} at (2,2) size 27x16
                                                                text run at (2,2) width 27: "Cell"
                                                          RenderTableRow {TR} at (0,94) size 513x36
                                                            RenderTableCell {TD} at (2,102) size 31x20 [border: (1px inset #808080)] [r=2 c=0 rs=1 cs=1]
                                                              RenderText {#text} at (2,2) size 27x16
                                                                text run at (2,2) width 27: "Cell"
                                                            RenderTableCell {TD} at (34,94) size 445x36 [border: (1px inset #808080)] [r=2 c=1 rs=1 cs=1]
                                                              RenderText {#text} at (2,2) size 433x32
                                                                text run at (2,2) width 388: "Cell, and stuff to test out table cell layout. This should be long "
                                                                text run at (389,2) width 46: "enough"
                                                                text run at (2,18) width 68: "for testing."
                                                            RenderTableCell {TD} at (480,102) size 31x20 [border: (1px inset #808080)] [r=2 c=2 rs=1 cs=1]
                                                              RenderText {#text} at (2,2) size 27x16
                                                                text run at (2,2) width 27: "Cell"
                                                  RenderTableRow {TR} at (0,24) size 556x116
                                                    RenderTableCell {TD} at (2,72) size 31x20 [border: (1px inset #808080)] [r=1 c=0 rs=1 cs=1]
                                                      RenderText {#text} at (2,2) size 27x16
                                                        text run at (2,2) width 27: "Cell"
                                                  RenderTableRow {TR} at (0,142) size 556x36
                                                    RenderTableCell {TD} at (2,150) size 31x20 [border: (1px inset #808080)] [r=2 c=0 rs=1 cs=1]
                                                      RenderText {#text} at (2,2) size 27x16
                                                        text run at (2,2) width 27: "Cell"
                                                    RenderTableCell {TD} at (34,142) size 487x36 [border: (1px inset #808080)] [r=2 c=1 rs=1 cs=1]
                                                      RenderText {#text} at (2,2) size 455x32
                                                        text run at (2,2) width 388: "Cell, and stuff to test out table cell layout. This should be long "
                                                        text run at (389,2) width 68: "enough for"
                                                        text run at (2,18) width 46: "testing."
                                                    RenderTableCell {TD} at (522,150) size 32x20 [border: (1px inset #808080)] [r=2 c=2 rs=1 cs=1]
                                                      RenderText {#text} at (2,2) size 27x16
                                                        text run at (2,2) width 27: "Cell"
                                          RenderTableRow {TR} at (0,24) size 598x164
                                            RenderTableCell {TD} at (2,96) size 31x20 [border: (1px inset #808080)] [r=1 c=0 rs=1 cs=1]
                                              RenderText {#text} at (2,2) size 27x16
                                                text run at (2,2) width 27: "Cell"
                                          RenderTableRow {TR} at (0,190) size 598x20
                                            RenderTableCell {TD} at (2,190) size 31x20 [border: (1px inset #808080)] [r=2 c=0 rs=1 cs=1]
                                              RenderText {#text} at (2,2) size 27x16
                                                text run at (2,2) width 27: "Cell"
                                            RenderTableCell {TD} at (34,190) size 529x20 [border: (1px inset #808080)] [r=2 c=1 rs=1 cs=1]
                                              RenderText {#text} at (2,2) size 504x16
                                                text run at (2,2) width 388: "Cell, and stuff to test out table cell layout. This should be long "
                                                text run at (389,2) width 117: "enough for testing."
                                            RenderTableCell {TD} at (564,190) size 32x20 [border: (1px inset #808080)] [r=2 c=2 rs=1 cs=1]
                                              RenderText {#text} at (2,2) size 27x16
                                                text run at (2,2) width 27: "Cell"
                                  RenderTableRow {TR} at (0,24) size 640x196
                                    RenderTableCell {TD} at (2,112) size 31x20 [border: (1px inset #808080)] [r=1 c=0 rs=1 cs=1]
                                      RenderText {#text} at (2,2) size 27x16
                                        text run at (2,2) width 27: "Cell"
                                  RenderTableRow {TR} at (0,222) size 640x20
                                    RenderTableCell {TD} at (2,222) size 31x20 [border: (1px inset #808080)] [r=2 c=0 rs=1 cs=1]
                                      RenderText {#text} at (2,2) size 27x16
                                        text run at (2,2) width 27: "Cell"
                                    RenderTableCell {TD} at (34,222) size 569x20 [border: (1px inset #808080)] [r=2 c=1 rs=1 cs=1]
                                      RenderText {#text} at (2,2) size 504x16
                                        text run at (2,2) width 388: "Cell, and stuff to test out table cell layout. This should be long "
                                        text run at (389,2) width 117: "enough for testing."
                                    RenderTableCell {TD} at (604,222) size 34x20 [border: (1px inset #808080)] [r=2 c=2 rs=1 cs=1]
                                      RenderText {#text} at (2,2) size 27x16
                                        text run at (2,2) width 27: "Cell"
                          RenderTableRow {TR} at (0,24) size 683x228
                            RenderTableCell {TD} at (2,128) size 31x20 [border: (1px inset #808080)] [r=1 c=0 rs=1 cs=1]
                              RenderText {#text} at (2,2) size 27x16
                                text run at (2,2) width 27: "Cell"
                          RenderTableRow {TR} at (0,254) size 683x20
                            RenderTableCell {TD} at (2,254) size 31x20 [border: (1px inset #808080)] [r=2 c=0 rs=1 cs=1]
                              RenderText {#text} at (2,2) size 27x16
                                text run at (2,2) width 27: "Cell"
                            RenderTableCell {TD} at (34,254) size 608x20 [border: (1px inset #808080)] [r=2 c=1 rs=1 cs=1]
                              RenderText {#text} at (2,2) size 504x16
                                text run at (2,2) width 388: "Cell, and stuff to test out table cell layout. This should be long "
                                text run at (389,2) width 117: "enough for testing."
                            RenderTableCell {TD} at (643,254) size 38x20 [border: (1px inset #808080)] [r=2 c=2 rs=1 cs=1]
                              RenderText {#text} at (2,2) size 27x16
                                text run at (2,2) width 27: "Cell"
                  RenderTableRow {TR} at (0,24) size 725x260
                    RenderTableCell {TD} at (2,144) size 31x20 [border: (1px inset #808080)] [r=1 c=0 rs=1 cs=1]
                      RenderText {#text} at (2,2) size 27x16
                        text run at (2,2) width 27: "Cell"
                  RenderTableRow {TR} at (0,286) size 725x20
                    RenderTableCell {TD} at (2,286) size 31x20 [border: (1px inset #808080)] [r=2 c=0 rs=1 cs=1]
                      RenderText {#text} at (2,2) size 27x16
                        text run at (2,2) width 27: "Cell"
                    RenderTableCell {TD} at (34,286) size 648x20 [border: (1px inset #808080)] [r=2 c=1 rs=1 cs=1]
                      RenderText {#text} at (2,2) size 504x16
                        text run at (2,2) width 388: "Cell, and stuff to test out table cell layout. This should be long "
                        text run at (389,2) width 117: "enough for testing."
                    RenderTableCell {TD} at (683,286) size 40x20 [border: (1px inset #808080)] [r=2 c=2 rs=1 cs=1]
                      RenderText {#text} at (2,2) size 27x16
                        text run at (2,2) width 27: "Cell"
          RenderTableRow {TR} at (0,24) size 767x292
            RenderTableCell {TD} at (2,160) size 31x20 [border: (1px inset #808080)] [r=1 c=0 rs=1 cs=1]
              RenderText {#text} at (2,2) size 27x16
                text run at (2,2) width 27: "Cell"
          RenderTableRow {TR} at (0,318) size 767x20
            RenderTableCell {TD} at (2,318) size 31x20 [border: (1px inset #808080)] [r=2 c=0 rs=1 cs=1]
              RenderText {#text} at (2,2) size 27x16
                text run at (2,2) width 27: "Cell"
            RenderTableCell {TD} at (34,318) size 688x20 [border: (1px inset #808080)] [r=2 c=1 rs=1 cs=1]
              RenderText {#text} at (2,2) size 504x16
                text run at (2,2) width 388: "Cell, and stuff to test out table cell layout. This should be long "
                text run at (389,2) width 117: "enough for testing."
            RenderTableCell {TD} at (723,318) size 43x20 [border: (1px inset #808080)] [r=2 c=2 rs=1 cs=1]
              RenderText {#text} at (2,2) size 27x16
                text run at (2,2) width 27: "Cell"
      RenderBlock (anonymous) at (0,506) size 769x17
        RenderBR {BR} at (0,0) size 0x16
      RenderBlock {H2} at (0,542) size 769x27
        RenderText {#text} at (0,0) size 401x26
          text run at (0,0) width 401: "100% width tables nested 6 levels deep"
      RenderTable {TABLE} at (0,588) size 769x659 [bgcolor=#FFFF00] [border: (1px outset #808080)]
        RenderTableSection {TBODY} at (1,1) size 767x656
          RenderTableRow {TR} at (0,2) size 767x20
            RenderTableCell {TD} at (2,2) size 610x20 [border: (1px inset #808080)] [r=0 c=0 rs=1 cs=1]
              RenderText {#text} at (2,2) size 52x16
                text run at (2,2) width 52: "Cell one"
            RenderTableCell {TD} at (613,2) size 76x20 [border: (1px inset #808080)] [r=0 c=1 rs=1 cs=1]
              RenderText {#text} at (2,2) size 34x16
                text run at (2,2) width 34: "Cell2"
            RenderTableCell {TD} at (690,2) size 76x20 [border: (1px inset #808080)] [r=0 c=2 rs=1 cs=1]
              RenderText {#text} at (2,2) size 38x16
                text run at (2,2) width 38: "Cell 3"
          RenderTableRow {TR} at (0,24) size 767x20
            RenderTableCell {TD} at (2,24) size 610x20 [border: (1px inset #808080)] [r=1 c=0 rs=1 cs=1]
              RenderText {#text} at (2,2) size 38x16
                text run at (2,2) width 38: "Cell 4"
            RenderTableCell {TD} at (613,24) size 76x20 [border: (1px inset #808080)] [r=1 c=1 rs=1 cs=1]
              RenderText {#text} at (2,2) size 38x16
                text run at (2,2) width 38: "Cell 5"
            RenderTableCell {TD} at (690,24) size 76x20 [border: (1px inset #808080)] [r=1 c=2 rs=1 cs=1]
              RenderText {#text} at (2,2) size 38x16
                text run at (2,2) width 38: "Cell 6"
          RenderTableRow {TR} at (0,46) size 767x608
            RenderTableCell {TD} at (2,46) size 610x608 [border: (1px inset #808080)] [r=2 c=0 rs=1 cs=1]
              RenderTable {TABLE} at (2,2) size 606x588 [bgcolor=#D3D3D3]
                RenderTableSection {TBODY} at (0,0) size 606x588
                  RenderTableRow {TR} at (0,2) size 606x18
                    RenderTableCell {TD} at (2,2) size 18x18 [r=0 c=0 rs=1 cs=1]
                      RenderText {#text} at (1,1) size 8x16
                        text run at (1,1) width 8: "1"
                    RenderTableCell {TD} at (21,2) size 563x18 [r=0 c=1 rs=1 cs=1]
                      RenderText {#text} at (1,1) size 8x16
                        text run at (1,1) width 8: "2"
                    RenderTableCell {TD} at (585,2) size 19x18 [r=0 c=2 rs=1 cs=1]
                      RenderText {#text} at (1,1) size 8x16
                        text run at (1,1) width 8: "3"
                  RenderTableRow {TR} at (0,22) size 606x544
                    RenderTableCell {TD} at (2,285) size 18x18 [r=1 c=0 rs=1 cs=1]
                      RenderText {#text} at (1,1) size 8x16
                        text run at (1,1) width 8: "4"
                    RenderTableCell {TD} at (21,22) size 563x544 [r=1 c=1 rs=1 cs=1]
                      RenderTable {TABLE} at (1,1) size 561x526 [bgcolor=#ADD8E6] [border: (1px outset #808080)]
                        RenderTableSection {TBODY} at (1,1) size 559x524
                          RenderTableRow {TR} at (0,2) size 559x476
                            RenderTableCell {TD} at (2,230) size 22x20 [border: (1px inset #808080)] [r=0 c=0 rs=1 cs=1]
                              RenderText {#text} at (2,2) size 8x16
                                text run at (2,2) width 8: "1"
                            RenderTableCell {TD} at (25,2) size 508x476 [border: (1px inset #808080)] [r=0 c=1 rs=1 cs=1]
                              RenderTable {TABLE} at (2,2) size 504x456 [bgcolor=#FF0000] [border: (1px outset #808080)]
                                RenderTableSection {TBODY} at (1,1) size 502x454
                                  RenderTableRow {TR} at (0,2) size 502x20
                                    RenderTableCell {TD} at (2,2) size 23x20 [border: (1px inset #808080)] [r=0 c=0 rs=1 cs=1]
                                      RenderText {#text} at (2,2) size 8x16
                                        text run at (2,2) width 8: "1"
                                    RenderTableCell {TD} at (26,2) size 23x20 [border: (1px inset #808080)] [r=0 c=1 rs=1 cs=1]
                                      RenderText {#text} at (2,2) size 8x16
                                        text run at (2,2) width 8: "2"
                                    RenderTableCell {TD} at (50,2) size 402x20 [border: (1px inset #808080)] [r=0 c=2 rs=1 cs=1]
                                      RenderText {#text} at (2,2) size 8x16
                                        text run at (2,2) width 8: "3"
                                    RenderTableCell {TD} at (453,2) size 23x20 [border: (1px inset #808080)] [r=0 c=3 rs=1 cs=1]
                                      RenderText {#text} at (2,2) size 8x16
                                        text run at (2,2) width 8: "4"
                                    RenderTableCell {TD} at (477,2) size 23x20 [border: (1px inset #808080)] [r=0 c=4 rs=1 cs=1]
                                      RenderText {#text} at (2,2) size 8x16
                                        text run at (2,2) width 8: "5"
                                  RenderTableRow {TR} at (0,24) size 502x362
                                    RenderTableCell {TD} at (2,195) size 23x20 [border: (1px inset #808080)] [r=1 c=0 rs=1 cs=1]
                                      RenderText {#text} at (2,2) size 8x16
                                        text run at (2,2) width 8: "6"
                                    RenderTableCell {TD} at (26,195) size 23x20 [border: (1px inset #808080)] [r=1 c=1 rs=1 cs=1]
                                      RenderText {#text} at (2,2) size 8x16
                                        text run at (2,2) width 8: "7"
                                    RenderTableCell {TD} at (50,24) size 402x362 [border: (1px inset #808080)] [r=1 c=2 rs=1 cs=1]
                                      RenderTable {TABLE} at (2,2) size 397x342 [bgcolor=#008000] [border: (1px outset #808080)]
                                        RenderTableSection {TBODY} at (1,1) size 395x340
                                          RenderTableRow {TR} at (0,2) size 395x20
                                            RenderTableCell {TD} at (2,2) size 24x20 [border: (1px inset #808080)] [r=0 c=0 rs=1 cs=1]
                                              RenderText {#text} at (2,2) size 7x16
                                                text run at (2,2) width 7: "a"
                                            RenderTableCell {TD} at (27,2) size 24x20 [border: (1px inset #808080)] [r=0 c=1 rs=1 cs=1]
                                              RenderText {#text} at (2,2) size 8x16
                                                text run at (2,2) width 8: "b"
                                            RenderTableCell {TD} at (52,2) size 291x20 [border: (1px inset #808080)] [r=0 c=2 rs=1 cs=1]
                                              RenderText {#text} at (2,2) size 7x16
                                                text run at (2,2) width 7: "c"
                                            RenderTableCell {TD} at (344,2) size 24x20 [border: (1px inset #808080)] [r=0 c=3 rs=1 cs=1]
                                              RenderText {#text} at (2,2) size 8x16
                                                text run at (2,2) width 8: "d"
                                            RenderTableCell {TD} at (369,2) size 24x20 [border: (1px inset #808080)] [r=0 c=4 rs=1 cs=1]
                                              RenderText {#text} at (2,2) size 7x16
                                                text run at (2,2) width 7: "e"
                                          RenderTableRow {TR} at (0,24) size 395x20
                                            RenderTableCell {TD} at (2,24) size 24x20 [border: (1px inset #808080)] [r=1 c=0 rs=1 cs=1]
                                              RenderText {#text} at (2,2) size 6x16
                                                text run at (2,2) width 6: "f"
                                            RenderTableCell {TD} at (27,24) size 24x20 [border: (1px inset #808080)] [r=1 c=1 rs=1 cs=1]
                                              RenderText {#text} at (2,2) size 8x16
                                                text run at (2,2) width 8: "g"
                                            RenderTableCell {TD} at (52,24) size 291x20 [border: (1px inset #808080)] [r=1 c=2 rs=1 cs=1]
                                              RenderText {#text} at (2,2) size 8x16
                                                text run at (2,2) width 8: "h"
                                            RenderTableCell {TD} at (344,24) size 24x20 [border: (1px inset #808080)] [r=1 c=3 rs=1 cs=1]
                                              RenderText {#text} at (2,2) size 5x16
                                                text run at (2,2) width 5: "i"
                                            RenderTableCell {TD} at (369,24) size 24x20 [border: (1px inset #808080)] [r=1 c=4 rs=1 cs=1]
                                              RenderText {#text} at (2,2) size 4x16
                                                text run at (2,2) width 4: "j"
                                          RenderTableRow {TR} at (0,46) size 395x248
                                            RenderTableCell {TD} at (2,160) size 24x20 [border: (1px inset #808080)] [r=2 c=0 rs=1 cs=1]
                                              RenderText {#text} at (2,2) size 8x16
                                                text run at (2,2) width 8: "k"
                                            RenderTableCell {TD} at (27,160) size 24x20 [border: (1px inset #808080)] [r=2 c=1 rs=1 cs=1]
                                              RenderText {#text} at (2,2) size 5x16
                                                text run at (2,2) width 5: "l"
                                            RenderTableCell {TD} at (52,46) size 291x248 [border: (1px inset #808080)] [r=2 c=2 rs=1 cs=1]
                                              RenderTable {TABLE} at (2,2) size 287x228 [bgcolor=#800080] [border: (1px outset #808080)]
                                                RenderTableSection {TBODY} at (1,1) size 285x226
                                                  RenderTableRow {TR} at (0,2) size 285x20
                                                    RenderTableCell {TD} at (2,2) size 25x20 [border: (1px inset #808080)] [r=0 c=0 rs=1 cs=1]
                                                      RenderText {#text} at (2,2) size 7x16
                                                        text run at (2,2) width 7: "a"
                                                    RenderTableCell {TD} at (28,2) size 26x20 [border: (1px inset #808080)] [r=0 c=1 rs=1 cs=1]
                                                      RenderText {#text} at (2,2) size 8x16
                                                        text run at (2,2) width 8: "b"
                                                    RenderTableCell {TD} at (55,2) size 174x20 [border: (1px inset #808080)] [r=0 c=2 rs=1 cs=1]
                                                      RenderText {#text} at (2,2) size 7x16
                                                        text run at (2,2) width 7: "c"
                                                    RenderTableCell {TD} at (230,2) size 26x20 [border: (1px inset #808080)] [r=0 c=3 rs=1 cs=1]
                                                      RenderText {#text} at (2,2) size 8x16
                                                        text run at (2,2) width 8: "d"
                                                    RenderTableCell {TD} at (257,2) size 26x20 [border: (1px inset #808080)] [r=0 c=4 rs=1 cs=1]
                                                      RenderText {#text} at (2,2) size 7x16
                                                        text run at (2,2) width 7: "e"
                                                  RenderTableRow {TR} at (0,24) size 285x20
                                                    RenderTableCell {TD} at (2,24) size 25x20 [border: (1px inset #808080)] [r=1 c=0 rs=1 cs=1]
                                                      RenderText {#text} at (2,2) size 6x16
                                                        text run at (2,2) width 6: "f"
                                                    RenderTableCell {TD} at (28,24) size 26x20 [border: (1px inset #808080)] [r=1 c=1 rs=1 cs=1]
                                                      RenderText {#text} at (2,2) size 8x16
                                                        text run at (2,2) width 8: "g"
                                                    RenderTableCell {TD} at (55,24) size 174x20 [border: (1px inset #808080)] [r=1 c=2 rs=1 cs=1]
                                                      RenderText {#text} at (2,2) size 8x16
                                                        text run at (2,2) width 8: "h"
                                                    RenderTableCell {TD} at (230,24) size 26x20 [border: (1px inset #808080)] [r=1 c=3 rs=1 cs=1]
                                                      RenderText {#text} at (2,2) size 5x16
                                                        text run at (2,2) width 5: "i"
                                                    RenderTableCell {TD} at (257,24) size 26x20 [border: (1px inset #808080)] [r=1 c=4 rs=1 cs=1]
                                                      RenderText {#text} at (2,2) size 4x16
                                                        text run at (2,2) width 4: "j"
                                                  RenderTableRow {TR} at (0,46) size 285x134
                                                    RenderTableCell {TD} at (2,103) size 25x20 [border: (1px inset #808080)] [r=2 c=0 rs=1 cs=1]
                                                      RenderText {#text} at (2,2) size 8x16
                                                        text run at (2,2) width 8: "k"
                                                    RenderTableCell {TD} at (28,103) size 26x20 [border: (1px inset #808080)] [r=2 c=1 rs=1 cs=1]
                                                      RenderText {#text} at (2,2) size 5x16
                                                        text run at (2,2) width 5: "l"
                                                    RenderTableCell {TD} at (55,46) size 174x134 [border: (1px inset #808080)] [r=2 c=2 rs=1 cs=1]
                                                      RenderTable {TABLE} at (2,2) size 169x114 [bgcolor=#FFA500] [border: (1px outset #808080)]
                                                        RenderTableSection {TBODY} at (1,1) size 167x112
                                                          RenderTableRow {TR} at (0,2) size 167x20
                                                            RenderTableCell {TD} at (2,2) size 29x20 [border: (1px inset #808080)] [r=0 c=0 rs=1 cs=1]
                                                              RenderText {#text} at (2,2) size 7x16
                                                                text run at (2,2) width 7: "a"
                                                            RenderTableCell {TD} at (32,2) size 30x20 [border: (1px inset #808080)] [r=0 c=1 rs=1 cs=1]
                                                              RenderText {#text} at (2,2) size 8x16
                                                                text run at (2,2) width 8: "b"
                                                            RenderTableCell {TD} at (63,2) size 41x20 [border: (1px inset #808080)] [r=0 c=2 rs=1 cs=1]
                                                              RenderText {#text} at (2,2) size 7x16
                                                                text run at (2,2) width 7: "c"
                                                            RenderTableCell {TD} at (105,2) size 30x20 [border: (1px inset #808080)] [r=0 c=3 rs=1 cs=1]
                                                              RenderText {#text} at (2,2) size 8x16
                                                                text run at (2,2) width 8: "d"
                                                            RenderTableCell {TD} at (136,2) size 30x20 [border: (1px inset #808080)] [r=0 c=4 rs=1 cs=1]
                                                              RenderText {#text} at (2,2) size 7x16
                                                                text run at (2,2) width 7: "e"
                                                          RenderTableRow {TR} at (0,24) size 167x20
                                                            RenderTableCell {TD} at (2,24) size 29x20 [border: (1px inset #808080)] [r=1 c=0 rs=1 cs=1]
                                                              RenderText {#text} at (2,2) size 6x16
                                                                text run at (2,2) width 6: "f"
                                                            RenderTableCell {TD} at (32,24) size 30x20 [border: (1px inset #808080)] [r=1 c=1 rs=1 cs=1]
                                                              RenderText {#text} at (2,2) size 8x16
                                                                text run at (2,2) width 8: "g"
                                                            RenderTableCell {TD} at (63,24) size 41x20 [border: (1px inset #808080)] [r=1 c=2 rs=1 cs=1]
                                                              RenderText {#text} at (2,2) size 8x16
                                                                text run at (2,2) width 8: "h"
                                                            RenderTableCell {TD} at (105,24) size 30x20 [border: (1px inset #808080)] [r=1 c=3 rs=1 cs=1]
                                                              RenderText {#text} at (2,2) size 5x16
                                                                text run at (2,2) width 5: "i"
                                                            RenderTableCell {TD} at (136,24) size 30x20 [border: (1px inset #808080)] [r=1 c=4 rs=1 cs=1]
                                                              RenderText {#text} at (2,2) size 4x16
                                                                text run at (2,2) width 4: "j"
                                                          RenderTableRow {TR} at (0,46) size 167x20
                                                            RenderTableCell {TD} at (2,46) size 29x20 [border: (1px inset #808080)] [r=2 c=0 rs=1 cs=1]
                                                              RenderText {#text} at (2,2) size 8x16
                                                                text run at (2,2) width 8: "k"
                                                            RenderTableCell {TD} at (32,46) size 30x20 [border: (1px inset #808080)] [r=2 c=1 rs=1 cs=1]
                                                              RenderText {#text} at (2,2) size 5x16
                                                                text run at (2,2) width 5: "l"
                                                            RenderTableCell {TD} at (63,46) size 41x20 [border: (1px inset #808080)] [r=2 c=2 rs=1 cs=1]
                                                              RenderText {#text} at (2,2) size 13x16
                                                                text run at (2,2) width 13: "m"
                                                            RenderTableCell {TD} at (105,46) size 30x20 [border: (1px inset #808080)] [r=2 c=3 rs=1 cs=1]
                                                              RenderText {#text} at (2,2) size 8x16
                                                                text run at (2,2) width 8: "n"
                                                            RenderTableCell {TD} at (136,46) size 30x20 [border: (1px inset #808080)] [r=2 c=4 rs=1 cs=1]
                                                              RenderText {#text} at (2,2) size 8x16
                                                                text run at (2,2) width 8: "o"
                                                          RenderTableRow {TR} at (0,68) size 167x20
                                                            RenderTableCell {TD} at (2,68) size 29x20 [border: (1px inset #808080)] [r=3 c=0 rs=1 cs=1]
                                                              RenderText {#text} at (2,2) size 8x16
                                                                text run at (2,2) width 8: "p"
                                                            RenderTableCell {TD} at (32,68) size 30x20 [border: (1px inset #808080)] [r=3 c=1 rs=1 cs=1]
                                                              RenderText {#text} at (2,2) size 8x16
                                                                text run at (2,2) width 8: "q"
                                                            RenderTableCell {TD} at (63,68) size 41x20 [border: (1px inset #808080)] [r=3 c=2 rs=1 cs=1]
                                                              RenderText {#text} at (2,2) size 6x16
                                                                text run at (2,2) width 6: "r"
                                                            RenderTableCell {TD} at (105,68) size 30x20 [border: (1px inset #808080)] [r=3 c=3 rs=1 cs=1]
                                                              RenderText {#text} at (2,2) size 6x16
                                                                text run at (2,2) width 6: "s"
                                                            RenderTableCell {TD} at (136,68) size 30x20 [border: (1px inset #808080)] [r=3 c=4 rs=1 cs=1]
                                                              RenderText {#text} at (2,2) size 5x16
                                                                text run at (2,2) width 5: "t"
                                                          RenderTableRow {TR} at (0,90) size 167x20
                                                            RenderTableCell {TD} at (2,90) size 29x20 [border: (1px inset #808080)] [r=4 c=0 rs=1 cs=1]
                                                              RenderText {#text} at (2,2) size 8x16
                                                                text run at (2,2) width 8: "u"
                                                            RenderTableCell {TD} at (32,90) size 30x20 [border: (1px inset #808080)] [r=4 c=1 rs=1 cs=1]
                                                              RenderText {#text} at (2,2) size 8x16
                                                                text run at (2,2) width 8: "v"
                                                            RenderTableCell {TD} at (63,90) size 41x20 [border: (1px inset #808080)] [r=4 c=2 rs=1 cs=1]
                                                              RenderText {#text} at (2,2) size 12x16
                                                                text run at (2,2) width 12: "w"
                                                            RenderTableCell {TD} at (105,90) size 30x20 [border: (1px inset #808080)] [r=4 c=3 rs=1 cs=1]
                                                              RenderText {#text} at (2,2) size 8x16
                                                                text run at (2,2) width 8: "x"
                                                            RenderTableCell {TD} at (136,90) size 30x20 [border: (1px inset #808080)] [r=4 c=4 rs=1 cs=1]
                                                              RenderText {#text} at (2,2) size 8x16
                                                                text run at (2,2) width 8: "y"
                                                      RenderBlock (anonymous) at (2,116) size 169x16
                                                        RenderText {#text} at (0,0) size 4x16
                                                          text run at (0,0) width 4: " "
                                                    RenderTableCell {TD} at (230,103) size 26x20 [border: (1px inset #808080)] [r=2 c=3 rs=1 cs=1]
                                                      RenderText {#text} at (2,2) size 8x16
                                                        text run at (2,2) width 8: "n"
                                                    RenderTableCell {TD} at (257,103) size 26x20 [border: (1px inset #808080)] [r=2 c=4 rs=1 cs=1]
                                                      RenderText {#text} at (2,2) size 8x16
                                                        text run at (2,2) width 8: "o"
                                                  RenderTableRow {TR} at (0,182) size 285x20
                                                    RenderTableCell {TD} at (2,182) size 25x20 [border: (1px inset #808080)] [r=3 c=0 rs=1 cs=1]
                                                      RenderText {#text} at (2,2) size 8x16
                                                        text run at (2,2) width 8: "p"
                                                    RenderTableCell {TD} at (28,182) size 26x20 [border: (1px inset #808080)] [r=3 c=1 rs=1 cs=1]
                                                      RenderText {#text} at (2,2) size 8x16
                                                        text run at (2,2) width 8: "q"
                                                    RenderTableCell {TD} at (55,182) size 174x20 [border: (1px inset #808080)] [r=3 c=2 rs=1 cs=1]
                                                      RenderText {#text} at (2,2) size 6x16
                                                        text run at (2,2) width 6: "r"
                                                    RenderTableCell {TD} at (230,182) size 26x20 [border: (1px inset #808080)] [r=3 c=3 rs=1 cs=1]
                                                      RenderText {#text} at (2,2) size 6x16
                                                        text run at (2,2) width 6: "s"
                                                    RenderTableCell {TD} at (257,182) size 26x20 [border: (1px inset #808080)] [r=3 c=4 rs=1 cs=1]
                                                      RenderText {#text} at (2,2) size 5x16
                                                        text run at (2,2) width 5: "t"
                                                  RenderTableRow {TR} at (0,204) size 285x20
                                                    RenderTableCell {TD} at (2,204) size 25x20 [border: (1px inset #808080)] [r=4 c=0 rs=1 cs=1]
                                                      RenderText {#text} at (2,2) size 8x16
                                                        text run at (2,2) width 8: "u"
                                                    RenderTableCell {TD} at (28,204) size 26x20 [border: (1px inset #808080)] [r=4 c=1 rs=1 cs=1]
                                                      RenderText {#text} at (2,2) size 8x16
                                                        text run at (2,2) width 8: "v"
                                                    RenderTableCell {TD} at (55,204) size 174x20 [border: (1px inset #808080)] [r=4 c=2 rs=1 cs=1]
                                                      RenderText {#text} at (2,2) size 12x16
                                                        text run at (2,2) width 12: "w"
                                                    RenderTableCell {TD} at (230,204) size 26x20 [border: (1px inset #808080)] [r=4 c=3 rs=1 cs=1]
                                                      RenderText {#text} at (2,2) size 8x16
                                                        text run at (2,2) width 8: "x"
                                                    RenderTableCell {TD} at (257,204) size 26x20 [border: (1px inset #808080)] [r=4 c=4 rs=1 cs=1]
                                                      RenderText {#text} at (2,2) size 8x16
                                                        text run at (2,2) width 8: "y"
                                              RenderBlock (anonymous) at (2,230) size 287x16
                                                RenderText {#text} at (0,0) size 4x16
                                                  text run at (0,0) width 4: " "
                                            RenderTableCell {TD} at (344,160) size 24x20 [border: (1px inset #808080)] [r=2 c=3 rs=1 cs=1]
                                              RenderText {#text} at (2,2) size 8x16
                                                text run at (2,2) width 8: "n"
                                            RenderTableCell {TD} at (369,160) size 24x20 [border: (1px inset #808080)] [r=2 c=4 rs=1 cs=1]
                                              RenderText {#text} at (2,2) size 8x16
                                                text run at (2,2) width 8: "o"
                                          RenderTableRow {TR} at (0,296) size 395x20
                                            RenderTableCell {TD} at (2,296) size 24x20 [border: (1px inset #808080)] [r=3 c=0 rs=1 cs=1]
                                              RenderText {#text} at (2,2) size 8x16
                                                text run at (2,2) width 8: "p"
                                            RenderTableCell {TD} at (27,296) size 24x20 [border: (1px inset #808080)] [r=3 c=1 rs=1 cs=1]
                                              RenderText {#text} at (2,2) size 8x16
                                                text run at (2,2) width 8: "q"
                                            RenderTableCell {TD} at (52,296) size 291x20 [border: (1px inset #808080)] [r=3 c=2 rs=1 cs=1]
                                              RenderText {#text} at (2,2) size 6x16
                                                text run at (2,2) width 6: "r"
                                            RenderTableCell {TD} at (344,296) size 24x20 [border: (1px inset #808080)] [r=3 c=3 rs=1 cs=1]
                                              RenderText {#text} at (2,2) size 6x16
                                                text run at (2,2) width 6: "s"
                                            RenderTableCell {TD} at (369,296) size 24x20 [border: (1px inset #808080)] [r=3 c=4 rs=1 cs=1]
                                              RenderText {#text} at (2,2) size 5x16
                                                text run at (2,2) width 5: "t"
                                          RenderTableRow {TR} at (0,318) size 395x20
                                            RenderTableCell {TD} at (2,318) size 24x20 [border: (1px inset #808080)] [r=4 c=0 rs=1 cs=1]
                                              RenderText {#text} at (2,2) size 8x16
                                                text run at (2,2) width 8: "u"
                                            RenderTableCell {TD} at (27,318) size 24x20 [border: (1px inset #808080)] [r=4 c=1 rs=1 cs=1]
                                              RenderText {#text} at (2,2) size 8x16
                                                text run at (2,2) width 8: "v"
                                            RenderTableCell {TD} at (52,318) size 291x20 [border: (1px inset #808080)] [r=4 c=2 rs=1 cs=1]
                                              RenderText {#text} at (2,2) size 12x16
                                                text run at (2,2) width 12: "w"
                                            RenderTableCell {TD} at (344,318) size 24x20 [border: (1px inset #808080)] [r=4 c=3 rs=1 cs=1]
                                              RenderText {#text} at (2,2) size 8x16
                                                text run at (2,2) width 8: "x"
                                            RenderTableCell {TD} at (369,318) size 24x20 [border: (1px inset #808080)] [r=4 c=4 rs=1 cs=1]
                                              RenderText {#text} at (2,2) size 8x16
                                                text run at (2,2) width 8: "y"
                                      RenderBlock (anonymous) at (2,344) size 397x16
                                        RenderText {#text} at (0,0) size 4x16
                                          text run at (0,0) width 4: " "
                                    RenderTableCell {TD} at (453,195) size 23x20 [border: (1px inset #808080)] [r=1 c=3 rs=1 cs=1]
                                      RenderText {#text} at (2,2) size 8x16
                                        text run at (2,2) width 8: "9"
                                    RenderTableCell {TD} at (477,195) size 23x20 [border: (1px inset #808080)] [r=1 c=4 rs=1 cs=1]
                                      RenderText {#text} at (2,2) size 8x16
                                        text run at (2,2) width 8: "0"
                                  RenderTableRow {TR} at (0,388) size 502x20
                                    RenderTableCell {TD} at (2,388) size 23x20 [border: (1px inset #808080)] [r=2 c=0 rs=1 cs=1]
                                      RenderText {#text} at (2,2) size 7x16
                                        text run at (2,2) width 7: "a"
                                    RenderTableCell {TD} at (26,388) size 23x20 [border: (1px inset #808080)] [r=2 c=1 rs=1 cs=1]
                                      RenderText {#text} at (2,2) size 8x16
                                        text run at (2,2) width 8: "b"
                                    RenderTableCell {TD} at (50,388) size 402x20 [border: (1px inset #808080)] [r=2 c=2 rs=1 cs=1]
                                      RenderText {#text} at (2,2) size 7x16
                                        text run at (2,2) width 7: "c"
                                    RenderTableCell {TD} at (453,388) size 23x20 [border: (1px inset #808080)] [r=2 c=3 rs=1 cs=1]
                                      RenderText {#text} at (2,2) size 8x16
                                        text run at (2,2) width 8: "d"
                                    RenderTableCell {TD} at (477,388) size 23x20 [border: (1px inset #808080)] [r=2 c=4 rs=1 cs=1]
                                      RenderText {#text} at (2,2) size 7x16
                                        text run at (2,2) width 7: "e"
                                  RenderTableRow {TR} at (0,410) size 502x20
                                    RenderTableCell {TD} at (2,410) size 23x20 [border: (1px inset #808080)] [r=3 c=0 rs=1 cs=1]
                                      RenderText {#text} at (2,2) size 6x16
                                        text run at (2,2) width 6: "f"
                                    RenderTableCell {TD} at (26,410) size 23x20 [border: (1px inset #808080)] [r=3 c=1 rs=1 cs=1]
                                      RenderText {#text} at (2,2) size 8x16
                                        text run at (2,2) width 8: "g"
                                    RenderTableCell {TD} at (50,410) size 402x20 [border: (1px inset #808080)] [r=3 c=2 rs=1 cs=1]
                                      RenderText {#text} at (2,2) size 8x16
                                        text run at (2,2) width 8: "h"
                                    RenderTableCell {TD} at (453,410) size 23x20 [border: (1px inset #808080)] [r=3 c=3 rs=1 cs=1]
                                      RenderText {#text} at (2,2) size 5x16
                                        text run at (2,2) width 5: "i"
                                    RenderTableCell {TD} at (477,410) size 23x20 [border: (1px inset #808080)] [r=3 c=4 rs=1 cs=1]
                                      RenderText {#text} at (2,2) size 4x16
                                        text run at (2,2) width 4: "j"
                                  RenderTableRow {TR} at (0,432) size 502x20
                                    RenderTableCell {TD} at (2,432) size 23x20 [border: (1px inset #808080)] [r=4 c=0 rs=1 cs=1]
                                      RenderText {#text} at (2,2) size 8x16
                                        text run at (2,2) width 8: "k"
                                    RenderTableCell {TD} at (26,432) size 23x20 [border: (1px inset #808080)] [r=4 c=1 rs=1 cs=1]
                                      RenderText {#text} at (2,2) size 5x16
                                        text run at (2,2) width 5: "l"
                                    RenderTableCell {TD} at (50,432) size 402x20 [border: (1px inset #808080)] [r=4 c=2 rs=1 cs=1]
                                      RenderText {#text} at (2,2) size 13x16
                                        text run at (2,2) width 13: "m"
                                    RenderTableCell {TD} at (453,432) size 23x20 [border: (1px inset #808080)] [r=4 c=3 rs=1 cs=1]
                                      RenderText {#text} at (2,2) size 8x16
                                        text run at (2,2) width 8: "n"
                                    RenderTableCell {TD} at (477,432) size 23x20 [border: (1px inset #808080)] [r=4 c=4 rs=1 cs=1]
                                      RenderText {#text} at (2,2) size 8x16
                                        text run at (2,2) width 8: "o"
                              RenderBlock (anonymous) at (2,458) size 504x16
                                RenderText {#text} at (0,0) size 4x16
                                  text run at (0,0) width 4: " "
                            RenderTableCell {TD} at (534,230) size 23x20 [border: (1px inset #808080)] [r=0 c=2 rs=1 cs=1]
                              RenderText {#text} at (2,2) size 8x16
                                text run at (2,2) width 8: "3"
                          RenderTableRow {TR} at (0,480) size 559x20
                            RenderTableCell {TD} at (2,480) size 22x20 [border: (1px inset #808080)] [r=1 c=0 rs=1 cs=1]
                              RenderText {#text} at (2,2) size 8x16
                                text run at (2,2) width 8: "4"
                            RenderTableCell {TD} at (25,480) size 508x20 [border: (1px inset #808080)] [r=1 c=1 rs=1 cs=1]
                              RenderText {#text} at (2,2) size 8x16
                                text run at (2,2) width 8: "5"
                            RenderTableCell {TD} at (534,480) size 23x20 [border: (1px inset #808080)] [r=1 c=2 rs=1 cs=1]
                              RenderText {#text} at (2,2) size 8x16
                                text run at (2,2) width 8: "6"
                          RenderTableRow {TR} at (0,502) size 559x20
                            RenderTableCell {TD} at (2,502) size 22x20 [border: (1px inset #808080)] [r=2 c=0 rs=1 cs=1]
                              RenderText {#text} at (2,2) size 8x16
                                text run at (2,2) width 8: "7"
                            RenderTableCell {TD} at (25,502) size 508x20 [border: (1px inset #808080)] [r=2 c=1 rs=1 cs=1]
                              RenderText {#text} at (2,2) size 8x16
                                text run at (2,2) width 8: "8"
                            RenderTableCell {TD} at (534,502) size 23x20 [border: (1px inset #808080)] [r=2 c=2 rs=1 cs=1]
                              RenderText {#text} at (2,2) size 8x16
                                text run at (2,2) width 8: "9"
                      RenderBlock (anonymous) at (1,527) size 561x16
                        RenderText {#text} at (0,0) size 4x16
                          text run at (0,0) width 4: " "
                    RenderTableCell {TD} at (585,285) size 19x18 [r=1 c=2 rs=1 cs=1]
                      RenderText {#text} at (1,1) size 8x16
                        text run at (1,1) width 8: "6"
                  RenderTableRow {TR} at (0,568) size 606x18
                    RenderTableCell {TD} at (2,568) size 18x18 [r=2 c=0 rs=1 cs=1]
                      RenderText {#text} at (1,1) size 8x16
                        text run at (1,1) width 8: "7"
                    RenderTableCell {TD} at (21,568) size 563x18 [r=2 c=1 rs=1 cs=1]
                      RenderText {#text} at (1,1) size 8x16
                        text run at (1,1) width 8: "8"
                    RenderTableCell {TD} at (585,568) size 19x18 [r=2 c=2 rs=1 cs=1]
                      RenderText {#text} at (1,1) size 8x16
                        text run at (1,1) width 8: "9"
              RenderBlock (anonymous) at (2,590) size 606x16
                RenderText {#text} at (0,0) size 4x16
                  text run at (0,0) width 4: " "
            RenderTableCell {TD} at (613,340) size 76x20 [border: (1px inset #808080)] [r=2 c=1 rs=1 cs=1]
              RenderText {#text} at (2,2) size 8x16
                text run at (2,2) width 8: "8"
            RenderTableCell {TD} at (690,340) size 76x20 [border: (1px inset #808080)] [r=2 c=2 rs=1 cs=1]
              RenderText {#text} at (2,2) size 8x16
                text run at (2,2) width 8: "9"
