layer at (0,0) size 785x1779
  RenderView at (0,0) size 785x600
layer at (0,0) size 785x1779
  RenderBlock {HTML} at (0,0) size 785x1779
    RenderBody {BODY} at (8,8) size 769x1763 [bgcolor=#CCCCCC]
      RenderBlock {P} at (0,0) size 769x19
        RenderText {#text} at (0,-1) size 355x20
          text run at (0,-1) width 355: "The style declarations which apply to the text below are:"
      RenderBlock {PRE} at (0,35) size 769x192
        RenderText {#text} at (0,0) size 288x191
          text run at (0,0) width 160: "BODY {color: black;}"
          text run at (0,16) width 152: ".one {color: #080;}"
          text run at (0,32) width 176: ".two {color: #008000;}"
          text run at (0,48) width 232: ".three {color: rgb(0,128,0);}"
          text run at (0,64) width 240: ".four {color: rgb(0%,50%,0%);}"
          text run at (0,80) width 288: ".five {color: rgb(0.0%,50.0%,0.0%);}"
          text run at (0,96) width 160: ".six {color: green;}"
          text run at (0,112) width 232: ".seven {color: invalidValue;}"
          text run at (0,128) width 256: ".eight {color: rgb(0,128,1280);}"
          text run at (0,144) width 240: ".nine {color: rgb(0,128,255);}"
          text run at (0,160) width 264: ".ten {color: rgb(50%,-500%,60%);}"
          text run at (0,176) width 264: ".eleven {color: rgb(50%,0%,60%);}"
      RenderBlock {HR} at (0,240) size 769x2 [border: (1px inset #000000)]
      RenderBlock {P} at (0,258) size 769x19
        RenderText {#text} at (0,-1) size 193x20
          text run at (0,-1) width 193: "This sentence should be black."
      RenderBlock {P} at (0,293) size 769x19 [color=#008800]
        RenderText {#text} at (0,-1) size 507x20
          text run at (0,-1) width 507: "This sentence should be green, although slightly different from those that follow."
      RenderBlock {P} at (0,328) size 769x19 [color=#008000]
        RenderText {#text} at (0,-1) size 194x20
          text run at (0,-1) width 194: "This sentence should be green."
      RenderBlock {P} at (0,363) size 769x19 [color=#008000]
        RenderText {#text} at (0,-1) size 194x20
          text run at (0,-1) width 194: "This sentence should be green."
      RenderBlock {P} at (0,398) size 769x19 [color=#008000]
        RenderText {#text} at (0,-1) size 194x20
          text run at (0,-1) width 194: "This sentence should be green."
      RenderBlock {P} at (0,433) size 769x19 [color=#008000]
        RenderText {#text} at (0,-1) size 194x20
          text run at (0,-1) width 194: "This sentence should be green."
      RenderBlock {P} at (0,468) size 769x19 [color=#008000]
        RenderText {#text} at (0,-1) size 194x20
          text run at (0,-1) width 194: "This sentence should be green."
      RenderBlock {P} at (0,503) size 769x19
        RenderText {#text} at (0,-1) size 407x20
          text run at (0,-1) width 407: "This sentence should be black, because the value given for class "
        RenderInline {CODE} at (0,0) size 48x15
          RenderText {#text} at (407,3) size 48x15
            text run at (407,3) width 48: ".seven"
        RenderText {#text} at (455,-1) size 65x20
          text run at (455,-1) width 65: " is invalid."
      RenderBlock {P} at (0,538) size 769x38 [color=#0080FF]
        RenderText {#text} at (0,-1) size 726x39
          text run at (0,-1) width 726: "This sentence should be a shade of blue-green which, on a typical RGB computer display, exactly matches the next"
          text run at (0,18) width 67: "paragraph."
      RenderBlock {P} at (0,592) size 769x38 [color=#0080FF]
        RenderText {#text} at (0,-1) size 753x39
          text run at (0,-1) width 753: "This sentence should be a shade of blue-green which, on a typical RGB computer display, exactly matches the previous"
          text run at (0,18) width 67: "paragraph."
      RenderBlock {P} at (0,646) size 769x38 [color=#800099]
        RenderText {#text} at (0,-1) size 699x39
          text run at (0,-1) width 699: "This sentence should be a shade of purple which, on a typical RGB computer display, exactly matches the next"
          text run at (0,18) width 67: "paragraph."
      RenderBlock {P} at (0,700) size 769x38 [color=#800099]
        RenderText {#text} at (0,-1) size 726x39
          text run at (0,-1) width 726: "This sentence should be a shade of purple which, on a typical RGB computer display, exactly matches the previous"
          text run at (0,18) width 67: "paragraph."
      RenderBlock {P} at (0,754) size 769x19
        RenderText {#text} at (0,-1) size 193x20
          text run at (0,-1) width 193: "This sentence should be black."
      RenderBlock {P} at (0,789) size 769x19 [color=#008800]
        RenderText {#text} at (0,-1) size 399x20
          text run at (0,-1) width 399: "This sentence should be a slightly different green, and used the "
        RenderInline {TT} at (0,0) size 40x15
          RenderText {#text} at (399,3) size 40x15
            text run at (399,3) width 40: "style"
        RenderText {#text} at (439,-1) size 59x20
          text run at (439,-1) width 59: " attribute."
      RenderBlock {P} at (0,824) size 769x19 [color=#008000]
        RenderText {#text} at (0,-1) size 281x20
          text run at (0,-1) width 281: "This sentence should be green, and used the "
        RenderInline {TT} at (0,0) size 40x15
          RenderText {#text} at (281,3) size 40x15
            text run at (281,3) width 40: "style"
        RenderText {#text} at (321,-1) size 59x20
          text run at (321,-1) width 59: " attribute."
      RenderBlock {P} at (0,859) size 769x19 [color=#008000]
        RenderText {#text} at (0,-1) size 281x20
          text run at (0,-1) width 281: "This sentence should be green, and used the "
        RenderInline {TT} at (0,0) size 40x15
          RenderText {#text} at (281,3) size 40x15
            text run at (281,3) width 40: "style"
        RenderText {#text} at (321,-1) size 59x20
          text run at (321,-1) width 59: " attribute."
      RenderBlock {P} at (0,894) size 769x19 [color=#008000]
        RenderText {#text} at (0,-1) size 281x20
          text run at (0,-1) width 281: "This sentence should be green, and used the "
        RenderInline {TT} at (0,0) size 40x15
          RenderText {#text} at (281,3) size 40x15
            text run at (281,3) width 40: "style"
        RenderText {#text} at (321,-1) size 59x20
          text run at (321,-1) width 59: " attribute."
      RenderBlock {P} at (0,929) size 769x19 [color=#008000]
        RenderText {#text} at (0,-1) size 281x20
          text run at (0,-1) width 281: "This sentence should be green, and used the "
        RenderInline {TT} at (0,0) size 40x15
          RenderText {#text} at (281,3) size 40x15
            text run at (281,3) width 40: "style"
        RenderText {#text} at (321,-1) size 59x20
          text run at (321,-1) width 59: " attribute."
      RenderBlock {P} at (0,964) size 769x19 [color=#008000]
        RenderText {#text} at (0,-1) size 281x20
          text run at (0,-1) width 281: "This sentence should be green, and used the "
        RenderInline {TT} at (0,0) size 40x15
          RenderText {#text} at (281,3) size 40x15
            text run at (281,3) width 40: "style"
        RenderText {#text} at (321,-1) size 59x20
          text run at (321,-1) width 59: " attribute."
      RenderTable {TABLE} at (0,999) size 769x764 [border: (1px outset #808080)]
        RenderTableSection {TBODY} at (1,1) size 767x762
          RenderTableRow {TR} at (0,0) size 767x29
            RenderTableCell {TD} at (0,0) size 767x29 [bgcolor=#C0C0C0] [border: (1px inset #808080)] [r=0 c=0 rs=1 cs=2]
              RenderInline {STRONG} at (0,0) size 163x22
                RenderText {#text} at (4,3) size 163x22
                  text run at (4,3) width 163: "TABLE Testing Section"
          RenderTableRow {TR} at (0,29) size 767x733
            RenderTableCell {TD} at (0,382) size 12x27 [bgcolor=#C0C0C0] [border: (1px inset #808080)] [r=1 c=0 rs=1 cs=1]
              RenderText {#text} at (4,3) size 4x20
                text run at (4,3) width 4: " "
            RenderTableCell {TD} at (12,29) size 755x733 [border: (1px inset #808080)] [r=1 c=1 rs=1 cs=1]
              RenderBlock {P} at (4,4) size 747x19
                RenderText {#text} at (0,-1) size 193x20
                  text run at (0,-1) width 193: "This sentence should be black."
              RenderBlock {P} at (4,39) size 747x19 [color=#008800]
                RenderText {#text} at (0,-1) size 507x20
                  text run at (0,-1) width 507: "This sentence should be green, although slightly different from those that follow."
              RenderBlock {P} at (4,74) size 747x19 [color=#008000]
                RenderText {#text} at (0,-1) size 194x20
                  text run at (0,-1) width 194: "This sentence should be green."
              RenderBlock {P} at (4,109) size 747x19 [color=#008000]
                RenderText {#text} at (0,-1) size 194x20
                  text run at (0,-1) width 194: "This sentence should be green."
              RenderBlock {P} at (4,144) size 747x19 [color=#008000]
                RenderText {#text} at (0,-1) size 194x20
                  text run at (0,-1) width 194: "This sentence should be green."
              RenderBlock {P} at (4,179) size 747x19 [color=#008000]
                RenderText {#text} at (0,-1) size 194x20
                  text run at (0,-1) width 194: "This sentence should be green."
              RenderBlock {P} at (4,214) size 747x19 [color=#008000]
                RenderText {#text} at (0,-1) size 194x20
                  text run at (0,-1) width 194: "This sentence should be green."
              RenderBlock {P} at (4,249) size 747x19
                RenderText {#text} at (0,-1) size 407x20
                  text run at (0,-1) width 407: "This sentence should be black, because the value given for class "
                RenderInline {CODE} at (0,0) size 48x15
                  RenderText {#text} at (407,3) size 48x15
                    text run at (407,3) width 48: ".seven"
                RenderText {#text} at (455,-1) size 65x20
                  text run at (455,-1) width 65: " is invalid."
              RenderBlock {P} at (4,284) size 747x38 [color=#0080FF]
                RenderText {#text} at (0,-1) size 726x39
                  text run at (0,-1) width 726: "This sentence should be a shade of blue-green which, on a typical RGB computer display, exactly matches the next"
                  text run at (0,18) width 67: "paragraph."
              RenderBlock {P} at (4,338) size 747x38 [color=#0080FF]
                RenderText {#text} at (0,-1) size 695x39
                  text run at (0,-1) width 695: "This sentence should be a shade of blue-green which, on a typical RGB computer display, exactly matches the"
                  text run at (0,18) width 125: "previous paragraph."
              RenderBlock {P} at (4,392) size 747x38 [color=#800099]
                RenderText {#text} at (0,-1) size 699x39
                  text run at (0,-1) width 699: "This sentence should be a shade of purple which, on a typical RGB computer display, exactly matches the next"
                  text run at (0,18) width 67: "paragraph."
              RenderBlock {P} at (4,446) size 747x38 [color=#800099]
                RenderText {#text} at (0,-1) size 726x39
                  text run at (0,-1) width 726: "This sentence should be a shade of purple which, on a typical RGB computer display, exactly matches the previous"
                  text run at (0,18) width 67: "paragraph."
              RenderBlock {P} at (4,500) size 747x19
                RenderText {#text} at (0,-1) size 193x20
                  text run at (0,-1) width 193: "This sentence should be black."
              RenderBlock {P} at (4,535) size 747x19 [color=#008800]
                RenderText {#text} at (0,-1) size 399x20
                  text run at (0,-1) width 399: "This sentence should be a slightly different green, and used the "
                RenderInline {TT} at (0,0) size 40x15
                  RenderText {#text} at (399,3) size 40x15
                    text run at (399,3) width 40: "style"
                RenderText {#text} at (439,-1) size 59x20
                  text run at (439,-1) width 59: " attribute."
              RenderBlock {P} at (4,570) size 747x19 [color=#008000]
                RenderText {#text} at (0,-1) size 281x20
                  text run at (0,-1) width 281: "This sentence should be green, and used the "
                RenderInline {TT} at (0,0) size 40x15
                  RenderText {#text} at (281,3) size 40x15
                    text run at (281,3) width 40: "style"
                RenderText {#text} at (321,-1) size 59x20
                  text run at (321,-1) width 59: " attribute."
              RenderBlock {P} at (4,605) size 747x19 [color=#008000]
                RenderText {#text} at (0,-1) size 281x20
                  text run at (0,-1) width 281: "This sentence should be green, and used the "
                RenderInline {TT} at (0,0) size 40x15
                  RenderText {#text} at (281,3) size 40x15
                    text run at (281,3) width 40: "style"
                RenderText {#text} at (321,-1) size 59x20
                  text run at (321,-1) width 59: " attribute."
              RenderBlock {P} at (4,640) size 747x19 [color=#008000]
                RenderText {#text} at (0,-1) size 281x20
                  text run at (0,-1) width 281: "This sentence should be green, and used the "
                RenderInline {TT} at (0,0) size 40x15
                  RenderText {#text} at (281,3) size 40x15
                    text run at (281,3) width 40: "style"
                RenderText {#text} at (321,-1) size 59x20
                  text run at (321,-1) width 59: " attribute."
              RenderBlock {P} at (4,675) size 747x19 [color=#008000]
                RenderText {#text} at (0,-1) size 281x20
                  text run at (0,-1) width 281: "This sentence should be green, and used the "
                RenderInline {TT} at (0,0) size 40x15
                  RenderText {#text} at (281,3) size 40x15
                    text run at (281,3) width 40: "style"
                RenderText {#text} at (321,-1) size 59x20
                  text run at (321,-1) width 59: " attribute."
              RenderBlock {P} at (4,710) size 747x19 [color=#008000]
                RenderText {#text} at (0,-1) size 281x20
                  text run at (0,-1) width 281: "This sentence should be green, and used the "
                RenderInline {TT} at (0,0) size 40x15
                  RenderText {#text} at (281,3) size 40x15
                    text run at (281,3) width 40: "style"
                RenderText {#text} at (321,-1) size 59x20
                  text run at (321,-1) width 59: " attribute."
