layer at (0,0) size 800x600
  RenderView at (0,0) size 800x600
layer at (0,0) size 800x600
  RenderBlock {HTML} at (0,0) size 800x600
    RenderBody {BODY} at (8,8) size 784x584 [bgcolor=#FFFFFF]
      RenderTable {TABLE} at (0,0) size 70x62 [bgcolor=#008000] [border: (1px solid #0000FF)]
        RenderTableSection {TBODY} at (1,1) size 68x60
          RenderTableRow {TR} at (0,0) size 68x20
            RenderTableCell {TD} at (0,0) size 33x20 [bgcolor=#FF0000] [border: (1px solid #0000FF)] [r=0 c=0 rs=1 cs=1]
              RenderText {#text} at (2,2) size 26x16
                text run at (2,2) width 26: "asdf"
            RenderTableCell {TD} at (32,0) size 36x20 [border: (1px solid #0000FF)] [r=0 c=1 rs=1 cs=1]
              RenderText {#text} at (2,2) size 32x16
                text run at (2,2) width 32: "qwer"
          RenderTableRow {TR} at (0,20) size 68x20
            RenderTableCell {TD} at (0,20) size 33x20 [bgcolor=#FF0000] [border: (1px solid #0000FF)] [r=1 c=0 rs=1 cs=1]
              RenderText {#text} at (2,2) size 26x16
                text run at (2,2) width 26: "fdsa"
            RenderTableCell {TD} at (32,20) size 36x20 [bgcolor=#FF0000] [border: (1px solid #0000FF)] [r=1 c=1 rs=1 cs=1]
              RenderText {#text} at (2,2) size 32x16
                text run at (2,2) width 32: "rewq"
          RenderTableRow {TR} at (0,40) size 68x20
            RenderTableCell {TD} at (0,40) size 33x20 [border: (1px solid #0000FF)] [r=2 c=0 rs=1 cs=1]
              RenderText {#text} at (2,2) size 29x16
                text run at (2,2) width 29: "zxcv"
            RenderTableCell {TD} at (32,40) size 36x20 [border: (1px solid #0000FF)] [r=2 c=1 rs=1 cs=1]
              RenderText {#text} at (2,2) size 28x16
                text run at (2,2) width 28: "uiop"
