layer at (0,0) size 785x774
  RenderView at (0,0) size 785x600
layer at (0,0) size 785x774
  RenderBlock {HTML} at (0,0) size 785x774
    RenderBody {BODY} at (8,8) size 769x758 [bgcolor=#CCCCCC]
      RenderBlock {P} at (0,0) size 769x16
        RenderText {#text} at (0,0) size 348x16
          text run at (0,0) width 348: "The style declarations which apply to the text below are:"
      RenderBlock {PRE} at (0,32) size 769x96
        RenderText {#text} at (0,0) size 448x95
          text run at (0,0) width 440: ".zero {background-color: silver; border-left-width: 0;}"
          text run at (0,16) width 416: ".one {border-left-width: 50px; border-style: solid;}"
          text run at (0,32) width 424: ".two {border-left-width: thick; border-style: solid;}"
          text run at (0,48) width 448: ".three {border-left-width: medium; border-style: solid;}"
          text run at (0,64) width 424: ".four {border-left-width: thin; border-style: solid;}"
          text run at (0,80) width 256: ".five {border-left-width: 25px;}"
      RenderBlock {HR} at (0,141) size 769x2 [border: (1px inset #000000)]
      RenderBlock {P} at (0,159) size 769x17
        RenderText {#text} at (0,0) size 155x16
          text run at (0,0) width 155: "(These will only work if "
        RenderInline {CODE} at (0,0) size 97x15
          RenderText {#text} at (154,1) size 97x15
            text run at (154,1) width 97: "border-style"
        RenderText {#text} at (250,0) size 87x16
          text run at (250,0) width 87: " is supported.)"
      RenderBlock {P} at (0,192) size 769x16 [bgcolor=#C0C0C0]
        RenderText {#text} at (0,0) size 198x16
          text run at (0,0) width 198: "This element has a class of zero."
      RenderBlock {P} at (0,224) size 769x38 [border: (3px solid #000000) (50px solid #000000)]
        RenderText {#text} at (50,3) size 702x32
          text run at (50,3) width 702: "This element should have a left border width of 50 pixels, which will be more obvious if the element is more than"
          text run at (50,19) width 84: "one line long."
      RenderBlock {P} at (0,278) size 769x22 [border: (3px solid #000000) (5px solid #000000)]
        RenderText {#text} at (5,3) size 748x16
          text run at (5,3) width 748: "This element should have a thick left border width, which will be more obvious if the element is more than one line long."
      RenderBlock {P} at (0,316) size 769x38 [border: (3px solid #000000)]
        RenderText {#text} at (3,3) size 733x32
          text run at (3,3) width 733: "This element should have a medium left border width, which will be more obvious if the element is more than one line"
          text run at (3,19) width 32: "long."
      RenderBlock {P} at (0,370) size 769x22 [border: (3px solid #000000) (1px solid #000000)]
        RenderText {#text} at (1,3) size 741x16
          text run at (1,3) width 741: "This element should have a thin left border width, which will be more obvious if the element is more than one line long."
      RenderBlock {P} at (0,408) size 769x17
        RenderText {#text} at (0,0) size 498x16
          text run at (0,0) width 498: "This element should have no border and no extra \"padding\" on its left side, as no "
        RenderInline {CODE} at (0,0) size 97x15
          RenderText {#text} at (497,1) size 97x15
            text run at (497,1) width 97: "border-style"
        RenderText {#text} at (593,0) size 53x16
          text run at (593,0) width 53: " was set."
      RenderTable {TABLE} at (0,441) size 769x317 [border: (1px outset #808080)]
        RenderTableSection {TBODY} at (1,1) size 767x315
          RenderTableRow {TR} at (0,0) size 767x25
            RenderTableCell {TD} at (0,0) size 767x25 [bgcolor=#C0C0C0] [border: (1px inset #808080)] [r=0 c=0 rs=1 cs=2]
              RenderInline {STRONG} at (0,0) size 158x17
                RenderText {#text} at (4,4) size 158x17
                  text run at (4,4) width 158: "TABLE Testing Section"
          RenderTableRow {TR} at (0,25) size 767x290
            RenderTableCell {TD} at (0,158) size 12x24 [bgcolor=#C0C0C0] [border: (1px inset #808080)] [r=1 c=0 rs=1 cs=1]
              RenderText {#text} at (4,4) size 4x16
                text run at (4,4) width 4: " "
            RenderTableCell {TD} at (11,25) size 756x290 [border: (1px inset #808080)] [r=1 c=1 rs=1 cs=1]
              RenderBlock {P} at (4,4) size 748x17
                RenderText {#text} at (0,0) size 155x16
                  text run at (0,0) width 155: "(These will only work if "
                RenderInline {CODE} at (0,0) size 97x15
                  RenderText {#text} at (154,1) size 97x15
                    text run at (154,1) width 97: "border-style"
                RenderText {#text} at (250,0) size 87x16
                  text run at (250,0) width 87: " is supported.)"
              RenderBlock {P} at (4,37) size 748x16 [bgcolor=#C0C0C0]
                RenderText {#text} at (0,0) size 198x16
                  text run at (0,0) width 198: "This element has a class of zero."
              RenderBlock {P} at (4,69) size 748x38 [border: (3px solid #000000) (50px solid #000000)]
                RenderText {#text} at (50,3) size 672x32
                  text run at (50,3) width 672: "This element should have a left border width of 50 pixels, which will be more obvious if the element is more"
                  text run at (50,19) width 114: "than one line long."
              RenderBlock {P} at (4,123) size 748x38 [border: (3px solid #000000) (5px solid #000000)]
                RenderText {#text} at (5,3) size 713x32
                  text run at (5,3) width 713: "This element should have a thick left border width, which will be more obvious if the element is more than one line"
                  text run at (5,19) width 32: "long."
              RenderBlock {P} at (4,177) size 748x38 [border: (3px solid #000000)]
                RenderText {#text} at (3,3) size 733x32
                  text run at (3,3) width 733: "This element should have a medium left border width, which will be more obvious if the element is more than one line"
                  text run at (3,19) width 32: "long."
              RenderBlock {P} at (4,231) size 748x22 [border: (3px solid #000000) (1px solid #000000)]
                RenderText {#text} at (1,3) size 741x16
                  text run at (1,3) width 741: "This element should have a thin left border width, which will be more obvious if the element is more than one line long."
              RenderBlock {P} at (4,269) size 748x17
                RenderText {#text} at (0,0) size 498x16
                  text run at (0,0) width 498: "This element should have no border and no extra \"padding\" on its left side, as no "
                RenderInline {CODE} at (0,0) size 97x15
                  RenderText {#text} at (497,1) size 97x15
                    text run at (497,1) width 97: "border-style"
                RenderText {#text} at (593,0) size 53x16
                  text run at (593,0) width 53: " was set."
