layer at (0,0) size 785x790
  RenderView at (0,0) size 785x600
layer at (0,0) size 785x790
  RenderBlock {HTML} at (0,0) size 785x790
    RenderBody {BODY} at (8,8) size 769x774 [bgcolor=#CCCCCC]
      RenderBlock {P} at (0,0) size 769x16
        RenderText {#text} at (0,0) size 348x16
          text run at (0,0) width 348: "The style declarations which apply to the text below are:"
      RenderBlock {PRE} at (0,32) size 769x96
        RenderText {#text} at (0,0) size 456x95
          text run at (0,0) width 448: ".zero {background-color: silver; border-right-width: 0;}"
          text run at (0,16) width 424: ".one {border-right-width: 25px; border-style: solid;}"
          text run at (0,32) width 432: ".two {border-right-width: thick; border-style: solid;}"
          text run at (0,48) width 456: ".three {border-right-width: medium; border-style: solid;}"
          text run at (0,64) width 432: ".four {border-right-width: thin; border-style: solid;}"
          text run at (0,80) width 272: ".five {border-right-width: 100px;}"
      RenderBlock {HR} at (0,141) size 769x2 [border: (1px inset #000000)]
      RenderBlock {P} at (0,159) size 769x17
        RenderText {#text} at (0,0) size 155x16
          text run at (0,0) width 155: "(These will only work if "
        RenderInline {CODE} at (0,0) size 97x15
          RenderText {#text} at (154,1) size 97x15
            text run at (154,1) width 97: "border-style"
        RenderText {#text} at (250,0) size 87x16
          text run at (250,0) width 87: " is supported.)"
      RenderBlock {P} at (0,192) size 769x16 [bgcolor=#C0C0C0]
        RenderText {#text} at (0,0) size 198x16
          text run at (0,0) width 198: "This element has a class of zero."
      RenderBlock {P} at (0,224) size 769x38 [border: (3px solid #000000) (25px solid #000000) (3px solid #000000)]
        RenderText {#text} at (3,3) size 736x32
          text run at (3,3) width 736: "This element should have a right border width of 25 pixels, which will be more obvious if the element is more than one"
          text run at (3,19) width 59: "line long."
      RenderBlock {P} at (0,278) size 769x22 [border: (3px solid #000000) (5px solid #000000) (3px solid #000000)]
        RenderText {#text} at (3,3) size 756x16
          text run at (3,3) width 756: "This element should have a thick right border width, which will be more obvious if the element is more than one line long."
      RenderBlock {P} at (0,316) size 769x38 [border: (3px solid #000000)]
        RenderText {#text} at (3,3) size 741x32
          text run at (3,3) width 741: "This element should have a medium right border width, which will be more obvious if the element is more than one line"
          text run at (3,19) width 32: "long."
      RenderBlock {P} at (0,370) size 769x22 [border: (3px solid #000000) (1px solid #000000) (3px solid #000000)]
        RenderText {#text} at (3,3) size 750x16
          text run at (3,3) width 750: "This element should have a thin right border width, which will be more obvious if the element is more than one line long."
      RenderBlock {P} at (0,408) size 769x17
        RenderText {#text} at (0,0) size 507x16
          text run at (0,0) width 507: "This element should have no border and no extra \"padding\" on its right side, as no "
        RenderInline {CODE} at (0,0) size 97x15
          RenderText {#text} at (506,1) size 97x15
            text run at (506,1) width 97: "border-style"
        RenderText {#text} at (602,0) size 53x16
          text run at (602,0) width 53: " was set."
      RenderTable {TABLE} at (0,441) size 769x333 [border: (1px outset #808080)]
        RenderTableSection {TBODY} at (1,1) size 767x331
          RenderTableRow {TR} at (0,0) size 767x25
            RenderTableCell {TD} at (0,0) size 768x25 [bgcolor=#C0C0C0] [border: (1px inset #808080)] [r=0 c=0 rs=1 cs=2]
              RenderInline {STRONG} at (0,0) size 158x17
                RenderText {#text} at (4,4) size 158x17
                  text run at (4,4) width 158: "TABLE Testing Section"
          RenderTableRow {TR} at (0,25) size 767x306
            RenderTableCell {TD} at (0,166) size 12x24 [bgcolor=#C0C0C0] [border: (1px inset #808080)] [r=1 c=0 rs=1 cs=1]
              RenderText {#text} at (4,4) size 4x16
                text run at (4,4) width 4: " "
            RenderTableCell {TD} at (11,25) size 757x306 [border: (1px inset #808080)] [r=1 c=1 rs=1 cs=1]
              RenderBlock {P} at (4,4) size 748x17
                RenderText {#text} at (0,0) size 155x16
                  text run at (0,0) width 155: "(These will only work if "
                RenderInline {CODE} at (0,0) size 97x15
                  RenderText {#text} at (154,1) size 97x15
                    text run at (154,1) width 97: "border-style"
                RenderText {#text} at (250,0) size 87x16
                  text run at (250,0) width 87: " is supported.)"
              RenderBlock {P} at (4,37) size 748x16 [bgcolor=#C0C0C0]
                RenderText {#text} at (0,0) size 198x16
                  text run at (0,0) width 198: "This element has a class of zero."
              RenderBlock {P} at (4,69) size 748x38 [border: (3px solid #000000) (25px solid #000000) (3px solid #000000)]
                RenderText {#text} at (3,3) size 710x32
                  text run at (3,3) width 710: "This element should have a right border width of 25 pixels, which will be more obvious if the element is more than"
                  text run at (3,19) width 84: "one line long."
              RenderBlock {P} at (4,123) size 748x38 [border: (3px solid #000000) (5px solid #000000) (3px solid #000000)]
                RenderText {#text} at (3,3) size 721x32
                  text run at (3,3) width 721: "This element should have a thick right border width, which will be more obvious if the element is more than one line"
                  text run at (3,19) width 32: "long."
              RenderBlock {P} at (4,177) size 748x38 [border: (3px solid #000000)]
                RenderText {#text} at (3,3) size 741x32
                  text run at (3,3) width 741: "This element should have a medium right border width, which will be more obvious if the element is more than one line"
                  text run at (3,19) width 32: "long."
              RenderBlock {P} at (4,231) size 748x38 [border: (3px solid #000000) (1px solid #000000) (3px solid #000000)]
                RenderText {#text} at (3,3) size 715x32
                  text run at (3,3) width 715: "This element should have a thin right border width, which will be more obvious if the element is more than one line"
                  text run at (3,19) width 32: "long."
              RenderBlock {P} at (4,285) size 748x17
                RenderText {#text} at (0,0) size 507x16
                  text run at (0,0) width 507: "This element should have no border and no extra \"padding\" on its right side, as no "
                RenderInline {CODE} at (0,0) size 97x15
                  RenderText {#text} at (506,1) size 97x15
                    text run at (506,1) width 97: "border-style"
                RenderText {#text} at (602,0) size 53x16
                  text run at (602,0) width 53: " was set."
