layer at (0,0) size 785x927
  RenderView at (0,0) size 785x600
layer at (0,0) size 785x927
  RenderBlock {HTML} at (0,0) size 785x927
    RenderBody {BODY} at (8,8) size 769x911 [bgcolor=#CCCCCC]
      RenderBlock {P} at (0,0) size 769x19
        RenderText {#text} at (0,-1) size 355x20
          text run at (0,-1) width 355: "The style declarations which apply to the text below are:"
      RenderBlock {PRE} at (0,35) size 769x96
        RenderText {#text} at (0,0) size 408x95
          text run at (0,0) width 400: ".zero {background-color: silver; border-width: 0;}"
          text run at (0,16) width 376: ".one {border-width: 50px; border-style: solid;}"
          text run at (0,32) width 384: ".two {border-width: thick; border-style: solid;}"
          text run at (0,48) width 408: ".three {border-width: medium; border-style: solid;}"
          text run at (0,64) width 384: ".four {border-width: thin; border-style: solid;}"
          text run at (0,80) width 216: ".five {border-width: 25px;}"
      RenderBlock {HR} at (0,144) size 769x2 [border: (1px inset #000000)]
      RenderBlock {P} at (0,162) size 769x19
        RenderText {#text} at (0,-1) size 157x20
          text run at (0,-1) width 157: "(These will only work if "
        RenderInline {CODE} at (0,0) size 96x15
          RenderText {#text} at (157,3) size 96x15
            text run at (157,3) width 96: "border-style"
        RenderText {#text} at (253,-1) size 89x20
          text run at (253,-1) width 89: " is supported.)"
      RenderBlock {P} at (0,197) size 769x19 [bgcolor=#C0C0C0]
        RenderText {#text} at (0,-1) size 203x20
          text run at (0,-1) width 203: "This element has a class of zero."
      RenderBlock {P} at (0,232) size 769x119 [border: (50px solid #000000)]
        RenderText {#text} at (50,49) size 394x20
          text run at (50,49) width 394: "This element should have an overall border width of 50 pixels."
      RenderBlock {P} at (0,367) size 769x29 [border: (5px solid #000000)]
        RenderText {#text} at (5,4) size 343x20
          text run at (5,4) width 343: "This element should have a thick overall border width."
      RenderBlock {P} at (0,412) size 769x25 [border: (3px solid #000000)]
        RenderText {#text} at (3,2) size 363x20
          text run at (3,2) width 363: "This element should have a medium overall border width."
      RenderBlock {P} at (0,453) size 769x21 [border: (1px solid #000000)]
        RenderText {#text} at (1,0) size 336x20
          text run at (1,0) width 336: "This element should have a thin overall border width."
      RenderBlock {P} at (0,490) size 769x19
        RenderText {#text} at (0,-1) size 498x20
          text run at (0,-1) width 498: "This element should have no border and no extra \"padding\" on any side, as no "
        RenderInline {CODE} at (0,0) size 96x15
          RenderText {#text} at (498,3) size 96x15
            text run at (498,3) width 96: "border-style"
        RenderText {#text} at (594,-1) size 54x20
          text run at (594,-1) width 54: " was set."
      RenderTable {TABLE} at (0,525) size 670x386 [border: (1px outset #808080)]
        RenderTableSection {TBODY} at (1,1) size 668x384
          RenderTableRow {TR} at (0,0) size 668x29
            RenderTableCell {TD} at (0,0) size 668x29 [bgcolor=#C0C0C0] [border: (1px inset #808080)] [r=0 c=0 rs=1 cs=2]
              RenderInline {STRONG} at (0,0) size 163x22
                RenderText {#text} at (4,3) size 163x22
                  text run at (4,3) width 163: "TABLE Testing Section"
          RenderTableRow {TR} at (0,29) size 668x355
            RenderTableCell {TD} at (0,193) size 12x27 [bgcolor=#C0C0C0] [border: (1px inset #808080)] [r=1 c=0 rs=1 cs=1]
              RenderText {#text} at (4,3) size 4x20
                text run at (4,3) width 4: " "
            RenderTableCell {TD} at (12,29) size 656x355 [border: (1px inset #808080)] [r=1 c=1 rs=1 cs=1]
              RenderBlock {P} at (4,4) size 648x19
                RenderText {#text} at (0,-1) size 157x20
                  text run at (0,-1) width 157: "(These will only work if "
                RenderInline {CODE} at (0,0) size 96x15
                  RenderText {#text} at (157,3) size 96x15
                    text run at (157,3) width 96: "border-style"
                RenderText {#text} at (253,-1) size 89x20
                  text run at (253,-1) width 89: " is supported.)"
              RenderBlock {P} at (4,39) size 648x19 [bgcolor=#C0C0C0]
                RenderText {#text} at (0,-1) size 203x20
                  text run at (0,-1) width 203: "This element has a class of zero."
              RenderBlock {P} at (4,74) size 648x119 [border: (50px solid #000000)]
                RenderText {#text} at (50,49) size 394x20
                  text run at (50,49) width 394: "This element should have an overall border width of 50 pixels."
              RenderBlock {P} at (4,209) size 648x29 [border: (5px solid #000000)]
                RenderText {#text} at (5,4) size 343x20
                  text run at (5,4) width 343: "This element should have a thick overall border width."
              RenderBlock {P} at (4,254) size 648x25 [border: (3px solid #000000)]
                RenderText {#text} at (3,2) size 363x20
                  text run at (3,2) width 363: "This element should have a medium overall border width."
              RenderBlock {P} at (4,295) size 648x21 [border: (1px solid #000000)]
                RenderText {#text} at (1,0) size 336x20
                  text run at (1,0) width 336: "This element should have a thin overall border width."
              RenderBlock {P} at (4,332) size 648x19
                RenderText {#text} at (0,-1) size 498x20
                  text run at (0,-1) width 498: "This element should have no border and no extra \"padding\" on any side, as no "
                RenderInline {CODE} at (0,0) size 96x15
                  RenderText {#text} at (498,3) size 96x15
                    text run at (498,3) width 96: "border-style"
                RenderText {#text} at (594,-1) size 54x20
                  text run at (594,-1) width 54: " was set."
