layer at (0,0) size 785x989
  RenderView at (0,0) size 785x600
layer at (0,0) size 785x989
  RenderBlock {HTML} at (0,0) size 785x989
    RenderBody {BODY} at (8,8) size 769x973 [bgcolor=#CCCCCC]
      RenderBlock {P} at (0,0) size 769x19
        RenderText {#text} at (0,-1) size 355x20
          text run at (0,-1) width 355: "The style declarations which apply to the text below are:"
      RenderBlock {PRE} at (0,35) size 769x48
        RenderText {#text} at (0,0) size 168x47
          text run at (0,0) width 160: ".one {height: 50px;}"
          text run at (0,16) width 168: ".two {height: 100px;}"
          text run at (0,32) width 0: " "
      RenderBlock {HR} at (0,96) size 769x2 [border: (1px inset #000000)]
      RenderBlock (anonymous) at (0,106) size 769x50
        RenderImage {IMG} at (0,0) size 50x50
        RenderText {#text} at (0,0) size 0x0
      RenderBlock {P} at (0,172) size 769x19
        RenderText {#text} at (0,-1) size 275x20
          text run at (0,-1) width 275: "The square above should be fifty pixels tall."
      RenderBlock (anonymous) at (0,207) size 769x100
        RenderImage {IMG} at (0,0) size 100x100
        RenderText {#text} at (0,0) size 0x0
      RenderBlock {P} at (0,323) size 769x19
        RenderText {#text} at (0,-1) size 335x20
          text run at (0,-1) width 335: "The square above should be 100 pixels tall and wide."
      RenderBlock (anonymous) at (0,358) size 769x100
        RenderImage {IMG} at (0,0) size 30x100
        RenderText {#text} at (0,0) size 0x0
      RenderBlock {P} at (0,474) size 769x38
        RenderText {#text} at (0,-1) size 750x39
          text run at (0,-1) width 750: "The rectangular image above should be 100 pixels tall and 30 pixels wide (the original image is 50x15, and the size has"
          text run at (0,18) width 150: "been doubled using the "
        RenderInline {CODE} at (0,0) size 48x15
          RenderText {#text} at (150,22) size 48x15
            text run at (150,22) width 48: "height"
        RenderText {#text} at (198,18) size 66x20
          text run at (198,18) width 66: " property)."
      RenderTable {TABLE} at (0,528) size 769x445 [border: (1px outset #808080)]
        RenderTableSection {TBODY} at (1,1) size 767x443
          RenderTableRow {TR} at (0,0) size 767x29
            RenderTableCell {TD} at (0,0) size 767x29 [bgcolor=#C0C0C0] [border: (1px inset #808080)] [r=0 c=0 rs=1 cs=2]
              RenderInline {STRONG} at (0,0) size 163x22
                RenderText {#text} at (4,3) size 163x22
                  text run at (4,3) width 163: "TABLE Testing Section"
          RenderTableRow {TR} at (0,29) size 767x414
            RenderTableCell {TD} at (0,222) size 12x28 [bgcolor=#C0C0C0] [border: (1px inset #808080)] [r=1 c=0 rs=1 cs=1]
              RenderText {#text} at (4,3) size 4x21
                text run at (4,4) width 4: " "
            RenderTableCell {TD} at (12,29) size 755x414 [border: (1px inset #808080)] [r=1 c=1 rs=1 cs=1]
              RenderBlock (anonymous) at (4,4) size 747x50
                RenderImage {IMG} at (0,0) size 50x50
                RenderText {#text} at (0,0) size 0x0
              RenderBlock {P} at (4,70) size 747x19
                RenderText {#text} at (0,-1) size 275x20
                  text run at (0,-1) width 275: "The square above should be fifty pixels tall."
              RenderBlock (anonymous) at (4,105) size 747x100
                RenderImage {IMG} at (0,0) size 100x100
                RenderText {#text} at (0,0) size 0x0
              RenderBlock {P} at (4,221) size 747x19
                RenderText {#text} at (0,-1) size 335x20
                  text run at (0,-1) width 335: "The square above should be 100 pixels tall and wide."
              RenderBlock (anonymous) at (4,256) size 747x100
                RenderImage {IMG} at (0,0) size 30x100
                RenderText {#text} at (0,0) size 0x0
              RenderBlock {P} at (4,372) size 747x38
                RenderText {#text} at (0,-1) size 725x39
                  text run at (0,-1) width 725: "The rectangular image above should be 100 pixels tall and 30 pixels wide (the original image is 50x15, and the size"
                  text run at (0,18) width 175: "has been doubled using the "
                RenderInline {CODE} at (0,0) size 48x15
                  RenderText {#text} at (175,22) size 48x15
                    text run at (175,22) width 48: "height"
                RenderText {#text} at (223,18) size 66x20
                  text run at (223,18) width 66: " property)."
