layer at (0,0) size 787x930
  RenderView at (0,0) size 785x585
layer at (0,0) size 785x930
  RenderBlock {HTML} at (0,0) size 785x930
    RenderBody {BODY} at (8,8) size 769x914 [bgcolor=#CCCCCC]
      RenderBlock {P} at (0,0) size 769x16
        RenderText {#text} at (0,0) size 348x16
          text run at (0,0) width 348: "The style declarations which apply to the text below are:"
      RenderBlock {PRE} at (0,32) size 769x96
        RenderText {#text} at (0,0) size 560x95
          text run at (0,0) width 552: ".zero {background-color: silver; margin-right: 0; text-align: right;}"
          text run at (0,16) width 560: ".one {margin-right: 0.5in; text-align: right; background-color: aqua;}"
          text run at (0,32) width 552: ".two {margin-right: 25px; text-align: right; background-color: aqua;}"
          text run at (0,48) width 560: ".three {margin-right: 5em; text-align: right; background-color: aqua;}"
          text run at (0,64) width 552: ".four {margin-right: 25%; text-align: right; background-color: aqua;}"
          text run at (0,80) width 416: ".five {margin-right: -10px; background-color: aqua;}"
      RenderBlock {HR} at (0,141) size 769x2 [border: (1px inset #000000)]
      RenderBlock {P} at (0,159) size 769x16 [bgcolor=#C0C0C0]
        RenderText {#text} at (571,0) size 198x16
          text run at (571,0) width 198: "This element has a class of zero."
      RenderBlock {P} at (0,191) size 721x16 [bgcolor=#00FFFF]
        RenderText {#text} at (372,0) size 349x16
          text run at (372,0) width 349: "This sentence should have a right margin of half an inch."
      RenderBlock {P} at (0,223) size 744x16 [bgcolor=#00FFFF]
        RenderText {#text} at (412,0) size 332x16
          text run at (412,0) width 332: "This sentence should have a right margin of 25 pixels."
      RenderBlock {P} at (0,255) size 689x16 [bgcolor=#00FFFF]
        RenderText {#text} at (383,0) size 306x16
          text run at (383,0) width 306: "This sentence should have a right margin of 5 em."
      RenderBlock {P} at (0,287) size 577x32 [bgcolor=#00FFFF]
        RenderText {#text} at (33,0) size 544x32
          text run at (33,0) width 544: "This sentence should have a right margin of 25%, which is calculated with respect to the"
          text run at (402,16) width 175: "width of the parent element."
      RenderBlock {UL} at (0,335) size 744x80 [bgcolor=#808080]
        RenderListItem {LI} at (40,0) size 704x16
          RenderListMarker at (-16,0) size 6x16: bullet
          RenderText {#text} at (22,0) size 682x16
            text run at (22,0) width 682: "The right margin on this unordered list has been set to 25 pixels, and the background color has been set to gray."
        RenderListItem {LI} at (40,16) size 679x48 [bgcolor=#FFFFFF]
          RenderListMarker at (-16,0) size 6x16: bullet
          RenderText {#text} at (38,0) size 669x48
            text run at (38,0) width 641: "Another list item might not be such a bad idea, either, considering that such things do need to be double-"
            text run at (10,16) width 58: "checked. "
            text run at (67,16) width 612: "This list item has its right margin also set to 25 pixels, which should combine with the list's margin"
            text run at (211,32) width 468: "to make 50 pixels of margin, and its background-color has been set to white."
        RenderListItem {LI} at (40,64) size 704x16
          RenderListMarker at (-16,0) size 6x16: bullet
          RenderText {#text} at (527,0) size 177x16
            text run at (527,0) width 177: "This is an unclassed list item"
      RenderBlock {P} at (0,431) size 769x16 [bgcolor=#C0C0C0]
        RenderText {#text} at (571,0) size 198x16
          text run at (571,0) width 198: "This element has a class of zero."
      RenderBlock {P} at (0,463) size 779x48 [bgcolor=#00FFFF]
        RenderText {#text} at (0,0) size 757x48
          text run at (0,0) width 752: "This paragraph has a right margin of -10px, which should cause it to be wider than it might otherwise be, and it has a light"
          text run at (0,16) width 110: "blue background. "
          text run at (109,16) width 378: "In all other respects, however, the element should be normal. "
          text run at (486,16) width 271: "No styles have been applied to it besides the"
          text run at (0,32) width 297: "negative right margin and the background color."
      RenderTable {TABLE} at (0,527) size 769x387 [border: (1px outset #808080)]
        RenderTableSection {TBODY} at (1,1) size 767x385
          RenderTableRow {TR} at (0,0) size 767x25
            RenderTableCell {TD} at (0,0) size 767x25 [bgcolor=#C0C0C0] [border: (1px inset #808080)] [r=0 c=0 rs=1 cs=2]
              RenderInline {STRONG} at (0,0) size 158x17
                RenderText {#text} at (4,4) size 158x17
                  text run at (4,4) width 158: "TABLE Testing Section"
          RenderTableRow {TR} at (0,25) size 767x360
            RenderTableCell {TD} at (0,193) size 12x24 [bgcolor=#C0C0C0] [border: (1px inset #808080)] [r=1 c=0 rs=1 cs=1]
              RenderText {#text} at (4,4) size 4x16
                text run at (4,4) width 4: " "
            RenderTableCell {TD} at (11,25) size 756x360 [border: (1px inset #808080)] [r=1 c=1 rs=1 cs=1]
              RenderBlock {P} at (4,4) size 748x16 [bgcolor=#C0C0C0]
                RenderText {#text} at (549,0) size 199x16
                  text run at (549,0) width 199: "This element has a class of zero."
              RenderBlock {P} at (4,36) size 700x16 [bgcolor=#00FFFF]
                RenderText {#text} at (350,0) size 350x16
                  text run at (350,0) width 350: "This sentence should have a right margin of half an inch."
              RenderBlock {P} at (4,68) size 723x16 [bgcolor=#00FFFF]
                RenderText {#text} at (390,0) size 333x16
                  text run at (390,0) width 333: "This sentence should have a right margin of 25 pixels."
              RenderBlock {P} at (4,100) size 668x16 [bgcolor=#00FFFF]
                RenderText {#text} at (361,0) size 307x16
                  text run at (361,0) width 307: "This sentence should have a right margin of 5 em."
              RenderBlock {P} at (4,132) size 561x32 [bgcolor=#00FFFF]
                RenderText {#text} at (17,0) size 544x32
                  text run at (17,0) width 544: "This sentence should have a right margin of 25%, which is calculated with respect to the"
                  text run at (386,16) width 175: "width of the parent element."
              RenderBlock {UL} at (4,180) size 723x80 [bgcolor=#808080]
                RenderListItem {LI} at (40,0) size 683x16
                  RenderListMarker at (-16,0) size 6x16: bullet
                  RenderText {#text} at (0,0) size 683x16
                    text run at (0,0) width 683: "The right margin on this unordered list has been set to 25 pixels, and the background color has been set to gray."
                RenderListItem {LI} at (40,16) size 658x48 [bgcolor=#FFFFFF]
                  RenderListMarker at (-16,0) size 6x16: bullet
                  RenderText {#text} at (16,0) size 642x48
                    text run at (16,0) width 642: "Another list item might not be such a bad idea, either, considering that such things do need to be double-"
                    text run at (36,16) width 58: "checked. "
                    text run at (93,16) width 565: "This list item has its right margin also set to 25 pixels, which should combine with the list's"
                    text run at (141,32) width 517: "margin to make 50 pixels of margin, and its background-color has been set to white."
                RenderListItem {LI} at (40,64) size 683x16
                  RenderListMarker at (-16,0) size 6x16: bullet
                  RenderText {#text} at (505,0) size 178x16
                    text run at (505,0) width 178: "This is an unclassed list item"
              RenderBlock {P} at (4,276) size 748x16 [bgcolor=#C0C0C0]
                RenderText {#text} at (549,0) size 199x16
                  text run at (549,0) width 199: "This element has a class of zero."
              RenderBlock {P} at (4,308) size 758x48 [bgcolor=#00FFFF]
                RenderText {#text} at (0,0) size 757x48
                  text run at (0,0) width 752: "This paragraph has a right margin of -10px, which should cause it to be wider than it might otherwise be, and it has a light"
                  text run at (0,16) width 110: "blue background. "
                  text run at (109,16) width 378: "In all other respects, however, the element should be normal. "
                  text run at (486,16) width 271: "No styles have been applied to it besides the"
                  text run at (0,32) width 297: "negative right margin and the background color."
