layer at (0,0) size 800x600
  RenderView at (0,0) size 800x600
layer at (0,0) size 800x600
  RenderBlock {HTML} at (0,0) size 800x600
    RenderBody {BODY} at (8,8) size 784x584 [bgcolor=#CCCCCC]
      RenderBlock {P} at (0,0) size 784x16
        RenderText {#text} at (0,0) size 348x16
          text run at (0,0) width 348: "The style declarations which apply to the text below are:"
      RenderBlock {PRE} at (0,32) size 784x32
        RenderText {#text} at (0,0) size 400x31
          text run at (0,0) width 392: ".one {margin-left: 25px; background-color: aqua;}"
          text run at (0,16) width 400: ".two {margin-left: -10px; background-color: aqua;}"
      RenderBlock {HR} at (0,77) size 784x2 [border: (1px inset #000000)]
      RenderBlock {P} at (0,95) size 784x34 [bgcolor=#808080]
        RenderText {#text} at (0,0) size 529x16
          text run at (0,0) width 380: "This element is unstyled save for a background color of gray. "
          text run at (379,0) width 150: "However, it contains an "
        RenderInline {SPAN} at (0,0) size 168x16 [bgcolor=#00FFFF]
          RenderText {#text} at (553,0) size 144x16
            text run at (553,0) width 144: "inline element of class "
          RenderInline {TT} at (0,0) size 25x15
            RenderText {#text} at (696,1) size 25x15
              text run at (696,1) width 25: "one"
        RenderText {#text} at (720,0) size 766x34
          text run at (720,0) width 46: ", which"
          text run at (0,18) width 297: "should result in 25-pixel left margin only in the "
        RenderInline {STRONG} at (0,0) size 29x17
          RenderText {#text} at (296,17) size 29x17
            text run at (296,17) width 29: "first"
        RenderText {#text} at (324,18) size 228x16
          text run at (324,18) width 228: " line in which the inline box appears."
      RenderBlock {P} at (0,145) size 784x34 [bgcolor=#808080]
        RenderText {#text} at (0,0) size 529x16
          text run at (0,0) width 380: "This element is unstyled save for a background color of gray. "
          text run at (379,0) width 150: "However, it contains an "
        RenderInline {SPAN} at (0,0) size 168x16 [bgcolor=#00FFFF]
          RenderText {#text} at (518,0) size 144x16
            text run at (518,0) width 144: "inline element of class "
          RenderInline {TT} at (0,0) size 25x15
            RenderText {#text} at (661,1) size 25x15
              text run at (661,1) width 25: "two"
        RenderText {#text} at (685,0) size 775x34
          text run at (685,0) width 90: ", which should"
          text run at (0,18) width 237: "result in -10px left margin only in the "
        RenderInline {STRONG} at (0,0) size 29x17
          RenderText {#text} at (236,17) size 29x17
            text run at (236,17) width 29: "first"
        RenderText {#text} at (264,18) size 228x16
          text run at (264,18) width 228: " line in which the inline box appears."
      RenderTable {TABLE} at (0,195) size 784x119 [border: (1px outset #808080)]
        RenderTableSection {TBODY} at (1,1) size 782x117
          RenderTableRow {TR} at (0,0) size 782x25
            RenderTableCell {TD} at (0,0) size 782x25 [bgcolor=#C0C0C0] [border: (1px inset #808080)] [r=0 c=0 rs=1 cs=2]
              RenderInline {STRONG} at (0,0) size 158x17
                RenderText {#text} at (4,4) size 158x17
                  text run at (4,4) width 158: "TABLE Testing Section"
          RenderTableRow {TR} at (0,25) size 782x92
            RenderTableCell {TD} at (0,59) size 12x24 [bgcolor=#C0C0C0] [border: (1px inset #808080)] [r=1 c=0 rs=1 cs=1]
              RenderText {#text} at (4,4) size 4x16
                text run at (4,4) width 4: " "
            RenderTableCell {TD} at (11,25) size 771x92 [border: (1px inset #808080)] [r=1 c=1 rs=1 cs=1]
              RenderBlock {P} at (4,4) size 763x34 [bgcolor=#808080]
                RenderText {#text} at (0,0) size 529x16
                  text run at (0,0) width 380: "This element is unstyled save for a background color of gray. "
                  text run at (379,0) width 150: "However, it contains an "
                RenderInline {SPAN} at (0,0) size 168x16 [bgcolor=#00FFFF]
                  RenderText {#text} at (553,0) size 144x16
                    text run at (553,0) width 144: "inline element of class "
                  RenderInline {TT} at (0,0) size 25x15
                    RenderText {#text} at (696,1) size 25x15
                      text run at (696,1) width 25: "one"
                RenderText {#text} at (720,0) size 724x34
                  text run at (720,0) width 4: ","
                  text run at (0,18) width 338: "which should result in 25-pixel left margin only in the "
                RenderInline {STRONG} at (0,0) size 30x17
                  RenderText {#text} at (337,17) size 30x17
                    text run at (337,17) width 30: "first"
                RenderText {#text} at (366,18) size 227x16
                  text run at (366,18) width 227: " line in which the inline box appears."
              RenderBlock {P} at (4,54) size 763x34 [bgcolor=#808080]
                RenderText {#text} at (0,0) size 529x16
                  text run at (0,0) width 380: "This element is unstyled save for a background color of gray. "
                  text run at (379,0) width 150: "However, it contains an "
                RenderInline {SPAN} at (0,0) size 168x16 [bgcolor=#00FFFF]
                  RenderText {#text} at (518,0) size 144x16
                    text run at (518,0) width 144: "inline element of class "
                  RenderInline {TT} at (0,0) size 25x15
                    RenderText {#text} at (661,1) size 25x15
                      text run at (661,1) width 25: "two"
                RenderText {#text} at (685,0) size 731x34
                  text run at (685,0) width 46: ", which"
                  text run at (0,18) width 281: "should result in -10px left margin only in the "
                RenderInline {STRONG} at (0,0) size 29x17
                  RenderText {#text} at (280,17) size 29x17
                    text run at (280,17) width 29: "first"
                RenderText {#text} at (308,18) size 228x16
                  text run at (308,18) width 228: " line in which the inline box appears."
