layer at (0,0) size 800x600
  RenderView at (0,0) size 800x600
layer at (0,0) size 800x600
  RenderBlock {HTML} at (0,0) size 800x600
    RenderBody {BODY} at (8,8) size 784x584 [bgcolor=#CCCCCC]
      RenderBlock {P} at (0,0) size 784x16
        RenderText {#text} at (0,0) size 348x16
          text run at (0,0) width 348: "The style declarations which apply to the text below are:"
      RenderBlock {PRE} at (0,32) size 784x48
        RenderText {#text} at (0,0) size 400x47
          text run at (0,0) width 392: ".one {padding-top: 25px; background-color: aqua;}"
          text run at (0,16) width 400: ".two {padding-top: -10px; background-color: aqua;}"
          text run at (0,32) width 0: " "
      RenderBlock {HR} at (0,93) size 784x2 [border: (1px inset #000000)]
      RenderBlock {P} at (0,111) size 784x65 [bgcolor=#808080]
        RenderText {#text} at (0,0) size 465x16
          text run at (0,0) width 380: "This element is unstyled save for a background color of gray. "
          text run at (379,0) width 86: "It contains an "
        RenderInline {SPAN} at (0,0) size 742x58 [bgcolor=#00FFFF]
          RenderText {#text} at (464,0) size 144x16
            text run at (464,0) width 144: "inline element of class "
          RenderInline {TT} at (0,0) size 25x15
            RenderText {#text} at (607,1) size 25x15
              text run at (607,1) width 25: "one"
          RenderText {#text} at (631,0) size 742x33
            text run at (631,0) width 111: ", giving it an aqua"
            text run at (0,17) width 218: "background and a 25px top padding"
        RenderText {#text} at (217,17) size 770x48
          text run at (217,17) width 8: ". "
          text run at (224,17) width 526: "Padding on inline elements does not affect line-height calculations, so all lines in this"
          text run at (0,33) width 261: "element should have the same line-height. "
          text run at (260,33) width 510: "There may be implementation-specific limits on how much of the padding the user"
          text run at (0,49) width 144: "agent is able to display."
      RenderBlock {P} at (0,192) size 784x49 [bgcolor=#808080]
        RenderText {#text} at (0,0) size 465x16
          text run at (0,0) width 380: "This element is unstyled save for a background color of gray. "
          text run at (379,0) width 86: "It contains an "
        RenderInline {SPAN} at (0,0) size 742x33 [bgcolor=#00FFFF]
          RenderText {#text} at (464,0) size 144x16
            text run at (464,0) width 144: "inline element of class "
          RenderInline {TT} at (0,0) size 25x15
            RenderText {#text} at (607,1) size 25x15
              text run at (607,1) width 25: "two"
          RenderText {#text} at (631,0) size 742x33
            text run at (631,0) width 111: ", giving it an aqua"
            text run at (0,17) width 480: "background and no top padding, since negative padding values are not allowed"
        RenderText {#text} at (479,17) size 781x32
          text run at (479,17) width 9: ". "
          text run at (487,17) width 294: "Padding on inline elements does not affect line-"
          text run at (0,33) width 493: "height calculations, so all lines in this element should have the same line-height."
      RenderTable {TABLE} at (0,257) size 784x165 [border: (1px outset #808080)]
        RenderTableSection {TBODY} at (1,1) size 782x163
          RenderTableRow {TR} at (0,0) size 782x25
            RenderTableCell {TD} at (0,0) size 782x25 [bgcolor=#C0C0C0] [border: (1px inset #808080)] [r=0 c=0 rs=1 cs=2]
              RenderInline {STRONG} at (0,0) size 158x17
                RenderText {#text} at (4,4) size 158x17
                  text run at (4,4) width 158: "TABLE Testing Section"
          RenderTableRow {TR} at (0,25) size 782x138
            RenderTableCell {TD} at (0,82) size 12x24 [bgcolor=#C0C0C0] [border: (1px inset #808080)] [r=1 c=0 rs=1 cs=1]
              RenderText {#text} at (4,4) size 4x16
                text run at (4,4) width 4: " "
            RenderTableCell {TD} at (11,25) size 771x138 [border: (1px inset #808080)] [r=1 c=1 rs=1 cs=1]
              RenderBlock {P} at (4,4) size 763x65 [bgcolor=#808080]
                RenderText {#text} at (0,0) size 465x16
                  text run at (0,0) width 380: "This element is unstyled save for a background color of gray. "
                  text run at (379,0) width 86: "It contains an "
                RenderInline {SPAN} at (0,0) size 742x58 [bgcolor=#00FFFF]
                  RenderText {#text} at (464,0) size 144x16
                    text run at (464,0) width 144: "inline element of class "
                  RenderInline {TT} at (0,0) size 25x15
                    RenderText {#text} at (607,1) size 25x15
                      text run at (607,1) width 25: "one"
                  RenderText {#text} at (631,0) size 742x33
                    text run at (631,0) width 111: ", giving it an aqua"
                    text run at (0,17) width 218: "background and a 25px top padding"
                RenderText {#text} at (217,17) size 750x48
                  text run at (217,17) width 8: ". "
                  text run at (224,17) width 526: "Padding on inline elements does not affect line-height calculations, so all lines in this"
                  text run at (0,33) width 261: "element should have the same line-height. "
                  text run at (260,33) width 481: "There may be implementation-specific limits on how much of the padding the"
                  text run at (0,49) width 174: "user agent is able to display."
              RenderBlock {P} at (4,85) size 763x49 [bgcolor=#808080]
                RenderText {#text} at (0,0) size 465x16
                  text run at (0,0) width 380: "This element is unstyled save for a background color of gray. "
                  text run at (379,0) width 86: "It contains an "
                RenderInline {SPAN} at (0,0) size 742x33 [bgcolor=#00FFFF]
                  RenderText {#text} at (464,0) size 144x16
                    text run at (464,0) width 144: "inline element of class "
                  RenderInline {TT} at (0,0) size 25x15
                    RenderText {#text} at (607,1) size 25x15
                      text run at (607,1) width 25: "two"
                  RenderText {#text} at (631,0) size 742x33
                    text run at (631,0) width 111: ", giving it an aqua"
                    text run at (0,17) width 480: "background and no top padding, since negative padding values are not allowed"
                RenderText {#text} at (479,17) size 749x32
                  text run at (479,17) width 9: ". "
                  text run at (487,17) width 262: "Padding on inline elements does not affect"
                  text run at (0,33) width 521: "line-height calculations, so all lines in this element should have the same line-height."
