layer at (0,0) size 800x600
  RenderView at (0,0) size 800x600
layer at (0,0) size 800x600
  RenderBlock {HTML} at (0,0) size 800x600
    RenderBody {BODY} at (8,8) size 784x584 [bgcolor=#CCCCCC]
      RenderBlock {P} at (0,0) size 784x16
        RenderText {#text} at (0,0) size 348x16
          text run at (0,0) width 348: "The style declarations which apply to the text below are:"
      RenderBlock {PRE} at (0,32) size 784x48
        RenderText {#text} at (0,0) size 568x47
          text run at (0,0) width 560: ".one {padding-right: 25px; text-align: right; background-color: aqua;}"
          text run at (0,16) width 568: ".two {padding-right: -10px; text-align: right; background-color: aqua;}"
          text run at (0,32) width 0: " "
      RenderBlock {HR} at (0,93) size 784x2 [border: (1px inset #000000)]
      RenderBlock {P} at (0,111) size 784x34 [bgcolor=#808080]
        RenderText {#text} at (0,0) size 529x16
          text run at (0,0) width 380: "This element is unstyled save for a background color of gray. "
          text run at (379,0) width 150: "However, it contains an "
        RenderInline {SPAN} at (0,0) size 193x16 [bgcolor=#00FFFF]
          RenderText {#text} at (528,0) size 144x16
            text run at (528,0) width 144: "inline element of class "
          RenderInline {TT} at (0,0) size 25x15
            RenderText {#text} at (671,1) size 25x15
              text run at (671,1) width 25: "one"
        RenderText {#text} at (720,0) size 766x34
          text run at (720,0) width 46: ", which"
          text run at (0,18) width 514: "should result in 25-pixel right padding (which should also be light blue) only in the "
        RenderInline {STRONG} at (0,0) size 25x17
          RenderText {#text} at (513,17) size 25x17
            text run at (513,17) width 25: "last"
        RenderText {#text} at (537,18) size 228x16
          text run at (537,18) width 228: " line in which the inline box appears."
      RenderBlock {P} at (0,161) size 784x50 [bgcolor=#808080]
        RenderText {#text} at (0,0) size 529x16
          text run at (0,0) width 380: "This element is unstyled save for a background color of gray. "
          text run at (379,0) width 150: "However, it contains an "
        RenderInline {SPAN} at (0,0) size 168x16 [bgcolor=#00FFFF]
          RenderText {#text} at (528,0) size 144x16
            text run at (528,0) width 144: "inline element of class "
          RenderInline {TT} at (0,0) size 25x15
            RenderText {#text} at (671,1) size 25x15
              text run at (671,1) width 25: "two"
        RenderText {#text} at (695,0) size 741x34
          text run at (695,0) width 46: ", which"
          text run at (0,18) width 535: "should result in no right padding, since negative padding values are not allowed, in the "
        RenderInline {STRONG} at (0,0) size 25x17
          RenderText {#text} at (534,17) size 25x17
            text run at (534,17) width 25: "last"
        RenderText {#text} at (558,18) size 732x32
          text run at (558,18) width 174: " line in which the inline box"
          text run at (0,34) width 50: "appears."
      RenderTable {TABLE} at (0,227) size 784x151 [border: (1px outset #808080)]
        RenderTableSection {TBODY} at (1,1) size 782x149
          RenderTableRow {TR} at (0,0) size 782x25
            RenderTableCell {TD} at (0,0) size 782x25 [bgcolor=#C0C0C0] [border: (1px inset #808080)] [r=0 c=0 rs=1 cs=2]
              RenderInline {STRONG} at (0,0) size 158x17
                RenderText {#text} at (4,4) size 158x17
                  text run at (4,4) width 158: "TABLE Testing Section"
          RenderTableRow {TR} at (0,25) size 782x124
            RenderTableCell {TD} at (0,75) size 12x24 [bgcolor=#C0C0C0] [border: (1px inset #808080)] [r=1 c=0 rs=1 cs=1]
              RenderText {#text} at (4,4) size 4x16
                text run at (4,4) width 4: " "
            RenderTableCell {TD} at (11,25) size 771x124 [border: (1px inset #808080)] [r=1 c=1 rs=1 cs=1]
              RenderBlock {P} at (4,4) size 763x50 [bgcolor=#808080]
                RenderText {#text} at (0,0) size 529x16
                  text run at (0,0) width 380: "This element is unstyled save for a background color of gray. "
                  text run at (379,0) width 150: "However, it contains an "
                RenderInline {SPAN} at (0,0) size 193x16 [bgcolor=#00FFFF]
                  RenderText {#text} at (528,0) size 144x16
                    text run at (528,0) width 144: "inline element of class "
                  RenderInline {TT} at (0,0) size 25x15
                    RenderText {#text} at (671,1) size 25x15
                      text run at (671,1) width 25: "one"
                RenderText {#text} at (720,0) size 724x34
                  text run at (720,0) width 4: ","
                  text run at (0,18) width 556: "which should result in 25-pixel right padding (which should also be light blue) only in the "
                RenderInline {STRONG} at (0,0) size 24x17
                  RenderText {#text} at (555,17) size 24x17
                    text run at (555,17) width 24: "last"
                RenderText {#text} at (578,18) size 752x32
                  text run at (578,18) width 174: " line in which the inline box"
                  text run at (0,34) width 50: "appears."
              RenderBlock {P} at (4,70) size 763x50 [bgcolor=#808080]
                RenderText {#text} at (0,0) size 529x16
                  text run at (0,0) width 380: "This element is unstyled save for a background color of gray. "
                  text run at (379,0) width 150: "However, it contains an "
                RenderInline {SPAN} at (0,0) size 168x16 [bgcolor=#00FFFF]
                  RenderText {#text} at (528,0) size 144x16
                    text run at (528,0) width 144: "inline element of class "
                  RenderInline {TT} at (0,0) size 25x15
                    RenderText {#text} at (671,1) size 25x15
                      text run at (671,1) width 25: "two"
                RenderText {#text} at (695,0) size 741x34
                  text run at (695,0) width 46: ", which"
                  text run at (0,18) width 535: "should result in no right padding, since negative padding values are not allowed, in the "
                RenderInline {STRONG} at (0,0) size 25x17
                  RenderText {#text} at (534,17) size 25x17
                    text run at (534,17) width 25: "last"
                RenderText {#text} at (558,18) size 732x32
                  text run at (558,18) width 174: " line in which the inline box"
                  text run at (0,34) width 50: "appears."
