layer at (0,0) size 785x622
  RenderView at (0,0) size 785x600
layer at (0,0) size 785x622
  RenderBlock {HTML} at (0,0) size 785x622
    RenderBody {BODY} at (8,8) size 769x606 [bgcolor=#CCCCCC]
      RenderBlock {P} at (0,0) size 769x16
        RenderText {#text} at (0,0) size 348x16
          text run at (0,0) width 348: "The style declarations which apply to the text below are:"
      RenderBlock {PRE} at (0,32) size 769x128
        RenderText {#text} at (0,0) size 272x127
          text run at (0,0) width 160: "#one {color: green;}"
          text run at (0,16) width 152: "#a1 {color: green;}"
          text run at (0,32) width 224: "P#two, P#two2 {color: blue;}"
          text run at (0,48) width 272: "P#three, P#three2 {color: purple;}"
          text run at (0,64) width 168: "#four {color: green;}"
          text run at (0,80) width 152: "#a2 {color: green;}"
          text run at (0,96) width 240: "P#five, P#five2 {color: blue;}"
          text run at (0,112) width 240: "P#six, P#six2 {color: purple;}"
      RenderBlock {HR} at (0,173) size 769x2 [border: (1px inset #000000)]
      RenderBlock {P} at (0,191) size 769x16 [color=#008000]
        RenderText {#text} at (0,0) size 187x16
          text run at (0,0) width 187: "This sentence should be green."
      RenderBlock {P} at (0,223) size 769x16 [color=#008000]
        RenderText {#text} at (0,0) size 187x16
          text run at (0,0) width 187: "This sentence should be green."
      RenderBlock {P} at (0,255) size 769x17 [color=#0000FF]
        RenderText {#text} at (0,0) size 193x16
          text run at (0,0) width 193: "This paragraph should be blue ["
        RenderInline {TT} at (0,0) size 65x15
          RenderText {#text} at (192,1) size 65x15
            text run at (192,1) width 65: "ID=\"two\""
        RenderText {#text} at (256,0) size 10x16
          text run at (256,0) width 10: "]."
      RenderBlock {PRE} at (0,288) size 769x16
        RenderText {#text} at (0,0) size 392x15
          text run at (0,0) width 392: "This sentence should NOT be blue [PRE ID=\"two2\"]."
      RenderBlock {PRE} at (0,317) size 769x16
        RenderText {#text} at (0,0) size 472x15
          text run at (0,0) width 472: "This sentence should be black, not purple [PRE ID=\"three\"]."
      RenderBlock {UL} at (0,349) size 769x16
        RenderListItem {LI} at (40,0) size 729x16
          RenderListMarker at (-16,0) size 6x16: bullet
          RenderText {#text} at (0,0) size 228x16
            text run at (0,0) width 228: "This sentence should NOT be purple."
      RenderTable {TABLE} at (0,381) size 422x225 [border: (1px outset #808080)]
        RenderTableSection {TBODY} at (1,1) size 420x223
          RenderTableRow {TR} at (0,0) size 420x25
            RenderTableCell {TD} at (0,0) size 420x25 [bgcolor=#C0C0C0] [border: (1px inset #808080)] [r=0 c=0 rs=1 cs=2]
              RenderInline {STRONG} at (0,0) size 158x17
                RenderText {#text} at (4,4) size 158x17
                  text run at (4,4) width 158: "TABLE Testing Section"
          RenderTableRow {TR} at (0,25) size 420x198
            RenderTableCell {TD} at (0,112) size 12x24 [bgcolor=#C0C0C0] [border: (1px inset #808080)] [r=1 c=0 rs=1 cs=1]
              RenderText {#text} at (4,4) size 4x16
                text run at (4,4) width 4: " "
            RenderTableCell {TD} at (11,25) size 409x198 [border: (1px inset #808080)] [r=1 c=1 rs=1 cs=1]
              RenderBlock {P} at (4,4) size 400x16 [color=#008000]
                RenderText {#text} at (0,0) size 187x16
                  text run at (0,0) width 187: "This sentence should be green."
              RenderBlock {P} at (4,36) size 400x16 [color=#008000]
                RenderText {#text} at (0,0) size 187x16
                  text run at (0,0) width 187: "This sentence should be green."
              RenderBlock {P} at (4,68) size 400x17 [color=#0000FF]
                RenderText {#text} at (0,0) size 193x16
                  text run at (0,0) width 193: "This paragraph should be blue ["
                RenderInline {TT} at (0,0) size 73x15
                  RenderText {#text} at (192,1) size 73x15
                    text run at (192,1) width 73: "ID=\"five\""
                RenderText {#text} at (264,0) size 10x16
                  text run at (264,0) width 10: "]."
              RenderBlock {PRE} at (4,101) size 400x16
                RenderText {#text} at (0,0) size 400x15
                  text run at (0,0) width 400: "This sentence should NOT be blue [PRE ID=\"five2\"]."
              RenderBlock {PRE} at (4,130) size 400x16
                RenderText {#text} at (0,0) size 360x15
                  text run at (0,0) width 360: "This sentence should be black [PRE ID=\"six\"]."
              RenderBlock {UL} at (4,162) size 400x16
                RenderListItem {LI} at (40,0) size 360x16
                  RenderListMarker at (-16,0) size 6x16: bullet
                  RenderText {#text} at (0,0) size 228x16
                    text run at (0,0) width 228: "This sentence should NOT be purple."
