layer at (0,0) size 800x600
  RenderView at (0,0) size 800x600
layer at (0,0) size 800x600
  RenderBlock {HTML} at (0,0) size 800x600
    RenderBody {BODY} at (8,8) size 784x584
      RenderBlock {FORM} at (0,0) size 784x29
        RenderMenuList {SELECT} at (2,4) size 77x21 [bgcolor=#FFFFFF] [border: (1px solid #000000)]
          RenderBlock (anonymous) at (1,1) size 75x19
            RenderText at (0,-1) size 72x20
              text run at (0,-1) width 72: "append cell"
        RenderText {#text} at (81,4) size 52x20
          text run at (81,4) width 52: "   tbody "
        RenderTextControl {INPUT} at (135,2) size 53x25 [bgcolor=#FFFFFF] [border: (2px inset #000000)]
        RenderText {#text} at (190,4) size 41x20
          text run at (190,4) width 41: "   row "
        RenderTextControl {INPUT} at (233,2) size 53x25 [bgcolor=#FFFFFF] [border: (2px inset #000000)]
        RenderText {#text} at (288,4) size 35x20
          text run at (288,4) width 35: "   col "
        RenderTextControl {INPUT} at (325,2) size 53x25 [bgcolor=#FFFFFF] [border: (2px inset #000000)]
        RenderText {#text} at (380,4) size 74x20
          text run at (380,4) width 74: "   row span "
        RenderTextControl {INPUT} at (456,2) size 53x25 [bgcolor=#FFFFFF] [border: (2px inset #000000)]
        RenderText {#text} at (511,4) size 68x20
          text run at (511,4) width 68: "   col span "
        RenderTextControl {INPUT} at (581,2) size 53x25 [bgcolor=#FFFFFF] [border: (2px inset #000000)]
        RenderText {#text} at (636,4) size 20x20
          text run at (636,4) width 20: "     "
        RenderButton {INPUT} at (658,3) size 45x24 [bgcolor=#C0C0C0]
          RenderBlock (anonymous) at (6,2) size 33x19
            RenderText at (0,-1) size 33x20
              text run at (0,-1) width 33: "Do It"
        RenderText {#text} at (0,0) size 0x0
      RenderBlock (anonymous) at (0,45) size 784x19
        RenderBR {BR} at (0,-1) size 0x20
      RenderTable {TABLE} at (0,64) size 62x54 [bgcolor=#FFA500] [border: (1px outset #808080)]
        RenderTableSection {TBODY} at (1,1) size 60x52
          RenderTableRow {TR} at (0,2) size 60x23
            RenderTableCell {TD} at (2,2) size 27x23 [border: (1px inset #808080)] [r=0 c=0 rs=1 cs=1]
              RenderText {#text} at (2,1) size 23x20
                text run at (2,1) width 23: "c11"
          RenderTableRow {TR} at (0,27) size 60x23
            RenderTableCell {TD} at (2,27) size 27x23 [border: (1px inset #808080)] [r=1 c=0 rs=1 cs=1]
              RenderText {#text} at (2,1) size 23x20
                text run at (2,1) width 23: "c21"
            RenderTableCell {TD} at (31,27) size 27x23 [border: (1px inset #808080)] [r=1 c=1 rs=1 cs=1]
              RenderText {#text} at (2,1) size 23x20
                text run at (2,1) width 23: "c22"
      RenderBlock (anonymous) at (0,118) size 784x19
        RenderBR {BR} at (0,-1) size 0x20
layer at (146,13) size 47x19
  RenderBlock {DIV} at (3,3) size 47x19
    RenderText {#text} at (0,-1) size 8x20
      text run at (0,-1) width 8: "0"
layer at (244,13) size 47x19
  RenderBlock {DIV} at (3,3) size 47x19
    RenderText {#text} at (0,-1) size 8x20
      text run at (0,-1) width 8: "0"
layer at (336,13) size 47x19
  RenderBlock {DIV} at (3,3) size 47x19
    RenderText {#text} at (0,-1) size 8x20
      text run at (0,-1) width 8: "0"
layer at (467,13) size 47x19
  RenderBlock {DIV} at (3,3) size 47x19
    RenderText {#text} at (0,-1) size 8x20
      text run at (0,-1) width 8: "1"
layer at (592,13) size 47x19
  RenderBlock {DIV} at (3,3) size 47x19
    RenderText {#text} at (0,-1) size 8x20
      text run at (0,-1) width 8: "1"
