layer at (0,0) size 800x600
  RenderView at (0,0) size 800x600
layer at (0,0) size 800x552
  RenderBlock {HTML} at (0,0) size 800x552
    RenderBody {BODY} at (8,16) size 784x516
      RenderBlock {P} at (0,0) size 784x32
        RenderText {#text} at (0,0) size 777x32
          text run at (0,0) width 777: "Test ensures that nested transformed elements produce the same result as a single compound transform.You should not see any"
          text run at (0,16) width 159: "red in the two tests below"
layer at (78,68) size 402x222
  RenderBlock (relative positioned) {DIV} at (20,52) size 402x222 [border: (1px solid #000000)]
    RenderBlock {P} at (1,17) size 400x16
      RenderText {#text} at (0,0) size 88x16
        text run at (0,0) width 88: "Translate first"
layer at (79,117) size 80x80
  RenderBlock (positioned) {DIV} at (1,49) size 80x80
layer at (79,117) size 80x80
  RenderBlock (positioned) {DIV} at (0,0) size 80x80
layer at (79,117) size 80x80
  RenderBlock (positioned) {DIV} at (0,0) size 80x80
layer at (79,117) size 80x80
  RenderBlock (positioned) {DIV} at (0,0) size 80x80 [bgcolor=#FF0000]
    RenderText {#text} at (0,0) size 64x16
      text run at (0,0) width 64: "Individual"
layer at (79,117) size 80x80
  RenderBlock (positioned) {DIV} at (1,49) size 80x80 [bgcolor=#008000]
layer at (78,310) size 402x222
  RenderBlock (relative positioned) {DIV} at (20,294) size 402x222 [border: (1px solid #000000)]
    RenderBlock {P} at (1,17) size 400x16
      RenderText {#text} at (0,0) size 103x16
        text run at (0,0) width 103: "Translate second"
layer at (79,359) size 80x80
  RenderBlock (positioned) {DIV} at (1,49) size 80x80
layer at (79,359) size 80x80
  RenderBlock (positioned) {DIV} at (0,0) size 80x80
layer at (79,359) size 80x80
  RenderBlock (positioned) {DIV} at (0,0) size 80x80
layer at (79,359) size 80x80
  RenderBlock (positioned) {DIV} at (0,0) size 80x80 [bgcolor=#FF0000]
    RenderText {#text} at (0,0) size 64x16
      text run at (0,0) width 64: "Individual"
layer at (79,359) size 80x80
  RenderBlock (positioned) {DIV} at (1,49) size 80x80 [bgcolor=#008000]
