layer at (0,0) size 785x827
  RenderView at (0,0) size 785x600
layer at (0,0) size 785x827
  RenderBlock {HTML} at (0,0) size 785x827
    RenderBody {BODY} at (8,8) size 769x811 [bgcolor=#CCCCCC]
      RenderBlock {P} at (0,0) size 769x19
        RenderText {#text} at (0,-1) size 355x20
          text run at (0,-1) width 355: "The style declarations which apply to the text below are:"
      RenderBlock {PRE} at (0,35) size 769x176
        RenderText {#text} at (0,0) size 576x175
          text run at (0,0) width 576: "<LINK rel=\"stylesheet\" type=\"text/css\" HREF=\"../resources/linktest.css\">"
          text run at (0,16) width 152: "LI {color: purple;}"
          text run at (0,32) width 160: "UL LI {color: blue;}"
          text run at (0,48) width 184: "UL LI LI {color: gray;}"
          text run at (0,64) width 176: "LI.red {color: green;}"
          text run at (0,80) width 216: "UL LI.mar {color: #660000;}"
          text run at (0,96) width 200: "UL LI#gre {color: green;}"
          text run at (0,112) width 160: ".test {color: blue;}"
          text run at (0,128) width 176: ".test {color: purple;}"
          text run at (0,144) width 296: ".one {text-decoration: line-through;}"
          text run at (0,160) width 0: " "
      RenderBlock {HR} at (0,224) size 769x2 [border: (1px inset #000000)]
      RenderBlock {UL} at (0,242) size 769x152
        RenderListItem {LI} at (40,0) size 729x19 [color=#0000FF]
          RenderListMarker at (-18,-1) size 7x20: bullet
          RenderText {#text} at (0,-1) size 189x20
            text run at (0,-1) width 189: "This list item should be blue..."
        RenderListItem {LI} at (40,19) size 729x76 [color=#0000FF]
          RenderBlock (anonymous) at (0,0) size 729x19
            RenderListMarker at (-18,-1) size 7x20: bullet
            RenderText {#text} at (0,-1) size 289x20
              text run at (0,-1) width 289: "...and so should this; neither should be purple."
          RenderBlock {UL} at (0,19) size 729x57
            RenderListItem {LI} at (40,0) size 689x19 [color=#808080]
              RenderListMarker at (-18,-1) size 7x20: white bullet
              RenderText {#text} at (0,-1) size 190x20
                text run at (0,-1) width 190: "This list item should be gray..."
            RenderListItem {LI} at (40,19) size 689x19 [color=#808080]
              RenderListMarker at (-18,-1) size 7x20: white bullet
              RenderText {#text} at (0,-1) size 113x20
                text run at (0,-1) width 113: "...as should this...."
            RenderListItem {LI} at (40,38) size 689x19 [color=#008000]
              RenderListMarker at (-18,-1) size 7x20: white bullet
              RenderText {#text} at (0,-1) size 193x20
                text run at (0,-1) width 193: "...but this one should be green."
        RenderListItem {LI} at (40,95) size 729x19 [color=#660000]
          RenderListMarker at (-18,-1) size 7x20: bullet
          RenderText {#text} at (0,-1) size 171x20
            text run at (0,-1) width 171: "This ought to be dark red..."
        RenderListItem {LI} at (40,114) size 729x19 [color=#008000]
          RenderListMarker at (-18,-1) size 7x20: bullet
          RenderText {#text} at (0,-1) size 85x20
            text run at (0,-1) width 85: "...this green..."
        RenderListItem {LI} at (40,133) size 729x19 [color=#0000FF]
          RenderListMarker at (-18,-1) size 7x20: bullet
          RenderText {#text} at (0,-1) size 96x20
            text run at (0,-1) width 96: "...and this blue."
      RenderBlock {P} at (0,410) size 769x19 [color=#0000FF]
        RenderText {#text} at (0,-1) size 279x20
          text run at (0,-1) width 279: "This sentence should be blue (STYLE attr.)."
      RenderBlock {P} at (0,445) size 769x19 [color=#800080]
        RenderText {#text} at (0,-1) size 204x20
          text run at (0,-1) width 204: "This sentence should be purple ["
        RenderInline {CODE} at (0,0) size 96x15
          RenderText {#text} at (204,3) size 96x15
            text run at (204,3) width 96: "class=\"test\""
        RenderText {#text} at (300,-1) size 9x20
          text run at (300,-1) width 9: "]."
      RenderBlock {P} at (0,480) size 769x19
        RenderText {#text} at (0,-1) size 683x20
          text run at (0,-1) width 683: "This text should be stricken (overriding the imported underline; only works if LINKed sheets are supported)."
      RenderTable {TABLE} at (0,515) size 705x296 [border: (1px outset #808080)]
        RenderTableSection {TBODY} at (1,1) size 703x294
          RenderTableRow {TR} at (0,0) size 703x29
            RenderTableCell {TD} at (0,0) size 703x29 [bgcolor=#C0C0C0] [border: (1px inset #808080)] [r=0 c=0 rs=1 cs=2]
              RenderInline {STRONG} at (0,0) size 163x22
                RenderText {#text} at (4,3) size 163x22
                  text run at (4,3) width 163: "TABLE Testing Section"
          RenderTableRow {TR} at (0,29) size 703x265
            RenderTableCell {TD} at (0,148) size 12x27 [bgcolor=#C0C0C0] [border: (1px inset #808080)] [r=1 c=0 rs=1 cs=1]
              RenderText {#text} at (4,3) size 4x20
                text run at (4,3) width 4: " "
            RenderTableCell {TD} at (12,29) size 691x265 [border: (1px inset #808080)] [r=1 c=1 rs=1 cs=1]
              RenderBlock {UL} at (4,4) size 683x152
                RenderListItem {LI} at (40,0) size 643x19 [color=#0000FF]
                  RenderListMarker at (-18,-1) size 7x20: bullet
                  RenderText {#text} at (0,-1) size 189x20
                    text run at (0,-1) width 189: "This list item should be blue..."
                RenderListItem {LI} at (40,19) size 643x76 [color=#0000FF]
                  RenderBlock (anonymous) at (0,0) size 643x19
                    RenderListMarker at (-18,-1) size 7x20: bullet
                    RenderText {#text} at (0,-1) size 289x20
                      text run at (0,-1) width 289: "...and so should this; neither should be purple."
                  RenderBlock {UL} at (0,19) size 643x57
                    RenderListItem {LI} at (40,0) size 603x19 [color=#808080]
                      RenderListMarker at (-18,-1) size 7x20: white bullet
                      RenderText {#text} at (0,-1) size 190x20
                        text run at (0,-1) width 190: "This list item should be gray..."
                    RenderListItem {LI} at (40,19) size 603x19 [color=#808080]
                      RenderListMarker at (-18,-1) size 7x20: white bullet
                      RenderText {#text} at (0,-1) size 113x20
                        text run at (0,-1) width 113: "...as should this...."
                    RenderListItem {LI} at (40,38) size 603x19 [color=#008000]
                      RenderListMarker at (-18,-1) size 7x20: white bullet
                      RenderText {#text} at (0,-1) size 193x20
                        text run at (0,-1) width 193: "...but this one should be green."
                RenderListItem {LI} at (40,95) size 643x19 [color=#660000]
                  RenderListMarker at (-18,-1) size 7x20: bullet
                  RenderText {#text} at (0,-1) size 171x20
                    text run at (0,-1) width 171: "This ought to be dark red..."
                RenderListItem {LI} at (40,114) size 643x19 [color=#008000]
                  RenderListMarker at (-18,-1) size 7x20: bullet
                  RenderText {#text} at (0,-1) size 85x20
                    text run at (0,-1) width 85: "...this green..."
                RenderListItem {LI} at (40,133) size 643x19 [color=#0000FF]
                  RenderListMarker at (-18,-1) size 7x20: bullet
                  RenderText {#text} at (0,-1) size 96x20
                    text run at (0,-1) width 96: "...and this blue."
              RenderBlock {P} at (4,172) size 683x19 [color=#0000FF]
                RenderText {#text} at (0,-1) size 279x20
                  text run at (0,-1) width 279: "This sentence should be blue (STYLE attr.)."
              RenderBlock {P} at (4,207) size 683x19 [color=#800080]
                RenderText {#text} at (0,-1) size 204x20
                  text run at (0,-1) width 204: "This sentence should be purple ["
                RenderInline {CODE} at (0,0) size 96x15
                  RenderText {#text} at (204,3) size 96x15
                    text run at (204,3) width 96: "class=\"test\""
                RenderText {#text} at (300,-1) size 9x20
                  text run at (300,-1) width 9: "]."
              RenderBlock {P} at (4,242) size 683x19
                RenderText {#text} at (0,-1) size 683x20
                  text run at (0,-1) width 683: "This text should be stricken (overriding the imported underline; only works if LINKed sheets are supported)."
