layer at (0,0) size 800x600
  RenderView at (0,0) size 800x600
layer at (0,0) size 800x48
  RenderBlock {HTML} at (0,0) size 800x48
    RenderBody {BODY} at (8,16) size 784x16
      RenderBlock {P} at (0,0) size 784x16
        RenderText {#text} at (0,0) size 296x16
          text run at (0,0) width 296: "Test passes if there is no red visible on the page."
layer at (96,192) size 96x16
  RenderBlock (positioned) {DIV} at (96,192) size 96x16 [bgcolor=#FF0000]
layer at (0,96) size 35x16
  RenderBlock (positioned) {DIV} at (0,96) size 35x16
    RenderText {#text} at (0,0) size 35x16
      text run at (0,0) width 35: "Filler"
