layer at (0,0) size 800x600
  RenderView at (0,0) size 800x600
layer at (0,0) size 800x600
  RenderBlock {HTML} at (0,0) size 800x600
    RenderBody {BODY} at (8,8) size 784x584
      RenderBlock {P} at (0,0) size 784x61
        RenderText {#text} at (0,-1) size 782x40
          text run at (0,-1) width 782: "This test checks the renderer's ability to layer multiple cells in a table on top of one another. This test has three cells that span"
          text run at (0,19) width 183: "multiple table grid slots. The "
        RenderInline {SPAN} at (0,0) size 23x22 [color=#FF0000]
          RenderText {#text} at (183,18) size 23x22
            text run at (183,18) width 23: "red"
        RenderText {#text} at (206,19) size 381x20
          text run at (206,19) width 381: " cell starts at row 1 and column 3 and spans three rows. The "
        RenderInline {SPAN} at (0,0) size 29x22 [color=#0000FF]
          RenderText {#text} at (587,18) size 29x22
            text run at (587,18) width 29: "blue"
        RenderText {#text} at (616,19) size 765x41
          text run at (616,19) width 149: " cell starts at row 2, and"
          text run at (0,40) width 341: "column 2, and spans two columns and two rows. The "
        RenderInline {SPAN} at (0,0) size 38x22 [color=#008000]
          RenderText {#text} at (341,39) size 38x22
            text run at (341,39) width 38: "green"
        RenderText {#text} at (379,40) size 196x20
          text run at (379,40) width 196: " cell spans 4 columns of row 3."
      RenderBlock {P} at (0,77) size 784x38
        RenderText {#text} at (0,-1) size 764x39
          text run at (0,-1) width 764: "If the test succeeds then you should see no text inside the table. If you see the text 'FAIL' inside the table, then the test has"
          text run at (0,18) width 39: "failed."
      RenderTable {TABLE} at (0,131) size 102x79 [border: (1px outset #808080)]
        RenderTableSection {TBODY} at (1,1) size 100x77
          RenderTableRow {TR} at (0,2) size 100x23
            RenderTableCell {TD} at (2,2) size 20x23 [border: (1px inset #808080)] [r=0 c=0 rs=1 cs=1]
              RenderText {#text} at (2,1) size 16x20
                text run at (2,1) width 16: "    "
            RenderTableCell {TD} at (24,2) size 20x23 [border: (1px inset #808080)] [r=0 c=1 rs=1 cs=1]
              RenderText {#text} at (2,1) size 16x20
                text run at (2,1) width 16: "    "
            RenderTableCell {TD} at (46,52) size 52x23 [bgcolor=#FF0000] [border: (1px inset #808080)] [r=0 c=2 rs=3 cs=1]
              RenderBlock {DIV} at (2,2) size 48x19
                RenderText {#text} at (0,-1) size 48x20
                  text run at (0,-1) width 48: "            "
          RenderTableRow {TR} at (0,27) size 100x23
            RenderTableCell {TD} at (2,27) size 20x23 [border: (1px inset #808080)] [r=1 c=0 rs=1 cs=1]
              RenderText {#text} at (2,1) size 16x20
                text run at (2,1) width 16: "    "
            RenderTableCell {TD} at (24,52) size 74x23 [bgcolor=#0000FF] [border: (1px inset #808080)] [r=1 c=1 rs=2 cs=2]
              RenderBlock {DIV} at (2,2) size 70x19 [color=#008000]
                RenderText {#text} at (14,-1) size 56x20
                  text run at (14,-1) width 56: "   FAIL  "
          RenderTableRow {TR} at (0,52) size 100x23
            RenderTableCell {TD} at (2,52) size 96x23 [bgcolor=#008000] [border: (1px inset #808080)] [r=2 c=0 rs=1 cs=3]
              RenderBlock {DIV} at (2,2) size 92x19
                RenderText {#text} at (84,-1) size 8x20
                  text run at (84,-1) width 8: "  "
