layer at (0,0) size 787x1406
  RenderView at (0,0) size 787x600
layer at (0,0) size 787x1406
  RenderBlock {HTML} at (0,0) size 787x1406
    RenderBody {BODY} at (8,8) size 771x1385
      RenderBlock {H2} at (0,0) size 771x52
        RenderText {#text} at (0,0) size 760x52
          text run at (0,0) width 760: "It's OK if nothing drawn for a scrollbar (for an outermost frame and an"
          text run at (0,26) width 235: "element with overlow)"
      RenderBlock {P} at (0,71) size 771x17
        RenderText {#text} at (0,0) size 567x16
          text run at (0,0) width 567: "Note that Safari doesn't allow to customize the outermost scdrollbars and just show Cocoa's."
      RenderBlock {PRE} at (0,216) size 771x1169 [bgcolor=#008000]
      RenderBlock {PRE} at (0,1397) size 1542x0 [bgcolor=#008000]
layer at (8,112) size 100x100 clip at (8,112) size 87x87 scrollWidth 1432 scrollHeight 112
  RenderBlock {PRE} at (0,103) size 100x101 [bgcolor=#008000]
    RenderText {#text} at (0,0) size 1432x111
      text run at (0,0) width 1432: "The quick brown fox jumps over the lazy dog. The quick brown fox jumps over the lazy dog. The quick brown fox jumps over the lazy dog. The quick brown fox jumps over the lazy dog."
      text run at (1432,0) width 0: " "
      text run at (0,16) width 1432: "The quick brown fox jumps over the lazy dog. The quick brown fox jumps over the lazy dog. The quick brown fox jumps over the lazy dog. The quick brown fox jumps over the lazy dog."
      text run at (1432,16) width 0: " "
      text run at (0,32) width 1432: "The quick brown fox jumps over the lazy dog. The quick brown fox jumps over the lazy dog. The quick brown fox jumps over the lazy dog. The quick brown fox jumps over the lazy dog."
      text run at (1432,32) width 0: " "
      text run at (0,48) width 1432: "The quick brown fox jumps over the lazy dog. The quick brown fox jumps over the lazy dog. The quick brown fox jumps over the lazy dog. The quick brown fox jumps over the lazy dog."
      text run at (1432,48) width 0: " "
      text run at (0,64) width 1432: "The quick brown fox jumps over the lazy dog. The quick brown fox jumps over the lazy dog. The quick brown fox jumps over the lazy dog. The quick brown fox jumps over the lazy dog."
      text run at (1432,64) width 0: " "
      text run at (0,80) width 1432: "The quick brown fox jumps over the lazy dog. The quick brown fox jumps over the lazy dog. The quick brown fox jumps over the lazy dog. The quick brown fox jumps over the lazy dog."
      text run at (1432,80) width 0: " "
      text run at (0,96) width 1432: "The quick brown fox jumps over the lazy dog. The quick brown fox jumps over the lazy dog. The quick brown fox jumps over the lazy dog. The quick brown fox jumps over the lazy dog."
      text run at (1432,96) width 0: " "
