layer at (0,0) size 800x600
  RenderView at (0,0) size 800x600
layer at (0,0) size 800x600
  RenderBlock {HTML} at (0,0) size 800x600
    RenderBody {BODY} at (8,8) size 784x584
layer at (8,8) size 200x200 clip at (8,8) size 183x183 scrollHeight 784
  RenderBlock {DIV} at (0,0) size 200x200
    RenderText {#text} at (0,0) size 35x16
      text run at (0,0) width 35: "Hello"
    RenderBR {BR} at (34,12) size 1x0
    RenderText {#text} at (0,16) size 35x16
      text run at (0,16) width 35: "Hello"
    RenderBR {BR} at (34,28) size 1x0
    RenderText {#text} at (0,32) size 35x16
      text run at (0,32) width 35: "Hello"
    RenderBR {BR} at (34,44) size 1x0
    RenderText {#text} at (0,48) size 35x16
      text run at (0,48) width 35: "Hello"
    RenderBR {BR} at (34,60) size 1x0
    RenderText {#text} at (0,64) size 35x16
      text run at (0,64) width 35: "Hello"
    RenderBR {BR} at (34,76) size 1x0
    RenderText {#text} at (0,80) size 35x16
      text run at (0,80) width 35: "Hello"
    RenderBR {BR} at (34,92) size 1x0
    RenderText {#text} at (0,96) size 35x16
      text run at (0,96) width 35: "Hello"
    RenderBR {BR} at (34,108) size 1x0
    RenderText {#text} at (0,112) size 35x16
      text run at (0,112) width 35: "Hello"
    RenderBR {BR} at (34,124) size 1x0
    RenderText {#text} at (0,128) size 35x16
      text run at (0,128) width 35: "Hello"
    RenderBR {BR} at (34,140) size 1x0
    RenderText {#text} at (0,144) size 35x16
      text run at (0,144) width 35: "Hello"
    RenderBR {BR} at (34,156) size 1x0
    RenderText {#text} at (0,160) size 35x16
      text run at (0,160) width 35: "Hello"
    RenderBR {BR} at (34,172) size 1x0
    RenderText {#text} at (0,176) size 35x16
      text run at (0,176) width 35: "Hello"
    RenderBR {BR} at (34,188) size 1x0
    RenderText {#text} at (0,192) size 35x16
      text run at (0,192) width 35: "Hello"
    RenderBR {BR} at (34,204) size 1x0
    RenderText {#text} at (0,208) size 35x16
      text run at (0,208) width 35: "Hello"
    RenderBR {BR} at (34,220) size 1x0
    RenderText {#text} at (0,224) size 35x16
      text run at (0,224) width 35: "Hello"
    RenderBR {BR} at (34,236) size 1x0
    RenderText {#text} at (0,240) size 35x16
      text run at (0,240) width 35: "Hello"
    RenderBR {BR} at (34,252) size 1x0
    RenderText {#text} at (0,256) size 35x16
      text run at (0,256) width 35: "Hello"
    RenderBR {BR} at (34,268) size 1x0
    RenderText {#text} at (0,272) size 35x16
      text run at (0,272) width 35: "Hello"
    RenderBR {BR} at (34,284) size 1x0
    RenderText {#text} at (0,288) size 35x16
      text run at (0,288) width 35: "Hello"
    RenderBR {BR} at (34,300) size 1x0
    RenderText {#text} at (0,304) size 35x16
      text run at (0,304) width 35: "Hello"
    RenderBR {BR} at (34,316) size 1x0
    RenderText {#text} at (0,320) size 35x16
      text run at (0,320) width 35: "Hello"
    RenderBR {BR} at (34,332) size 1x0
    RenderText {#text} at (0,336) size 35x16
      text run at (0,336) width 35: "Hello"
    RenderBR {BR} at (34,348) size 1x0
    RenderText {#text} at (0,352) size 35x16
      text run at (0,352) width 35: "Hello"
    RenderBR {BR} at (34,364) size 1x0
    RenderText {#text} at (0,368) size 35x16
      text run at (0,368) width 35: "Hello"
    RenderBR {BR} at (34,380) size 1x0
    RenderText {#text} at (0,384) size 35x16
      text run at (0,384) width 35: "Hello"
    RenderBR {BR} at (34,396) size 1x0
    RenderText {#text} at (0,400) size 35x16
      text run at (0,400) width 35: "Hello"
    RenderBR {BR} at (34,412) size 1x0
    RenderText {#text} at (0,416) size 35x16
      text run at (0,416) width 35: "Hello"
    RenderBR {BR} at (34,428) size 1x0
    RenderText {#text} at (0,432) size 35x16
      text run at (0,432) width 35: "Hello"
    RenderBR {BR} at (34,444) size 1x0
    RenderText {#text} at (0,448) size 35x16
      text run at (0,448) width 35: "Hello"
    RenderBR {BR} at (34,460) size 1x0
    RenderText {#text} at (0,464) size 35x16
      text run at (0,464) width 35: "Hello"
    RenderBR {BR} at (34,476) size 1x0
    RenderText {#text} at (0,480) size 35x16
      text run at (0,480) width 35: "Hello"
    RenderBR {BR} at (34,492) size 1x0
    RenderText {#text} at (0,496) size 35x16
      text run at (0,496) width 35: "Hello"
    RenderBR {BR} at (34,508) size 1x0
    RenderText {#text} at (0,512) size 35x16
      text run at (0,512) width 35: "Hello"
    RenderBR {BR} at (34,524) size 1x0
    RenderText {#text} at (0,528) size 35x16
      text run at (0,528) width 35: "Hello"
    RenderBR {BR} at (34,540) size 1x0
    RenderText {#text} at (0,544) size 35x16
      text run at (0,544) width 35: "Hello"
    RenderBR {BR} at (34,556) size 1x0
    RenderText {#text} at (0,560) size 35x16
      text run at (0,560) width 35: "Hello"
    RenderBR {BR} at (34,572) size 1x0
    RenderText {#text} at (0,576) size 35x16
      text run at (0,576) width 35: "Hello"
    RenderBR {BR} at (34,588) size 1x0
    RenderText {#text} at (0,592) size 35x16
      text run at (0,592) width 35: "Hello"
    RenderBR {BR} at (34,604) size 1x0
    RenderText {#text} at (0,608) size 35x16
      text run at (0,608) width 35: "Hello"
    RenderBR {BR} at (34,620) size 1x0
    RenderText {#text} at (0,624) size 35x16
      text run at (0,624) width 35: "Hello"
    RenderBR {BR} at (34,636) size 1x0
    RenderText {#text} at (0,640) size 35x16
      text run at (0,640) width 35: "Hello"
    RenderBR {BR} at (34,652) size 1x0
    RenderText {#text} at (0,656) size 35x16
      text run at (0,656) width 35: "Hello"
    RenderBR {BR} at (34,668) size 1x0
    RenderText {#text} at (0,672) size 35x16
      text run at (0,672) width 35: "Hello"
    RenderBR {BR} at (34,684) size 1x0
    RenderText {#text} at (0,688) size 35x16
      text run at (0,688) width 35: "Hello"
    RenderBR {BR} at (34,700) size 1x0
    RenderText {#text} at (0,704) size 35x16
      text run at (0,704) width 35: "Hello"
    RenderBR {BR} at (34,716) size 1x0
    RenderText {#text} at (0,720) size 35x16
      text run at (0,720) width 35: "Hello"
    RenderBR {BR} at (34,732) size 1x0
    RenderText {#text} at (0,736) size 35x16
      text run at (0,736) width 35: "Hello"
    RenderBR {BR} at (34,748) size 1x0
    RenderText {#text} at (0,752) size 35x16
      text run at (0,752) width 35: "Hello"
    RenderBR {BR} at (34,764) size 1x0
    RenderText {#text} at (0,768) size 35x16
      text run at (0,768) width 35: "Hello"
    RenderBR {BR} at (34,780) size 1x0
